verify_rbf_obstruction.py args={'ub': 8, 'm': 6, 'fib_n': 12}
V0 F1 rebuilds CONE cell by cell on all 16 pairs; BOUNDARY[s] = s^3 = CONE[3][s] PASS
V1 (a)(b)(c)(d1)(d3)(d5) on 3586 (word, n) pairs, binary u<=8, n<=u; 840 pair keys, one column and one (e_(u+1), Z_(u+1)) each; odd-indexed flips invisible on the whole column [-u-1,u]: 17944 (top cell nonzero in 2797 windows, its flip invisible in 2797); even-indexed flips change T[u][n]: 16152 PASS   [0s]
  V2 m=1  N0=2 N1=1 N0-N1=1 small(N<=1)=[2, 1]
  V2 m=2  N0=5 N1=4 N0-N1=1 small(N<=1)=[3, 2]
  V2 m=3  N0=14 N1=13 N0-N1=1 small(N<=1)=[4, 3]
  V2 m=4  N0=41 N1=40 N0-N1=1 small(N<=1)=[5, 4]
  V2 m=5  N0=122 N1=121 N0-N1=1 small(N<=1)=[6, 5]
  V2 m=6  N0=365 N1=364 N0-N1=1 small(N<=1)=[7, 6]
V2 (e) N0 = (3^m+1)/2, involution flips Phi on N>=2, N<=1 census, m<=6 PASS   [0s]
V3 forced continuation and hit word equal psi_kernel.psi on 510 sources n<=8 PASS   [0s]
  V4 n=5: 2 sources with constant Psi over 7 forced columns
      W=12121 Q=1211212 Psi=1111111 hard-core continuation: False; identities (a)(b)(c) hold on every column
      W=22121 Q=1211212 Psi=1111111 hard-core continuation: False; identities (a)(b)(c) hold on every column
  V4 n=6: 3 sources with constant Psi over 8 forced columns
      W=111222 Q=12111112 Psi=00000000 hard-core continuation: False; identities (a)(b)(c) hold on every column
      W=112122 Q=12111112 Psi=00000000 hard-core continuation: False; identities (a)(b)(c) hold on every column
      W=211222 Q=12111112 Psi=00000000 hard-core continuation: False; identities (a)(b)(c) hold on every column
  V4 n=7: 0 sources with constant Psi over 9 forced columns
V4 small-n sanity PASS   [0s]
  V5 n=1: Z_(u-1) alone: 5 keys, 1 with >1 column u, max fibre 2; pairs: 6 keys, all single; distinct pairs = distinct columns at every level (levels u=n..2n+1: [2, 2, 2])
  V5 n=2: Z_(u-1) alone: 12 keys, 2 with >1 column u, max fibre 2; pairs: 14 keys, all single; distinct pairs = distinct columns at every level (levels u=n..2n+1: [4, 4, 3, 3])
  V5 n=3: Z_(u-1) alone: 25 keys, 4 with >1 column u, max fibre 3; pairs: 30 keys, all single; distinct pairs = distinct columns at every level (levels u=n..2n+1: [6, 6, 6, 6, 6])
  V5 n=4: Z_(u-1) alone: 52 keys, 7 with >1 column u, max fibre 3; pairs: 61 keys, all single; distinct pairs = distinct columns at every level (levels u=n..2n+1: [11, 10, 10, 10, 10, 10])
  V5 n=5: Z_(u-1) alone: 107 keys, 10 with >1 column u, max fibre 4; pairs: 120 keys, all single; distinct pairs = distinct columns at every level (levels u=n..2n+1: [19, 18, 17, 17, 17, 16, 16])
  V5 n=6: Z_(u-1) alone: 236 keys, 22 with >1 column u, max fibre 4; pairs: 266 keys, all single; distinct pairs = distinct columns at every level (levels u=n..2n+1: [36, 36, 34, 32, 32, 32, 32, 32])
  V5 n=7: Z_(u-1) alone: 425 keys, 44 with >1 column u, max fibre 4; pairs: 480 keys, all single; distinct pairs = distinct columns at every level (levels u=n..2n+1: [61, 56, 55, 54, 51, 51, 51, 51, 50])
  V5 n=8: Z_(u-1) alone: 865 keys, 76 with >1 column u, max fibre 5; pairs: 968 keys, all single; distinct pairs = distinct columns at every level (levels u=n..2n+1: [111, 105, 98, 96, 95, 95, 93, 93, 91, 91])
  V5 n=9: Z_(u-1) alone: 1709 keys, 141 with >1 column u, max fibre 6; pairs: 1891 keys, all single; distinct pairs = distinct columns at every level (levels u=n..2n+1: [199, 186, 176, 173, 171, 170, 164, 164, 163, 163, 162])
  V5 n=10: Z_(u-1) alone: 3437 keys, 232 with >1 column u, max fibre 6; pairs: 3726 keys, all single; distinct pairs = distinct columns at every level (levels u=n..2n+1: [367, 347, 327, 317, 306, 304, 299, 297, 294, 290, 289, 289])
  V5 n=11: Z_(u-1) alone: 6472 keys, 387 with >1 column u, max fibre 5; pairs: 6963 keys, all single; distinct pairs = distinct columns at every level (levels u=n..2n+1: [645, 600, 562, 550, 532, 525, 516, 512, 509, 506, 504, 502, 500])
  V5 n=12: Z_(u-1) alone: 12649 keys, 704 with >1 column u, max fibre 7; pairs: 13507 keys, all single; distinct pairs = distinct columns at every level (levels u=n..2n+1: [1145, 1086, 1025, 986, 967, 951, 941, 929, 924, 919, 915, 908, 907, 904])
V5 fibres and lossless pairs, n<=12 PASS   [7s]
  V6 Rule 90 analogue kernel (OR -> XOR): F1 as stated fails on 6 of 16 pairs; CONE90 affine over GF(2) in the four input bits: True
  V6 Rule 90 analogue: forced symbol unique on 3586 (word, n) pairs, not unique on 0; whatever the count, the analogous statement is an identity between adjacent columns and constrains no periodicity, exactly as the lemma does not
V6 Rule 90 transport DONE   [7s]
ALL PASS   [7s]
