
rule 30   (exact PC refutation degree, closure to fixpoint)
     n    vars   axioms  maxdeg  PC-degree  dim V_d per level
    10      61       62       2          2  d0:0 d1:17 d2:1798*
    12      85       86       2          2  d0:0 d1:20 d2:3576*
    14     113      114       2          2  d0:0 d1:23 d2:6250*
    16     145      146       2          2  d0:0 d1:26 d2:10333*
    20     221      222       2          2  d0:0 d1:32 d2:24133*

rule 90   (exact PC refutation degree, closure to fixpoint)
     n    vars   axioms  maxdeg  PC-degree  dim V_d per level
    10      61       62       1          1  d0:0 d1:62*
    12      85       86       1          1  d0:0 d1:86*
    14     113      114       1          1  d0:0 d1:114*
    16     145      146       1          1  d0:0 d1:146*
    20     221      222       1          1  d0:0 d1:222*

rule 160   (exact PC refutation degree, closure to fixpoint)
     n    vars   axioms  maxdeg  PC-degree  dim V_d per level
    10      61       62       2          2  d0:0 d1:21 d2:1749*
    12      85       86       2          2  d0:0 d1:25 d2:3445*
    14     113      114       2          2  d0:0 d1:29 d2:6151*
    16     145      146       2          2  d0:0 d1:33 d2:10203*
    20     221      222       2          2  d0:0 d1:41 d2:23929*

wrote degrees_big.json   ('*' marks the level at which 1 was derived)
