
rule 30   (exact PC refutation degree, closure to fixpoint)
     n    vars   axioms  maxdeg  PC-degree  dim V_d per level
     2       5        6       2          2  d0:0 d1:5 d2:14*
     3       8        9       2          2  d0:0 d1:6 d2:35*
     4      13       14       2          2  d0:0 d1:8 d2:83*
     5      18       19       2          2  d0:0 d1:9 d2:155*
     6      25       26       2          2  d0:0 d1:11 d2:298*
     7      32       33       2          2  d0:0 d1:12 d2:502*
     8      41       42       2          2  d0:0 d1:14 d2:826*

rule 90   (exact PC refutation degree, closure to fixpoint)
     n    vars   axioms  maxdeg  PC-degree  dim V_d per level
     2       5        6       1          1  d0:0 d1:6*
     3       8        9       1          1  d0:0 d1:9*
     4      13       14       1          1  d0:0 d1:14*
     5      18       19       1          1  d0:0 d1:19*
     6      25       26       1          1  d0:0 d1:26*
     7      32       33       1          1  d0:0 d1:33*
     8      41       42       1          1  d0:0 d1:42*

rule 160   (exact PC refutation degree, closure to fixpoint)
     n    vars   axioms  maxdeg  PC-degree  dim V_d per level
     2       5        6       2          2  d0:0 d1:5 d2:12*
     3       8        9       2          2  d0:0 d1:7 d2:31*
     4      13       14       2          2  d0:0 d1:9 d2:77*
     5      18       19       2          2  d0:0 d1:11 d2:146*
     6      25       26       2          2  d0:0 d1:13 d2:283*
     7      32       33       2          2  d0:0 d1:15 d2:467*
     8      41       42       2          2  d0:0 d1:17 d2:775*

rule 128   (exact PC refutation degree, closure to fixpoint)
     n    vars   axioms  maxdeg  PC-degree  dim V_d per level
     2       5        6       3          3  d0:0 d1:5 d2:15 d3:14*
     3       8        9       3          3  d0:0 d1:7 d2:35 d3:58*
     4      13       14       3          3  d0:0 d1:9 d2:81 d3:216*
     5      18       19       3          3  d0:0 d1:11 d2:143 d3:620*
     6      25       26       3          3  d0:0 d1:13 d2:247 d3:1842*
     7      32       33       3          3  d0:0 d1:15 d2:375 d3:4140*
     8      41       42       3          3  d0:0 d1:17 d2:561 d3:9230*

wrote degrees.json   ('*' marks the level at which 1 was derived)
