rule 30  T=10000  wmax=14  gate=OK  0.1s

| p \ w | 0 | 1 | 2 | 3 | 4 | 5 | 6 | 7 | 8 | 9 | 10 | 11 | 12 | 13 | 14 |
|---|---|---|---|---|---|---|---|---|---|---|---|---|---|---|---|
| p=1 | 12 | 10 | 9 | 5 | 4 | 1 | 0 | 0 | 0 | 0 | 0 | 0 | 0 | 0 | 0 |
| p=2 | 11 | 9 | 8 | 4 | 3 | 2 | 1 | 0 | 0 | 0 | 0 | 0 | 0 | 0 | 0 |
| p=3 | 13 | 8 | 7 | 4 | 3 | 1 | 0 | 0 | 0 | 0 | 0 | 0 | 0 | 0 | 0 |
| p=4 | 12 | 8 | 7 | 6 | 5 | 4 | 3 | 2 | 1 | 0 | 0 | 0 | 0 | 0 | 0 |

wrote scan30-10000.json

rule 30  T=30000  wmax=14  gate=OK  0.4s

| p \ w | 0 | 1 | 2 | 3 | 4 | 5 | 6 | 7 | 8 | 9 | 10 | 11 | 12 | 13 | 14 |
|---|---|---|---|---|---|---|---|---|---|---|---|---|---|---|---|
| p=1 | 15 | 13 | 12 | 9 | 6 | 5 | 1 | 0 | 0 | 0 | 0 | 0 | 0 | 0 | 0 |
| p=2 | 14 | 12 | 11 | 8 | 5 | 4 | 3 | 1 | 0 | 0 | 0 | 0 | 0 | 0 | 0 |
| p=3 | 15 | 11 | 10 | 7 | 5 | 3 | 0 | 0 | 0 | 0 | 0 | 0 | 0 | 0 | 0 |
| p=4 | 12 | 10 | 9 | 6 | 5 | 4 | 3 | 2 | 1 | 0 | 0 | 0 | 0 | 0 | 0 |

wrote scan30-30000.json

rule 30  T=100000  wmax=14  gate=OK  3.7s

| p \ w | 0 | 1 | 2 | 3 | 4 | 5 | 6 | 7 | 8 | 9 | 10 | 11 | 12 | 13 | 14 |
|---|---|---|---|---|---|---|---|---|---|---|---|---|---|---|---|
| p=1 | 20 | 16 | 15 | 11 | 10 | 9 | 3 | 2 | 0 | 0 | 0 | 0 | 0 | 0 | 0 |
| p=2 | 19 | 15 | 14 | 10 | 9 | 8 | 4 | 1 | 0 | 0 | 0 | 0 | 0 | 0 | 0 |
| p=3 | 18 | 14 | 13 | 9 | 8 | 7 | 3 | 2 | 0 | 0 | 0 | 0 | 0 | 0 | 0 |
| p=4 | 17 | 13 | 12 | 8 | 7 | 6 | 3 | 2 | 1 | 0 | 0 | 0 | 0 | 0 | 0 |

wrote scan30-100000.json

rule 30  T=300000  wmax=14  gate=OK  29.9s

| p \ w | 0 | 1 | 2 | 3 | 4 | 5 | 6 | 7 | 8 | 9 | 10 | 11 | 12 | 13 | 14 |
|---|---|---|---|---|---|---|---|---|---|---|---|---|---|---|---|
| p=1 | 20 | 16 | 15 | 11 | 10 | 9 | 6 | 2 | 0 | 0 | 0 | 0 | 0 | 0 | 0 |
| p=2 | 19 | 15 | 14 | 10 | 9 | 8 | 5 | 4 | 1 | 0 | 0 | 0 | 0 | 0 | 0 |
| p=3 | 18 | 14 | 13 | 9 | 8 | 7 | 4 | 3 | 2 | 0 | 0 | 0 | 0 | 0 | 0 |
| p=4 | 17 | 14 | 13 | 12 | 9 | 8 | 6 | 5 | 1 | 0 | 0 | 0 | 0 | 0 | 0 |

wrote scan30-300000.json

rule 30  T=1000000  wmax=14  gate=OK  322.4s

| p \ w | 0 | 1 | 2 | 3 | 4 | 5 | 6 | 7 | 8 | 9 | 10 | 11 | 12 | 13 | 14 |
|---|---|---|---|---|---|---|---|---|---|---|---|---|---|---|---|
| p=1 | 21 | 16 | 15 | 12 | 10 | 9 | 6 | 4 | 3 | 0 | 0 | 0 | 0 | 0 | 0 |
| p=2 | 20 | 15 | 14 | 11 | 9 | 8 | 6 | 4 | 2 | 1 | 0 | 0 | 0 | 0 | 0 |
| p=3 | 19 | 14 | 13 | 10 | 8 | 7 | 6 | 5 | 4 | 3 | 1 | 0 | 0 | 0 | 0 |
| p=4 | 20 | 16 | 15 | 12 | 10 | 8 | 6 | 5 | 4 | 2 | 1 | 0 | 0 | 0 | 0 |

wrote scan30-1000000.json

DONE30
