rule 90  T=10000  wmax=14  gate=OK  0.1s

| p \ w | 0 | 1 | 2 | 3 | 4 | 5 | 6 | 7 | 8 | 9 | 10 | 11 | 12 | 13 | 14 |
|---|---|---|---|---|---|---|---|---|---|---|---|---|---|---|---|
| p=1 | 9996 | 4094 | 4093 | 4092 | 4091 | 4090 | 4089 | 4088 | 4087 | 4086 | 4085 | 4084 | 4083 | 4082 | 4081 |
| p=2 | 9996 | 4093 | 4092 | 4091 | 4090 | 4089 | 4088 | 4087 | 4086 | 4085 | 4084 | 4083 | 4082 | 4081 | 4080 |
| p=3 | 9996 | 4092 | 4091 | 4090 | 4089 | 4088 | 4087 | 4086 | 4085 | 4084 | 4083 | 4082 | 4081 | 4080 | 4079 |
| p=4 | 9996 | 4091 | 4090 | 4089 | 4088 | 4087 | 4086 | 4085 | 4084 | 4083 | 4082 | 4081 | 4080 | 4079 | 4078 |

wrote scan90-10000.json

rule 90  T=100000  wmax=14  gate=OK  3.6s

| p \ w | 0 | 1 | 2 | 3 | 4 | 5 | 6 | 7 | 8 | 9 | 10 | 11 | 12 | 13 | 14 |
|---|---|---|---|---|---|---|---|---|---|---|---|---|---|---|---|
| p=1 | 99996 | 34461 | 34461 | 34461 | 34461 | 34461 | 34461 | 34461 | 34461 | 34461 | 34461 | 34461 | 34461 | 34461 | 34461 |
| p=2 | 99996 | 34461 | 34461 | 34461 | 34461 | 34461 | 34461 | 34461 | 34461 | 34461 | 34461 | 34461 | 34461 | 34461 | 34461 |
| p=3 | 99996 | 34461 | 34461 | 34461 | 34461 | 34461 | 34461 | 34461 | 34461 | 34461 | 34461 | 34461 | 34461 | 34461 | 34461 |
| p=4 | 99996 | 34461 | 34461 | 34461 | 34461 | 34461 | 34461 | 34461 | 34461 | 34461 | 34461 | 34461 | 34461 | 34461 | 34461 |

wrote scan90-100000.json

rule 90  T=1000000  wmax=14  gate=OK  285.5s

| p \ w | 0 | 1 | 2 | 3 | 4 | 5 | 6 | 7 | 8 | 9 | 10 | 11 | 12 | 13 | 14 |
|---|---|---|---|---|---|---|---|---|---|---|---|---|---|---|---|
| p=1 | 999996 | 475709 | 475709 | 475709 | 475709 | 475709 | 475709 | 475709 | 475709 | 475709 | 475709 | 475709 | 475709 | 475709 | 475709 |
| p=2 | 999996 | 475709 | 475709 | 475709 | 475709 | 475709 | 475709 | 475709 | 475709 | 475709 | 475709 | 475709 | 475709 | 475709 | 475709 |
| p=3 | 999996 | 475709 | 475709 | 475709 | 475709 | 475709 | 475709 | 475709 | 475709 | 475709 | 475709 | 475709 | 475709 | 475709 | 475709 |
| p=4 | 999996 | 475709 | 475709 | 475709 | 475709 | 475709 | 475709 | 475709 | 475709 | 475709 | 475709 | 475709 | 475709 | 475709 | 475709 |

wrote scan90-1000000.json

DONE90
