# fibre structure of W -> full column at level u-1 (prefix length u)

# u=5: |C_u|=23, fibre-size histogram {1: 16, 2: 5, 3: 2}
  pairs examined 11, primitive 5
  primitive span histogram: {1: 3, 2: 2}
  primitive distance-from-end of last diff: {3: 4, 4: 1}
  primitive first-diff position: {0: 3, 1: 2}
  top substitution rules (P, P', dist-from-end) among span<=6: [(('12', '21', 3), 2), (('1', '2', 3), 2), (('1', '2', 4), 1)]

# u=6: |C_u|=39, fibre-size histogram {1: 20, 2: 13, 3: 6}
  pairs examined 31, primitive 9
  primitive span histogram: {1: 5, 2: 2, 3: 2}
  primitive distance-from-end of last diff: {3: 4, 5: 5}
  primitive first-diff position: {0: 7, 1: 2}
  top substitution rules (P, P', dist-from-end) among span<=6: [(('1', '2', 5), 5), (('12', '21', 3), 2), (('112', '221', 3), 2)]

# u=7: |C_u|=73, fibre-size histogram {1: 32, 2: 27, 3: 14}
  pairs examined 69, primitive 7
  primitive span histogram: {1: 3, 2: 2, 4: 2}
  primitive distance-from-end of last diff: {3: 4, 6: 3}
  primitive first-diff position: {0: 5, 2: 2}
  top substitution rules (P, P', dist-from-end) among span<=6: [(('1', '2', 6), 3), (('12', '21', 3), 2), (('1121', '2112', 3), 2)]

# u=8: |C_u|=129, fibre-size histogram {1: 41, 2: 62, 3: 19, 4: 4, 6: 3}
  pairs examined 188, primitive 50
  primitive span histogram: {1: 28, 2: 11, 3: 9, 4: 2}
  primitive distance-from-end of last diff: {4: 4, 5: 18, 6: 12, 7: 16}
  primitive first-diff position: {0: 33, 1: 9, 2: 8}
  top substitution rules (P, P', dist-from-end) among span<=6: [(('1', '2', 7), 16), (('1', '2', 6), 6), (('1', '2', 5), 6), (('11', '22', 6), 5), (('121', '222', 5), 3), (('121', '212', 5), 3), (('122', '221', 5), 3), (('12', '21', 5), 3), (('1112', '2121', 4), 2), (('12', '21', 4), 2), (('12', '21', 6), 1)]

# u=9: |C_u|=232, fibre-size histogram {1: 59, 2: 107, 3: 45, 4: 13, 6: 6, 8: 2}
  pairs examined 466, primitive 90
  primitive span histogram: {1: 31, 2: 25, 3: 6, 4: 20, 5: 8}
  primitive distance-from-end of last diff: {4: 16, 5: 28, 7: 39, 8: 7}
  primitive first-diff position: {0: 48, 1: 32, 2: 4, 3: 6}
  top substitution rules (P, P', dist-from-end) among span<=6: [(('1', '2', 7), 20), (('11', '22', 7), 10), (('12', '21', 7), 9), (('1', '2', 8), 7), (('1121', '2112', 4), 4), (('122', '221', 5), 4), (('12', '21', 5), 4), (('1', '2', 5), 4), (('11121', '22112', 4), 3), (('1112', '2121', 4), 2), (('12', '21', 4), 2), (('112', '221', 5), 2)]

# u=10: |C_u|=410, fibre-size histogram {1: 75, 2: 197, 3: 73, 4: 33, 5: 4, 6: 19, 7: 2, 8: 7}
  pairs examined 1177, primitive 245
  primitive span histogram: {1: 79, 2: 54, 3: 49, 4: 26, 5: 28, 6: 9}
  primitive distance-from-end of last diff: {4: 18, 5: 46, 6: 20, 7: 78, 8: 58, 9: 25}
  primitive first-diff position: {0: 134, 1: 70, 2: 33, 3: 7, 4: 1}
  top substitution rules (P, P', dist-from-end) among span<=6: [(('1', '2', 8), 30), (('1', '2', 9), 25), (('1', '2', 7), 23), (('11', '22', 8), 22), (('12', '21', 7), 10), (('121', '222', 7), 9), (('122', '221', 7), 9), (('121', '212', 7), 8), (('12', '21', 8), 6), (('11', '22', 7), 6), (('12', '21', 5), 6), (('112', '221', 6), 4)]

# u=11: |C_u|=742, fibre-size histogram {1: 99, 2: 349, 3: 121, 4: 93, 5: 10, 6: 44, 7: 8, 8: 16, 9: 2}
  pairs examined 2718, primitive 364
  primitive span histogram: {1: 119, 2: 79, 3: 49, 4: 48, 5: 22, 6: 35, 7: 12}
  primitive distance-from-end of last diff: {4: 24, 5: 60, 6: 12, 7: 58, 8: 60, 9: 116, 10: 34}
  primitive first-diff position: {0: 199, 1: 107, 2: 39, 3: 17, 5: 2}
  top substitution rules (P, P', dist-from-end) among span<=6: [(('1', '2', 9), 58), (('11', '22', 9), 38), (('1', '2', 10), 34), (('12', '21', 9), 20), (('1', '2', 8), 19), (('1', '2', 7), 8), (('11', '22', 8), 6), (('1212', '2221', 5), 6), (('112', '211', 8), 5), (('121', '222', 7), 5), (('121', '222', 8), 5), (('121', '212', 8), 5)]

# u=12: |C_u|=1329, fibre-size histogram {1: 146, 2: 568, 3: 188, 4: 228, 5: 28, 6: 105, 7: 17, 8: 32, 9: 7, 10: 3, 12: 2, 14: 2, 16: 3}
  pairs examined 6669, primitive 1233
  primitive span histogram: {1: 336, 2: 275, 3: 216, 4: 160, 5: 142, 6: 56, 7: 36, 8: 12}
  primitive distance-from-end of last diff: {4: 25, 5: 60, 6: 72, 7: 230, 8: 172, 9: 296, 10: 324, 11: 54}
  primitive first-diff position: {0: 646, 1: 375, 2: 124, 3: 65, 4: 22, 6: 1}
  top substitution rules (P, P', dist-from-end) among span<=6: [(('1', '2', 10), 158), (('11', '22', 10), 94), (('1', '2', 9), 80), (('12', '21', 10), 72), (('1', '2', 11), 54), (('11', '22', 9), 39), (('12', '21', 9), 29), (('12', '21', 7), 29), (('1', '2', 8), 28), (('121', '222', 9), 23), (('122', '221', 9), 23), (('121', '212', 9), 21)]

# u=13: |C_u|=2376, fibre-size histogram {1: 220, 2: 914, 3: 269, 4: 494, 5: 64, 6: 246, 7: 28, 8: 83, 9: 16, 10: 7, 11: 3, 12: 14, 14: 6, 15: 1, 16: 6, 17: 1, 18: 3, 24: 1}
  pairs examined 16149, primitive 2811
  primitive span histogram: {1: 623, 2: 543, 3: 496, 4: 437, 5: 241, 6: 221, 7: 153, 8: 75, 9: 22}
  primitive distance-from-end of last diff: {4: 46, 5: 128, 6: 236, 7: 294, 8: 260, 9: 608, 10: 584, 11: 568, 12: 87}
  primitive first-diff position: {0: 1449, 1: 803, 2: 350, 3: 145, 4: 44, 5: 18, 6: 2}
  top substitution rules (P, P', dist-from-end) among span<=6: [(('1', '2', 11), 283), (('11', '22', 11), 159), (('1', '2', 10), 145), (('12', '21', 11), 126), (('1', '2', 12), 87), (('11', '22', 10), 86), (('1', '2', 9), 76), (('12', '21', 10), 61), (('111', '222', 10), 43), (('122', '211', 10), 43), (('111', '212', 10), 42), (('112', '211', 10), 41)]

# u=14: |C_u|=4265, fibre-size histogram {1: 322, 2: 1483, 3: 429, 4: 950, 5: 125, 6: 511, 7: 60, 8: 194, 9: 39, 10: 36, 11: 9, 12: 45, 13: 3, 14: 21, 15: 3, 16: 16, 17: 3, 18: 12, 22: 1, 23: 1, 24: 1, 26: 1}
  pairs examined 38275, primitive 5977
  primitive span histogram: {1: 1144, 2: 1029, 3: 1049, 4: 896, 5: 623, 6: 430, 7: 419, 8: 203, 9: 160, 10: 24}
  primitive distance-from-end of last diff: {4: 48, 5: 296, 6: 242, 7: 642, 8: 422, 9: 868, 10: 1090, 11: 1250, 12: 1012, 13: 107}
  primitive first-diff position: {0: 3047, 1: 1724, 2: 727, 3: 324, 4: 115, 5: 28, 6: 12}
  top substitution rules (P, P', dist-from-end) among span<=6: [(('1', '2', 12), 505), (('1', '2', 11), 324), (('11', '22', 12), 279), (('12', '21', 12), 228), (('12', '21', 11), 158), (('11', '22', 11), 143), (('1', '2', 10), 137), (('1', '2', 13), 107), (('121', '222', 11), 86), (('122', '221', 11), 86), (('121', '212', 11), 85), (('112', '211', 11), 79)]
