
# n=3 c=2
 k    NE_k   N_k   NE_k/NE_k-1  N_k/N_k-1  NE_k*2^(k-n)  N_k*2^(k-n)  distinct_cont  hc_kill_frac
 0       8      8         nan        nan       1.0000       1.0000          1       0.0000
 1       2      1      0.2500     0.1250       0.5000       0.2500          1       0.5000
C1(n=3,c=2) = max_k N_k 2^(k-n) = 1.0000;  C1E = 1.0000

# n=3 c=3
 k    NE_k   N_k   NE_k/NE_k-1  N_k/N_k-1  NE_k*2^(k-n)  N_k*2^(k-n)  distinct_cont  hc_kill_frac
 0       8      8         nan        nan       1.0000       1.0000          1       0.0000
 1       6      6      0.7500     0.7500       1.5000       1.5000          2       0.0000
 2       2      2      0.3333     0.3333       1.0000       1.0000          1       0.0000
 3       2      2      1.0000     1.0000       2.0000       2.0000          1       0.0000
 4       2      2      1.0000     1.0000       4.0000       4.0000          1       0.0000
C1(n=3,c=3) = max_k N_k 2^(k-n) = 4.0000;  C1E = 4.0000

# n=4 c=2
 k    NE_k   N_k   NE_k/NE_k-1  N_k/N_k-1  NE_k*2^(k-n)  N_k*2^(k-n)  distinct_cont  hc_kill_frac
 0      16     16         nan        nan       1.0000       1.0000          1       0.0000
 1      12      8      0.7500     0.5000       1.5000       1.0000          2       0.3333
 2      11      7      0.9167     0.8750       2.7500       1.7500          4       0.0000
C1(n=4,c=2) = max_k N_k 2^(k-n) = 1.7500;  C1E = 2.7500

# n=4 c=3
 k    NE_k   N_k   NE_k/NE_k-1  N_k/N_k-1  NE_k*2^(k-n)  N_k*2^(k-n)  distinct_cont  hc_kill_frac
 0      16     16         nan        nan       1.0000       1.0000          1       0.0000
 1       4      3      0.2500     0.1875       0.5000       0.3750          2       0.2500
 2       4      2      1.0000     0.6667       1.0000       0.5000          3       0.3333
 3       1      0      0.2500     0.0000       0.5000       0.0000          1          nan
C1(n=4,c=3) = max_k N_k 2^(k-n) = 1.0000;  C1E = 1.0000

# n=5 c=2
 k    NE_k   N_k   NE_k/NE_k-1  N_k/N_k-1  NE_k*2^(k-n)  N_k*2^(k-n)  distinct_cont  hc_kill_frac
 0      32     32         nan        nan       1.0000       1.0000          1       0.0000
 1      14      9      0.4375     0.2812       0.8750       0.5625          2       0.3571
 2       1      1      0.0714     0.1111       0.1250       0.1250          1       0.0000
C1(n=5,c=2) = max_k N_k 2^(k-n) = 1.0000;  C1E = 1.0000

# n=5 c=3
 k    NE_k   N_k   NE_k/NE_k-1  N_k/N_k-1  NE_k*2^(k-n)  N_k*2^(k-n)  distinct_cont  hc_kill_frac
 0      32     32         nan        nan       1.0000       1.0000          1       0.0000
 1      18     12      0.5625     0.3750       1.1250       0.7500          2       0.3333
 2      13      6      0.7222     0.5000       1.6250       0.7500          4       0.3333
 3       7      2      0.5385     0.3333       1.7500       0.5000          3       0.0000
 4       4      2      0.5714     1.0000       2.0000       1.0000          2       0.0000
 5       4      0      1.0000     0.0000       4.0000       0.0000          2       1.0000
 6       2      0      0.5000        nan       4.0000       0.0000          1          nan
 7       2      0      1.0000        nan       8.0000       0.0000          1          nan
 8       2      0      1.0000        nan      16.0000       0.0000          1          nan
C1(n=5,c=3) = max_k N_k 2^(k-n) = 1.0000;  C1E = 16.0000

# n=6 c=2
 k    NE_k   N_k   NE_k/NE_k-1  N_k/N_k-1  NE_k*2^(k-n)  N_k*2^(k-n)  distinct_cont  hc_kill_frac
 0      64     64         nan        nan       1.0000       1.0000          1       0.0000
 1      32     22      0.5000     0.3438       1.0000       0.6875          2       0.3125
 2      15      6      0.4688     0.2727       0.9375       0.3750          4       0.1429
 3       9      3      0.6000     0.5000       1.1250       0.3750          3       0.0000
 4       8      0      0.8889     0.0000       2.0000       0.0000          2       1.0000
 5       3      0      0.3750        nan       1.5000       0.0000          1          nan
 6       3      0      1.0000        nan       3.0000       0.0000          1          nan
 7       3      0      1.0000        nan       6.0000       0.0000          1          nan
 8       3      0      1.0000        nan      12.0000       0.0000          1          nan
 9       3      0      1.0000        nan      24.0000       0.0000          1          nan
C1(n=6,c=2) = max_k N_k 2^(k-n) = 1.0000;  C1E = 24.0000

# n=6 c=3
 k    NE_k   N_k   NE_k/NE_k-1  N_k/N_k-1  NE_k*2^(k-n)  N_k*2^(k-n)  distinct_cont  hc_kill_frac
 0      64     64         nan        nan       1.0000       1.0000          1       0.0000
 1      32     28      0.5000     0.4375       1.0000       0.8750          2       0.1250
 2      17     12      0.5312     0.4286       1.0625       0.7500          4       0.0769
 3      10      4      0.5882     0.3333       1.2500       0.5000          5       0.3333
 4       2      0      0.2000     0.0000       0.5000       0.0000          2          nan
 5       1      0      0.5000        nan       0.5000       0.0000          1          nan
 6       1      0      1.0000        nan       1.0000       0.0000          1          nan
C1(n=6,c=3) = max_k N_k 2^(k-n) = 1.0000;  C1E = 1.2500

# n=7 c=2
 k    NE_k   N_k   NE_k/NE_k-1  N_k/N_k-1  NE_k*2^(k-n)  N_k*2^(k-n)  distinct_cont  hc_kill_frac
 0     128    128         nan        nan       1.0000       1.0000          1       0.0000
 1      54     41      0.4219     0.3203       0.8438       0.6406          2       0.2407
 2      26     17      0.4815     0.4146       0.8125       0.5312          4       0.2609
 3      18      9      0.6923     0.5294       1.1250       0.5625          5       0.1000
 4      11      5      0.6111     0.5556       1.3750       0.6250          4       0.2857
 5       8      0      0.7273     0.0000       2.0000       0.0000          3       1.0000
 6       6      0      0.7500        nan       3.0000       0.0000          2          nan
 7       3      0      0.5000        nan       3.0000       0.0000          1          nan
C1(n=7,c=2) = max_k N_k 2^(k-n) = 1.0000;  C1E = 3.0000

# n=7 c=3
 k    NE_k   N_k   NE_k/NE_k-1  N_k/N_k-1  NE_k*2^(k-n)  N_k*2^(k-n)  distinct_cont  hc_kill_frac
 0     128    128         nan        nan       1.0000       1.0000          1       0.0000
 1      74     58      0.5781     0.4531       1.1562       0.9062          2       0.2162
 2      26     20      0.3514     0.3448       0.8125       0.6250          4       0.0000
 3      18     14      0.6923     0.7000       1.1250       0.8750          5       0.1250
 4      12     10      0.6667     0.7143       1.5000       1.2500          4       0.0000
 5       2      0      0.1667     0.0000       0.5000       0.0000          1          nan
 6       2      0      1.0000        nan       1.0000       0.0000          1          nan
C1(n=7,c=3) = max_k N_k 2^(k-n) = 1.2500;  C1E = 1.5000

# n=8 c=2
 k    NE_k   N_k   NE_k/NE_k-1  N_k/N_k-1  NE_k*2^(k-n)  N_k*2^(k-n)  distinct_cont  hc_kill_frac
 0     256    256         nan        nan       1.0000       1.0000          1       0.0000
 1     124     87      0.4844     0.3398       0.9688       0.6797          2       0.2984
 2      68     44      0.5484     0.5057       1.0625       0.6875          4       0.0833
 3      24      9      0.3529     0.2045       0.7500       0.2812          4       0.2500
 4      19      0      0.7917     0.0000       1.1875       0.0000          4       1.0000
 5      14      0      0.7368        nan       1.7500       0.0000          2          nan
 6      10      0      0.7143        nan       2.5000       0.0000          2          nan
C1(n=8,c=2) = max_k N_k 2^(k-n) = 1.0000;  C1E = 2.5000

# n=8 c=3
 k    NE_k   N_k   NE_k/NE_k-1  N_k/N_k-1  NE_k*2^(k-n)  N_k*2^(k-n)  distinct_cont  hc_kill_frac
 0     256    256         nan        nan       1.0000       1.0000          1       0.0000
 1     132     97      0.5156     0.3789       1.0312       0.7578          2       0.2652
 2      70     49      0.5303     0.5052       1.0938       0.7656          4       0.0926
 3      25     17      0.3571     0.3469       0.7812       0.5312          7       0.1500
 4      13      7      0.5200     0.4118       0.8125       0.4375          4       0.0000
 5      12      4      0.9231     0.5714       1.5000       0.5000          4       0.3333
 6       5      3      0.4167     0.7500       1.2500       0.7500          2       0.0000
 7       5      0      1.0000     0.0000       2.5000       0.0000          2       1.0000
C1(n=8,c=3) = max_k N_k 2^(k-n) = 1.0000;  C1E = 2.5000

# n=9 c=2
 k    NE_k   N_k   NE_k/NE_k-1  N_k/N_k-1  NE_k*2^(k-n)  N_k*2^(k-n)  distinct_cont  hc_kill_frac
 0     512    512         nan        nan       1.0000       1.0000          1       0.0000
 1     216    162      0.4219     0.3164       0.8438       0.6328          2       0.2500
 2     106     57      0.4907     0.3519       0.8281       0.4453          4       0.2692
 3      39     17      0.3679     0.2982       0.6094       0.2656          6       0.0000
 4      13      4      0.3333     0.2353       0.4062       0.1250          6       0.0000
 5       2      0      0.1538     0.0000       0.1250       0.0000          2          nan
C1(n=9,c=2) = max_k N_k 2^(k-n) = 1.0000;  C1E = 1.0000

# n=9 c=3
 k    NE_k   N_k   NE_k/NE_k-1  N_k/N_k-1  NE_k*2^(k-n)  N_k*2^(k-n)  distinct_cont  hc_kill_frac
 0     512    512         nan        nan       1.0000       1.0000          1       0.0000
 1     296    214      0.5781     0.4180       1.1562       0.8359          2       0.2770
 2     161    112      0.5439     0.5234       1.2578       0.8750          4       0.1250
 3     102     53      0.6335     0.4732       1.5938       0.8281          8       0.2319
 4      66     23      0.6471     0.4340       2.0625       0.7188         12       0.1786
 5      40      6      0.6061     0.2609       2.5000       0.3750          8       0.5714
 6      18      6      0.4500     1.0000       2.2500       0.7500          4       0.0000
 7      10      6      0.5556     1.0000       2.5000       1.5000          2       0.0000
 8      10      6      1.0000     1.0000       5.0000       3.0000          2       0.0000
C1(n=9,c=3) = max_k N_k 2^(k-n) = 3.0000;  C1E = 5.0000

# n=10 c=2
 k    NE_k   N_k   NE_k/NE_k-1  N_k/N_k-1  NE_k*2^(k-n)  N_k*2^(k-n)  distinct_cont  hc_kill_frac
 0    1024   1024         nan        nan       1.0000       1.0000          1       0.0000
 1     509    396      0.4971     0.3867       0.9941       0.7734          2       0.2220
 2     249    177      0.4892     0.4470       0.9727       0.6914          4       0.0923
 3     113     62      0.4538     0.3503       0.8828       0.4844          8       0.1842
 4      61     26      0.5398     0.4194       0.9531       0.4062         11       0.1875
 5      38      6      0.6230     0.2308       1.1875       0.1875         10       0.6000
 6      21      0      0.5526     0.0000       1.3125       0.0000          5          nan
 7       6      0      0.2857        nan       0.7500       0.0000          1          nan
 8       6      0      1.0000        nan       1.5000       0.0000          1          nan
 9       6      0      1.0000        nan       3.0000       0.0000          1          nan
C1(n=10,c=2) = max_k N_k 2^(k-n) = 1.0000;  C1E = 3.0000

# n=10 c=3
 k    NE_k   N_k   NE_k/NE_k-1  N_k/N_k-1  NE_k*2^(k-n)  N_k*2^(k-n)  distinct_cont  hc_kill_frac
 0    1024   1024         nan        nan       1.0000       1.0000          1       0.0000
 1     515    385      0.5029     0.3760       1.0059       0.7520          2       0.2524
 2     254    159      0.4932     0.4130       0.9922       0.6211          4       0.1452
 3     140     62      0.5512     0.3899       1.0938       0.4844          8       0.2250
 4      81     22      0.5786     0.3548       1.2656       0.3438         14       0.4762
 5      50     14      0.6173     0.6364       1.5625       0.4375         14       0.0000
 6      33     12      0.6600     0.8571       2.0625       0.7500         11       0.0000
 7      10      4      0.3030     0.3333       1.2500       0.5000          4       0.3333
 8       6      0      0.6000     0.0000       1.5000       0.0000          2       1.0000
 9       6      0      1.0000        nan       3.0000       0.0000          2          nan
C1(n=10,c=3) = max_k N_k 2^(k-n) = 1.0000;  C1E = 3.0000

# n=11 c=2
 k    NE_k   N_k   NE_k/NE_k-1  N_k/N_k-1  NE_k*2^(k-n)  N_k*2^(k-n)  distinct_cont  hc_kill_frac
 0    2048   2048         nan        nan       1.0000       1.0000          1       0.0000
 1     977    728      0.4771     0.3555       0.9541       0.7109          2       0.2549
 2     487    285      0.4985     0.3915       0.9512       0.5566          4       0.1715
 3     243     93      0.4990     0.3263       0.9492       0.3633          8       0.2955
 4     112     36      0.4609     0.3871       0.8750       0.2812         14       0.1429
 5      73      9      0.6518     0.2500       1.1406       0.1406         16       0.5263
 6      31      4      0.4247     0.4444       0.9688       0.1250          8       0.0000
 7      11      0      0.3548     0.0000       0.6875       0.0000          3          nan
 8       8      0      0.7273        nan       1.0000       0.0000          2          nan
 9       6      0      0.7500        nan       1.5000       0.0000          1          nan
C1(n=11,c=2) = max_k N_k 2^(k-n) = 1.0000;  C1E = 1.5000

# n=11 c=3
 k    NE_k   N_k   NE_k/NE_k-1  N_k/N_k-1  NE_k*2^(k-n)  N_k*2^(k-n)  distinct_cont  hc_kill_frac
 0    2048   2048         nan        nan       1.0000       1.0000          1       0.0000
 1    1071    805      0.5229     0.3931       1.0459       0.7861          2       0.2484
 2     533    325      0.4977     0.4037       1.0410       0.6348          4       0.2034
 3     306    157      0.5741     0.4831       1.1953       0.6133          8       0.1514
 4     157     79      0.5131     0.5032       1.2266       0.6172         15       0.1505
 5      79     32      0.5032     0.4051       1.2344       0.5000         17       0.1351
 6      38     14      0.4810     0.4375       1.1875       0.4375         13       0.3000
 7      25     12      0.6579     0.8571       1.5625       0.7500          7       0.0000
 8       2      0      0.0800     0.0000       0.2500       0.0000          1          nan
C1(n=11,c=3) = max_k N_k 2^(k-n) = 1.0000;  C1E = 1.5625

# n=12 c=2
 k    NE_k   N_k   NE_k/NE_k-1  N_k/N_k-1  NE_k*2^(k-n)  N_k*2^(k-n)  distinct_cont  hc_kill_frac
 0    4096   4096         nan        nan       1.0000       1.0000          1       0.0000
 1    2087   1607      0.5095     0.3923       1.0190       0.7847          2       0.2300
 2    1090    752      0.5223     0.4680       1.0645       0.7344          4       0.1522
 3     525    278      0.4817     0.3697       1.0254       0.5430          8       0.2125
 4     258    119      0.4914     0.4281       1.0078       0.4648         16       0.1250
 5     105     33      0.4070     0.2773       0.8203       0.2578         18       0.4000
 6      60     14      0.5714     0.4242       0.9375       0.2188         13       0.0000
 7      21      6      0.3500     0.4286       0.6562       0.1875          6       0.2500
 8       6      2      0.2857     0.3333       0.3750       0.1250          2       0.6667
 9       2      2      0.3333     1.0000       0.2500       0.2500          1       0.0000
C1(n=12,c=2) = max_k N_k 2^(k-n) = 1.0000;  C1E = 1.0645

# n=12 c=3
 k    NE_k   N_k   NE_k/NE_k-1  N_k/N_k-1  NE_k*2^(k-n)  N_k*2^(k-n)  distinct_cont  hc_kill_frac
 0    4096   4096         nan        nan       1.0000       1.0000          1       0.0000
 1    2009   1487      0.4905     0.3630       0.9810       0.7261          2       0.2598
 2    1043    721      0.5192     0.4849       1.0186       0.7041          4       0.1478
 3     515    226      0.4938     0.3135       1.0059       0.4414          8       0.2915
 4     223     87      0.4330     0.3850       0.8711       0.3398         16       0.2091
 5     142     44      0.6368     0.5057       1.1094       0.3438         22       0.0435
 6      46      5      0.3239     0.1136       0.7188       0.0781          9       0.0000
 7      12      1      0.2609     0.2000       0.3750       0.0312          4       0.0000
 8      11      1      0.9167     1.0000       0.6875       0.0625          3       0.0000
 9      10      0      0.9091     0.0000       1.2500       0.0000          2          nan
10       6      0      0.6000        nan       1.5000       0.0000          1          nan
11       6      0      1.0000        nan       3.0000       0.0000          1          nan
C1(n=12,c=3) = max_k N_k 2^(k-n) = 1.0000;  C1E = 3.0000

# n=13 c=2
 k    NE_k   N_k   NE_k/NE_k-1  N_k/N_k-1  NE_k*2^(k-n)  N_k*2^(k-n)  distinct_cont  hc_kill_frac
 0    8192   8192         nan        nan       1.0000       1.0000          1       0.0000
 1    4020   3068      0.4907     0.3745       0.9814       0.7490          2       0.2368
 2    1870   1146      0.4652     0.3735       0.9131       0.5596          4       0.1604
 3     941    489      0.5032     0.4267       0.9189       0.4775          8       0.1931
 4     456    171      0.4846     0.3497       0.8906       0.3340         16       0.2723
 5     234     81      0.5132     0.4737       0.9141       0.3164         29       0.1474
 6      93     27      0.3974     0.3333       0.7266       0.2109         23       0.3077
 7      34     12      0.3656     0.4444       0.5312       0.1875         12       0.0769
 8      14      0      0.4118     0.0000       0.4375       0.0000          6          nan
 9      10      0      0.7143        nan       0.6250       0.0000          4          nan
10       8      0      0.8000        nan       1.0000       0.0000          3          nan
C1(n=13,c=2) = max_k N_k 2^(k-n) = 1.0000;  C1E = 1.0000

# n=13 c=3
 k    NE_k   N_k   NE_k/NE_k-1  N_k/N_k-1  NE_k*2^(k-n)  N_k*2^(k-n)  distinct_cont  hc_kill_frac
 0    8192   8192         nan        nan       1.0000       1.0000          1       0.0000
 1    4172   3094      0.5093     0.3777       1.0186       0.7554          2       0.2584
 2    1987   1266      0.4763     0.4092       0.9702       0.6182          4       0.1599
 3     963    503      0.4847     0.3973       0.9404       0.4912          8       0.2041
 4     475    176      0.4933     0.3499       0.9277       0.3438         16       0.1619
 5     207     70      0.4358     0.3977       0.8086       0.2734         26       0.0909
 6     104     20      0.5024     0.2857       0.8125       0.1562         23       0.4595
 7      60      9      0.5769     0.4500       0.9375       0.1406         13       0.0000
 8      16      3      0.2667     0.3333       0.5000       0.0938          6       0.0000
 9       4      3      0.2500     1.0000       0.2500       0.1875          2       0.0000
10       1      0      0.2500     0.0000       0.1250       0.0000          1          nan
C1(n=13,c=3) = max_k N_k 2^(k-n) = 1.0000;  C1E = 1.0186

# n=14 c=2
 k    NE_k   N_k   NE_k/NE_k-1  N_k/N_k-1  NE_k*2^(k-n)  N_k*2^(k-n)  distinct_cont  hc_kill_frac
 0   16384  16384         nan        nan       1.0000       1.0000          1       0.0000
 1    8193   6145      0.5001     0.3751       1.0001       0.7501          2       0.2500
 2    4250   2685      0.5187     0.4369       1.0376       0.6555          4       0.1643
 3    2098   1099      0.4936     0.4093       1.0244       0.5366          8       0.2099
 4     934    386      0.4452     0.3512       0.9121       0.3770         16       0.2008
 5     438    134      0.4690     0.3472       0.8555       0.2617         30       0.1625
 6     230     57      0.5251     0.4254       0.8984       0.2227         37       0.1739
 7     122     21      0.5304     0.3684       0.9531       0.1641         21       0.4000
 8      53      6      0.4344     0.2857       0.8281       0.0938         12       0.0000
 9      14      4      0.2642     0.6667       0.4375       0.1250          4       0.0000
10       4      4      0.2857     1.0000       0.2500       0.2500          1       0.0000
11       4      0      1.0000     0.0000       0.5000       0.0000          1       1.0000
C1(n=14,c=2) = max_k N_k 2^(k-n) = 1.0000;  C1E = 1.0376

# n=14 c=3
 k    NE_k   N_k   NE_k/NE_k-1  N_k/N_k-1  NE_k*2^(k-n)  N_k*2^(k-n)  distinct_cont  hc_kill_frac
 0   16384  16384         nan        nan       1.0000       1.0000          1       0.0000
 1    8191   6145      0.4999     0.3751       0.9999       0.7501          2       0.2498
 2    4118   2684      0.5027     0.4368       1.0054       0.6553          4       0.1370
 3    1994   1072      0.4842     0.3994       0.9736       0.5234          8       0.1664
 4     948    407      0.4754     0.3797       0.9258       0.3975         16       0.2745
 5     419    145      0.4420     0.3563       0.8184       0.2832         31       0.1420
 6     177     42      0.4224     0.2897       0.6914       0.1641         32       0.1250
 7      86     25      0.4859     0.5952       0.6719       0.1953         22       0.0000
 8      45      8      0.5233     0.3200       0.7031       0.1250         12       0.0000
 9       8      0      0.1778     0.0000       0.2500       0.0000          3          nan
10       2      0      0.2500        nan       0.1250       0.0000          1          nan
11       2      0      1.0000        nan       0.2500       0.0000          1          nan
C1(n=14,c=3) = max_k N_k 2^(k-n) = 1.0000;  C1E = 1.0054

# summary: n c C1(joint) C1E(E-only) kmax_N kmax_NE  kmax_N/n
  3 2   1.0000   1.0000    1    1  0.333
  3 3   4.0000   4.0000    4    4  1.333
  4 2   1.7500   2.7500    2    2  0.500
  4 3   1.0000   1.0000    2    3  0.500
  5 2   1.0000   1.0000    2    2  0.400
  5 3   1.0000  16.0000    4    8  0.800
  6 2   1.0000  24.0000    3    9  0.500
  6 3   1.0000   1.2500    3    6  0.500
  7 2   1.0000   3.0000    4    7  0.571
  7 3   1.2500   1.5000    4    6  0.571
  8 2   1.0000   2.5000    3    6  0.375
  8 3   1.0000   2.5000    6    7  0.750
  9 2   1.0000   1.0000    4    5  0.444
  9 3   3.0000   5.0000    8    8  0.889
 10 2   1.0000   3.0000    5    9  0.500
 10 3   1.0000   3.0000    7    9  0.700
 11 2   1.0000   1.5000    6    9  0.545
 11 3   1.0000   1.5625    7    8  0.636
 12 2   1.0000   1.0645    9    9  0.750
 12 3   1.0000   3.0000    8   11  0.667
 13 2   1.0000   1.0000    7   10  0.538
 13 3   1.0000   1.0186    9   10  0.692
 14 2   1.0000   1.0376   10   11  0.714
 14 3   1.0000   1.0054    8   11  0.571
