
# n=10 c=2
level 0: N_k=1024 N_k+1=396 ratio=0.387  groups=1 sizes={1024: 1}
   j:     0     1     2     3     4     5     6     7     8     9
keep:  1.00  1.00  1.00  1.00  1.00  1.00  1.00  1.00  1.00  1.00
flip:  0.06  0.31  0.46  0.49  0.44  0.52  0.51  0.51  0.43  0.58
hcfl:  0.05  0.23  0.26  0.26  0.27  0.25  0.28  0.24  0.30  0.47
   best flip j=9 flip=0.576 keep=1.000; coordinates with keep=1: [0, 1, 2, 3, 4, 5, 6, 7, 8, 9]
level 1: N_k=396 N_k+1=177 ratio=0.447  groups=2 sizes={120: 1, 276: 1}
   j:     0     1     2     3     4     5     6     7     8     9
keep:  0.92  0.61  0.46  0.44  0.46  0.44  0.40  0.40  0.46  0.31
flip:  0.01  0.10  0.12  0.20  0.19  0.24  0.32  0.13  0.21  0.15
hcfl:  0.02  0.11  0.10  0.12  0.18  0.15  0.09  0.10  0.12  0.06
   best flip j=6 flip=0.323 keep=0.399; coordinates with keep=1: []
level 2: N_k=177 N_k+1=62 ratio=0.350  groups=3 sizes={42: 1, 58: 1, 77: 1}
   j:     0     1     2     3     4     5     6     7     8     9
keep:  0.89  0.54  0.26  0.19  0.18  0.20  0.05  0.23  0.26  0.14
flip:  0.02  0.14  0.12  0.07  0.07  0.10  0.05  0.07  0.11  0.07
hcfl:  0.00  0.05  0.03  0.02  0.03  0.08  0.00  0.07  0.11  0.07
   best flip j=1 flip=0.136 keep=0.542; coordinates with keep=1: []
level 3: N_k=62 N_k+1=26 ratio=0.419  groups=5 sizes={4: 1, 9: 1, 13: 2, 23: 1}
   j:     0     1     2     3     4     5     6     7     8     9
keep:  0.87  0.45  0.06  0.03  0.16  0.00  0.00  0.06  0.13  0.00
flip:  0.00  0.00  0.00  0.00  0.00  0.00  0.00  0.00  0.00  0.00
hcfl:  0.00  0.00  0.00  0.00  0.06  0.00  0.00  0.00  0.13  0.00
   best flip j=0 flip=0.000 keep=0.871; coordinates with keep=1: []
level 4: N_k=26 N_k+1=6 ratio=0.231  groups=5 sizes={2: 1, 3: 1, 4: 1, 8: 1, 9: 1}
   j:     0     1     2     3     4     5     6     7     8     9
keep:  0.92  0.38  0.15  0.00  0.00  0.00  0.00  0.15  0.00  0.00
flip:  0.00  0.00  0.00  0.00  0.00  0.00  0.00  0.15  0.00  0.00
hcfl:  0.00  0.00  0.00  0.00  0.00  0.00  0.00  0.15  0.00  0.00
   best flip j=7 flip=0.154 keep=0.154; coordinates with keep=1: []
level 5: N_k=6 N_k+1=0 ratio=0.000  groups=2 sizes={2: 1, 4: 1}
   j:     0     1     2     3     4     5     6     7     8     9
keep:  1.00  0.67  0.00  0.00  0.00  0.00  0.00  0.00  0.00  0.00
flip:  0.00  0.00  0.00  0.00  0.00  0.00  0.00  0.00  0.00  0.00
hcfl:  0.00  0.00  0.00  0.00  0.00  0.00  0.00  0.00  0.00  0.00
   best flip j=0 flip=0.000 keep=1.000; coordinates with keep=1: [0]

# n=10 c=3
level 0: N_k=1024 N_k+1=385 ratio=0.376  groups=1 sizes={1024: 1}
   j:     0     1     2     3     4     5     6     7     8     9
keep:  1.00  1.00  1.00  1.00  1.00  1.00  1.00  1.00  1.00  1.00
flip:  0.06  0.31  0.46  0.49  0.44  0.52  0.51  0.51  0.43  0.58
hcfl:  0.05  0.23  0.26  0.26  0.27  0.25  0.28  0.24  0.30  0.47
   best flip j=9 flip=0.576 keep=1.000; coordinates with keep=1: [0, 1, 2, 3, 4, 5, 6, 7, 8, 9]
level 1: N_k=385 N_k+1=159 ratio=0.413  groups=2 sizes={128: 1, 257: 1}
   j:     0     1     2     3     4     5     6     7     8     9
keep:  0.91  0.58  0.46  0.43  0.38  0.45  0.39  0.37  0.44  0.29
flip:  0.03  0.11  0.16  0.17  0.22  0.25  0.20  0.23  0.23  0.10
hcfl:  0.02  0.08  0.11  0.14  0.23  0.15  0.09  0.12  0.16  0.08
   best flip j=5 flip=0.249 keep=0.447; coordinates with keep=1: []
level 2: N_k=159 N_k+1=62 ratio=0.390  groups=3 sizes={27: 1, 52: 1, 80: 1}
   j:     0     1     2     3     4     5     6     7     8     9
keep:  0.86  0.42  0.35  0.24  0.05  0.10  0.11  0.09  0.11  0.04
flip:  0.00  0.00  0.08  0.11  0.05  0.04  0.09  0.05  0.05  0.04
hcfl:  0.00  0.00  0.15  0.04  0.00  0.00  0.00  0.00  0.05  0.00
   best flip j=3 flip=0.113 keep=0.239; coordinates with keep=1: []
level 3: N_k=62 N_k+1=22 ratio=0.355  groups=5 sizes={5: 1, 10: 2, 13: 1, 24: 1}
   j:     0     1     2     3     4     5     6     7     8     9
keep:  0.87  0.23  0.16  0.16  0.00  0.03  0.06  0.03  0.00  0.00
flip:  0.00  0.00  0.00  0.00  0.00  0.00  0.06  0.00  0.00  0.00
hcfl:  0.00  0.00  0.00  0.00  0.00  0.00  0.00  0.00  0.00  0.00
   best flip j=6 flip=0.065 keep=0.065; coordinates with keep=1: []
level 4: N_k=22 N_k+1=14 ratio=0.636  groups=6 sizes={2: 2, 4: 3, 6: 1}
   j:     0     1     2     3     4     5     6     7     8     9
keep:  0.91  0.27  0.18  0.45  0.00  0.09  0.00  0.00  0.00  0.00
flip:  0.00  0.00  0.18  0.36  0.00  0.09  0.00  0.00  0.00  0.00
hcfl:  0.00  0.00  0.00  0.00  0.00  0.00  0.00  0.00  0.00  0.00
   best flip j=3 flip=0.364 keep=0.455; coordinates with keep=1: []
level 5: N_k=14 N_k+1=12 ratio=0.857  groups=4 sizes={2: 1, 4: 3}
   j:     0     1     2     3     4     5     6     7     8     9
keep:  0.86  0.43  0.00  0.14  0.00  0.00  0.00  0.00  0.00  0.00
flip:  0.00  0.00  0.00  0.00  0.00  0.00  0.00  0.00  0.00  0.00
hcfl:  0.00  0.00  0.00  0.00  0.00  0.00  0.00  0.00  0.00  0.00
   best flip j=0 flip=0.000 keep=0.857; coordinates with keep=1: []
level 6: N_k=12 N_k+1=4 ratio=0.333  groups=4 sizes={2: 2, 4: 2}
   j:     0     1     2     3     4     5     6     7     8     9
keep:  0.83  0.50  0.00  0.17  0.00  0.00  0.00  0.00  0.00  0.00
flip:  0.00  0.00  0.00  0.00  0.00  0.00  0.00  0.00  0.00  0.00
hcfl:  0.00  0.00  0.00  0.00  0.00  0.00  0.00  0.00  0.00  0.00
   best flip j=0 flip=0.000 keep=0.833; coordinates with keep=1: []
level 7: N_k=4 N_k+1=0 ratio=0.000  groups=1 sizes={4: 1}
   j:     0     1     2     3     4     5     6     7     8     9
keep:  1.00  1.00  0.00  0.00  0.00  0.00  0.00  0.00  0.00  0.00
flip:  0.00  0.00  0.00  0.00  0.00  0.00  0.00  0.00  0.00  0.00
hcfl:  0.00  0.00  0.00  0.00  0.00  0.00  0.00  0.00  0.00  0.00
   best flip j=0 flip=0.000 keep=1.000; coordinates with keep=1: [0, 1]

# n=11 c=2
level 0: N_k=2048 N_k+1=728 ratio=0.355  groups=1 sizes={2048: 1}
   j:     0     1     2     3     4     5     6     7     8     9    10
keep:  1.00  1.00  1.00  1.00  1.00  1.00  1.00  1.00  1.00  1.00  1.00
flip:  0.05  0.32  0.47  0.48  0.50  0.53  0.49  0.45  0.56  0.50  0.54
hcfl:  0.04  0.18  0.26  0.27  0.27  0.28  0.25  0.23  0.24  0.28  0.50
   best flip j=8 flip=0.562 keep=1.000; coordinates with keep=1: [0, 1, 2, 3, 4, 5, 6, 7, 8, 9, 10]
level 1: N_k=728 N_k+1=285 ratio=0.391  groups=2 sizes={209: 1, 519: 1}
   j:     0     1     2     3     4     5     6     7     8     9    10
keep:  0.93  0.61  0.42  0.38  0.35  0.33  0.37  0.45  0.33  0.35  0.34
flip:  0.01  0.10  0.15  0.16  0.18  0.14  0.16  0.20  0.15  0.13  0.18
hcfl:  0.01  0.05  0.09  0.12  0.13  0.08  0.12  0.11  0.07  0.12  0.06
   best flip j=7 flip=0.201 keep=0.451; coordinates with keep=1: []
level 2: N_k=285 N_k+1=93 ratio=0.326  groups=3 sizes={44: 1, 110: 1, 131: 1}
   j:     0     1     2     3     4     5     6     7     8     9    10
keep:  0.93  0.50  0.26  0.18  0.10  0.09  0.15  0.15  0.15  0.18  0.11
flip:  0.00  0.00  0.04  0.05  0.07  0.08  0.11  0.08  0.06  0.14  0.06
hcfl:  0.01  0.01  0.06  0.08  0.01  0.04  0.06  0.07  0.04  0.02  0.08
   best flip j=9 flip=0.140 keep=0.175; coordinates with keep=1: []
level 3: N_k=93 N_k+1=36 ratio=0.387  groups=5 sizes={11: 2, 14: 1, 17: 1, 40: 1}
   j:     0     1     2     3     4     5     6     7     8     9    10
keep:  0.90  0.54  0.15  0.13  0.02  0.00  0.04  0.04  0.06  0.02  0.04
flip:  0.00  0.00  0.00  0.00  0.02  0.00  0.04  0.00  0.00  0.02  0.04
hcfl:  0.00  0.00  0.00  0.04  0.00  0.00  0.04  0.00  0.06  0.00  0.00
   best flip j=6 flip=0.043 keep=0.043; coordinates with keep=1: []
level 4: N_k=36 N_k+1=9 ratio=0.250  groups=5 sizes={1: 1, 3: 1, 4: 1, 11: 1, 17: 1}
   j:     0     1     2     3     4     5     6     7     8     9    10
keep:  0.89  0.56  0.28  0.11  0.00  0.00  0.00  0.00  0.00  0.00  0.00
flip:  0.00  0.00  0.00  0.00  0.00  0.00  0.00  0.00  0.00  0.00  0.00
hcfl:  0.00  0.00  0.00  0.00  0.00  0.00  0.00  0.00  0.00  0.00  0.00
   best flip j=0 flip=0.000 keep=0.889; coordinates with keep=1: []
level 5: N_k=9 N_k+1=4 ratio=0.444  groups=3 sizes={1: 1, 4: 2}
   j:     0     1     2     3     4     5     6     7     8     9    10
keep:  0.89  0.89  0.00  0.00  0.00  0.00  0.00  0.00  0.00  0.00  0.00
flip:  0.00  0.00  0.00  0.00  0.00  0.00  0.00  0.00  0.00  0.00  0.00
hcfl:  0.00  0.00  0.00  0.00  0.00  0.00  0.00  0.00  0.00  0.00  0.00
   best flip j=0 flip=0.000 keep=0.889; coordinates with keep=1: []
level 6: N_k=4 N_k+1=0 ratio=0.000  groups=1 sizes={4: 1}
   j:     0     1     2     3     4     5     6     7     8     9    10
keep:  1.00  1.00  0.00  0.00  0.00  0.00  0.00  0.00  0.00  0.00  0.00
flip:  0.00  0.00  0.00  0.00  0.00  0.00  0.00  0.00  0.00  0.00  0.00
hcfl:  0.00  0.00  0.00  0.00  0.00  0.00  0.00  0.00  0.00  0.00  0.00
   best flip j=0 flip=0.000 keep=1.000; coordinates with keep=1: [0, 1]

# n=11 c=3
level 0: N_k=2048 N_k+1=805 ratio=0.393  groups=1 sizes={2048: 1}
   j:     0     1     2     3     4     5     6     7     8     9    10
keep:  1.00  1.00  1.00  1.00  1.00  1.00  1.00  1.00  1.00  1.00  1.00
flip:  0.05  0.32  0.47  0.48  0.50  0.53  0.49  0.45  0.56  0.50  0.54
hcfl:  0.04  0.18  0.26  0.27  0.27  0.28  0.25  0.23  0.24  0.28  0.50
   best flip j=8 flip=0.562 keep=1.000; coordinates with keep=1: [0, 1, 2, 3, 4, 5, 6, 7, 8, 9, 10]
level 1: N_k=805 N_k+1=325 ratio=0.404  groups=2 sizes={288: 1, 517: 1}
   j:     0     1     2     3     4     5     6     7     8     9    10
keep:  0.94  0.61  0.46  0.45  0.44  0.41  0.46  0.48  0.43  0.42  0.36
flip:  0.01  0.07  0.15  0.13  0.22  0.20  0.20  0.20  0.21  0.21  0.19
hcfl:  0.01  0.07  0.11  0.12  0.11  0.11  0.13  0.16  0.09  0.15  0.11
   best flip j=4 flip=0.216 keep=0.445; coordinates with keep=1: []
level 2: N_k=325 N_k+1=157 ratio=0.483  groups=3 sizes={89: 1, 115: 1, 121: 1}
   j:     0     1     2     3     4     5     6     7     8     9    10
keep:  0.90  0.53  0.29  0.23  0.10  0.17  0.23  0.18  0.23  0.14  0.06
flip:  0.00  0.04  0.10  0.10  0.04  0.05  0.10  0.10  0.18  0.08  0.01
hcfl:  0.00  0.01  0.04  0.05  0.04  0.02  0.02  0.08  0.09  0.03  0.01
   best flip j=8 flip=0.185 keep=0.228; coordinates with keep=1: []
level 3: N_k=157 N_k+1=79 ratio=0.503  groups=5 sizes={16: 1, 22: 1, 31: 1, 41: 1, 47: 1}
   j:     0     1     2     3     4     5     6     7     8     9    10
keep:  0.90  0.46  0.19  0.20  0.04  0.14  0.13  0.04  0.03  0.01  0.09
flip:  0.00  0.00  0.00  0.03  0.04  0.10  0.05  0.01  0.00  0.00  0.09
hcfl:  0.00  0.00  0.00  0.03  0.03  0.10  0.03  0.01  0.03  0.00  0.01
   best flip j=5 flip=0.102 keep=0.140; coordinates with keep=1: []
level 4: N_k=79 N_k+1=32 ratio=0.405  groups=8 sizes={2: 1, 3: 1, 6: 1, 10: 2, 14: 2, 20: 1}
   j:     0     1     2     3     4     5     6     7     8     9    10
keep:  0.91  0.48  0.28  0.20  0.00  0.00  0.10  0.05  0.00  0.00  0.00
flip:  0.00  0.00  0.05  0.13  0.00  0.00  0.00  0.05  0.00  0.00  0.00
hcfl:  0.00  0.00  0.00  0.00  0.00  0.00  0.00  0.05  0.00  0.00  0.00
   best flip j=3 flip=0.127 keep=0.203; coordinates with keep=1: []
level 5: N_k=32 N_k+1=14 ratio=0.438  groups=8 sizes={1: 1, 2: 3, 4: 2, 6: 1, 11: 1}
   j:     0     1     2     3     4     5     6     7     8     9    10
keep:  0.88  0.44  0.19  0.19  0.00  0.00  0.00  0.00  0.00  0.00  0.00
flip:  0.00  0.00  0.00  0.00  0.00  0.00  0.00  0.00  0.00  0.00  0.00
hcfl:  0.00  0.00  0.00  0.00  0.00  0.00  0.00  0.00  0.00  0.00  0.00
   best flip j=0 flip=0.000 keep=0.875; coordinates with keep=1: []
level 6: N_k=14 N_k+1=12 ratio=0.857  groups=5 sizes={2: 2, 3: 2, 4: 1}
   j:     0     1     2     3     4     5     6     7     8     9    10
keep:  0.86  0.57  0.00  0.00  0.00  0.00  0.00  0.00  0.00  0.00  0.00
flip:  0.00  0.00  0.00  0.00  0.00  0.00  0.00  0.00  0.00  0.00  0.00
hcfl:  0.00  0.00  0.00  0.00  0.00  0.00  0.00  0.00  0.00  0.00  0.00
   best flip j=0 flip=0.000 keep=0.857; coordinates with keep=1: []
level 7: N_k=12 N_k+1=0 ratio=0.000  groups=4 sizes={2: 1, 3: 2, 4: 1}
   j:     0     1     2     3     4     5     6     7     8     9    10
keep:  0.83  0.67  0.00  0.00  0.00  0.00  0.00  0.00  0.00  0.00  0.00
flip:  0.00  0.00  0.00  0.00  0.00  0.00  0.00  0.00  0.00  0.00  0.00
hcfl:  0.00  0.00  0.00  0.00  0.00  0.00  0.00  0.00  0.00  0.00  0.00
   best flip j=0 flip=0.000 keep=0.833; coordinates with keep=1: []

# n=12 c=2
level 0: N_k=4096 N_k+1=1607 ratio=0.392  groups=1 sizes={4096: 1}
   j:     0     1     2     3     4     5     6     7     8     9    10    11
keep:  1.00  1.00  1.00  1.00  1.00  1.00  1.00  1.00  1.00  1.00  1.00  1.00
flip:  0.04  0.27  0.45  0.48  0.49  0.49  0.47  0.54  0.50  0.49  0.53  0.48
hcfl:  0.03  0.15  0.19  0.22  0.26  0.23  0.25  0.25  0.24  0.28  0.26  0.49
   best flip j=7 flip=0.536 keep=1.000; coordinates with keep=1: [0, 1, 2, 3, 4, 5, 6, 7, 8, 9, 10, 11]
level 1: N_k=1607 N_k+1=752 ratio=0.468  groups=2 sizes={532: 1, 1075: 1}
   j:     0     1     2     3     4     5     6     7     8     9    10    11
keep:  0.96  0.69  0.50  0.46  0.45  0.44  0.45  0.41  0.45  0.43  0.42  0.37
flip:  0.01  0.07  0.16  0.21  0.21  0.22  0.22  0.20  0.20  0.23  0.19  0.15
hcfl:  0.01  0.05  0.11  0.12  0.13  0.12  0.15  0.09  0.16  0.11  0.12  0.07
   best flip j=9 flip=0.227 keep=0.433; coordinates with keep=1: []
level 2: N_k=752 N_k+1=278 ratio=0.370  groups=3 sizes={160: 1, 262: 1, 330: 1}
   j:     0     1     2     3     4     5     6     7     8     9    10    11
keep:  0.96  0.64  0.33  0.26  0.23  0.23  0.20  0.21  0.15  0.14  0.24  0.24
flip:  0.01  0.01  0.07  0.09  0.10  0.09  0.11  0.09  0.06  0.08  0.16  0.11
hcfl:  0.01  0.02  0.05  0.08  0.05  0.06  0.08  0.10  0.04  0.04  0.10  0.13
   best flip j=10 flip=0.160 keep=0.245; coordinates with keep=1: []
level 3: N_k=278 N_k+1=119 ratio=0.428  groups=5 sizes={36: 1, 49: 1, 54: 1, 67: 1, 72: 1}
   j:     0     1     2     3     4     5     6     7     8     9    10    11
keep:  0.95  0.61  0.24  0.11  0.17  0.17  0.05  0.15  0.06  0.08  0.01  0.07
flip:  0.00  0.03  0.02  0.04  0.07  0.12  0.02  0.05  0.06  0.07  0.00  0.04
hcfl:  0.00  0.00  0.01  0.01  0.01  0.00  0.01  0.02  0.06  0.02  0.01  0.03
   best flip j=5 flip=0.122 keep=0.165; coordinates with keep=1: []
level 4: N_k=119 N_k+1=33 ratio=0.277  groups=8 sizes={7: 1, 10: 2, 13: 1, 16: 1, 18: 1, 20: 1, 25: 1}
   j:     0     1     2     3     4     5     6     7     8     9    10    11
keep:  0.96  0.64  0.30  0.08  0.10  0.07  0.00  0.13  0.00  0.00  0.00  0.00
flip:  0.00  0.00  0.00  0.00  0.00  0.03  0.00  0.03  0.00  0.00  0.00  0.00
hcfl:  0.00  0.00  0.00  0.00  0.03  0.00  0.00  0.13  0.00  0.00  0.00  0.00
   best flip j=5 flip=0.034 keep=0.067; coordinates with keep=1: []
level 5: N_k=33 N_k+1=14 ratio=0.424  groups=9 sizes={1: 1, 2: 2, 3: 1, 4: 3, 6: 1, 7: 1}
   j:     0     1     2     3     4     5     6     7     8     9    10    11
keep:  0.91  0.30  0.24  0.06  0.00  0.00  0.00  0.00  0.00  0.00  0.00  0.00
flip:  0.00  0.00  0.00  0.00  0.00  0.00  0.00  0.00  0.00  0.00  0.00  0.00
hcfl:  0.00  0.00  0.00  0.00  0.00  0.00  0.00  0.00  0.00  0.00  0.00  0.00
   best flip j=0 flip=0.000 keep=0.909; coordinates with keep=1: []
level 6: N_k=14 N_k+1=6 ratio=0.429  groups=5 sizes={2: 3, 4: 2}
   j:     0     1     2     3     4     5     6     7     8     9    10    11
keep:  1.00  0.29  0.29  0.00  0.00  0.00  0.00  0.00  0.00  0.00  0.00  0.00
flip:  0.00  0.00  0.00  0.00  0.00  0.00  0.00  0.00  0.00  0.00  0.00  0.00
hcfl:  0.00  0.00  0.00  0.00  0.00  0.00  0.00  0.00  0.00  0.00  0.00  0.00
   best flip j=0 flip=0.000 keep=1.000; coordinates with keep=1: [0]
level 7: N_k=6 N_k+1=2 ratio=0.333  groups=2 sizes={2: 1, 4: 1}
   j:     0     1     2     3     4     5     6     7     8     9    10    11
keep:  1.00  0.67  0.00  0.00  0.00  0.00  0.00  0.00  0.00  0.00  0.00  0.00
flip:  0.00  0.00  0.00  0.00  0.00  0.00  0.00  0.00  0.00  0.00  0.00  0.00
hcfl:  0.00  0.00  0.00  0.00  0.00  0.00  0.00  0.00  0.00  0.00  0.00  0.00
   best flip j=0 flip=0.000 keep=1.000; coordinates with keep=1: [0]
level 8: N_k=2 N_k+1=2 ratio=1.000  groups=1 sizes={2: 1}
   j:     0     1     2     3     4     5     6     7     8     9    10    11
keep:  1.00  0.00  0.00  0.00  0.00  0.00  0.00  0.00  0.00  0.00  0.00  0.00
flip:  0.00  0.00  0.00  0.00  0.00  0.00  0.00  0.00  0.00  0.00  0.00  0.00
hcfl:  0.00  0.00  0.00  0.00  0.00  0.00  0.00  0.00  0.00  0.00  0.00  0.00
   best flip j=0 flip=0.000 keep=1.000; coordinates with keep=1: [0]
level 9: N_k=2 N_k+1=0 ratio=0.000  groups=1 sizes={2: 1}
   j:     0     1     2     3     4     5     6     7     8     9    10    11
keep:  1.00  0.00  0.00  0.00  0.00  0.00  0.00  0.00  0.00  0.00  0.00  0.00
flip:  0.00  0.00  0.00  0.00  0.00  0.00  0.00  0.00  0.00  0.00  0.00  0.00
hcfl:  0.00  0.00  0.00  0.00  0.00  0.00  0.00  0.00  0.00  0.00  0.00  0.00
   best flip j=0 flip=0.000 keep=1.000; coordinates with keep=1: [0]

# n=12 c=3
level 0: N_k=4096 N_k+1=1487 ratio=0.363  groups=1 sizes={4096: 1}
   j:     0     1     2     3     4     5     6     7     8     9    10    11
keep:  1.00  1.00  1.00  1.00  1.00  1.00  1.00  1.00  1.00  1.00  1.00  1.00
flip:  0.04  0.27  0.45  0.48  0.49  0.49  0.47  0.54  0.50  0.49  0.53  0.48
hcfl:  0.03  0.15  0.19  0.22  0.26  0.23  0.25  0.25  0.24  0.28  0.26  0.49
   best flip j=7 flip=0.536 keep=1.000; coordinates with keep=1: [0, 1, 2, 3, 4, 5, 6, 7, 8, 9, 10, 11]
level 1: N_k=1487 N_k+1=721 ratio=0.485  groups=2 sizes={432: 1, 1055: 1}
   j:     0     1     2     3     4     5     6     7     8     9    10    11
keep:  0.95  0.67  0.48  0.41  0.43  0.42  0.44  0.33  0.38  0.37  0.39  0.35
flip:  0.01  0.07  0.13  0.15  0.18  0.17  0.26  0.16  0.24  0.17  0.24  0.19
hcfl:  0.01  0.05  0.08  0.09  0.09  0.11  0.09  0.08  0.08  0.09  0.08  0.06
   best flip j=6 flip=0.260 keep=0.440; coordinates with keep=1: []
level 2: N_k=721 N_k+1=226 ratio=0.313  groups=3 sizes={136: 1, 276: 1, 309: 1}
   j:     0     1     2     3     4     5     6     7     8     9    10    11
keep:  0.94  0.60  0.33  0.25  0.24  0.24  0.21  0.16  0.13  0.16  0.13  0.16
flip:  0.00  0.02  0.04  0.11  0.11  0.15  0.12  0.08  0.07  0.05  0.04  0.07
hcfl:  0.00  0.01  0.06  0.09  0.08  0.07  0.06  0.10  0.07  0.02  0.05  0.07
   best flip j=5 flip=0.153 keep=0.244; coordinates with keep=1: []
level 3: N_k=226 N_k+1=87 ratio=0.385  groups=5 sizes={19: 1, 36: 1, 38: 1, 64: 1, 69: 1}
   j:     0     1     2     3     4     5     6     7     8     9    10    11
keep:  0.92  0.54  0.19  0.08  0.19  0.04  0.12  0.04  0.05  0.12  0.07  0.07
flip:  0.00  0.04  0.09  0.04  0.13  0.02  0.05  0.02  0.03  0.04  0.07  0.02
hcfl:  0.00  0.02  0.05  0.02  0.04  0.00  0.05  0.00  0.02  0.03  0.02  0.00
   best flip j=4 flip=0.133 keep=0.186; coordinates with keep=1: []
level 4: N_k=87 N_k+1=44 ratio=0.506  groups=8 sizes={4: 1, 5: 1, 6: 1, 10: 1, 13: 2, 15: 1, 21: 1}
   j:     0     1     2     3     4     5     6     7     8     9    10    11
keep:  0.92  0.60  0.00  0.11  0.00  0.00  0.09  0.00  0.00  0.16  0.00  0.05
flip:  0.00  0.05  0.00  0.00  0.00  0.00  0.00  0.00  0.00  0.02  0.00  0.05
hcfl:  0.00  0.05  0.00  0.02  0.00  0.00  0.00  0.00  0.00  0.05  0.00  0.05
   best flip j=1 flip=0.046 keep=0.598; coordinates with keep=1: []
level 5: N_k=44 N_k+1=5 ratio=0.114  groups=7 sizes={4: 3, 5: 1, 7: 1, 8: 1, 12: 1}
   j:     0     1     2     3     4     5     6     7     8     9    10    11
keep:  0.95  0.64  0.00  0.18  0.00  0.00  0.18  0.00  0.00  0.00  0.00  0.00
flip:  0.00  0.00  0.00  0.00  0.00  0.00  0.00  0.00  0.00  0.00  0.00  0.00
hcfl:  0.00  0.00  0.00  0.00  0.00  0.00  0.00  0.00  0.00  0.00  0.00  0.00
   best flip j=0 flip=0.000 keep=0.955; coordinates with keep=1: []
level 6: N_k=5 N_k+1=1 ratio=0.200  groups=2 sizes={1: 1, 4: 1}
   j:     0     1     2     3     4     5     6     7     8     9    10    11
keep:  0.80  0.80  0.00  0.00  0.00  0.00  0.00  0.00  0.00  0.00  0.00  0.00
flip:  0.00  0.00  0.00  0.00  0.00  0.00  0.00  0.00  0.00  0.00  0.00  0.00
hcfl:  0.00  0.00  0.00  0.00  0.00  0.00  0.00  0.00  0.00  0.00  0.00  0.00
   best flip j=0 flip=0.000 keep=0.800; coordinates with keep=1: []
level 7: N_k=1 N_k+1=1 ratio=1.000  groups=1 sizes={1: 1}
   j:     0     1     2     3     4     5     6     7     8     9    10    11
keep:  0.00  0.00  0.00  0.00  0.00  0.00  0.00  0.00  0.00  0.00  0.00  0.00
flip:  0.00  0.00  0.00  0.00  0.00  0.00  0.00  0.00  0.00  0.00  0.00  0.00
hcfl:  0.00  0.00  0.00  0.00  0.00  0.00  0.00  0.00  0.00  0.00  0.00  0.00
   best flip j=0 flip=0.000 keep=0.000; coordinates with keep=1: []
level 8: N_k=1 N_k+1=0 ratio=0.000  groups=1 sizes={1: 1}
   j:     0     1     2     3     4     5     6     7     8     9    10    11
keep:  0.00  0.00  0.00  0.00  0.00  0.00  0.00  0.00  0.00  0.00  0.00  0.00
flip:  0.00  0.00  0.00  0.00  0.00  0.00  0.00  0.00  0.00  0.00  0.00  0.00
hcfl:  0.00  0.00  0.00  0.00  0.00  0.00  0.00  0.00  0.00  0.00  0.00  0.00
   best flip j=0 flip=0.000 keep=0.000; coordinates with keep=1: []
