# depth n, prefix length m, target c: deepest run of c at depth n from column m,
# need = n+2 (RW r=0), full = number of prefixes reaching need, deepest/m, seconds
  n   m  c  deepest  need  full   deepest/m   witness(first 40)   sec
  5   5  2       2     7      0      0.400   1121121                                     0.0
  5   5  3       4     7      0      0.800   122112121                                   0.0
  5   6  2       2     7      0      0.333   11112121                                    0.0
  5   6  3       4     7      0      0.667   1211121222                                  0.0
  5   7  2       3     7      0      0.429   1111222121                                  0.0
  5   7  3       3     7      0      0.429   1122112212                                  0.0
  5   8  2       5     7      0      0.625   1122211222221                               0.0
  5   8  3       3     7      0      0.375   11221112221                                 0.0
  5   9  2       4     7      0      0.444   1112211222221                               0.0
  5   9  3       4     7      0      0.444   1111222212222                               0.0
  5  10  2       4     7      0      0.400   11112222222121                              0.0
  5  10  3       3     7      0      0.300   1111111212212                               0.0
  5  11  2       3     7      0      0.273   11111222222121                              0.0
  5  11  3       6     7      0      0.545   11112222111212121                           0.0
  5  12  2       4     7      0      0.333   1111111112221212                            0.1
  5  12  3       7     7     80      0.583   1111112222122122122                         0.1  <- FULL RUN
  6   6  2       3     8      0      0.500   111222121                                   0.0
  6   6  3       3     8      0      0.500   122112212                                   0.0
  6   7  2       5     8      0      0.714   122211222221                                0.0
  6   7  3       3     8      0      0.429   1221112221                                  0.0
  6   8  2       4     8      0      0.500   112211222221                                0.0
  6   8  3       4     8      0      0.500   111222212222                                0.0
  6   9  2       4     8      0      0.444   1112222222121                               0.0
  6   9  3       3     8      0      0.333   111111212212                                0.0
  6  10  2       3     8      0      0.300   1111222222121                               0.0
  6  10  3       6     8      0      0.600   1112222111212121                            0.0
  6  11  2       4     8      0      0.364   111111112221212                             0.0
  6  11  3       8     8     40      0.727   1111122221221221222                         0.0  <- FULL RUN
  6  12  2       4     8      0      0.333   1111121121222121                            0.1
  6  12  3       8     8     48      0.667   11111222212212212221                        0.1  <- FULL RUN
  6  13  2       4     8      0      0.308   11111122112112222                           0.1
  6  13  3       7     8      0      0.538   11111222212212212221                        0.1
  6  14  2       5     8      0      0.357   1111112111111212121                         0.3
  6  14  3       7     8      0      0.500   111111221112221222121                       0.3
  7   7  2       4     9      0      0.571   12211222221                                 0.0
  7   7  3       4     9      0      0.571   11222212222                                 0.0
  7   8  2       4     9      0      0.500   112222222121                                0.0
  7   8  3       3     9      0      0.375   11111212212                                 0.0
  7   9  2       3     9      0      0.333   111222222121                                0.0
  7   9  3       6     9      0      0.667   112222111212121                             0.0
  7  10  2       4     9      0      0.400   11111112221212                              0.0
  7  10  3       9     9     20      0.900   1111222212212212221                         0.0  <- FULL RUN
  7  11  2       4     9      0      0.364   111121121222121                             0.0
  7  11  3       8     9      0      0.727   1111222212212212221                         0.0
  7  12  2       4     9      0      0.333   1111122112112222                            0.1
  7  12  3       7     9      0      0.583   1111222212212212221                         0.1
  7  13  2       5     9      0      0.385   111112111111212121                          0.1
  7  13  3       7     9      0      0.538   11111221112221222121                        0.1
  7  14  2       6     9      0      0.429   11112111212212122222                        0.3
  7  14  3       8     9      0      0.571   1111122211221222121222                      0.3
  7  15  2       6     9      0      0.400   111111121111211212121                       0.6
  7  15  3       7     9      0      0.467   1111112211122112122221                      0.6
  7  16  2       6     9      0      0.375   1111111212121212222122                      1.3
  7  16  3       9     9     32      0.562   1111111221121212222221222                   1.3  <- FULL RUN
  8   8  2       3    10      0      0.375   11222222121                                 0.0
  8   8  3       6    10      0      0.750   12222111212121                              0.0
  8   9  2       4    10      0      0.444   1111112221212                               0.0
  8   9  3       9    10      0      1.000   111222212212212221                          0.0
  8  10  2       4    10      0      0.400   11121121222121                              0.0
  8  10  3       8    10      0      0.800   111222212212212221                          0.0
  8  11  2       4    10      0      0.364   111122112112222                             0.0
  8  11  3       7    10      0      0.636   111222212212212221                          0.0
  8  12  2       5    10      0      0.417   11112111111212121                           0.1
  8  12  3       7    10      0      0.583   1111221112221222121                         0.1
  8  13  2       6    10      0      0.462   1112111212212122222                         0.1
  8  13  3       8    10      0      0.615   111122211221222121222                       0.1
  8  14  2       6    10      0      0.429   11111121111211212121                        0.3
  8  14  3       7    10      0      0.500   111112211122112122221                       0.3
  8  15  2       6    10      0      0.400   111111212121212222122                       0.6
  8  15  3       9    10      0      0.600   111111221121212222221222                    0.6
  8  16  2       9    10      0      0.562   1111111122211121212222222                   1.3
  8  16  3       8    10      0      0.500   111111221121212222221222                    1.2
  8  17  2       8    10      0      0.471   1111111122211121212222222                   2.7
  8  17  3      10    10     96      0.588   111111222221122112222122121                 2.6  <- FULL RUN
  8  18  2       7    10      0      0.389   1111111112211121212222222                   5.6
  8  18  3       9    10      0      0.500   111111222221122112222122121                 5.6
  9   9  2       4    11      0      0.444   1121121222121                               0.0
  9   9  3       8    11      0      0.889   11222212212212221                           0.0
  9  10  2       4    11      0      0.400   11122112112222                              0.0
  9  10  3       7    11      0      0.700   11222212212212221                           0.0
  9  11  2       5    11      0      0.455   1112111111212121                            0.0
  9  11  3       7    11      0      0.636   111221112221222121                          0.0
  9  12  2       6    11      0      0.500   112111212212122222                          0.1
  9  12  3       8    11      0      0.667   11122211221222121222                        0.0
  9  13  2       6    11      0      0.462   1111121111211212121                         0.1
  9  13  3       7    11      0      0.538   11112211122112122221                        0.1
  9  14  2       6    11      0      0.429   11111212121212222122                        0.3
  9  14  3       9    11      0      0.643   11111221121212222221222                     0.3
  9  15  2       9    11      0      0.600   111111122211121212222222                    0.5
  9  15  3       8    11      0      0.533   11111221121212222221222                     0.5
  9  16  2       8    11      0      0.500   111111122211121212222222                    1.2
  9  16  3      10    11      0      0.625   11111222221122112222122121                  1.2
  9  17  2       7    11      0      0.412   111111112211121212222222                    2.6
  9  17  3       9    11      0      0.529   11111222221122112222122121                  2.6
  9  18  2       8    11      0      0.444   11111112111112111122122221                  5.5
  9  18  3       9    11      0      0.500   111111111211122222212122221                 5.7
  9  19  2      10    11      0      0.526   11111111212222111212122221221              14.7
  9  19  3       8    11      0      0.421   111111111211122222212122221                14.7
 10  10  2       5    12      0      0.500   112111111212121                             0.0
 10  10  3       7    12      0      0.700   11221112221222121                           0.0
 10  11  2       6    12      0      0.545   12111212212122222                           0.0
 10  11  3       8    12      0      0.727   1122211221222121222                         0.0
 10  12  2       6    12      0      0.500   111121111211212121                          0.1
 10  12  3       7    12      0      0.583   1112211122112122221                         0.1
 10  13  2       6    12      0      0.462   1111212121212222122                         0.1
 10  13  3       9    12      0      0.692   1111221121212222221222                      0.1
 10  14  2       9    12      0      0.643   11111122211121212222222                     0.3
 10  14  3       8    12      0      0.571   1111221121212222221222                      0.3
 10  15  2       8    12      0      0.533   11111122211121212222222                     0.6
 10  15  3      10    12      0      0.667   1111222221122112222122121                   0.6
 10  16  2       7    12      0      0.438   11111112211121212222222                     1.2
 10  16  3       9    12      0      0.562   1111222221122112222122121                   1.2
 10  17  2       8    12      0      0.471   1111112111112111122122221                   2.9
 10  17  3       9    12      0      0.529   11111111211122222212122221                  3.1
 10  18  2      10    12      0      0.556   1111111212222111212122221221                6.7
 10  18  3       8    12      0      0.444   11111111211122222212122221                  7.0
 10  19  2      10    12      0      0.526   11111121211121211212221221212              15.8
 10  19  3       9    12      0      0.474   1111112111211122222212222121               16.3
