
# n=5 c=2  kmax=2
  k    N_k    D_k     G(n,k)   D_k/G   N_k/G
  1      9      9     12.000   0.750   0.750
  2      1      1      5.000   0.200   0.200
max_k D_k/G = 0.750 at k=1

# n=5 c=3  kmax=4
  k    N_k    D_k     G(n,k)   D_k/G   N_k/G
  1     12     12     12.000   1.000   1.000
  2      6      3      5.000   0.600   1.200
  3      2      1      2.000   0.500   1.000
  4      2      1      0.812   1.231   2.462
max_k D_k/G = 1.231 at k=4

# n=6 c=2  kmax=3
  k    N_k    D_k     G(n,k)   D_k/G   N_k/G
  1     22     22     24.000   0.917   0.917
  2      6      5     10.000   0.500   0.600
  3      3      2      4.000   0.500   0.750
max_k D_k/G = 0.917 at k=1

# n=6 c=3  kmax=3
  k    N_k    D_k     G(n,k)   D_k/G   N_k/G
  1     28     28     24.000   1.167   1.167
  2     12      8     10.000   0.800   1.200
  3      4      3      4.000   0.750   1.000
max_k D_k/G = 1.167 at k=1

# n=7 c=2  kmax=4
  k    N_k    D_k     G(n,k)   D_k/G   N_k/G
  1     41     41     48.000   0.854   0.854
  2     17     10     20.000   0.500   0.850
  3      9      5      8.000   0.625   1.125
  4      5      2      3.250   0.615   1.538
max_k D_k/G = 0.854 at k=1

# n=7 c=3  kmax=4
  k    N_k    D_k     G(n,k)   D_k/G   N_k/G
  1     58     58     48.000   1.208   1.208
  2     20     11     20.000   0.550   1.000
  3     14      8      8.000   1.000   1.750
  4     10      5      3.250   1.538   3.077
max_k D_k/G = 1.538 at k=4

# n=8 c=2  kmax=3
  k    N_k    D_k     G(n,k)   D_k/G   N_k/G
  1     87     87     96.000   0.906   0.906
  2     44     25     40.000   0.625   1.100
  3      9      5     16.000   0.312   0.562
max_k D_k/G = 0.906 at k=1

# n=8 c=3  kmax=6
  k    N_k    D_k     G(n,k)   D_k/G   N_k/G
  1     97     97     96.000   1.010   1.010
  2     49     30     40.000   0.750   1.225
  3     17     11     16.000   0.688   1.062
  4      7      4      6.500   0.615   1.077
  5      4      2      2.625   0.762   1.524
  6      3      1      1.062   0.941   2.824
max_k D_k/G = 1.010 at k=1

# n=9 c=2  kmax=4
  k    N_k    D_k     G(n,k)   D_k/G   N_k/G
  1    162    162    192.000   0.844   0.844
  2     57     32     80.000   0.400   0.713
  3     17      9     32.000   0.281   0.531
  4      4      2     13.000   0.154   0.308
max_k D_k/G = 0.844 at k=1

# n=9 c=3  kmax=8
  k    N_k    D_k     G(n,k)   D_k/G   N_k/G
  1    214    214    192.000   1.115   1.115
  2    112     63     80.000   0.787   1.400
  3     53     28     32.000   0.875   1.656
  4     23      8     13.000   0.615   1.769
  5      6      2      5.250   0.381   1.143
  6      6      1      2.125   0.471   2.824
  7      6      1      0.859   1.164   6.982
  8      6      1      0.348   2.876  17.258
max_k D_k/G = 2.876 at k=8

# n=10 c=2  kmax=5
  k    N_k    D_k     G(n,k)   D_k/G   N_k/G
  1    396    396    384.000   1.031   1.031
  2    177    100    160.000   0.625   1.106
  3     62     35     64.000   0.547   0.969
  4     26     11     26.000   0.423   1.000
  5      6      2     10.500   0.190   0.571
max_k D_k/G = 1.031 at k=1

# n=10 c=3  kmax=7
  k    N_k    D_k     G(n,k)   D_k/G   N_k/G
  1    385    385    384.000   1.003   1.003
  2    159     92    160.000   0.575   0.994
  3     62     35     64.000   0.547   0.969
  4     22     10     26.000   0.385   0.846
  5     14      6     10.500   0.571   1.333
  6     12      5      4.250   1.176   2.824
  7      4      1      1.719   0.582   2.327
max_k D_k/G = 1.176 at k=6

# n=11 c=2  kmax=6
  k    N_k    D_k     G(n,k)   D_k/G   N_k/G
  1    728    728    768.000   0.948   0.948
  2    285    153    320.000   0.478   0.891
  3     93     51    128.000   0.398   0.727
  4     36     14     52.000   0.269   0.692
  5      9      3     21.000   0.143   0.429
  6      4      1      8.500   0.118   0.471
max_k D_k/G = 0.948 at k=1

# n=11 c=3  kmax=7
  k    N_k    D_k     G(n,k)   D_k/G   N_k/G
  1    805    805    768.000   1.048   1.048
  2    325    179    320.000   0.559   1.016
  3    157     86    128.000   0.672   1.227
  4     79     31     52.000   0.596   1.519
  5     32     13     21.000   0.619   1.524
  6     14      5      8.500   0.588   1.647
  7     12      4      3.438   1.164   3.491
max_k D_k/G = 1.164 at k=7

# n=12 c=2  kmax=9
  k    N_k    D_k     G(n,k)   D_k/G   N_k/G
  1   1607   1607   1536.000   1.046   1.046
  2    752    394    640.000   0.616   1.175
  3    278    147    256.000   0.574   1.086
  4    119     42    104.000   0.404   1.144
  5     33     15     42.000   0.357   0.786
  6     14      5     17.000   0.294   0.824
  7      6      2      6.875   0.291   0.873
  8      2      1      2.781   0.360   0.719
  9      2      1      1.125   0.889   1.778
max_k D_k/G = 1.046 at k=1

# n=12 c=3  kmax=8
  k    N_k    D_k     G(n,k)   D_k/G   N_k/G
  1   1487   1487   1536.000   0.968   0.968
  2    721    382    640.000   0.597   1.127
  3    226    122    256.000   0.477   0.883
  4     87     34    104.000   0.327   0.837
  5     44     16     42.000   0.381   1.048
  6      5      2     17.000   0.118   0.294
  7      1      1      6.875   0.145   0.145
  8      1      1      2.781   0.360   0.360
max_k D_k/G = 0.968 at k=1

# n=13 c=2  kmax=7
  k    N_k    D_k     G(n,k)   D_k/G   N_k/G
  1   3068   3068   3072.000   0.999   0.999
  2   1146    608   1280.000   0.475   0.895
  3    489    261    512.000   0.510   0.955
  4    171     66    208.000   0.317   0.822
  5     81     31     84.000   0.369   0.964
  6     27      9     34.000   0.265   0.794
  7     12      3     13.750   0.218   0.873
max_k D_k/G = 0.999 at k=1

# n=13 c=3  kmax=9
  k    N_k    D_k     G(n,k)   D_k/G   N_k/G
  1   3094   3094   3072.000   1.007   1.007
  2   1266    675   1280.000   0.527   0.989
  3    503    269    512.000   0.525   0.982
  4    176     64    208.000   0.308   0.846
  5     70     25     84.000   0.298   0.833
  6     20      7     34.000   0.206   0.588
  7      9      3     13.750   0.218   0.655
  8      3      1      5.562   0.180   0.539
  9      3      1      2.250   0.444   1.333
max_k D_k/G = 1.007 at k=1

# n=14 c=2  kmax=10
  k    N_k    D_k     G(n,k)   D_k/G   N_k/G
  1   6145   6145   6144.000   1.000   1.000
  2   2685   1403   2560.000   0.548   1.049
  3   1099    575   1024.000   0.562   1.073
  4    386    136    416.000   0.327   0.928
  5    134     46    168.000   0.274   0.798
  6     57     18     68.000   0.265   0.838
  7     21      6     27.500   0.218   0.764
  8      6      3     11.125   0.270   0.539
  9      4      2      4.500   0.444   0.889
 10      4      1      1.820   0.549   2.197
max_k D_k/G = 1.000 at k=1

# n=14 c=3  kmax=8
  k    N_k    D_k     G(n,k)   D_k/G   N_k/G
  1   6145   6145   6144.000   1.000   1.000
  2   2684   1396   2560.000   0.545   1.048
  3   1072    558   1024.000   0.545   1.047
  4    407    139    416.000   0.334   0.978
  5    145     47    168.000   0.280   0.863
  6     42     12     68.000   0.176   0.618
  7     25      7     27.500   0.255   0.909
  8      8      3     11.125   0.270   0.719
max_k D_k/G = 1.000 at k=1

# n=15 c=2  kmax=9
  k    N_k    D_k     G(n,k)   D_k/G   N_k/G
  1  12134  12134  12288.000   0.987   0.987
  2   4829   2497   5120.000   0.488   0.943
  3   1680    872   2048.000   0.426   0.820
  4    727    236    832.000   0.284   0.874
  5    272     85    336.000   0.253   0.810
  6     92     31    136.000   0.228   0.676
  7     43     17     55.000   0.309   0.782
  8     18      5     22.250   0.225   0.809
  9     10      3      9.000   0.333   1.111
max_k D_k/G = 0.987 at k=1

# n=15 c=3  kmax=8
  k    N_k    D_k     G(n,k)   D_k/G   N_k/G
  1  12533  12533  12288.000   1.020   1.020
  2   5054   2607   5120.000   0.509   0.987
  3   2065   1066   2048.000   0.521   1.008
  4    818    269    832.000   0.323   0.983
  5    333    109    336.000   0.324   0.991
  6    142     39    136.000   0.287   1.044
  7     30      9     55.000   0.164   0.545
  8      9      3     22.250   0.135   0.404
max_k D_k/G = 1.020 at k=1

# n=16 c=2  kmax=10
  k    N_k    D_k     G(n,k)   D_k/G   N_k/G
  1  24540  24540  24576.000   0.999   0.999
  2  10598   5429  10240.000   0.530   1.035
  3   4332   2211   4096.000   0.540   1.058
  4   2017    622   1664.000   0.374   1.212
  5    765    246    672.000   0.366   1.138
  6    255     62    272.000   0.228   0.938
  7    124     30    110.000   0.273   1.127
  8     35      8     44.500   0.180   0.787
  9     11      3     18.000   0.167   0.611
 10      3      1      7.281   0.137   0.412
max_k D_k/G = 0.999 at k=1

# n=16 c=3  kmax=10
  k    N_k    D_k     G(n,k)   D_k/G   N_k/G
  1  24909  24909  24576.000   1.014   1.014
  2  10412   5343  10240.000   0.522   1.017
  3   3977   2039   4096.000   0.498   0.971
  4   1698    541   1664.000   0.325   1.020
  5    625    202    672.000   0.301   0.930
  6    234     67    272.000   0.246   0.860
  7     99     28    110.000   0.255   0.900
  8     54     10     44.500   0.225   1.213
  9     28      6     18.000   0.333   1.556
 10     18      2      7.281   0.275   2.472
max_k D_k/G = 1.014 at k=1

# n=17 c=2  kmax=11
  k    N_k    D_k     G(n,k)   D_k/G   N_k/G
  1  49654  49654  49152.000   1.010   1.010
  2  20867  10637  20480.000   0.519   1.019
  3   8447   4297   8192.000   0.525   1.031
  4   3519   1058   3328.000   0.318   1.057
  5   1468    438   1344.000   0.326   1.092
  6    655    147    544.000   0.270   1.204
  7    224     54    220.000   0.245   1.018
  8     66     16     89.000   0.180   0.742
  9     23      8     36.000   0.222   0.639
 10     13      3     14.562   0.206   0.893
 11     10      2      5.891   0.340   1.698
max_k D_k/G = 1.010 at k=1

# n=17 c=3  kmax=10
  k    N_k    D_k     G(n,k)   D_k/G   N_k/G
  1  48952  48952  49152.000   0.996   0.996
  2  20763  10580  20480.000   0.517   1.014
  3   8158   4164   8192.000   0.508   0.996
  4   3065    947   3328.000   0.285   0.921
  5   1219    371   1344.000   0.276   0.907
  6    498    116    544.000   0.213   0.915
  7    158     38    220.000   0.173   0.718
  8     69     13     89.000   0.146   0.775
  9     20      4     36.000   0.111   0.556
 10      6      1     14.562   0.069   0.412
max_k D_k/G = 0.996 at k=1

# n=18 c=2  kmax=12
  k    N_k    D_k     G(n,k)   D_k/G   N_k/G
  1  97586  97586  98304.000   0.993   0.993
  2  41267  20918  40960.000   0.511   1.007
  3  16374   8302  16384.000   0.507   0.999
  4   6780   1969   6656.000   0.296   1.019
  5   2805    815   2688.000   0.303   1.044
  6   1229    253   1088.000   0.233   1.130
  7    606    123    440.000   0.280   1.377
  8    249     44    178.000   0.247   1.399
  9     94     16     72.000   0.222   1.306
 10     34      6     29.125   0.206   1.167
 11     32      5     11.781   0.424   2.716
 12     16      2      4.766   0.420   3.357
max_k D_k/G = 0.993 at k=1

# n=18 c=3  kmax=11
  k    N_k    D_k     G(n,k)   D_k/G   N_k/G
  1  99182  99182  98304.000   1.009   1.009
  2  41022  20805  40960.000   0.508   1.002
  3  17357   8788  16384.000   0.536   1.059
  4   6772   1995   6656.000   0.300   1.017
  5   2604    773   2688.000   0.288   0.969
  6   1063    240   1088.000   0.221   0.977
  7    444     99    440.000   0.225   1.009
  8    195     36    178.000   0.202   1.096
  9     93     18     72.000   0.250   1.292
 10     26      3     29.125   0.103   0.893
 11     12      1     11.781   0.085   1.019
max_k D_k/G = 1.009 at k=1

# summary: n c kmax max_D_ratio at_k
  5 2   2   0.750   1
  5 3   4   1.231   4
  6 2   3   0.917   1
  6 3   3   1.167   1
  7 2   4   0.854   1
  7 3   4   1.538   4
  8 2   3   0.906   1
  8 3   6   1.010   1
  9 2   4   0.844   1
  9 3   8   2.876   8
 10 2   5   1.031   1
 10 3   7   1.176   6
 11 2   6   0.948   1
 11 3   7   1.164   7
 12 2   9   1.046   1
 12 3   8   0.968   1
 13 2   7   0.999   1
 13 3   9   1.007   1
 14 2  10   1.000   1
 14 3   8   1.000   1
 15 2   9   0.987   1
 15 3   8   1.020   1
 16 2  10   0.999   1
 16 3  10   1.014   1
 17 2  11   1.010   1
 17 3  10   0.996   1
 18 2  12   0.993   1
 18 3  11   1.009   1

# n_0(C): smallest n from which C * G(n, n+2) < 1 for all larger n
C=  2: n_0=1   (G(n,n+2)=F_(n+5)/2^(n+5): G(10,12)=0.0186 G(17,19)=0.00422)
C=  4: n_0=1   (G(n,n+2)=F_(n+5)/2^(n+5): G(10,12)=0.0186 G(17,19)=0.00422)
C=  8: n_0=2   (G(n,n+2)=F_(n+5)/2^(n+5): G(10,12)=0.0186 G(17,19)=0.00422)
C= 16: n_0=5   (G(n,n+2)=F_(n+5)/2^(n+5): G(10,12)=0.0186 G(17,19)=0.00422)
C= 32: n_0=8   (G(n,n+2)=F_(n+5)/2^(n+5): G(10,12)=0.0186 G(17,19)=0.00422)
C= 64: n_0=11   (G(n,n+2)=F_(n+5)/2^(n+5): G(10,12)=0.0186 G(17,19)=0.00422)
