
# n=9 c=2  (kmax=4)
  k    N_k    D_k  smax  N_k/D_k  identity_violations
  1    162    162     1     1.00   0
  2     57     32     2     1.78   0
  3     17      9     2     1.89   0
  4      4      2     2     2.00   0

# n=9 c=3  (kmax=8)
  k    N_k    D_k  smax  N_k/D_k  identity_violations
  1    214    214     1     1.00   0
  2    112     63     2     1.78   0
  3     53     28     2     1.89   0
  4     23      8     4     2.88   0
  5      6      2     4     3.00   0
  6      6      1     6     6.00   0
  7      6      1     6     6.00   0
  8      6      1     6     6.00   0

# n=10 c=2  (kmax=5)
  k    N_k    D_k  smax  N_k/D_k  identity_violations
  1    396    396     1     1.00   0
  2    177    100     2     1.77   0
  3     62     35     2     1.77   0
  4     26     11     4     2.36   0
  5      6      2     4     3.00   0

# n=10 c=3  (kmax=7)
  k    N_k    D_k  smax  N_k/D_k  identity_violations
  1    385    385     1     1.00   0
  2    159     92     2     1.73   0
  3     62     35     2     1.77   0
  4     22     10     4     2.20   0
  5     14      6     4     2.33   0
  6     12      5     4     2.40   0
  7      4      1     4     4.00   0

# n=11 c=2  (kmax=6)
  k    N_k    D_k  smax  N_k/D_k  identity_violations
  1    728    728     1     1.00   0
  2    285    153     2     1.86   0
  3     93     51     2     1.82   0
  4     36     14     4     2.57   0
  5      9      3     4     3.00   0
  6      4      1     4     4.00   0

# n=11 c=3  (kmax=7)
  k    N_k    D_k  smax  N_k/D_k  identity_violations
  1    805    805     1     1.00   0
  2    325    179     2     1.82   0
  3    157     86     2     1.83   0
  4     79     31     4     2.55   0
  5     32     13     4     2.46   0
  6     14      5     4     2.80   0
  7     12      4     4     3.00   0

# n=12 c=2  (kmax=9)
  k    N_k    D_k  smax  N_k/D_k  identity_violations
  1   1607   1607     1     1.00   0
  2    752    394     2     1.91   0
  3    278    147     2     1.89   0
  4    119     42     4     2.83   0
  5     33     15     4     2.20   0
  6     14      5     4     2.80   0
  7      6      2     4     3.00   0
  8      2      1     2     2.00   0
  9      2      1     2     2.00   0

# n=12 c=3  (kmax=8)
  k    N_k    D_k  smax  N_k/D_k  identity_violations
  1   1487   1487     1     1.00   0
  2    721    382     2     1.89   0
  3    226    122     2     1.85   0
  4     87     34     4     2.56   0
  5     44     16     4     2.75   0
  6      5      2     4     2.50   0
  7      1      1     1     1.00   0
  8      1      1     1     1.00   0

# n=13 c=2  (kmax=7)
  k    N_k    D_k  smax  N_k/D_k  identity_violations
  1   3068   3068     1     1.00   0
  2   1146    608     2     1.88   0
  3    489    261     2     1.87   0
  4    171     66     4     2.59   0
  5     81     31     4     2.61   0
  6     27      9     8     3.00   0
  7     12      3     8     4.00   0

# n=13 c=3  (kmax=9)
  k    N_k    D_k  smax  N_k/D_k  identity_violations
  1   3094   3094     1     1.00   0
  2   1266    675     2     1.88   0
  3    503    269     2     1.87   0
  4    176     64     4     2.75   0
  5     70     25     4     2.80   0
  6     20      7     6     2.86   0
  7      9      3     4     3.00   0
  8      3      1     3     3.00   0
  9      3      1     3     3.00   0

# n=14 c=2  (kmax=10)
  k    N_k    D_k  smax  N_k/D_k  identity_violations
  1   6145   6145     1     1.00   0
  2   2685   1403     2     1.91   0
  3   1099    575     2     1.91   0
  4    386    136     4     2.84   0
  5    134     46     4     2.91   0
  6     57     18     8     3.17   0
  7     21      6     8     3.50   0
  8      6      3     2     2.00   0
  9      4      2     2     2.00   0
 10      4      1     4     4.00   0

# n=14 c=3  (kmax=8)
  k    N_k    D_k  smax  N_k/D_k  identity_violations
  1   6145   6145     1     1.00   0
  2   2684   1396     2     1.92   0
  3   1072    558     2     1.92   0
  4    407    139     4     2.93   0
  5    145     47     4     3.09   0
  6     42     12     6     3.50   0
  7     25      7     6     3.57   0
  8      8      3     4     2.67   0

# n=15 c=2  (kmax=9)
  k    N_k    D_k  smax  N_k/D_k  identity_violations
  1  12134  12134     1     1.00   0
  2   4829   2497     2     1.93   0
  3   1680    872     2     1.93   0
  4    727    236     4     3.08   0
  5    272     85     4     3.20   0
  6     92     31     8     2.97   0
  7     43     17     4     2.53   0
  8     18      5     4     3.60   0
  9     10      3     4     3.33   0

# n=15 c=3  (kmax=8)
  k    N_k    D_k  smax  N_k/D_k  identity_violations
  1  12533  12533     1     1.00   0
  2   5054   2607     2     1.94   0
  3   2065   1066     2     1.94   0
  4    818    269     4     3.04   0
  5    333    109     4     3.06   0
  6    142     39     8     3.64   0
  7     30      9     8     3.33   0
  8      9      3     4     3.00   0

# n=16 c=2  (kmax=10)
  k    N_k    D_k  smax  N_k/D_k  identity_violations
  1  24540  24540     1     1.00   0
  2  10598   5429     2     1.95   0
  3   4332   2211     2     1.96   0
  4   2017    622     4     3.24   0
  5    765    246     4     3.11   0
  6    255     62     8     4.11   0
  7    124     30     8     4.13   0
  8     35      8     6     4.38   0
  9     11      3     4     3.67   0
 10      3      1     3     3.00   0

# n=16 c=3  (kmax=10)
  k    N_k    D_k  smax  N_k/D_k  identity_violations
  1  24909  24909     1     1.00   0
  2  10412   5343     2     1.95   0
  3   3977   2039     2     1.95   0
  4   1698    541     4     3.14   0
  5    625    202     4     3.09   0
  6    234     67     8     3.49   0
  7     99     28     8     3.54   0
  8     54     10    12     5.40   0
  9     28      6     8     4.67   0
 10     18      2    10     9.00   0

# n=17 c=2  (kmax=11)
  k    N_k    D_k  smax  N_k/D_k  identity_violations
  1  49654  49654     1     1.00   0
  2  20867  10637     2     1.96   0
  3   8447   4297     2     1.97   0
  4   3519   1058     4     3.33   0
  5   1468    438     4     3.35   0
  6    655    147     8     4.46   0
  7    224     54     8     4.15   0
  8     66     16    12     4.12   0
  9     23      8     6     2.88   0
 10     13      3     6     4.33   0
 11     10      2     6     5.00   0

# n=17 c=3  (kmax=10)
  k    N_k    D_k  smax  N_k/D_k  identity_violations
  1  48952  48952     1     1.00   0
  2  20763  10580     2     1.96   0
  3   8158   4164     2     1.96   0
  4   3065    947     4     3.24   0
  5   1219    371     4     3.29   0
  6    498    116     8     4.29   0
  7    158     38     8     4.16   0
  8     69     13    10     5.31   0
  9     20      4     6     5.00   0
 10      6      1     6     6.00   0

# summary: n c kmax smax_overall
  9 2   4    2
  9 3   8    6
 10 2   5    4
 10 3   7    4
 11 2   6    4
 11 3   7    4
 12 2   9    4
 12 3   8    4
 13 2   7    8
 13 3   9    6
 14 2  10    8
 14 3   8    6
 15 2   9    8
 15 3   8    8
 16 2  10    8
 16 3  10   12
 17 2  11   12
 17 3  10   10
