# part 1: reachable column language.  u = prefix length; |C_u| = distinct full columns u-1
  u      |C_u|     2^u   |C_u|/|C_{u-1}|  log2 ratio   max fibre   sec
  1          2        2          -           -            1
  2          4        4        2.0000       1.0000         1    0.0
  3          8        8        2.0000       1.0000         1    0.0
  4         13       16        1.6250       0.7004         2    0.0
  5         23       32        1.7692       0.8231         3    0.0
  6         39       64        1.6957       0.7618         3    0.0
  7         73      128        1.8718       0.9044         3    0.0
  8        129      256        1.7671       0.8214         6    0.0
  9        232      512        1.7984       0.8468         8    0.0
 10        410     1024        1.7672       0.8215         8    0.0
 11        742     2048        1.8098       0.8558         9    0.0
 12       1329     4096        1.7911       0.8409        16    0.0
 13       2376     8192        1.7878       0.8382        24    0.0
 14       4265    16384        1.7950       0.8440        26    0.0
 15       7560    32768        1.7726       0.8258        26    0.0
 16      13382    65536        1.7701       0.8238        46    0.1
 17      23803   131072        1.7787       0.8308        62    0.1
 18      42199   262144        1.7728       0.8261        72    0.2
 19      74613   524288        1.7681       0.8222        72    0.4
 20     131873  1048576        1.7674       0.8217       110    0.9

# linear recurrence test on |C_u| (exact rational arithmetic), transient skipped = 4
  order 1: coefficients ['39/23']; verification failures on 14 of 14 held-out terms
  order 2: coefficients ['60/79', '149/79']; verification failures on 12 of 12 held-out terms
  order 3: coefficients ['751/289', '-25/578', '-1483/578']; verification failures on 10 of 10 held-out terms
  order 4: coefficients ['7984/10163', '-1406/10163', '10227/10163', '44855/10163']; verification failures on 8 of 8 held-out terms
  order 5: coefficients ['-88267/6542', '35878/3271', '-2236/3271', '122837/6542', '410411/6542']; verification failures on 6 of 6 held-out terms
  order 6: coefficients ['-8345639/1953743', '-112951274/5861229', '115290589/5861229', '21598090/5861229', '8032154/177613', '610101509/5861229']; verification failures on 4 of 4 held-out terms
  order 7: coefficients ['49517056393/19522432960', '-175902419/131023040', '3787474449/9761216480', '-154198038393/19522432960', '24426196275/1952243296', '54930771863/9761216480', '-1176547517/131023040']; verification failures on 2 of 2 held-out terms
  order 8: not enough terms
  -> no exact linear recurrence of order <= 8 found

# n=19 c=2: |C_n|=74613 states, 2^n=524288 sources, mean fibre 7.03
  k   NE_st  NE_src  NJ_st  NJ_src | NE_st/(C 2^-k)  NJ_st/(C 2^-k)  NJ_st/golden_st | NE_src/2^(n-k)  NJ_src/2^(n-k) | mean fibre E-surv
  0   74613  524288  74613  524288 |      1.000          1.000           1.000    |      1.000          1.000    |    7.03
  1   37264  261768  27936  195767 |      0.999          0.749           0.998    |      0.999          0.747    |    7.02
  2   18508  130807  11531   81225 |      0.992          0.618           0.989    |      0.998          0.620    |    7.07
  3    9136   64645   4536   32123 |      0.980          0.486           0.973    |      0.986          0.490    |    7.08
  4    4612   32582   1918   13658 |      0.989          0.411           1.012    |      0.994          0.417    |    7.06
  5    2365   16718    833    6013 |      1.014          0.357           1.089    |      1.020          0.367    |    7.07
  6    1204    8507    338    2474 |      1.033          0.290           1.091    |      1.038          0.302    |    7.07
  7     599    4093    122     837 |      1.028          0.209           0.974    |      0.999          0.204    |    6.83
  8     321    2200     53     334 |      1.101          0.182           1.046    |      1.074          0.163    |    6.85
  9     174    1199     27     173 |      1.194          0.185           1.318    |      1.171          0.169    |    6.89
 10      89     613      9      42 |      1.221          0.124           1.086    |      1.197          0.082    |    6.89
 11      41     300      2       8 |      1.125          0.055           0.596    |      1.172          0.031    |    7.32
 12      17     125      0       0 |      0.933          0.000           0.000    |      0.977          0.000    |    7.35
 13       9      78      0       0 |      0.988          0.000           0.000    |      1.219          0.000    |    8.67
 14       6      44      0       0 |      1.318          0.000           0.000    |      1.375          0.000    |    7.33
 15       6      44      0       0 |      2.635          0.000           0.000    |      2.750          0.000    |    7.33
 16       2      22      0       0 |      1.757          0.000           0.000    |      2.750          0.000    |   11.00
 17       1       6      0       0 |      1.757          0.000           0.000    |      1.500          0.000    |    6.00
 18       1       6      0       0 |      3.513          0.000           0.000    |      3.000          0.000    |    6.00
  deepest E-run 18, deepest joint run 11 (need 21); max NE_st/(C 2^-k) = 3.513, max NJ_st/(C 2^-k) = 1.000, max NJ_st/golden_st = 1.318
  first HC violation index among the 1 E-survivor states with E-run >= n-1: {4: 1}

# n=19 c=3: |C_n|=74613 states, 2^n=524288 sources, mean fibre 7.03
  k   NE_st  NE_src  NJ_st  NJ_src | NE_st/(C 2^-k)  NJ_st/(C 2^-k)  NJ_st/golden_st | NE_src/2^(n-k)  NJ_src/2^(n-k) | mean fibre E-surv
  0   74613  524288  74613  524288 |      1.000          1.000           1.000    |      1.000          1.000    |    7.03
  1   37349  262520  28041  197717 |      1.001          0.752           1.002    |      1.001          0.754    |    7.03
  2   18724  130967  11620   81517 |      1.004          0.623           0.997    |      0.999          0.622    |    6.99
  3    9514   65987   4800   33106 |      1.020          0.515           1.029    |      1.007          0.505    |    6.94
  4    4740   32791   1948   13526 |      1.016          0.418           1.028    |      1.001          0.413    |    6.92
  5    2402   16644    787    5575 |      1.030          0.338           1.029    |      1.016          0.340    |    6.93
  6    1261    8705    329    2213 |      1.082          0.282           1.062    |      1.063          0.270    |    6.90
  7     625    4444    117     891 |      1.072          0.201           0.934    |      1.085          0.218    |    7.11
  8     296    2143     53     389 |      1.016          0.182           1.046    |      1.046          0.190    |    7.24
  9     133     847     14      97 |      0.913          0.096           0.683    |      0.827          0.095    |    6.37
 10      69     436      5      42 |      0.947          0.069           0.603    |      0.852          0.082    |    6.32
 11      33     199      2       6 |      0.906          0.055           0.596    |      0.777          0.023    |    6.03
 12      25     153      2       6 |      1.372          0.110           1.474    |      1.195          0.047    |    6.12
 13      13      80      2       6 |      1.427          0.220           3.645    |      1.250          0.094    |    6.15
 14       7      44      0       0 |      1.537          0.000           0.000    |      1.375          0.000    |    6.29
 15       3      10      0       0 |      1.318          0.000           0.000    |      0.625          0.000    |    3.33
 16       3      10      0       0 |      2.635          0.000           0.000    |      1.250          0.000    |    3.33
  deepest E-run 16, deepest joint run 13 (need 21); max NE_st/(C 2^-k) = 2.635, max NJ_st/(C 2^-k) = 1.000, max NJ_st/golden_st = 3.645
  first HC violation index among the 0 E-survivor states with E-run >= n-1: {}

# n=20 c=2: |C_n|=131873 states, 2^n=1048576 sources, mean fibre 7.95
  k   NE_st  NE_src  NJ_st  NJ_src | NE_st/(C 2^-k)  NJ_st/(C 2^-k)  NJ_st/golden_st | NE_src/2^(n-k)  NJ_src/2^(n-k) | mean fibre E-surv
  0  131873 1048576 131873 1048576 |      1.000          1.000           1.000    |      1.000          1.000    |    7.95
  1   65612  522147  49346  392181 |      0.995          0.748           0.998    |      0.996          0.748    |    7.96
  2   32805  261322  20663  165155 |      0.995          0.627           1.003    |      0.997          0.630    |    7.97
  3   16475  131018   8432   67462 |      0.999          0.512           1.023    |      1.000          0.515    |    7.95
  4    8263   65788   3477   28034 |      1.003          0.422           1.038    |      1.004          0.428    |    7.96
  5    4079   32184   1392   11141 |      0.990          0.338           1.029    |      0.982          0.340    |    7.89
  6    2111   16613    565    4534 |      1.025          0.274           1.032    |      1.014          0.277    |    7.87
  7    1075    8369    233    1917 |      1.043          0.226           1.053    |      1.022          0.234    |    7.79
  8     538    4105    114     905 |      1.044          0.221           1.273    |      1.002          0.221    |    7.63
  9     239    1795     33     267 |      0.928          0.128           0.911    |      0.876          0.130    |    7.51
 10     114     812     12      88 |      0.885          0.093           0.819    |      0.793          0.086    |    7.12
 11      58     360      3      20 |      0.901          0.047           0.506    |      0.703          0.039    |    6.21
 12      34     203      0       0 |      1.056          0.000           0.000    |      0.793          0.000    |    5.97
 13      18     110      0       0 |      1.118          0.000           0.000    |      0.859          0.000    |    6.11
 14       5      38      0       0 |      0.621          0.000           0.000    |      0.594          0.000    |    7.60
 15       3      26      0       0 |      0.745          0.000           0.000    |      0.812          0.000    |    8.67
 16       1       8      0       0 |      0.497          0.000           0.000    |      0.500          0.000    |    8.00
  deepest E-run 16, deepest joint run 11 (need 22); max NE_st/(C 2^-k) = 1.118, max NJ_st/(C 2^-k) = 1.000, max NJ_st/golden_st = 1.273
  first HC violation index among the 0 E-survivor states with E-run >= n-1: {}

# n=20 c=3: |C_n|=131873 states, 2^n=1048576 sources, mean fibre 7.95
  k   NE_st  NE_src  NJ_st  NJ_src | NE_st/(C 2^-k)  NJ_st/(C 2^-k)  NJ_st/golden_st | NE_src/2^(n-k)  NJ_src/2^(n-k) | mean fibre E-surv
  0  131873 1048576 131873 1048576 |      1.000          1.000           1.000    |      1.000          1.000    |    7.95
  1   66261  526429  49598  395031 |      1.005          0.752           1.003    |      1.004          0.753    |    7.94
  2   33088  263070  20641  164854 |      1.004          0.626           1.002    |      1.004          0.629    |    7.95
  3   16568  131927   8350   66542 |      1.005          0.507           1.013    |      1.007          0.508    |    7.96
  4    8422   67361   3422   27226 |      1.022          0.415           1.022    |      1.028          0.415    |    8.00
  5    4219   33951   1363   11150 |      1.024          0.331           1.008    |      1.036          0.340    |    8.05
  6    2068   16424    547    4609 |      1.004          0.265           0.999    |      1.002          0.281    |    7.94
  7    1049    8526    230    2037 |      1.018          0.223           1.039    |      1.041          0.249    |    8.13
  8     547    4428     96     761 |      1.062          0.186           1.072    |      1.081          0.186    |    8.10
  9     290    2274     38     266 |      1.126          0.148           1.049    |      1.110          0.130    |    7.84
 10     158    1273     17     111 |      1.227          0.132           1.160    |      1.243          0.108    |    8.06
 11      75     658      9      67 |      1.165          0.140           1.519    |      1.285          0.131    |    8.77
 12      46     386      6      47 |      1.429          0.186           2.503    |      1.508          0.184    |    8.39
 13      25     204      1      12 |      1.553          0.062           1.031    |      1.594          0.094    |    8.16
 14      11     103      1      12 |      1.367          0.124           2.549    |      1.609          0.188    |    9.36
 15       6      39      0       0 |      1.491          0.000           0.000    |      1.219          0.000    |    6.50
 16       3      18      0       0 |      1.491          0.000           0.000    |      1.125          0.000    |    6.00
 17       2      12      0       0 |      1.988          0.000           0.000    |      1.500          0.000    |    6.00
  deepest E-run 17, deepest joint run 14 (need 22); max NE_st/(C 2^-k) = 1.988, max NJ_st/(C 2^-k) = 1.000, max NJ_st/golden_st = 2.549
  first HC violation index among the 0 E-survivor states with E-run >= n-1: {}

# summary: n c |C_n| deepestE deepestJ need max(NE_st/null) max(NJ_st/null) max(NJ_st/golden)
 19 2    74613   18   11   21     3.513     1.000     1.318
 19 3    74613   16   13   21     2.635     1.000     3.645
 20 2   131873   16   11   22     1.118     1.000     1.273
 20 3   131873   17   14   22     1.988     1.000     2.549
