# part 1: reachable column language.  u = prefix length; |C_u| = distinct full columns u-1
  u      |C_u|     2^u   |C_u|/|C_{u-1}|  log2 ratio   max fibre   sec
  1          2        2          -           -            1
  2          4        4        2.0000       1.0000         1    0.0
  3          8        8        2.0000       1.0000         1    0.0
  4         13       16        1.6250       0.7004         2    0.0
  5         23       32        1.7692       0.8231         3    0.0
  6         39       64        1.6957       0.7618         3    0.0
  7         73      128        1.8718       0.9044         3    0.0
  8        129      256        1.7671       0.8214         6    0.0
  9        232      512        1.7984       0.8468         8    0.0
 10        410     1024        1.7672       0.8215         8    0.0
 11        742     2048        1.8098       0.8558         9    0.0
 12       1329     4096        1.7911       0.8409        16    0.0
 13       2376     8192        1.7878       0.8382        24    0.0
 14       4265    16384        1.7950       0.8440        26    0.0
 15       7560    32768        1.7726       0.8258        26    0.0
 16      13382    65536        1.7701       0.8238        46    0.0
 17      23803   131072        1.7787       0.8308        62    0.1
 18      42199   262144        1.7728       0.8261        72    0.2
 19      74613   524288        1.7681       0.8222        72    0.4
 20     131873  1048576        1.7674       0.8217       110    0.8
 21     233042  2097152        1.7672       0.8214       160    1.3
 22     411664  4194304        1.7665       0.8209       201    2.4

# linear recurrence test on |C_u| (exact rational arithmetic), transient skipped = 4
  order 1: coefficients ['39/23']; verification failures on 16 of 16 held-out terms
  order 2: coefficients ['60/79', '149/79']; verification failures on 14 of 14 held-out terms
  order 3: coefficients ['751/289', '-25/578', '-1483/578']; verification failures on 12 of 12 held-out terms
  order 4: coefficients ['7984/10163', '-1406/10163', '10227/10163', '44855/10163']; verification failures on 10 of 10 held-out terms
  order 5: coefficients ['-88267/6542', '35878/3271', '-2236/3271', '122837/6542', '410411/6542']; verification failures on 8 of 8 held-out terms
  order 6: coefficients ['-8345639/1953743', '-112951274/5861229', '115290589/5861229', '21598090/5861229', '8032154/177613', '610101509/5861229']; verification failures on 6 of 6 held-out terms
  order 7: coefficients ['49517056393/19522432960', '-175902419/131023040', '3787474449/9761216480', '-154198038393/19522432960', '24426196275/1952243296', '54930771863/9761216480', '-1176547517/131023040']; verification failures on 4 of 4 held-out terms
  order 8: coefficients ['29603529256010/14537164704459', '2170111617544/14537164704459', '9764665614680/14537164704459', '-16457148975904/4845721568153', '116661186969/28009951261', '53592518476437/4845721568153', '-236607524981186/14537164704459', '-403565142577606/14537164704459']; verification failures on 2 of 2 held-out terms
  -> no exact linear recurrence of order <= 8 found

# n=21 c=2: |C_n|=233042 states, 2^n=2097152 sources, mean fibre 9.00
  k   NE_st  NE_src  NJ_st  NJ_src | NE_st/(C 2^-k)  NJ_st/(C 2^-k)  NJ_st/golden_st | NE_src/2^(n-k)  NJ_src/2^(n-k) | mean fibre E-surv
  0  233042 2097152 233042 2097152 |      1.000          1.000           1.000    |      1.000          1.000    |    9.00
  1  116282 1047817  87027  784532 |      0.998          0.747           0.996    |      0.999          0.748    |    9.01
  2   58108  522835  36252  325726 |      0.997          0.622           0.996    |      0.997          0.621    |    9.00
  3   29036  262065  14471  130221 |      0.997          0.497           0.994    |      1.000          0.497    |    9.03
  4   14591  131682   5856   52562 |      1.002          0.402           0.990    |      1.005          0.401    |    9.02
  5    7310   66409   2433   21888 |      1.004          0.334           1.018    |      1.013          0.334    |    9.08
  6    3605   32214    983    8567 |      0.990          0.270           1.016    |      0.983          0.261    |    8.94
  7    1739   15523    364    3251 |      0.955          0.200           0.931    |      0.947          0.198    |    8.93
  8     883    8106    147    1462 |      0.970          0.161           0.929    |      0.990          0.178    |    9.18
  9     428    3900     61     587 |      0.940          0.134           0.953    |      0.952          0.143    |    9.11
 10     224    2220     20     293 |      0.984          0.088           0.772    |      1.084          0.143    |    9.91
 11     124    1313     18     261 |      1.090          0.158           1.719    |      1.282          0.255    |   10.59
 12      64     761     11     217 |      1.125          0.193           2.596    |      1.486          0.424    |   11.89
 13      24     244      4      24 |      0.844          0.141           2.334    |      0.953          0.094    |   10.17
 14       7      68      0       0 |      0.492          0.000           0.000    |      0.531          0.000    |    9.71
 15       2       6      0       0 |      0.281          0.000           0.000    |      0.094          0.000    |    3.00
 16       1       2      0       0 |      0.281          0.000           0.000    |      0.062          0.000    |    2.00
  deepest E-run 16, deepest joint run 13 (need 23); max NE_st/(C 2^-k) = 1.125, max NJ_st/(C 2^-k) = 1.000, max NJ_st/golden_st = 2.596
  first HC violation index among the 0 E-survivor states with E-run >= n-1: {}

# n=21 c=3: |C_n|=233042 states, 2^n=2097152 sources, mean fibre 9.00
  k   NE_st  NE_src  NJ_st  NJ_src | NE_st/(C 2^-k)  NJ_st/(C 2^-k)  NJ_st/golden_st | NE_src/2^(n-k)  NJ_src/2^(n-k) | mean fibre E-surv
  0  233042 2097152 233042 2097152 |      1.000          1.000           1.000    |      1.000          1.000    |    9.00
  1  116760 1049335  87609  786595 |      1.002          0.752           1.002    |      1.001          0.750    |    8.99
  2   58377  524640  36534  328757 |      1.002          0.627           1.003    |      1.001          0.627    |    8.99
  3   29457  264876  14628  131606 |      1.011          0.502           1.004    |      1.010          0.502    |    8.99
  4   14660  131510   5882   52782 |      1.007          0.404           0.994    |      1.003          0.403    |    8.97
  5    7277   66290   2301   21197 |      0.999          0.316           0.963    |      1.012          0.323    |    9.11
  6    3639   33651    929    8779 |      0.999          0.255           0.960    |      1.027          0.268    |    9.25
  7    1833   16864    350    3344 |      1.007          0.192           0.895    |      1.029          0.204    |    9.20
  8     915    8918    143    1513 |      1.005          0.157           0.904    |      1.089          0.185    |    9.75
  9     445    4210     56     591 |      0.978          0.123           0.875    |      1.028          0.144    |    9.46
 10     229    2162     23     305 |      1.006          0.101           0.888    |      1.056          0.149    |    9.44
 11     110     939     10     115 |      0.967          0.088           0.955    |      0.917          0.112    |    8.54
 12      57     480      2      50 |      1.002          0.035           0.472    |      0.938          0.098    |    8.42
 13      28     224      1      24 |      0.984          0.035           0.584    |      0.875          0.094    |    8.00
 14      14     134      1      24 |      0.984          0.070           1.443    |      1.047          0.188    |    9.57
 15      11     118      1      24 |      1.547          0.141           3.566    |      1.844          0.375    |   10.73
 16       4      34      1      24 |      1.125          0.281           8.816    |      1.062          0.750    |    8.50
 17       2       8      0       0 |      1.125          0.000           0.000    |      0.500          0.000    |    4.00
 18       1       4      0       0 |      1.125          0.000           0.000    |      0.500          0.000    |    4.00
 19       1       4      0       0 |      2.250          0.000           0.000    |      1.000          0.000    |    4.00
 20       1       4      0       0 |      4.500          0.000           0.000    |      2.000          0.000    |    4.00
 21       1       4      0       0 |      8.999          0.000           0.000    |      4.000          0.000    |    4.00
  deepest E-run 21, deepest joint run 16 (need 23); max NE_st/(C 2^-k) = 8.999, max NJ_st/(C 2^-k) = 1.000, max NJ_st/golden_st = 8.816
  first HC violation index among the 1 E-survivor states with E-run >= n-1: {2: 1}

# n=22 c=2: |C_n|=411664 states, 2^n=4194304 sources, mean fibre 10.19
  k   NE_st  NE_src  NJ_st  NJ_src | NE_st/(C 2^-k)  NJ_st/(C 2^-k)  NJ_st/golden_st | NE_src/2^(n-k)  NJ_src/2^(n-k) | mean fibre E-surv
  0  411664 4194304 411664 4194304 |      1.000          1.000           1.000    |      1.000          1.000    |   10.19
  1  205455 2088571 154198 1566512 |      0.998          0.749           0.999    |      0.996          0.747    |   10.17
  2  102777 1048148  64247  653767 |      0.999          0.624           0.999    |      1.000          0.623    |   10.20
  3   51524  527281  25899  263745 |      1.001          0.503           1.007    |      1.006          0.503    |   10.23
  4   25651  260888  10514  106959 |      0.997          0.409           1.006    |      0.995          0.408    |   10.17
  5   12838  130742   4173   42131 |      0.998          0.324           0.989    |      0.997          0.321    |   10.18
  6    6409   65132   1678   17184 |      0.996          0.261           0.982    |      0.994          0.262    |   10.16
  7    3234   32713    663    6964 |      1.006          0.206           0.960    |      0.998          0.213    |   10.12
  8    1613   16602    269    2897 |      1.003          0.167           0.962    |      1.013          0.177    |   10.29
  9     804    8427    116    1248 |      1.000          0.144           1.026    |      1.029          0.152    |   10.48
 10     418    4456     48     534 |      1.040          0.119           1.049    |      1.088          0.130    |   10.66
 11     207    2127     18     170 |      1.030          0.090           0.973    |      1.039          0.083    |   10.28
 12      86     966      7      60 |      0.856          0.070           0.935    |      0.943          0.059    |   11.23
 13      33     322      0       0 |      0.657          0.000           0.000    |      0.629          0.000    |    9.76
 14      17     200      0       0 |      0.677          0.000           0.000    |      0.781          0.000    |   11.76
 15       9      86      0       0 |      0.716          0.000           0.000    |      0.672          0.000    |    9.56
 16       6      48      0       0 |      0.955          0.000           0.000    |      0.750          0.000    |    8.00
 17       2      30      0       0 |      0.637          0.000           0.000    |      0.938          0.000    |   15.00
 18       1      16      0       0 |      0.637          0.000           0.000    |      1.000          0.000    |   16.00
  deepest E-run 18, deepest joint run 12 (need 24); max NE_st/(C 2^-k) = 1.040, max NJ_st/(C 2^-k) = 1.000, max NJ_st/golden_st = 1.049
  first HC violation index among the 0 E-survivor states with E-run >= n-1: {}

# n=22 c=3: |C_n|=411664 states, 2^n=4194304 sources, mean fibre 10.19
  k   NE_st  NE_src  NJ_st  NJ_src | NE_st/(C 2^-k)  NJ_st/(C 2^-k)  NJ_st/golden_st | NE_src/2^(n-k)  NJ_src/2^(n-k) | mean fibre E-surv
  0  411664 4194304 411664 4194304 |      1.000          1.000           1.000    |      1.000          1.000    |   10.19
  1  206209 2105733 154762 1579265 |      1.002          0.752           1.003    |      1.004          0.753    |   10.21
  2  103260 1050174  64536  654648 |      1.003          0.627           1.003    |      1.002          0.624    |   10.17
  3   51663  526111  25764  260866 |      1.004          0.501           1.001    |      1.003          0.498    |   10.18
  4   26048  265153  10520  105985 |      1.012          0.409           1.006    |      1.011          0.404    |   10.18
  5   13042  132394   4164   41687 |      1.014          0.324           0.986    |      1.010          0.318    |   10.15
  6    6563   67573   1750   17337 |      1.020          0.272           1.024    |      1.031          0.265    |   10.30
  7    3315   33908    696    6697 |      1.031          0.216           1.007    |      1.035          0.204    |   10.23
  8    1646   16980    290    2733 |      1.024          0.180           1.037    |      1.036          0.167    |   10.32
  9     827    8324    117    1011 |      1.029          0.146           1.035    |      1.016          0.123    |   10.07
 10     443    4551     52     440 |      1.102          0.129           1.137    |      1.111          0.107    |   10.27
 11     237    2298     30     226 |      1.179          0.149           1.622    |      1.122          0.110    |    9.70
 12     103     986     12      95 |      1.025          0.119           1.603    |      0.963          0.093    |    9.57
 13      52     536      6      48 |      1.035          0.119           1.982    |      1.047          0.094    |   10.31
 14      23     244      2      28 |      0.915          0.080           1.633    |      0.953          0.109    |   10.61
 15       9     110      0       0 |      0.716          0.000           0.000    |      0.859          0.000    |   12.22
 16       4      41      0       0 |      0.637          0.000           0.000    |      0.641          0.000    |   10.25
 17       2      22      0       0 |      0.637          0.000           0.000    |      0.688          0.000    |   11.00
 18       1       6      0       0 |      0.637          0.000           0.000    |      0.375          0.000    |    6.00
 19       1       6      0       0 |      1.274          0.000           0.000    |      0.750          0.000    |    6.00
  deepest E-run 19, deepest joint run 14 (need 24); max NE_st/(C 2^-k) = 1.274, max NJ_st/(C 2^-k) = 1.000, max NJ_st/golden_st = 1.982
  first HC violation index among the 0 E-survivor states with E-run >= n-1: {}

# summary: n c |C_n| deepestE deepestJ need max(NE_st/null) max(NJ_st/null) max(NJ_st/golden)
 21 2   233042   16   13   23     1.125     1.000     2.596
 21 3   233042   21   16   23     8.999     1.000     8.816
 22 2   411664   18   12   24     1.040     1.000     1.049
 22 3   411664   19   14   24     1.274     1.000     1.982
