# part 1: reachable column language.  u = prefix length; |C_u| = distinct full columns u-1
  u      |C_u|     2^u   |C_u|/|C_{u-1}|  log2 ratio   max fibre   sec
  1          2        2          -           -            1
  2          4        4        2.0000       1.0000         1    0.0
  3          8        8        2.0000       1.0000         1    0.0
  4         13       16        1.6250       0.7004         2    0.0
  5         23       32        1.7692       0.8231         3    0.0
  6         39       64        1.6957       0.7618         3    0.0
  7         73      128        1.8718       0.9044         3    0.0
  8        129      256        1.7671       0.8214         6    0.0
  9        232      512        1.7984       0.8468         8    0.0
 10        410     1024        1.7672       0.8215         8    0.0
 11        742     2048        1.8098       0.8558         9    0.0
 12       1329     4096        1.7911       0.8409        16    0.0
 13       2376     8192        1.7878       0.8382        24    0.0
 14       4265    16384        1.7950       0.8440        26    0.0
 15       7560    32768        1.7726       0.8258        26    0.0
 16      13382    65536        1.7701       0.8238        46    0.0
 17      23803   131072        1.7787       0.8308        62    0.1
 18      42199   262144        1.7728       0.8261        72    0.1
 19      74613   524288        1.7681       0.8222        72    0.2
 20     131873  1048576        1.7674       0.8217       110    0.5
 21     233042  2097152        1.7672       0.8214       160    1.0
 22     411664  4194304        1.7665       0.8209       201    1.8
 23     726498  8388608        1.7648       0.8195       256    3.6
 24    1282142 16777216        1.7648       0.8195       340    7.2

# linear recurrence test on |C_u| (exact rational arithmetic), transient skipped = 4
  order 1: coefficients ['39/23']; verification failures on 18 of 18 held-out terms
  order 2: coefficients ['60/79', '149/79']; verification failures on 16 of 16 held-out terms
  order 3: coefficients ['751/289', '-25/578', '-1483/578']; verification failures on 14 of 14 held-out terms
  order 4: coefficients ['7984/10163', '-1406/10163', '10227/10163', '44855/10163']; verification failures on 12 of 12 held-out terms
  order 5: coefficients ['-88267/6542', '35878/3271', '-2236/3271', '122837/6542', '410411/6542']; verification failures on 10 of 10 held-out terms
  order 6: coefficients ['-8345639/1953743', '-112951274/5861229', '115290589/5861229', '21598090/5861229', '8032154/177613', '610101509/5861229']; verification failures on 8 of 8 held-out terms
  order 7: coefficients ['49517056393/19522432960', '-175902419/131023040', '3787474449/9761216480', '-154198038393/19522432960', '24426196275/1952243296', '54930771863/9761216480', '-1176547517/131023040']; verification failures on 6 of 6 held-out terms
  order 8: coefficients ['29603529256010/14537164704459', '2170111617544/14537164704459', '9764665614680/14537164704459', '-16457148975904/4845721568153', '116661186969/28009951261', '53592518476437/4845721568153', '-236607524981186/14537164704459', '-403565142577606/14537164704459']; verification failures on 4 of 4 held-out terms
  -> no exact linear recurrence of order <= 8 found

# n=6 c=2: |C_n|=39 states, 2^n=64 sources, mean fibre 1.64
  k   NE_st  NE_src  NJ_st  NJ_src | NE_st/(C 2^-k)  NJ_st/(C 2^-k)  NJ_st/golden_st | NE_src/2^(n-k)  NJ_src/2^(n-k) | mean fibre E-surv
  0      39      64     39      64 |      1.000          1.000           1.000    |      1.000          1.000    |    1.64
  1      18      32     13      22 |      0.923          0.667           0.889    |      1.000          0.688    |    1.78
  2      10      15      5       6 |      1.026          0.513           0.821    |      0.938          0.375    |    1.50
  3       5       9      2       3 |      1.026          0.410           0.821    |      1.125          0.375    |    1.80
  4       4       8      0       0 |      1.641          0.000           0.000    |      2.000          0.000    |    2.00
  5       2       3      0       0 |      1.641          0.000           0.000    |      1.500          0.000    |    1.50
  6       2       3      0       0 |      3.282          0.000           0.000    |      3.000          0.000    |    1.50
  7       2       3      0       0 |      6.564          0.000           0.000    |      6.000          0.000    |    1.50
  8       2       3      0       0 |     13.128          0.000           0.000    |     12.000          0.000    |    1.50
  9       2       3      0       0 |     26.256          0.000           0.000    |     24.000          0.000    |    1.50
  deepest E-run 9, deepest joint run 3 (need 8); max NE_st/(C 2^-k) = 26.256, max NJ_st/(C 2^-k) = 1.000, max NJ_st/golden_st = 1.000
  first HC violation index among the 2 E-survivor states with E-run >= n-1: {3: 2}

# n=6 c=3: |C_n|=39 states, 2^n=64 sources, mean fibre 1.64
  k   NE_st  NE_src  NJ_st  NJ_src | NE_st/(C 2^-k)  NJ_st/(C 2^-k)  NJ_st/golden_st | NE_src/2^(n-k)  NJ_src/2^(n-k) | mean fibre E-surv
  0      39      64     39      64 |      1.000          1.000           1.000    |      1.000          1.000    |    1.64
  1      21      32     17      28 |      1.077          0.872           1.162    |      1.000          0.875    |    1.52
  2      14      17      9      12 |      1.436          0.923           1.477    |      1.062          0.750    |    1.21
  3       9      10      3       4 |      1.846          0.615           1.231    |      1.250          0.500    |    1.11
  4       2       2      0       0 |      0.821          0.000           0.000    |      0.500          0.000    |    1.00
  5       1       1      0       0 |      0.821          0.000           0.000    |      0.500          0.000    |    1.00
  6       1       1      0       0 |      1.641          0.000           0.000    |      1.000          0.000    |    1.00
  deepest E-run 6, deepest joint run 3 (need 8); max NE_st/(C 2^-k) = 1.846, max NJ_st/(C 2^-k) = 1.000, max NJ_st/golden_st = 1.477
  first HC violation index among the 1 E-survivor states with E-run >= n-1: {1: 1}

# n=7 c=2: |C_n|=73 states, 2^n=128 sources, mean fibre 1.75
  k   NE_st  NE_src  NJ_st  NJ_src | NE_st/(C 2^-k)  NJ_st/(C 2^-k)  NJ_st/golden_st | NE_src/2^(n-k)  NJ_src/2^(n-k) | mean fibre E-surv
  0      73     128     73     128 |      1.000          1.000           1.000    |      1.000          1.000    |    1.75
  1      33      54     24      41 |      0.904          0.658           0.877    |      0.844          0.641    |    1.64
  2      15      26      9      17 |      0.822          0.493           0.789    |      0.812          0.531    |    1.73
  3      10      18      4       9 |      1.096          0.438           0.877    |      1.125          0.562    |    1.80
  4       5      11      2       5 |      1.096          0.438           1.079    |      1.375          0.625    |    2.20
  5       3       8      0       0 |      1.315          0.000           0.000    |      2.000          0.000    |    2.67
  6       2       6      0       0 |      1.753          0.000           0.000    |      3.000          0.000    |    3.00
  7       1       3      0       0 |      1.753          0.000           0.000    |      3.000          0.000    |    3.00
  deepest E-run 7, deepest joint run 4 (need 9); max NE_st/(C 2^-k) = 1.753, max NJ_st/(C 2^-k) = 1.000, max NJ_st/golden_st = 1.079
  first HC violation index among the 2 E-survivor states with E-run >= n-1: {1: 1, 4: 1}

# n=7 c=3: |C_n|=73 states, 2^n=128 sources, mean fibre 1.75
  k   NE_st  NE_src  NJ_st  NJ_src | NE_st/(C 2^-k)  NJ_st/(C 2^-k)  NJ_st/golden_st | NE_src/2^(n-k)  NJ_src/2^(n-k) | mean fibre E-surv
  0      73     128     73     128 |      1.000          1.000           1.000    |      1.000          1.000    |    1.75
  1      40      74     31      58 |      1.096          0.849           1.132    |      1.156          0.906    |    1.85
  2      14      26     10      20 |      0.767          0.548           0.877    |      0.812          0.625    |    1.86
  3      10      18      7      14 |      1.096          0.767           1.534    |      1.125          0.875    |    1.80
  4       7      12      5      10 |      1.534          1.096           2.698    |      1.500          1.250    |    1.71
  5       2       2      0       0 |      0.877          0.000           0.000    |      0.500          0.000    |    1.00
  6       2       2      0       0 |      1.753          0.000           0.000    |      1.000          0.000    |    1.00
  deepest E-run 6, deepest joint run 4 (need 9); max NE_st/(C 2^-k) = 1.753, max NJ_st/(C 2^-k) = 1.096, max NJ_st/golden_st = 2.698
  first HC violation index among the 2 E-survivor states with E-run >= n-1: {0: 2}

# n=8 c=2: |C_n|=129 states, 2^n=256 sources, mean fibre 1.98
  k   NE_st  NE_src  NJ_st  NJ_src | NE_st/(C 2^-k)  NJ_st/(C 2^-k)  NJ_st/golden_st | NE_src/2^(n-k)  NJ_src/2^(n-k) | mean fibre E-surv
  0     129     256    129     256 |      1.000          1.000           1.000    |      1.000          1.000    |    1.98
  1      60     124     42      87 |      0.930          0.651           0.868    |      0.969          0.680    |    2.07
  2      33      68     21      44 |      1.023          0.651           1.042    |      1.062          0.688    |    2.06
  3      11      24      3       9 |      0.682          0.186           0.372    |      0.750          0.281    |    2.18
  4       8      19      0       0 |      0.992          0.000           0.000    |      1.188          0.000    |    2.38
  5       5      14      0       0 |      1.240          0.000           0.000    |      1.750          0.000    |    2.80
  6       3      10      0       0 |      1.488          0.000           0.000    |      2.500          0.000    |    3.33
  deepest E-run 6, deepest joint run 3 (need 10); max NE_st/(C 2^-k) = 1.488, max NJ_st/(C 2^-k) = 1.000, max NJ_st/golden_st = 1.042
  first HC violation index among the 0 E-survivor states with E-run >= n-1: {}

# n=8 c=3: |C_n|=129 states, 2^n=256 sources, mean fibre 1.98
  k   NE_st  NE_src  NJ_st  NJ_src | NE_st/(C 2^-k)  NJ_st/(C 2^-k)  NJ_st/golden_st | NE_src/2^(n-k)  NJ_src/2^(n-k) | mean fibre E-surv
  0     129     256    129     256 |      1.000          1.000           1.000    |      1.000          1.000    |    1.98
  1      69     132     51      97 |      1.070          0.791           1.054    |      1.031          0.758    |    1.91
  2      36      70     27      49 |      1.116          0.837           1.340    |      1.094          0.766    |    1.94
  3      13      25      9      17 |      0.806          0.558           1.116    |      0.781          0.531    |    1.92
  4       6      13      4       7 |      0.744          0.496           1.221    |      0.812          0.438    |    2.17
  5       5      12      2       4 |      1.240          0.496           1.512    |      1.500          0.500    |    2.40
  6       2       5      1       3 |      0.992          0.496           1.868    |      1.250          0.750    |    2.50
  7       2       5      0       0 |      1.984          0.000           0.000    |      2.500          0.000    |    2.50
  deepest E-run 7, deepest joint run 6 (need 10); max NE_st/(C 2^-k) = 1.984, max NJ_st/(C 2^-k) = 1.000, max NJ_st/golden_st = 1.868
  first HC violation index among the 2 E-survivor states with E-run >= n-1: {4: 1, 6: 1}

# n=9 c=2: |C_n|=232 states, 2^n=512 sources, mean fibre 2.21
  k   NE_st  NE_src  NJ_st  NJ_src | NE_st/(C 2^-k)  NJ_st/(C 2^-k)  NJ_st/golden_st | NE_src/2^(n-k)  NJ_src/2^(n-k) | mean fibre E-surv
  0     232     512    232     512 |      1.000          1.000           1.000    |      1.000          1.000    |    2.21
  1      96     216     72     162 |      0.828          0.621           0.828    |      0.844          0.633    |    2.25
  2      44     106     26      57 |      0.759          0.448           0.717    |      0.828          0.445    |    2.41
  3      19      39      8      17 |      0.655          0.276           0.552    |      0.609          0.266    |    2.05
  4       6      13      2       4 |      0.414          0.138           0.340    |      0.406          0.125    |    2.17
  5       2       2      0       0 |      0.276          0.000           0.000    |      0.125          0.000    |    1.00
  deepest E-run 5, deepest joint run 4 (need 11); max NE_st/(C 2^-k) = 1.000, max NJ_st/(C 2^-k) = 1.000, max NJ_st/golden_st = 1.000
  first HC violation index among the 0 E-survivor states with E-run >= n-1: {}

# n=9 c=3: |C_n|=232 states, 2^n=512 sources, mean fibre 2.21
  k   NE_st  NE_src  NJ_st  NJ_src | NE_st/(C 2^-k)  NJ_st/(C 2^-k)  NJ_st/golden_st | NE_src/2^(n-k)  NJ_src/2^(n-k) | mean fibre E-surv
  0     232     512    232     512 |      1.000          1.000           1.000    |      1.000          1.000    |    2.21
  1     136     296     98     214 |      1.172          0.845           1.126    |      1.156          0.836    |    2.18
  2      66     161     48     112 |      1.138          0.828           1.324    |      1.258          0.875    |    2.44
  3      37     102     21      53 |      1.276          0.724           1.448    |      1.594          0.828    |    2.76
  4      22      66      9      23 |      1.517          0.621           1.528    |      2.062          0.719    |    3.00
  5      14      40      1       6 |      1.931          0.138           0.420    |      2.500          0.375    |    2.86
  6       5      18      1       6 |      1.379          0.276           1.039    |      2.250          0.750    |    3.60
  7       2      10      1       6 |      1.103          0.552           2.568    |      2.500          1.500    |    5.00
  8       2      10      1       6 |      2.207          1.103           6.348    |      5.000          3.000    |    5.00
  deepest E-run 8, deepest joint run 8 (need 11); max NE_st/(C 2^-k) = 2.207, max NJ_st/(C 2^-k) = 1.103, max NJ_st/golden_st = 6.348
  first HC violation index among the 2 E-survivor states with E-run >= n-1: {0: 1, 8: 1}

# n=10 c=2: |C_n|=410 states, 2^n=1024 sources, mean fibre 2.50
  k   NE_st  NE_src  NJ_st  NJ_src | NE_st/(C 2^-k)  NJ_st/(C 2^-k)  NJ_st/golden_st | NE_src/2^(n-k)  NJ_src/2^(n-k) | mean fibre E-surv
  0     410    1024    410    1024 |      1.000          1.000           1.000    |      1.000          1.000    |    2.50
  1     197     509    154     396 |      0.961          0.751           1.002    |      0.994          0.773    |    2.58
  2     102     249     69     177 |      0.995          0.673           1.077    |      0.973          0.691    |    2.44
  3      47     113     23      62 |      0.917          0.449           0.898    |      0.883          0.484    |    2.40
  4      24      61      8      26 |      0.937          0.312           0.768    |      0.953          0.406    |    2.54
  5      16      38      2       6 |      1.249          0.156           0.476    |      1.188          0.188    |    2.38
  6      10      21      0       0 |      1.561          0.000           0.000    |      1.312          0.000    |    2.10
  7       3       6      0       0 |      0.937          0.000           0.000    |      0.750          0.000    |    2.00
  8       3       6      0       0 |      1.873          0.000           0.000    |      1.500          0.000    |    2.00
  9       3       6      0       0 |      3.746          0.000           0.000    |      3.000          0.000    |    2.00
  deepest E-run 9, deepest joint run 5 (need 12); max NE_st/(C 2^-k) = 3.746, max NJ_st/(C 2^-k) = 1.000, max NJ_st/golden_st = 1.077
  first HC violation index among the 3 E-survivor states with E-run >= n-1: {0: 3}

# n=10 c=3: |C_n|=410 states, 2^n=1024 sources, mean fibre 2.50
  k   NE_st  NE_src  NJ_st  NJ_src | NE_st/(C 2^-k)  NJ_st/(C 2^-k)  NJ_st/golden_st | NE_src/2^(n-k)  NJ_src/2^(n-k) | mean fibre E-surv
  0     410    1024    410    1024 |      1.000          1.000           1.000    |      1.000          1.000    |    2.50
  1     213     515    160     385 |      1.039          0.780           1.041    |      1.006          0.752    |    2.42
  2     105     254     67     159 |      1.024          0.654           1.046    |      0.992          0.621    |    2.42
  3      60     140     26      62 |      1.171          0.507           1.015    |      1.094          0.484    |    2.33
  4      34      81     10      22 |      1.327          0.390           0.961    |      1.266          0.344    |    2.38
  5      23      50      7      14 |      1.795          0.546           1.665    |      1.562          0.438    |    2.17
  6      15      33      6      12 |      2.341          0.937           3.526    |      2.062          0.750    |    2.20
  7       6      10      2       4 |      1.873          0.624           2.906    |      1.250          0.500    |    1.67
  8       4       6      0       0 |      2.498          0.000           0.000    |      1.500          0.000    |    1.50
  9       4       6      0       0 |      4.995          0.000           0.000    |      3.000          0.000    |    1.50
  deepest E-run 9, deepest joint run 7 (need 12); max NE_st/(C 2^-k) = 4.995, max NJ_st/(C 2^-k) = 1.000, max NJ_st/golden_st = 3.526
  first HC violation index among the 4 E-survivor states with E-run >= n-1: {2: 2, 7: 2}

# n=11 c=2: |C_n|=742 states, 2^n=2048 sources, mean fibre 2.76
  k   NE_st  NE_src  NJ_st  NJ_src | NE_st/(C 2^-k)  NJ_st/(C 2^-k)  NJ_st/golden_st | NE_src/2^(n-k)  NJ_src/2^(n-k) | mean fibre E-surv
  0     742    2048    742    2048 |      1.000          1.000           1.000    |      1.000          1.000    |    2.76
  1     349     977    256     728 |      0.941          0.690           0.920    |      0.954          0.711    |    2.80
  2     169     487     96     285 |      0.911          0.518           0.828    |      0.951          0.557    |    2.88
  3      91     243     34      93 |      0.981          0.367           0.733    |      0.949          0.363    |    2.67
  4      40     112     12      36 |      0.863          0.259           0.637    |      0.875          0.281    |    2.80
  5      25      73      4       9 |      1.078          0.173           0.526    |      1.141          0.141    |    2.92
  6      12      31      1       4 |      1.035          0.086           0.325    |      0.969          0.125    |    2.58
  7       5      11      0       0 |      0.863          0.000           0.000    |      0.688          0.000    |    2.20
  8       3       8      0       0 |      1.035          0.000           0.000    |      1.000          0.000    |    2.67
  9       2       6      0       0 |      1.380          0.000           0.000    |      1.500          0.000    |    3.00
  deepest E-run 9, deepest joint run 6 (need 13); max NE_st/(C 2^-k) = 1.380, max NJ_st/(C 2^-k) = 1.000, max NJ_st/golden_st = 1.000
  first HC violation index among the 0 E-survivor states with E-run >= n-1: {}

# n=11 c=3: |C_n|=742 states, 2^n=2048 sources, mean fibre 2.76
  k   NE_st  NE_src  NJ_st  NJ_src | NE_st/(C 2^-k)  NJ_st/(C 2^-k)  NJ_st/golden_st | NE_src/2^(n-k)  NJ_src/2^(n-k) | mean fibre E-surv
  0     742    2048    742    2048 |      1.000          1.000           1.000    |      1.000          1.000    |    2.76
  1     393    1071    296     805 |      1.059          0.798           1.064    |      1.046          0.786    |    2.73
  2     201     533    122     325 |      1.084          0.658           1.052    |      1.041          0.635    |    2.65
  3     118     306     58     157 |      1.272          0.625           1.251    |      1.195          0.613    |    2.59
  4      60     157     28      79 |      1.294          0.604           1.486    |      1.227          0.617    |    2.62
  5      32      79     12      32 |      1.380          0.518           1.577    |      1.234          0.500    |    2.47
  6      17      38      5      14 |      1.466          0.431           1.624    |      1.188          0.438    |    2.24
  7      11      25      4      12 |      1.898          0.690           3.212    |      1.562          0.750    |    2.27
  8       1       2      0       0 |      0.345          0.000           0.000    |      0.250          0.000    |    2.00
  deepest E-run 8, deepest joint run 7 (need 13); max NE_st/(C 2^-k) = 1.898, max NJ_st/(C 2^-k) = 1.000, max NJ_st/golden_st = 3.212
  first HC violation index among the 0 E-survivor states with E-run >= n-1: {}

# n=12 c=2: |C_n|=1329 states, 2^n=4096 sources, mean fibre 3.08
  k   NE_st  NE_src  NJ_st  NJ_src | NE_st/(C 2^-k)  NJ_st/(C 2^-k)  NJ_st/golden_st | NE_src/2^(n-k)  NJ_src/2^(n-k) | mean fibre E-surv
  0    1329    4096   1329    4096 |      1.000          1.000           1.000    |      1.000          1.000    |    3.08
  1     668    2087    517    1607 |      1.005          0.778           1.037    |      1.019          0.785    |    3.12
  2     329    1090    219     752 |      0.990          0.659           1.055    |      1.064          0.734    |    3.31
  3     168     525     90     278 |      1.011          0.542           1.084    |      1.025          0.543    |    3.12
  4      75     258     36     119 |      0.903          0.433           1.067    |      1.008          0.465    |    3.44
  5      31     105     13      33 |      0.746          0.313           0.954    |      0.820          0.258    |    3.39
  6      16      60      5      14 |      0.771          0.241           0.906    |      0.938          0.219    |    3.75
  7       7      21      2       6 |      0.674          0.193           0.897    |      0.656          0.188    |    3.00
  8       2       6      1       2 |      0.385          0.193           1.108    |      0.375          0.125    |    3.00
  9       1       2      1       2 |      0.385          0.385           2.740    |      0.250          0.250    |    2.00
  deepest E-run 9, deepest joint run 9 (need 14); max NE_st/(C 2^-k) = 1.011, max NJ_st/(C 2^-k) = 1.000, max NJ_st/golden_st = 2.740
  first HC violation index among the 0 E-survivor states with E-run >= n-1: {}

# n=12 c=3: |C_n|=1329 states, 2^n=4096 sources, mean fibre 3.08
  k   NE_st  NE_src  NJ_st  NJ_src | NE_st/(C 2^-k)  NJ_st/(C 2^-k)  NJ_st/golden_st | NE_src/2^(n-k)  NJ_src/2^(n-k) | mean fibre E-surv
  0    1329    4096   1329    4096 |      1.000          1.000           1.000    |      1.000          1.000    |    3.08
  1     661    2009    496    1487 |      0.995          0.746           0.995    |      0.981          0.726    |    3.04
  2     338    1043    237     721 |      1.017          0.713           1.141    |      1.019          0.704    |    3.09
  3     171     515     81     226 |      1.029          0.488           0.975    |      1.006          0.441    |    3.01
  4      78     223     32      87 |      0.939          0.385           0.948    |      0.871          0.340    |    2.86
  5      46     142     15      44 |      1.108          0.361           1.101    |      1.109          0.344    |    3.09
  6      14      46      2       5 |      0.674          0.096           0.363    |      0.719          0.078    |    3.29
  7       4      12      1       1 |      0.385          0.096           0.448    |      0.375          0.031    |    3.00
  8       3      11      1       1 |      0.578          0.193           1.108    |      0.688          0.062    |    3.67
  9       2      10      0       0 |      0.771          0.000           0.000    |      1.250          0.000    |    5.00
 10       1       6      0       0 |      0.771          0.000           0.000    |      1.500          0.000    |    6.00
 11       1       6      0       0 |      1.541          0.000           0.000    |      3.000          0.000    |    6.00
  deepest E-run 11, deepest joint run 8 (need 14); max NE_st/(C 2^-k) = 1.541, max NJ_st/(C 2^-k) = 1.000, max NJ_st/golden_st = 1.141
  first HC violation index among the 1 E-survivor states with E-run >= n-1: {0: 1}

# n=13 c=2: |C_n|=2376 states, 2^n=8192 sources, mean fibre 3.45
  k   NE_st  NE_src  NJ_st  NJ_src | NE_st/(C 2^-k)  NJ_st/(C 2^-k)  NJ_st/golden_st | NE_src/2^(n-k)  NJ_src/2^(n-k) | mean fibre E-surv
  0    2376    8192   2376    8192 |      1.000          1.000           1.000    |      1.000          1.000    |    3.45
  1    1165    4020    889    3068 |      0.981          0.748           0.998    |      0.981          0.749    |    3.45
  2     574    1870    361    1146 |      0.966          0.608           0.972    |      0.913          0.560    |    3.26
  3     289     941    157     489 |      0.973          0.529           1.057    |      0.919          0.478    |    3.26
  4     144     456     55     171 |      0.970          0.370           0.912    |      0.891          0.334    |    3.17
  5      76     234     26      81 |      1.024          0.350           1.067    |      0.914          0.316    |    3.08
  6      29      93      9      27 |      0.781          0.242           0.913    |      0.727          0.211    |    3.21
  7      13      34      3      12 |      0.700          0.162           0.752    |      0.531          0.188    |    2.62
  8       6      14      0       0 |      0.646          0.000           0.000    |      0.438          0.000    |    2.33
  9       4      10      0       0 |      0.862          0.000           0.000    |      0.625          0.000    |    2.50
 10       3       8      0       0 |      1.293          0.000           0.000    |      1.000          0.000    |    2.67
  deepest E-run 10, deepest joint run 7 (need 15); max NE_st/(C 2^-k) = 1.293, max NJ_st/(C 2^-k) = 1.000, max NJ_st/golden_st = 1.067
  first HC violation index among the 0 E-survivor states with E-run >= n-1: {}

# n=13 c=3: |C_n|=2376 states, 2^n=8192 sources, mean fibre 3.45
  k   NE_st  NE_src  NJ_st  NJ_src | NE_st/(C 2^-k)  NJ_st/(C 2^-k)  NJ_st/golden_st | NE_src/2^(n-k)  NJ_src/2^(n-k) | mean fibre E-surv
  0    2376    8192   2376    8192 |      1.000          1.000           1.000    |      1.000          1.000    |    3.45
  1    1211    4172    899    3094 |      1.019          0.757           1.009    |      1.019          0.755    |    3.45
  2     598    1987    381    1266 |      1.007          0.641           1.026    |      0.970          0.618    |    3.32
  3     288     963    146     503 |      0.970          0.492           0.983    |      0.940          0.491    |    3.34
  4     138     475     58     176 |      0.929          0.391           0.961    |      0.928          0.344    |    3.44
  5      65     207     23      70 |      0.875          0.310           0.944    |      0.809          0.273    |    3.18
  6      32     104      7      20 |      0.862          0.189           0.710    |      0.812          0.156    |    3.25
  7      17      60      3       9 |      0.916          0.162           0.752    |      0.938          0.141    |    3.53
  8       6      16      1       3 |      0.646          0.108           0.620    |      0.500          0.094    |    2.67
  9       2       4      1       3 |      0.431          0.215           1.532    |      0.250          0.188    |    2.00
 10       1       1      0       0 |      0.431          0.000           0.000    |      0.125          0.000    |    1.00
  deepest E-run 10, deepest joint run 9 (need 15); max NE_st/(C 2^-k) = 1.019, max NJ_st/(C 2^-k) = 1.000, max NJ_st/golden_st = 1.532
  first HC violation index among the 0 E-survivor states with E-run >= n-1: {}

# n=14 c=2: |C_n|=4265 states, 2^n=16384 sources, mean fibre 3.84
  k   NE_st  NE_src  NJ_st  NJ_src | NE_st/(C 2^-k)  NJ_st/(C 2^-k)  NJ_st/golden_st | NE_src/2^(n-k)  NJ_src/2^(n-k) | mean fibre E-surv
  0    4265   16384   4265   16384 |      1.000          1.000           1.000    |      1.000          1.000    |    3.84
  1    2147    8193   1613    6145 |      1.007          0.756           1.009    |      1.000          0.750    |    3.82
  2    1104    4250    698    2685 |      1.035          0.655           1.047    |      1.038          0.656    |    3.85
  3     560    2098    286    1099 |      1.050          0.536           1.073    |      1.024          0.537    |    3.75
  4     255     934    101     386 |      0.957          0.379           0.933    |      0.912          0.377    |    3.66
  5     123     438     38     134 |      0.923          0.285           0.869    |      0.855          0.262    |    3.56
  6      67     230     18      57 |      1.005          0.270           1.017    |      0.898          0.223    |    3.43
  7      33     122      5      21 |      0.990          0.150           0.698    |      0.953          0.164    |    3.70
  8      17      53      2       6 |      1.020          0.120           0.691    |      0.828          0.094    |    3.12
  9       5      14      1       4 |      0.600          0.120           0.854    |      0.438          0.125    |    2.80
 10       1       4      1       4 |      0.240          0.240           2.110    |      0.250          0.250    |    4.00
 11       1       4      0       0 |      0.480          0.000           0.000    |      0.500          0.000    |    4.00
  deepest E-run 11, deepest joint run 10 (need 16); max NE_st/(C 2^-k) = 1.050, max NJ_st/(C 2^-k) = 1.000, max NJ_st/golden_st = 2.110
  first HC violation index among the 0 E-survivor states with E-run >= n-1: {}

# n=14 c=3: |C_n|=4265 states, 2^n=16384 sources, mean fibre 3.84
  k   NE_st  NE_src  NJ_st  NJ_src | NE_st/(C 2^-k)  NJ_st/(C 2^-k)  NJ_st/golden_st | NE_src/2^(n-k)  NJ_src/2^(n-k) | mean fibre E-surv
  0    4265   16384   4265   16384 |      1.000          1.000           1.000    |      1.000          1.000    |    3.84
  1    2118    8191   1586    6145 |      0.993          0.744           0.992    |      1.000          0.750    |    3.87
  2    1065    4118    683    2684 |      0.999          0.641           1.025    |      1.005          0.655    |    3.87
  3     524    1994    275    1072 |      0.983          0.516           1.032    |      0.974          0.523    |    3.81
  4     256     948    103     407 |      0.960          0.386           0.951    |      0.926          0.397    |    3.70
  5     115     419     35     145 |      0.863          0.263           0.800    |      0.818          0.283    |    3.64
  6      46     177     12      42 |      0.690          0.180           0.678    |      0.691          0.164    |    3.85
  7      24      86      8      25 |      0.720          0.240           1.118    |      0.672          0.195    |    3.58
  8      12      45      3       8 |      0.720          0.180           1.036    |      0.703          0.125    |    3.75
  9       3       8      0       0 |      0.360          0.000           0.000    |      0.250          0.000    |    2.67
 10       1       2      0       0 |      0.240          0.000           0.000    |      0.125          0.000    |    2.00
 11       1       2      0       0 |      0.480          0.000           0.000    |      0.250          0.000    |    2.00
  deepest E-run 11, deepest joint run 8 (need 16); max NE_st/(C 2^-k) = 1.000, max NJ_st/(C 2^-k) = 1.000, max NJ_st/golden_st = 1.118
  first HC violation index among the 0 E-survivor states with E-run >= n-1: {}

# n=15 c=2: |C_n|=7560 states, 2^n=32768 sources, mean fibre 4.33
  k   NE_st  NE_src  NJ_st  NJ_src | NE_st/(C 2^-k)  NJ_st/(C 2^-k)  NJ_st/golden_st | NE_src/2^(n-k)  NJ_src/2^(n-k) | mean fibre E-surv
  0    7560   32768   7560   32768 |      1.000          1.000           1.000    |      1.000          1.000    |    4.33
  1    3786   16385   2816   12134 |      1.002          0.745           0.993    |      1.000          0.741    |    4.33
  2    1826    7861   1132    4829 |      0.966          0.599           0.958    |      0.960          0.589    |    4.31
  3     864    3635    390    1680 |      0.914          0.413           0.825    |      0.887          0.410    |    4.21
  4     461    1942    164     727 |      0.976          0.347           0.854    |      0.948          0.355    |    4.21
  5     227    1003     54     272 |      0.961          0.229           0.697    |      0.979          0.266    |    4.42
  6     114     424     23      92 |      0.965          0.195           0.733    |      0.828          0.180    |    3.72
  7      57     197     13      43 |      0.965          0.220           1.024    |      0.770          0.168    |    3.46
  8      27     107      4      18 |      0.914          0.135           0.779    |      0.836          0.141    |    3.96
  9      14      58      3      10 |      0.948          0.203           1.445    |      0.906          0.156    |    4.14
 10       4      12      0       0 |      0.542          0.000           0.000    |      0.375          0.000    |    3.00
 11       4      12      0       0 |      1.084          0.000           0.000    |      0.750          0.000    |    3.00
  deepest E-run 11, deepest joint run 9 (need 17); max NE_st/(C 2^-k) = 1.084, max NJ_st/(C 2^-k) = 1.000, max NJ_st/golden_st = 1.445
  first HC violation index among the 0 E-survivor states with E-run >= n-1: {}

# n=15 c=3: |C_n|=7560 states, 2^n=32768 sources, mean fibre 4.33
  k   NE_st  NE_src  NJ_st  NJ_src | NE_st/(C 2^-k)  NJ_st/(C 2^-k)  NJ_st/golden_st | NE_src/2^(n-k)  NJ_src/2^(n-k) | mean fibre E-surv
  0    7560   32768   7560   32768 |      1.000          1.000           1.000    |      1.000          1.000    |    4.33
  1    3774   16383   2858   12533 |      0.998          0.756           1.008    |      1.000          0.765    |    4.34
  2    1895    8085   1185    5054 |      1.003          0.627           1.003    |      0.987          0.617    |    4.27
  3     933    4036    467    2065 |      0.987          0.494           0.988    |      0.985          0.504    |    4.33
  4     479    2053    193     818 |      1.014          0.408           1.005    |      1.002          0.399    |    4.29
  5     252    1052     82     333 |      1.067          0.347           1.058    |      1.027          0.325    |    4.17
  6     135     581     35     142 |      1.143          0.296           1.115    |      1.135          0.277    |    4.30
  7      70     271     10      30 |      1.185          0.169           0.788    |      1.059          0.117    |    3.87
  8      34     120      3       9 |      1.151          0.102           0.584    |      0.938          0.070    |    3.53
  9      15      62      0       0 |      1.016          0.000           0.000    |      0.969          0.000    |    4.13
 10       5      27      0       0 |      0.677          0.000           0.000    |      0.844          0.000    |    5.40
 11       2      20      0       0 |      0.542          0.000           0.000    |      1.250          0.000    |   10.00
 12       1      18      0       0 |      0.542          0.000           0.000    |      2.250          0.000    |   18.00
 13       1      18      0       0 |      1.084          0.000           0.000    |      4.500          0.000    |   18.00
 14       1      18      0       0 |      2.167          0.000           0.000    |      9.000          0.000    |   18.00
 15       1      18      0       0 |      4.334          0.000           0.000    |     18.000          0.000    |   18.00
 16       1      18      0       0 |      8.669          0.000           0.000    |     36.000          0.000    |   18.00
  deepest E-run 16, deepest joint run 8 (need 17); max NE_st/(C 2^-k) = 8.669, max NJ_st/(C 2^-k) = 1.000, max NJ_st/golden_st = 1.115
  first HC violation index among the 1 E-survivor states with E-run >= n-1: {4: 1}

# n=16 c=2: |C_n|=13382 states, 2^n=65536 sources, mean fibre 4.90
  k   NE_st  NE_src  NJ_st  NJ_src | NE_st/(C 2^-k)  NJ_st/(C 2^-k)  NJ_st/golden_st | NE_src/2^(n-k)  NJ_src/2^(n-k) | mean fibre E-surv
  0   13382   65536  13382   65536 |      1.000          1.000           1.000    |      1.000          1.000    |    4.90
  1    6652   32590   5027   24540 |      0.994          0.751           1.002    |      0.995          0.749    |    4.90
  2    3383   16819   2127   10598 |      1.011          0.636           1.017    |      1.027          0.647    |    4.97
  3    1743    8767    855    4332 |      1.042          0.511           1.022    |      1.070          0.529    |    5.03
  4     904    4561    391    2017 |      1.081          0.467           1.151    |      1.114          0.492    |    5.05
  5     432    2066    167     765 |      1.033          0.399           1.217    |      1.009          0.374    |    4.78
  6     205     998     54     255 |      0.980          0.258           0.972    |      0.975          0.249    |    4.87
  7     118     598     25     124 |      1.129          0.239           1.113    |      1.168          0.242    |    5.07
  8      57     276      6      35 |      1.090          0.115           0.660    |      1.078          0.137    |    4.84
  9      38     182      3      11 |      1.454          0.115           0.816    |      1.422          0.086    |    4.79
 10      17      70      1       3 |      1.301          0.077           0.673    |      1.094          0.047    |    4.12
 11       7      30      0       0 |      1.071          0.000           0.000    |      0.938          0.000    |    4.29
 12       3      12      0       0 |      0.918          0.000           0.000    |      0.750          0.000    |    4.00
 13       2       8      0       0 |      1.224          0.000           0.000    |      1.000          0.000    |    4.00
 14       2       8      0       0 |      2.449          0.000           0.000    |      2.000          0.000    |    4.00
  deepest E-run 14, deepest joint run 10 (need 18); max NE_st/(C 2^-k) = 2.449, max NJ_st/(C 2^-k) = 1.000, max NJ_st/golden_st = 1.217
  first HC violation index among the 0 E-survivor states with E-run >= n-1: {}

# n=16 c=3: |C_n|=13382 states, 2^n=65536 sources, mean fibre 4.90
  k   NE_st  NE_src  NJ_st  NJ_src | NE_st/(C 2^-k)  NJ_st/(C 2^-k)  NJ_st/golden_st | NE_src/2^(n-k)  NJ_src/2^(n-k) | mean fibre E-surv
  0   13382   65536  13382   65536 |      1.000          1.000           1.000    |      1.000          1.000    |    4.90
  1    6730   32946   5045   24909 |      1.006          0.754           1.005    |      1.005          0.760    |    4.90
  2    3445   16743   2128   10412 |      1.030          0.636           1.018    |      1.022          0.635    |    4.86
  3    1676    8110    818    3977 |      1.002          0.489           0.978    |      0.990          0.485    |    4.84
  4     837    4167    340    1698 |      1.001          0.407           1.001    |      1.017          0.415    |    4.98
  5     428    2043    133     625 |      1.023          0.318           0.969    |      0.998          0.305    |    4.77
  6     239    1120     51     234 |      1.143          0.244           0.918    |      1.094          0.229    |    4.69
  7     121     608     19      99 |      1.157          0.182           0.846    |      1.188          0.193    |    5.02
  8      59     304      8      54 |      1.129          0.153           0.880    |      1.188          0.211    |    5.15
  9      34     182      5      28 |      1.301          0.191           1.360    |      1.422          0.219    |    5.35
 10      15      95      2      18 |      1.148          0.153           1.345    |      1.484          0.281    |    6.33
 11       5      26      0       0 |      0.765          0.000           0.000    |      0.812          0.000    |    5.20
 12       5      26      0       0 |      1.530          0.000           0.000    |      1.625          0.000    |    5.20
 13       4      24      0       0 |      2.449          0.000           0.000    |      3.000          0.000    |    6.00
 14       1      12      0       0 |      1.224          0.000           0.000    |      3.000          0.000    |   12.00
  deepest E-run 14, deepest joint run 10 (need 18); max NE_st/(C 2^-k) = 2.449, max NJ_st/(C 2^-k) = 1.000, max NJ_st/golden_st = 1.360
  first HC violation index among the 0 E-survivor states with E-run >= n-1: {}

# n=17 c=2: |C_n|=23803 states, 2^n=131072 sources, mean fibre 5.51
  k   NE_st  NE_src  NJ_st  NJ_src | NE_st/(C 2^-k)  NJ_st/(C 2^-k)  NJ_st/golden_st | NE_src/2^(n-k)  NJ_src/2^(n-k) | mean fibre E-surv
  0   23803  131072  23803  131072 |      1.000          1.000           1.000    |      1.000          1.000    |    5.51
  1   11976   66051   9003   49654 |      1.006          0.756           1.009    |      1.008          0.758    |    5.52
  2    5949   33018   3772   20867 |      1.000          0.634           1.014    |      1.008          0.637    |    5.55
  3    2938   16193   1530    8447 |      0.987          0.514           1.028    |      0.988          0.516    |    5.51
  4    1497    8196    643    3519 |      1.006          0.432           1.064    |      1.000          0.430    |    5.47
  5     790    4401    264    1468 |      1.062          0.355           1.082    |      1.074          0.358    |    5.57
  6     390    2212    120     655 |      1.049          0.323           1.215    |      1.080          0.320    |    5.67
  7     211    1124     52     224 |      1.135          0.280           1.302    |      1.098          0.219    |    5.33
  8      99     480     19      66 |      1.065          0.204           1.176    |      0.938          0.129    |    4.85
  9      57     273      8      23 |      1.226          0.172           1.224    |      1.066          0.090    |    4.79
 10      33     165      3      13 |      1.420          0.129           1.134    |      1.289          0.102    |    5.00
 11      19      92      1      10 |      1.635          0.086           0.935    |      1.438          0.156    |    4.84
 12      13      37      0       0 |      2.237          0.000           0.000    |      1.156          0.000    |    2.85
 13       3       7      0       0 |      1.032          0.000           0.000    |      0.438          0.000    |    2.33
  deepest E-run 13, deepest joint run 11 (need 19); max NE_st/(C 2^-k) = 2.237, max NJ_st/(C 2^-k) = 1.000, max NJ_st/golden_st = 1.302
  first HC violation index among the 0 E-survivor states with E-run >= n-1: {}

# n=17 c=3: |C_n|=23803 states, 2^n=131072 sources, mean fibre 5.51
  k   NE_st  NE_src  NJ_st  NJ_src | NE_st/(C 2^-k)  NJ_st/(C 2^-k)  NJ_st/golden_st | NE_src/2^(n-k)  NJ_src/2^(n-k) | mean fibre E-surv
  0   23803  131072  23803  131072 |      1.000          1.000           1.000    |      1.000          1.000    |    5.51
  1   11827   65021   8851   48952 |      0.994          0.744           0.992    |      0.992          0.747    |    5.50
  2    5924   32461   3737   20763 |      0.996          0.628           1.005    |      0.991          0.634    |    5.48
  3    2977   16177   1492    8158 |      1.001          0.501           1.003    |      0.987          0.498    |    5.43
  4    1461    7770    576    3065 |      0.982          0.387           0.953    |      0.948          0.374    |    5.32
  5     736    3972    222    1219 |      0.989          0.298           0.910    |      0.970          0.298    |    5.40
  6     370    1932     95     498 |      0.995          0.255           0.962    |      0.943          0.243    |    5.22
  7     198    1020     31     158 |      1.065          0.167           0.776    |      0.996          0.154    |    5.15
  8     111     566     11      69 |      1.194          0.118           0.681    |      1.105          0.135    |    5.10
  9      52     277      4      20 |      1.119          0.086           0.612    |      1.082          0.078    |    5.33
 10      28     150      1       6 |      1.205          0.043           0.378    |      1.172          0.047    |    5.36
 11      17      81      0       0 |      1.463          0.000           0.000    |      1.266          0.000    |    4.76
 12       8      34      0       0 |      1.377          0.000           0.000    |      1.062          0.000    |    4.25
 13       1       2      0       0 |      0.344          0.000           0.000    |      0.125          0.000    |    2.00
  deepest E-run 13, deepest joint run 10 (need 19); max NE_st/(C 2^-k) = 1.463, max NJ_st/(C 2^-k) = 1.000, max NJ_st/golden_st = 1.005
  first HC violation index among the 0 E-survivor states with E-run >= n-1: {}

# n=18 c=2: |C_n|=42199 states, 2^n=262144 sources, mean fibre 6.21
  k   NE_st  NE_src  NJ_st  NJ_src | NE_st/(C 2^-k)  NJ_st/(C 2^-k)  NJ_st/golden_st | NE_src/2^(n-k)  NJ_src/2^(n-k) | mean fibre E-surv
  0   42199  262144  42199  262144 |      1.000          1.000           1.000    |      1.000          1.000    |    6.21
  1   20949  130184  15726   97586 |      0.993          0.745           0.994    |      0.993          0.745    |    6.21
  2   10508   65405   6633   41267 |      0.996          0.629           1.006    |      0.998          0.630    |    6.22
  3    5280   32838   2647   16374 |      1.001          0.502           1.004    |      1.002          0.500    |    6.22
  4    2585   16132   1088    6780 |      0.980          0.413           1.015    |      0.985          0.414    |    6.24
  5    1291    8100    454    2805 |      0.979          0.344           1.049    |      0.989          0.342    |    6.27
  6     613    3972    179    1229 |      0.930          0.271           1.022    |      0.970          0.300    |    6.48
  7     348    2377     84     606 |      1.056          0.255           1.186    |      1.161          0.296    |    6.83
  8     192    1346     34     249 |      1.165          0.206           1.187    |      1.314          0.243    |    7.01
  9      93     642     14      94 |      1.128          0.170           1.208    |      1.254          0.184    |    6.90
 10      57     402      6      34 |      1.383          0.146           1.280    |      1.570          0.133    |    7.05
 11      23     166      5      32 |      1.116          0.243           2.636    |      1.297          0.250    |    7.22
 12      11      90      2      16 |      1.068          0.194           2.607    |      1.406          0.250    |    8.18
 13       7      62      0       0 |      1.359          0.000           0.000    |      1.938          0.000    |    8.86
 14       5      56      0       0 |      1.941          0.000           0.000    |      3.500          0.000    |   11.20
 15       2      32      0       0 |      1.553          0.000           0.000    |      4.000          0.000    |   16.00
 16       1      16      0       0 |      1.553          0.000           0.000    |      4.000          0.000    |   16.00
 17       1      16      0       0 |      3.106          0.000           0.000    |      8.000          0.000    |   16.00
  deepest E-run 17, deepest joint run 12 (need 20); max NE_st/(C 2^-k) = 3.106, max NJ_st/(C 2^-k) = 1.000, max NJ_st/golden_st = 2.636
  first HC violation index among the 1 E-survivor states with E-run >= n-1: {1: 1}

# n=18 c=3: |C_n|=42199 states, 2^n=262144 sources, mean fibre 6.21
  k   NE_st  NE_src  NJ_st  NJ_src | NE_st/(C 2^-k)  NJ_st/(C 2^-k)  NJ_st/golden_st | NE_src/2^(n-k)  NJ_src/2^(n-k) | mean fibre E-surv
  0   42199  262144  42199  262144 |      1.000          1.000           1.000    |      1.000          1.000    |    6.21
  1   21250  131960  15969   99182 |      1.007          0.757           1.009    |      1.007          0.757    |    6.21
  2   10643   65916   6671   41022 |      1.009          0.632           1.012    |      1.006          0.626    |    6.19
  3    5390   33915   2745   17357 |      1.022          0.520           1.041    |      1.035          0.530    |    6.29
  4    2742   17229   1096    6772 |      1.040          0.416           1.023    |      1.052          0.413    |    6.28
  5    1372    8495    444    2604 |      1.040          0.337           1.026    |      1.037          0.318    |    6.19
  6     733    4471    185    1063 |      1.112          0.281           1.056    |      1.092          0.260    |    6.10
  7     354    2223     75     444 |      1.074          0.227           1.059    |      1.085          0.217    |    6.28
  8     194    1152     35     195 |      1.177          0.212           1.221    |      1.125          0.190    |    5.94
  9     117     688     15      93 |      1.420          0.182           1.294    |      1.344          0.182    |    5.88
 10      58     335      3      26 |      1.407          0.073           0.640    |      1.309          0.102    |    5.78
 11      26     147      1      12 |      1.262          0.049           0.527    |      1.148          0.094    |    5.65
 12      10      48      0       0 |      0.971          0.000           0.000    |      0.750          0.000    |    4.80
 13       4      14      0       0 |      0.777          0.000           0.000    |      0.438          0.000    |    3.50
 14       4      14      0       0 |      1.553          0.000           0.000    |      0.875          0.000    |    3.50
 15       3      10      0       0 |      2.330          0.000           0.000    |      1.250          0.000    |    3.33
 16       2       7      0       0 |      3.106          0.000           0.000    |      1.750          0.000    |    3.50
 17       1       3      0       0 |      3.106          0.000           0.000    |      1.500          0.000    |    3.00
 18       1       3      0       0 |      6.212          0.000           0.000    |      3.000          0.000    |    3.00
  deepest E-run 18, deepest joint run 11 (need 20); max NE_st/(C 2^-k) = 6.212, max NJ_st/(C 2^-k) = 1.000, max NJ_st/golden_st = 1.294
  first HC violation index among the 1 E-survivor states with E-run >= n-1: {3: 1}

# summary: n c |C_n| deepestE deepestJ need max(NE_st/null) max(NJ_st/null) max(NJ_st/golden)
  6 2       39    9    3    8    26.256     1.000     1.000
  6 3       39    6    3    8     1.846     1.000     1.477
  7 2       73    7    4    9     1.753     1.000     1.079
  7 3       73    6    4    9     1.753     1.096     2.698
  8 2      129    6    3   10     1.488     1.000     1.042
  8 3      129    7    6   10     1.984     1.000     1.868
  9 2      232    5    4   11     1.000     1.000     1.000
  9 3      232    8    8   11     2.207     1.103     6.348
 10 2      410    9    5   12     3.746     1.000     1.077
 10 3      410    9    7   12     4.995     1.000     3.526
 11 2      742    9    6   13     1.380     1.000     1.000
 11 3      742    8    7   13     1.898     1.000     3.212
 12 2     1329    9    9   14     1.011     1.000     2.740
 12 3     1329   11    8   14     1.541     1.000     1.141
 13 2     2376   10    7   15     1.293     1.000     1.067
 13 3     2376   10    9   15     1.019     1.000     1.532
 14 2     4265   11   10   16     1.050     1.000     2.110
 14 3     4265   11    8   16     1.000     1.000     1.118
 15 2     7560   11    9   17     1.084     1.000     1.445
 15 3     7560   16    8   17     8.669     1.000     1.115
 16 2    13382   14   10   18     2.449     1.000     1.217
 16 3    13382   14   10   18     2.449     1.000     1.360
 17 2    23803   13   11   19     2.237     1.000     1.302
 17 3    23803   13   10   19     1.463     1.000     1.005
 18 2    42199   17   12   20     3.106     1.000     2.636
 18 3    42199   18   11   20     6.212     1.000     1.294
