# part 1: the two factors of the endpoint state
  u     |C_u|   |Col_u|   |Dia_u|   Cbase ColBase DiaBase     C/Col
  1         2         2         2     nan     nan     nan      1.00
  2         4         3         4  2.0000  1.5000  2.0000      1.33
  3         8         4         8  2.0000  1.3333  2.0000      2.00
  4        13         6        13  1.6250  1.5000  1.6250      2.17
  5        23         8        21  1.7692  1.3333  1.6154      2.88
  6        39        10        35  1.6957  1.2500  1.6667      3.90
  7        73        13        62  1.8718  1.3000  1.7714      5.62
  8       129        17        91  1.7671  1.3077  1.4677      7.59
  9       232        23       165  1.7984  1.3529  1.8132     10.09
 10       410        29       297  1.7672  1.2609  1.8000     14.14
 11       742        39       545  1.8098  1.3448  1.8350     19.03
 12      1329        54       998  1.7911  1.3846  1.8312     24.61
 13      2376        73      1798  1.7878  1.3519  1.8016     32.55
 14      4265        99      3299  1.7950  1.3562  1.8348     43.08
 15      7560       129      5877  1.7726  1.3030  1.7814     58.60
 16     13382       173     10319  1.7701  1.3411  1.7558     77.35
 17     23803       232     18506  1.7787  1.3410  1.7934    102.60
 18     42199       314     32567  1.7728  1.3534  1.7598    134.39
 19     74613       410     56993  1.7681  1.3057  1.7500    181.98

# part 2: the column language alone, and the identity |Col_{2u-1}| = |C_u|
  L    |Col_L|     base     u      |C_u|  identity
  1          2      nan     1          2      True
  2          3  1.50000
  3          4  1.33333     2          4      True
  4          6  1.50000
  5          8  1.33333     3          8      True
  6         10  1.25000
  7         13  1.30000     4         13      True
  8         17  1.30769
  9         23  1.35294     5         23      True
 10         29  1.26087
 11         39  1.34483     6         39      True
 12         54  1.38462
 13         73  1.35185     7         73      True
 14         99  1.35616
 15        129  1.30303     8        129      True
 16        173  1.34109
 17        232  1.34104     9        232      True
 18        314  1.35345
 19        410  1.30573    10        410      True
 20        570  1.39024
 21        742  1.30175    11        742      True
 22       1009  1.35984
 23       1329  1.31715    12       1329      True
 24       1800  1.35440
 25       2376  1.32000    13       2376      True
 26       3191  1.34301
 27       4265  1.33657    14       4265      True
 28       5658  1.32661
 29       7560  1.33616    15       7560      True
 30      10040  1.32804
 31      13382  1.33287    16      13382      True
 32      17771  1.32798
 33      23803  1.33943    17      23803      True
 34      31592  1.32723
 35      42199  1.33575    18      42199      True
 36      55939  1.32560
 37      74613  1.33383    19      74613      True
 38      99033  1.32729
 39     131873  1.33161    20     131873      True
 40     175164  1.32828
 41     233042  1.33042    21     233042      True
 42     309669  1.32881
 43     411664  1.32937    22     411664      True

# part 3: the suffix bijection  column(w), |w| = 2u-1   <->   state(w[-u:])
  u    |C_u|  |Col_2u-1|  well-defined  onto C_u
  3        8           8          True      True
  4       13          13          True      True
  5       23          23          True      True
  6       39          39          True      True
  7       73          73          True      True
  8      129         129          True      True
