  L  k_col  k_dia  k_seed  ceil((L+1)/2)   |Dia_L|  dia forgets?
  1      1      1       1              1         2         False
  2      2      2       2              2         4         False
  3      2      3       2              2         8         False
  4      3      4       3              3        13         False
  5      3      5       3              3        21         False
  6      4      6       4              4        35         False
  7      4      7       4              4        62         False
  8      5      8       5              5        91         False
  9      5      9       5              5       165         False
 10      6     10       6              6       297         False
 11      6     11       6              6       545         False
 12      7     12       7              7       998         False
 13      7     13       7              7      1798         False

# per-entry diagonal memory k_dia(L,i), i = 0..L-1
L= 1 k_dia(L,i)=[1]  col-law would give [1]  same=True
L= 2 k_dia(L,i)=[2, 2]  col-law would give [2, 1]  same=False
L= 3 k_dia(L,i)=[2, 3, 3]  col-law would give [2, 2, 1]  same=False
L= 4 k_dia(L,i)=[3, 3, 4, 4]  col-law would give [3, 2, 2, 1]  same=False
L= 5 k_dia(L,i)=[3, 4, 4, 5, 5]  col-law would give [3, 3, 2, 2, 1]  same=False
L= 6 k_dia(L,i)=[4, 4, 5, 5, 6, 6]  col-law would give [4, 3, 3, 2, 2, 1]  same=False
L= 7 k_dia(L,i)=[4, 5, 5, 6, 6, 7, 7]  col-law would give [4, 4, 3, 3, 2, 2, 1]  same=False
L= 8 k_dia(L,i)=[5, 5, 6, 6, 7, 7, 8, 8]  col-law would give [5, 4, 4, 3, 3, 2, 2, 1]  same=False
L= 9 k_dia(L,i)=[5, 6, 6, 7, 7, 8, 8, 9, 9]  col-law would give [5, 5, 4, 4, 3, 3, 2, 2, 1]  same=False
L=10 k_dia(L,i)=[6, 6, 7, 7, 8, 8, 9, 9, 10, 10]  col-law would give [6, 5, 5, 4, 4, 3, 3, 2, 2, 1]  same=False
L=11 k_dia(L,i)=[6, 7, 7, 8, 8, 9, 9, 10, 10, 11, 11]  col-law would give [6, 6, 5, 5, 4, 4, 3, 3, 2, 2, 1]  same=False
L=12 k_dia(L,i)=[7, 7, 8, 8, 9, 9, 10, 10, 11, 11, 12, 12]  col-law would give [7, 6, 6, 5, 5, 4, 4, 3, 3, 2, 2, 1]  same=False
L=13 k_dia(L,i)=[7, 8, 8, 9, 9, 10, 10, 11, 11, 12, 12, 13, 13]  col-law would give [7, 7, 6, 6, 5, 5, 4, 4, 3, 3, 2, 2, 1]  same=False
