# 15 set partitions of the four-state alphabet
partition                          blocks  congruence   left  right
[[0, 1, 2, 3]]                          1        True   True   True (trivial)
[[0], [1, 2, 3]]                        2       False  False  False
[[0, 1], [2, 3]]                        2       False  False   True
[[0, 2, 3], [1]]                        2       False  False  False
[[0], [1], [2, 3]]                      3       False  False  False
[[0, 1, 2], [3]]                        2       False  False  False
[[0, 3], [1, 2]]                        2       False  False  False
[[0], [1, 2], [3]]                      3       False  False  False
[[0, 2], [1, 3]]                        2       False  False  False
[[0, 1, 3], [2]]                        2       False  False  False
[[0], [1, 3], [2]]                      3       False   True  False
[[0, 1], [2], [3]]                      3       False  False  False
[[0, 2], [1], [3]]                      3       False  False  False
[[0, 3], [1], [2]]                      3       False  False  False
[[0], [1], [2], [3]]                    4        True   True   True (trivial)

# nontrivial full congruences: 0

# nontrivial left-closed  (quotients the driving word): [[0],[1,3],[2]] only -- this is CONE[1]==CONE[3], already recorded
# nontrivial right-closed (quotients the trajectory state): [[0,1],[2,3]] only -- this is the HIGH BIT H(t)=t>>1
