recomputing exact absent-block sets for m=8,9,10, RW language, n=10..17
m=8: 18 absent: ['12121221', '12121222', '12122121', '12122212', '12122222', '12212121', '12212122', '12212221', '12212222', '12221212', '12221221', '12221222', '21212212', '21212221', '21221222', '21222122', '22122122', '22222222']
m=9: 65 absent: ['121212212', '121212221', '121212222', '121221212', '121221221', '121221222', '121222121', '121222122', '121222212', '121222221', '121222222', '122121212', '122121221', '122121222', '122122122', '122122212', '122122221', '122122222', '122212121', '122212122', '122212212', '122212221', '122212222', '122221212', '122221222', '122222121', '122222122', '122222212', '122222221', '122222222', '212121221', '212121222', '212122121', '212122122', '212122212', '212122221', '212122222', '212212121', '212212122', '212212221', '212212222', '212221212', '212221221', '212221222', '221212212', '221212221', '221221221', '221221222', '221222121', '221222122', '221222212', '221222221', '221222222', '222121212', '222122122', '222212122', '222212212', '222212221', '222221212', '222221221', '222222121', '222222122', '222222212', '222222221', '222222222']
m=10: 136 absent: ['1212121212', '1212121221', '1212121222', '1212122121', '1212122122', '1212122212', '1212122221', '1212122222', '1212212121', '1212212122', '1212212212', '1212212221', '1212212222', '1212221212', '1212221221', '1212221222', '1212222121', '1212222122', '1212222212', '1212222221', '1212222222', '1221212121', '1221212122', '1221212212', '1221212221', '1221212222', '1221221212', '1221221221', '1221221222', '1221222121', '1221222122', '1221222212', '1221222221', '1221222222', '1222121212', '1222121221', '1222121222', '1222122121', '1222122122', '1222122212', '1222122221', '1222122222', '1222212121', '1222212122', '1222212212', '1222212221', '1222212222', '1222221212', '1222221221', '1222221222', '1222222121', '1222222122', '1222222212', '1222222221', '1222222222', '2121212122', '2121212212', '2121212221', '2121212222', '2121221212', '2121221221', '2121221222', '2121222121', '2121222122', '2121222212', '2121222221', '2121222222', '2122121212', '2122121221', '2122121222', '2122122122', '2122122212', '2122122221', '2122122222', '2122212121', '2122212122', '2122212212', '2122212221', '2122212222', '2122221212', '2122221222', '2122222121', '2122222122', '2122222212', '2122222221', '2122222222', '2212121221', '2212121222', '2212122121', '2212122122', '2212122212', '2212122221', '2212122222', '2212212121', '2212212122', '2212212212', '2212212221', '2212212222', '2212221212', '2212221221', '2212221222', '2212222121', '2212222122', '2212222212', '2212222221', '2212222222', '2221212121', '2221212122', '2221212212', '2221212221', '2221221212', '2221221221', '2221221222', '2221222121', '2221222122', '2221222212', '2221222221', '2221222222', '2222121212', '2222121221', '2222121222', '2222122121', '2222122122', '2222122212', '2222212121', '2222212122', '2222212212', '2222212221', '2222221212', '2222221221', '2222221222', '2222222121', '2222222122', '2222222212', '2222222221', '2222222222']

searching n=18,19,20 (both c) for each absent block
  m=8 n=18 c=2: runs>=m: 249; found 13/18 of the absent blocks
  m=8 n=18 c=3: runs>=m: 195; found 7/18 of the absent blocks
  m=8 n=19 c=2: runs>=m: 334; found 13/18 of the absent blocks
  m=8 n=19 c=3: runs>=m: 389; found 11/18 of the absent blocks
  m=8 n=20 c=2: runs>=m: 905; found 16/18 of the absent blocks
  m=8 n=20 c=3: runs>=m: 761; found 15/18 of the absent blocks
  m=9 n=18 c=2: runs>=m: 94; found 16/65 of the absent blocks
  m=9 n=18 c=3: runs>=m: 93; found 11/65 of the absent blocks
  m=9 n=19 c=2: runs>=m: 173; found 19/65 of the absent blocks
  m=9 n=19 c=3: runs>=m: 97; found 11/65 of the absent blocks
  m=9 n=20 c=2: runs>=m: 267; found 21/65 of the absent blocks
  m=9 n=20 c=3: runs>=m: 266; found 26/65 of the absent blocks
  m=10 n=18 c=2: runs>=m: 34; found 12/136 of the absent blocks
  m=10 n=18 c=3: runs>=m: 26; found 4/136 of the absent blocks
  m=10 n=19 c=2: runs>=m: 42; found 9/136 of the absent blocks
  m=10 n=19 c=3: runs>=m: 42; found 7/136 of the absent blocks
  m=10 n=20 c=2: runs>=m: 88; found 8/136 of the absent blocks
  m=10 n=20 c=3: runs>=m: 111; found 22/136 of the absent blocks
done
