analyzing n10_c2 ...
  k_star=4 k_max=5 extremal=['12121', '22222'] missing_count=3
analyzing n11_c2 ...
  k_star=4 k_max=6 extremal=['212121'] missing_count=3
analyzing n12_c2 ...
  k_star=5 k_max=9 extremal=['212222222'] missing_count=4
analyzing n13_c2 ...
  k_star=5 k_max=7 extremal=['2221222', '2222222'] missing_count=2
analyzing n14_c2 ...
  k_star=5 k_max=10 extremal=['2122221221'] missing_count=3
analyzing n15_c2 ...
  k_star=5 k_max=9 extremal=['212222121', '221221212', '222212121'] missing_count=2
analyzing n16_c2 ...
  k_star=6 k_max=10 extremal=['2221212222'] missing_count=1
analyzing n10_c3 ...
  k_star=4 k_max=7 extremal=['1222121'] missing_count=2
analyzing n11_c3 ...
  k_star=5 k_max=7 extremal=['2121212', '2121222', '2122221', '2222212'] missing_count=5
analyzing n12_c3 ...
  k_star=5 k_max=8 extremal=['22221222'] missing_count=6
analyzing n13_c3 ...
  k_star=5 k_max=9 extremal=['222122121'] missing_count=4
analyzing n14_c3 ...
  k_star=6 k_max=8 extremal=['12122221', '22212122', '22222212'] missing_count=13
analyzing n15_c3 ...
  k_star=6 k_max=8 extremal=['12222121', '22122222', '22212122'] missing_count=4
analyzing n16_c3 ...
  k_star=6 k_max=10 extremal=['2121212121', '2212121212'] missing_count=3
wrote fiber_full_analysis.json
