# n=9: forced orbits for 512 sources in 0.0s
## n=9 c=2 (E target 0); levels j=0..12
j |S_j| |S_j+1| |D_j| |Dall_j| ratio balE balAll | strict: cover full maxmin match | lenient: cover maxmin match | freeH cover | states cov_strict cov_lenient | strict min-delta histogram
 0     512     162     214     350 0.316    Y      Y | 0.944 0.944   7    146/162    | 0.969   7    153/162    | 1.000 |     72     70     71 | 0:42 1:34 2:29 3:8 4:20 5:12 6:5 7:3
 1     162      57      73     105 0.352    Y      Y | 0.614 0.544   6     31/57     | 0.649   6     33/57     | 0.772 |     26     16     17 | 0:6 1:5 2:1 3:10 4:3 5:7 6:3
 2      57      17      35      40 0.298    Y      Y | 0.235 0.118   6      4/17     | 0.235   6      4/17     | 0.529 |      8      2      2 | 3:2 6:2
 3      17       4       2      13 0.235    N      Y | 0.000 0.000  -1      0/4      | 0.500   7      2/4      | 0.500 |      2      0      1 | 
 4       4       0       0       4  (no survivors past level 4)
## n=9 c=3 (E target 1); levels j=0..12
j |S_j| |S_j+1| |D_j| |Dall_j| ratio balE balAll | strict: cover full maxmin match | lenient: cover maxmin match | freeH cover | states cov_strict cov_lenient | strict min-delta histogram
 0     512     214     162     298 0.418    N      Y | 0.860 0.860   7    146/214    | 0.888   7    161/214    | 1.000 |     98     89     91 | 0:42 1:46 2:26 3:24 4:20 5:9 6:10 7:7
 1     214     112      70     102 0.523    N      N | 0.330 0.196   6     32/112    | 0.446   6     45/112    | 0.696 |     48     16     22 | 0:3 1:5 2:3 3:14 4:5 5:2 6:5
 2     112      53      41      59 0.473    N      Y | 0.151 0.075   6      8/53     | 0.302   6     16/53     | 0.755 |     21      5      8 | 2:4 3:2 6:2
 3      53      23      18      30 0.434    N      Y | 0.000 0.000  -1      0/23     | 0.130   1      3/23     | 0.217 |      9      0      1 | 
 4      23       6       5      17 0.261    N      Y | 0.000 0.000  -1      0/6      | 0.000  -1      0/6      | 0.000 |      1      0      0 | 
 5       6       6       0       0 1.000    N      N | 0.000 0.000  -1      0/6      | 0.000  -1      0/6      | 0.000 |      1      0      0 | 
 6       6       6       0       0 1.000    N      N | 0.000 0.000  -1      0/6      | 0.000  -1      0/6      | 0.000 |      1      0      0 | 
 7       6       6       0       0 1.000    N      N | 0.000 0.000  -1      0/6      | 0.000  -1      0/6      | 0.000 |      1      0      0 | 
 8       6       0       0       6  (no survivors past level 8)
# n=10: forced orbits for 1024 sources in 0.1s
## n=10 c=2 (E target 0); levels j=0..13
j |S_j| |S_j+1| |D_j| |Dall_j| ratio balE balAll | strict: cover full maxmin match | lenient: cover maxmin match | freeH cover | states cov_strict cov_lenient | strict min-delta histogram
 0    1024     396     385     628 0.387    N      Y | 0.884 0.884   8    321/396    | 0.891   8    327/396    | 1.000 |    154    145    145 | 0:72 1:73 2:64 3:49 4:33 5:26 6:15 7:14 8:4
 1     396     177     163     219 0.447    N      Y | 0.525 0.356   8     79/177    | 0.678   8    108/177    | 0.915 |     69     43     50 | 0:21 1:14 2:6 3:26 4:9 5:4 6:5 7:5 8:3
 2     177      62      81     115 0.350    Y      Y | 0.323 0.081   8     18/62     | 0.419   8     24/62     | 0.661 |     23      9     11 | 0:3 1:1 5:1 6:4 7:4 8:7
 3      62      26      30      36 0.419    Y      Y | 0.000 0.000  -1      0/26     | 0.000  -1      0/26     | 0.154 |      8      0      0 | 
 4      26       6       9      20 0.231    Y      Y | 0.000 0.000  -1      0/6      | 0.000  -1      0/6      | 0.333 |      2      0      0 | 
 5       6       0       2       6  (no survivors past level 5)
## n=10 c=3 (E target 1); levels j=0..13
j |S_j| |S_j+1| |D_j| |Dall_j| ratio balE balAll | strict: cover full maxmin match | lenient: cover maxmin match | freeH cover | states cov_strict cov_lenient | strict min-delta histogram
 0    1024     385     396     639 0.376    Y      Y | 0.909 0.909   8    321/385    | 0.951   8    344/385    | 1.000 |    160    154    157 | 0:72 1:67 2:57 3:60 4:26 5:26 6:13 7:15 8:14
 1     385     159     152     226 0.413    N      Y | 0.440 0.333   7     61/159    | 0.541   7     80/159    | 0.849 |     67     36     42 | 0:10 1:9 2:14 3:12 4:15 5:1 6:4 7:5
 2     159      62      67      97 0.390    Y      Y | 0.210 0.032   7     11/62     | 0.306   7     17/62     | 0.516 |     26      8     11 | 2:2 3:4 4:3 6:3 7:1
 3      62      22      18      40 0.355    N      Y | 0.000 0.000  -1      0/22     | 0.000  -1      0/22     | 0.091 |     10      0      0 | 
 4      22      14       8       8 0.636    N      N | 0.214 0.000   6      3/14     | 0.214   6      3/14     | 0.357 |      7      2      2 | 4:1 6:2
 5      14      12       2       2 0.857    N      N | 0.000 0.000  -1      0/12     | 0.000  -1      0/12     | 0.000 |      6      0      0 | 
 6      12       4       2       8 0.333    N      Y | 0.000 0.000  -1      0/4      | 0.000  -1      0/4      | 0.000 |      2      0      0 | 
 7       4       0       0       4  (no survivors past level 7)
# n=11: forced orbits for 2048 sources in 0.2s
## n=11 c=2 (E target 0); levels j=0..14
j |S_j| |S_j+1| |D_j| |Dall_j| ratio balE balAll | strict: cover full maxmin match | lenient: cover maxmin match | freeH cover | states cov_strict cov_lenient | strict min-delta histogram
 0    2048     728     805    1320 0.355    Y      Y | 0.923 0.923   9    616/728    | 0.926   9    625/728    | 1.000 |    256    249    249 | 0:81 1:168 2:147 3:50 4:63 5:65 6:40 7:30 8:14 9:14
 1     728     285     343     443 0.391    Y      Y | 0.411 0.316   8    110/285    | 0.474   9    129/285    | 0.832 |     96     47     53 | 0:30 1:6 2:11 3:18 4:10 5:15 6:10 7:13 8:4
 2     285      93     117     192 0.326    Y      Y | 0.269 0.086   6     25/93     | 0.290   5     27/93     | 0.624 |     34      9     10 | 1:2 2:6 3:2 4:9 5:2 6:4
 3      93      36      38      57 0.387    Y      Y | 0.111 0.000   6      4/36     | 0.111   6      4/36     | 0.111 |     12      3      3 | 0:2 1:1 6:1
 4      36       9       3      27 0.250    N      Y | 0.000 0.000  -1      0/9      | 0.000  -1      0/9      | 0.000 |      4      0      0 | 
 5       9       4       5       5 0.444    Y      Y | 0.000 0.000  -1      0/4      | 0.000  -1      0/4      | 0.000 |      1      0      0 | 
 6       4       0       4       4  (no survivors past level 6)
## n=11 c=3 (E target 1); levels j=0..14
j |S_j| |S_j+1| |D_j| |Dall_j| ratio balE balAll | strict: cover full maxmin match | lenient: cover maxmin match | freeH cover | states cov_strict cov_lenient | strict min-delta histogram
 0    2048     805     728    1243 0.393    N      Y | 0.872 0.872  10    616/805    | 0.899   9    670/805    | 1.000 |    296    275    280 | 0:81 1:169 2:141 3:77 4:57 5:57 6:59 7:43 8:13 9:4 10:1
 1     805     325     348     480 0.404    Y      Y | 0.585 0.474   9    172/325    | 0.698   9    204/325    | 0.926 |    122     78     91 | 0:22 1:49 2:26 3:26 4:12 5:16 6:26 7:7 8:4 9:2
 2     325     157     117     168 0.483    N      Y | 0.268 0.121   9     39/157    | 0.338   9     50/157    | 0.567 |     58     18     23 | 1:8 2:11 3:2 4:10 5:4 7:2 8:3 9:2
 3     157      79      48      78 0.503    N      N | 0.101 0.038   7      6/79     | 0.101   7      6/79     | 0.203 |     28      3      3 | 4:4 5:2 7:2
 4      79      32      35      47 0.405    Y      Y | 0.125 0.000   8      2/32     | 0.188   8      4/32     | 0.281 |     12      1      2 | 7:2 8:2
 5      32      14       1      18 0.438    N      Y | 0.000 0.000  -1      0/14     | 0.000  -1      0/14     | 0.000 |      5      0      0 | 
 6      14      12       2       2 0.857    N      N | 0.000 0.000  -1      0/12     | 0.000  -1      0/12     | 0.000 |      4      0      0 | 
 7      12       0      12      12  (no survivors past level 7)
# n=12: forced orbits for 4096 sources in 0.4s
## n=12 c=2 (E target 0); levels j=0..15
j |S_j| |S_j+1| |D_j| |Dall_j| ratio balE balAll | strict: cover full maxmin match | lenient: cover maxmin match | freeH cover | states cov_strict cov_lenient | strict min-delta histogram
 0    4096    1607    1487    2489 0.392    N      Y | 0.943 0.943  10   1356/1607   | 0.953  10   1461/1607   | 1.000 |    517    500    506 | 0:239 1:319 2:269 3:181 4:178 5:86 6:76 7:58 8:57 9:40 10:13
 1    1607     752     604     855 0.468    N      Y | 0.512 0.412  10    318/752    | 0.609   9    409/752    | 0.898 |    219    140    151 | 0:44 1:40 2:78 3:35 4:30 5:49 6:24 7:36 8:25 9:22 10:2
 2     752     278     310     474 0.370    Y      Y | 0.392 0.165   9     99/278    | 0.493   9    130/278    | 0.709 |     90     42     50 | 0:18 1:34 2:10 3:8 4:6 5:5 6:12 7:8 8:5 9:3
 3     278     119     114     159 0.428    N      Y | 0.168 0.025  10     20/119    | 0.227  10     27/119    | 0.479 |     36      7     10 | 0:6 2:8 7:2 9:1 10:3
 4     119      33      41      86 0.277    Y      Y | 0.061 0.000   6      2/33     | 0.061   6      2/33     | 0.061 |     13      1      1 | 6:2
 5      33      14      10      19 0.424    N      Y | 0.000 0.000  -1      0/14     | 0.000  -1      0/14     | 0.000 |      5      0      0 | 
 6      14       6       4       8 0.429    N      Y | 0.000 0.000  -1      0/6      | 0.000  -1      0/6      | 0.000 |      2      0      0 | 
 7       6       2       0       4 0.333    N      Y | 0.000 0.000  -1      0/2      | 0.000  -1      0/2      | 0.000 |      1      0      0 | 
 8       2       2       0       0 1.000    N      N | 0.000 0.000  -1      0/2      | 0.000  -1      0/2      | 0.000 |      1      0      0 | 
 9       2       0       2       2  (no survivors past level 9)
## n=12 c=3 (E target 1); levels j=0..15
j |S_j| |S_j+1| |D_j| |Dall_j| ratio balE balAll | strict: cover full maxmin match | lenient: cover maxmin match | freeH cover | states cov_strict cov_lenient | strict min-delta histogram
 0    4096    1487    1607    2609 0.363    Y      Y | 0.955 0.955  11   1356/1487   | 0.964  10   1374/1487   | 1.000 |    496    484    485 | 0:239 1:311 2:240 3:208 4:148 5:65 6:94 7:43 8:37 9:24 10:10 11:1
 1    1487     721     561     766 0.485    N      Y | 0.509 0.369  11    298/721    | 0.592  11    363/721    | 0.871 |    237    133    154 | 0:65 1:57 2:32 3:46 4:25 5:41 6:32 7:32 8:24 9:11 10:1 11:1
 2     721     226     317     495 0.313    Y      Y | 0.323 0.102  10     67/226    | 0.460  10     96/226    | 0.761 |     81     31     42 | 0:9 1:5 2:4 3:2 4:6 5:15 6:13 7:13 8:5 10:1
 3     226      87      93     139 0.385    Y      Y | 0.218 0.080   9     19/87     | 0.241  10     21/87     | 0.368 |     32      7      8 | 0:2 1:4 4:2 7:7 9:4
 4      87      44      26      43 0.506    N      N | 0.000 0.000  -1      0/44     | 0.045  10      2/44     | 0.159 |     15      0      1 | 
 5      44       5      39      39 0.114    Y      Y | 0.000 0.000  -1      0/5      | 0.000  -1      0/5      | 0.000 |      2      0      0 | 
 6       5       1       4       4 0.200    Y      Y | 0.000 0.000  -1      0/1      | 0.000  -1      0/1      | 0.000 |      1      0      0 | 
 7       1       1       0       0 1.000    N      N | 0.000 0.000  -1      0/1      | 0.000  -1      0/1      | 0.000 |      1      0      0 | 
 8       1       0       1       1  (no survivors past level 8)
# n=13: forced orbits for 8192 sources in 0.9s
## n=13 c=2 (E target 0); levels j=0..16
j |S_j| |S_j+1| |D_j| |Dall_j| ratio balE balAll | strict: cover full maxmin match | lenient: cover maxmin match | freeH cover | states cov_strict cov_lenient | strict min-delta histogram
 0    8192    3068    3094    5124 0.375    Y      Y | 0.951 0.951  12   2759/3068   | 0.962  12   2851/3068   | 1.000 |    889    862    868 | 0:579 1:678 2:425 3:376 4:220 5:193 6:134 7:115 8:71 9:56 10:56 11:13 12:1
 1    3068    1146    1376    1922 0.374    Y      Y | 0.620 0.491  11    664/1146   | 0.709  12    771/1146   | 0.894 |    361    242    272 | 0:79 1:98 2:86 3:76 4:75 5:67 6:87 7:53 8:44 9:28 10:12 11:6
 2    1146     489     433     657 0.427    N      Y | 0.303 0.133  11    128/489    | 0.403  11    177/489    | 0.638 |    157     58     71 | 0:23 1:34 2:10 3:11 4:17 5:13 6:6 7:16 8:6 9:2 10:5 11:5
 3     489     171     198     318 0.350    Y      Y | 0.193 0.058  10     33/171    | 0.251  10     43/171    | 0.415 |     55     12     16 | 2:15 3:2 4:1 5:3 7:3 8:6 9:1 10:2
 4     171      81      64      90 0.474    N      Y | 0.000 0.000  -1      0/81     | 0.000  -1      0/81     | 0.074 |     26      0      0 | 
 5      81      27      42      54 0.333    Y      Y | 0.000 0.000  -1      0/27     | 0.000  -1      0/27     | 0.000 |      9      0      0 | 
 6      27      12       8      15 0.444    N      Y | 0.000 0.000  -1      0/12     | 0.000  -1      0/12     | 0.000 |      3      0      0 | 
 7      12       0      12      12  (no survivors past level 7)
## n=13 c=3 (E target 1); levels j=0..16
j |S_j| |S_j+1| |D_j| |Dall_j| ratio balE balAll | strict: cover full maxmin match | lenient: cover maxmin match | freeH cover | states cov_strict cov_lenient | strict min-delta histogram
 0    8192    3094    3068    5098 0.378    N      Y | 0.951 0.951  12   2759/3094   | 0.961  11   2867/3094   | 1.000 |    899    879    882 | 0:579 1:668 2:426 3:373 4:257 5:185 6:128 7:104 8:98 9:65 10:45 11:12 12:1
 1    3094    1266    1305    1828 0.409    Y      Y | 0.573 0.413  11    634/1266   | 0.649  11    740/1266   | 0.896 |    381    250    277 | 0:126 1:96 2:61 3:83 4:49 5:49 6:83 7:52 8:49 9:52 10:17 11:8
 2    1266     503     506     763 0.397    Y      Y | 0.270 0.125  11    130/503    | 0.364  11    177/503    | 0.682 |    146     51     66 | 0:11 1:14 2:14 3:18 4:6 5:25 6:8 7:16 8:14 9:4 10:4 11:2
 3     503     176     235     327 0.350    Y      Y | 0.159 0.000  10     28/176    | 0.176  10     31/176    | 0.318 |     58     11     13 | 1:8 3:4 5:4 6:2 8:6 10:4
 4     176      70      76     106 0.398    Y      Y | 0.100 0.000   6      5/70     | 0.157   6      9/70     | 0.200 |     23      4      5 | 0:2 1:2 3:1 6:2
 5      70      20      23      50 0.286    Y      Y | 0.000 0.000  -1      0/20     | 0.150   3      3/20     | 0.150 |      7      0      1 | 
 6      20       9       5      11 0.450    N      Y | 0.000 0.000  -1      0/9      | 0.000  -1      0/9      | 0.000 |      3      0      0 | 
 7       9       3       6       6 0.333    Y      Y | 0.000 0.000  -1      0/3      | 0.000  -1      0/3      | 0.000 |      1      0      0 | 
 8       3       3       0       0 1.000    N      N | 0.000 0.000  -1      0/3      | 0.000  -1      0/3      | 0.000 |      1      0      0 | 
 9       3       0       3       3  (no survivors past level 9)
# n=14: forced orbits for 16384 sources in 2.0s
## n=14 c=2 (E target 0); levels j=0..17
j |S_j| |S_j+1| |D_j| |Dall_j| ratio balE balAll | strict: cover full maxmin match | lenient: cover maxmin match | freeH cover | states cov_strict cov_lenient | strict min-delta histogram
 0   16384    6145    6145   10239 0.375    Y      Y | 0.955 0.955  13   5502/6145   | 0.962  13   5636/6145   | 1.000 |   1613   1587   1591 | 0:1129 1:1195 2:908 3:690 4:568 5:366 6:342 7:214 8:180 9:110 10:83 11:54 12:31 13:1
 1    6145    2685    2470    3460 0.437    N      Y | 0.604 0.476  12   1355/2685   | 0.706  12   1660/2685   | 0.914 |    698    487    557 | 0:163 1:225 2:223 3:211 4:139 5:115 6:97 7:130 8:90 9:110 10:63 11:43 12:12
 2    2685    1099    1051    1586 0.409    N      Y | 0.357 0.167  12    356/1099   | 0.464  12    463/1099   | 0.735 |    286    123    158 | 0:25 1:41 2:25 3:53 4:30 5:37 6:34 7:45 8:35 9:26 10:18 11:19 12:4
 3    1099     386     511     713 0.351    Y      Y | 0.119 0.023  11     40/386    | 0.181  11     64/386    | 0.389 |    101     17     23 | 0:4 1:4 2:1 3:1 4:1 5:15 6:4 7:10 8:2 10:2 11:2
 4     386     134     173     252 0.347    Y      Y | 0.097 0.015  10     13/134    | 0.097  10     13/134    | 0.142 |     38      4      4 | 1:4 4:3 5:2 10:4
 5     134      57      63      77 0.425    Y      Y | 0.000 0.000  -1      0/57     | 0.000  -1      0/57     | 0.000 |     18      0      0 | 
 6      57      21      15      36 0.368    N      Y | 0.000 0.000  -1      0/21     | 0.000  -1      0/21     | 0.000 |      5      0      0 | 
 7      21       6       7      15 0.286    Y      Y | 0.000 0.000  -1      0/6      | 0.000  -1      0/6      | 0.000 |      2      0      0 | 
 8       6       4       2       2 0.667    N      N | 0.000 0.000  -1      0/4      | 0.000  -1      0/4      | 0.000 |      1      0      0 | 
 9       4       4       0       0 1.000    N      N | 0.000 0.000  -1      0/4      | 0.000  -1      0/4      | 0.000 |      1      0      0 | 
10       4       0       0       4  (no survivors past level 10)
## n=14 c=3 (E target 1); levels j=0..17
j |S_j| |S_j+1| |D_j| |Dall_j| ratio balE balAll | strict: cover full maxmin match | lenient: cover maxmin match | freeH cover | states cov_strict cov_lenient | strict min-delta histogram
 0   16384    6145    6145   10239 0.375    Y      Y | 0.952 0.952  12   5502/6145   | 0.967  12   5811/6145   | 1.000 |   1586   1553   1559 | 0:1129 1:1182 2:934 3:745 4:492 5:405 6:315 7:227 8:133 9:143 10:104 11:35 12:9
 1    6145    2684    2452    3461 0.437    N      Y | 0.599 0.459  13   1348/2684   | 0.681  13   1594/2684   | 0.904 |    683    471    517 | 0:156 1:214 2:194 3:172 4:183 5:107 6:147 7:169 8:86 9:90 10:55 11:28 12:7 13:1
 2    2684    1072    1154    1612 0.399    Y      Y | 0.297 0.139  13    280/1072   | 0.410  13    385/1072   | 0.693 |    275    100    129 | 0:33 1:26 2:48 3:22 4:23 5:18 6:28 7:26 8:36 9:26 10:22 11:8 12:1 13:1
 3    1072     407     390     665 0.380    N      Y | 0.167 0.057  11     68/407    | 0.184  11     75/407    | 0.297 |    103     24     28 | 0:8 2:11 4:13 5:7 6:15 7:6 8:4 9:2 11:2
 4     407     145     178     262 0.356    Y      Y | 0.028 0.000  11      4/145    | 0.083  11     12/145    | 0.131 |     35      1      3 | 11:4
 5     145      42      64     103 0.290    Y      Y | 0.000 0.000  -1      0/42     | 0.000  -1      0/42     | 0.095 |     12      0      0 | 
 6      42      25      14      17 0.595    N      N | 0.000 0.000  -1      0/25     | 0.000  -1      0/25     | 0.000 |      8      0      0 | 
 7      25       8      17      17 0.320    Y      Y | 0.000 0.000  -1      0/8      | 0.000  -1      0/8      | 0.000 |      3      0      0 | 
 8       8       0       8       8  (no survivors past level 8)
# n=15: forced orbits for 32768 sources in 4.3s
## n=15 c=2 (E target 0); levels j=0..18
j |S_j| |S_j+1| |D_j| |Dall_j| ratio balE balAll | strict: cover full maxmin match | lenient: cover maxmin match | freeH cover | states cov_strict cov_lenient | strict min-delta histogram
 0   32768   12134   12533   20634 0.370    Y      Y | 0.967 0.967  13  11517/12134  | 0.974  13  11676/12134  | 1.000 |   2816   2782   2789 | 0:1874 1:2479 2:2015 3:1611 4:1081 5:745 6:536 7:415 8:347 9:281 10:169 11:99 12:67 13:12
 1   12134    4829    5391    7305 0.398    Y      Y | 0.662 0.526  14   2832/4829   | 0.747  14   3301/4829   | 0.926 |   1132    840    913 | 0:342 1:341 2:383 3:364 4:324 5:269 6:214 7:228 8:219 9:205 10:129 11:112 12:55 13:12 14:2
 2    4829    1680    2145    3149 0.348    Y      Y | 0.377 0.195  13    574/1680   | 0.462  13    726/1680   | 0.733 |    390    163    196 | 0:110 1:72 2:68 3:52 4:39 5:51 6:46 7:41 8:49 9:33 10:50 11:18 12:3 13:1
 3    1680     727     610     953 0.433    N      Y | 0.110 0.019  11     77/727    | 0.147  11    102/727    | 0.267 |    164     29     40 | 0:2 1:7 2:9 3:9 4:6 5:18 6:3 9:14 10:2 11:10
 4     727     272     299     455 0.374    Y      Y | 0.044 0.000   6     12/272    | 0.059   6     16/272    | 0.118 |     54      1      2 | 6:12
 5     272      92     114     180 0.338    Y      Y | 0.000 0.000  -1      0/92     | 0.000  -1      0/92     | 0.196 |     23      0      0 | 
 6      92      43      41      49 0.467    N      Y | 0.186 0.000   6      8/43     | 0.186   6      8/43     | 0.186 |     13      1      1 | 6:8
 7      43      18      12      25 0.419    N      Y | 0.000 0.000  -1      0/18     | 0.000  -1      0/18     | 0.000 |      4      0      0 | 
 8      18      10       0       8 0.556    N      N | 0.000 0.000  -1      0/10     | 0.000  -1      0/10     | 0.000 |      3      0      0 | 
 9      10       0       6      10  (no survivors past level 9)
## n=15 c=3 (E target 1); levels j=0..18
j |S_j| |S_j+1| |D_j| |Dall_j| ratio balE balAll | strict: cover full maxmin match | lenient: cover maxmin match | freeH cover | states cov_strict cov_lenient | strict min-delta histogram
 0   32768   12533   12134   20235 0.382    N      Y | 0.964 0.964  14  11517/12533  | 0.971  14  11832/12533  | 1.000 |   2858   2816   2824 | 0:1874 1:2501 2:2000 3:1670 4:1091 5:794 6:612 7:488 8:370 9:265 10:192 11:128 12:83 13:15 14:1
 1   12533    5054    5348    7479 0.403    Y      Y | 0.644 0.541  14   2863/5054   | 0.732  14   3392/5054   | 0.932 |   1185    855    942 | 0:409 1:458 2:431 3:303 4:227 5:275 6:270 7:213 8:191 9:186 10:151 11:85 12:35 13:18 14:2
 2    5054    2065    1939    2989 0.409    N      Y | 0.326 0.171  13    587/2065   | 0.422  13    783/2065   | 0.733 |    467    198    241 | 0:39 1:71 2:68 3:47 4:70 5:66 6:52 7:70 8:52 9:58 10:40 11:22 12:15 13:4
 3    2065     818     839    1247 0.396    Y      Y | 0.141 0.023  13    104/818    | 0.205  13    155/818    | 0.374 |    193     38     47 | 0:4 1:6 2:10 3:27 4:6 5:3 6:2 7:13 8:10 9:18 10:8 11:2 12:4 13:2
 4     818     333     299     485 0.407    N      Y | 0.087 0.012  12     24/333    | 0.117  12     34/333    | 0.180 |     82      9     14 | 0:7 4:4 6:4 8:1 9:8 10:2 12:3
 5     333     142     145     191 0.426    Y      Y | 0.035 0.000   5      5/142    | 0.035   5      5/142    | 0.162 |     35      1      1 | 5:5
 6     142      30      97     112 0.211    Y      Y | 0.000 0.000  -1      0/30     | 0.000  -1      0/30     | 0.000 |     10      0      0 | 
 7      30       9      11      21 0.300    Y      Y | 0.000 0.000  -1      0/9      | 0.000  -1      0/9      | 0.000 |      3      0      0 | 
 8       9       0       7       9  (no survivors past level 8)
# n=16: forced orbits for 65536 sources in 9.0s
## n=16 c=2 (E target 0); levels j=0..19
j |S_j| |S_j+1| |D_j| |Dall_j| ratio balE balAll | strict: cover full maxmin match | lenient: cover maxmin match | freeH cover | states cov_strict cov_lenient | strict min-delta histogram
 0   65536   24540   24909   40996 0.374    Y      Y | 0.979 0.979  14  23722/24540  | 0.982  14  23889/24540  | 1.000 |   5027   4978   4983 | 0:3751 1:5215 2:4256 3:2903 4:2027 5:1620 6:1216 7:1020 8:560 9:506 10:371 11:306 12:152 13:107 14:12
 1   24540   10598    9927   13942 0.432    N      Y | 0.652 0.551  14   5879/10598  | 0.738  14   6987/10598  | 0.927 |   2127   1591   1737 | 0:870 1:837 2:701 3:642 4:668 5:514 6:455 7:381 8:407 9:394 10:371 11:317 12:216 13:109 14:30
 2   10598    4332    4045    6266 0.409    N      Y | 0.312 0.151  13   1213/4332   | 0.403  13   1575/4332   | 0.712 |    855    349    436 | 0:96 1:118 2:142 3:104 4:127 5:92 6:172 7:138 8:106 9:75 10:75 11:61 12:34 13:11
 3    4332    2017    1528    2315 0.466    N      Y | 0.139 0.039  13    252/2017   | 0.185  14    342/2017   | 0.399 |    391     68     95 | 0:10 1:28 2:27 3:40 4:24 5:16 6:40 7:10 8:17 9:10 10:26 11:18 12:13 13:2
 4    2017     765     839    1252 0.379    Y      Y | 0.084 0.022  11     64/765    | 0.114  11     87/765    | 0.196 |    167     14     20 | 0:6 1:11 4:4 5:6 6:3 7:12 8:12 9:6 11:4
 5     765     255     371     510 0.333    Y      Y | 0.000 0.000  -1      0/255    | 0.004  11      1/255    | 0.075 |     54      0      1 | 
 6     255     124      65     131 0.486    N      Y | 0.081 0.000   4     10/124    | 0.081   4     10/124    | 0.105 |     25      1      1 | 4:10
 7     124      35      77      89 0.282    Y      Y | 0.000 0.000  -1      0/35     | 0.000  -1      0/35     | 0.000 |      6      0      0 | 
 8      35      11      18      24 0.314    Y      Y | 0.000 0.000  -1      0/11     | 0.000  -1      0/11     | 0.000 |      3      0      0 | 
 9      11       3       4       8 0.273    Y      Y | 0.000 0.000  -1      0/3      | 0.000  -1      0/3      | 0.000 |      1      0      0 | 
10       3       0       3       3  (no survivors past level 10)
## n=16 c=3 (E target 1); levels j=0..19
j |S_j| |S_j+1| |D_j| |Dall_j| ratio balE balAll | strict: cover full maxmin match | lenient: cover maxmin match | freeH cover | states cov_strict cov_lenient | strict min-delta histogram
 0   65536   24909   24540   40627 0.380    N      Y | 0.977 0.977  15  23722/24909  | 0.981  15  24226/24909  | 1.000 |   5045   4998   5009 | 0:3751 1:5296 2:4277 3:2797 4:2001 5:1797 6:1246 7:998 8:722 9:462 10:377 11:267 12:216 13:104 14:22 15:1
 1   24909   10412   10239   14497 0.418    N      Y | 0.668 0.548  15   6029/10412  | 0.768  15   7293/10412  | 0.944 |   2128   1603   1780 | 0:951 1:814 2:725 3:660 4:724 5:674 6:345 7:458 8:445 9:304 10:337 11:275 12:170 13:59 14:13 15:2
 2   10412    3977    4259    6435 0.382    Y      Y | 0.365 0.170  14   1260/3977   | 0.463  14   1634/3977   | 0.745 |    818    361    455 | 0:118 1:122 2:149 3:147 4:148 5:100 6:138 7:83 8:88 9:83 10:83 11:86 12:71 13:25 14:10
 3    3977    1698    1620    2279 0.427    N      Y | 0.218 0.045  14    333/1698   | 0.262  14    406/1698   | 0.392 |    340     86    111 | 0:41 1:36 2:20 3:36 4:32 5:26 6:13 7:34 8:36 9:25 10:15 11:24 12:20 13:6 14:6
 4    1698     625     727    1073 0.368    Y      Y | 0.074 0.000  12     46/625    | 0.083  12     52/625    | 0.147 |    133     11     13 | 1:18 2:2 3:8 6:4 8:2 9:2 10:6 11:2 12:2
 5     625     234     280     391 0.374    Y      Y | 0.000 0.000  -1      0/234    | 0.013   6      3/234    | 0.030 |     51      0      1 | 
 6     234      99      56     135 0.423    N      Y | 0.000 0.000  -1      0/99     | 0.000  -1      0/99     | 0.020 |     19      0      0 | 
 7      99      54      27      45 0.545    N      N | 0.000 0.000  -1      0/54     | 0.000  -1      0/54     | 0.000 |      8      0      0 | 
 8      54      28       4      26 0.519    N      N | 0.000 0.000  -1      0/28     | 0.000  -1      0/28     | 0.000 |      5      0      0 | 
 9      28      18       6      10 0.643    N      N | 0.000 0.000  -1      0/18     | 0.000  -1      0/18     | 0.000 |      2      0      0 | 
10      18       0      18      18  (no survivors past level 10)
## summary per (n, c), bulk levels = |S_j+1| >= 8: strict (E-death partner) and lenient (any-death partner) min cover / min match fraction / max minimal delta; unbalanced levels
n= 9 c=2: bulk j=0..2  strict cover>=0.235 match>=0.235 delta<=7  |  lenient cover>=0.235 match>=0.235 delta<=7  |  unbalanced E-only=[3] any-death=[]
n= 9 c=3: bulk j=0..3  strict cover>=0.000 match>=0.000 delta<=7  |  lenient cover>=0.130 match>=0.130 delta<=7  |  unbalanced E-only=[0, 1, 2, 3, 4, 5, 6, 7] any-death=[1, 5, 6, 7]
n=10 c=2: bulk j=0..3  strict cover>=0.000 match>=0.000 delta<=8  |  lenient cover>=0.000 match>=0.000 delta<=8  |  unbalanced E-only=[0, 1] any-death=[]
n=10 c=3: bulk j=0..5  strict cover>=0.000 match>=0.000 delta<=8  |  lenient cover>=0.000 match>=0.000 delta<=8  |  unbalanced E-only=[1, 3, 4, 5, 6] any-death=[4, 5]
n=11 c=2: bulk j=0..4  strict cover>=0.000 match>=0.000 delta<=9  |  lenient cover>=0.000 match>=0.000 delta<=9  |  unbalanced E-only=[4] any-death=[]
n=11 c=3: bulk j=0..6  strict cover>=0.000 match>=0.000 delta<=10  |  lenient cover>=0.000 match>=0.000 delta<=9  |  unbalanced E-only=[0, 2, 3, 5, 6] any-death=[3, 6]
n=12 c=2: bulk j=0..5  strict cover>=0.000 match>=0.000 delta<=10  |  lenient cover>=0.000 match>=0.000 delta<=10  |  unbalanced E-only=[0, 1, 3, 5, 6, 7, 8] any-death=[8]
n=12 c=3: bulk j=0..4  strict cover>=0.000 match>=0.000 delta<=11  |  lenient cover>=0.045 match>=0.045 delta<=11  |  unbalanced E-only=[1, 4, 7] any-death=[4, 7]
n=13 c=2: bulk j=0..6  strict cover>=0.000 match>=0.000 delta<=12  |  lenient cover>=0.000 match>=0.000 delta<=12  |  unbalanced E-only=[2, 4, 6] any-death=[]
n=13 c=3: bulk j=0..6  strict cover>=0.000 match>=0.000 delta<=12  |  lenient cover>=0.000 match>=0.000 delta<=11  |  unbalanced E-only=[0, 6, 8] any-death=[8]
n=14 c=2: bulk j=0..6  strict cover>=0.000 match>=0.000 delta<=13  |  lenient cover>=0.000 match>=0.000 delta<=13  |  unbalanced E-only=[1, 2, 6, 8, 9] any-death=[8, 9]
n=14 c=3: bulk j=0..7  strict cover>=0.000 match>=0.000 delta<=13  |  lenient cover>=0.000 match>=0.000 delta<=13  |  unbalanced E-only=[1, 3, 6] any-death=[6]
n=15 c=2: bulk j=0..8  strict cover>=0.000 match>=0.000 delta<=14  |  lenient cover>=0.000 match>=0.000 delta<=14  |  unbalanced E-only=[3, 6, 7, 8] any-death=[8]
n=15 c=3: bulk j=0..7  strict cover>=0.000 match>=0.000 delta<=14  |  lenient cover>=0.000 match>=0.000 delta<=14  |  unbalanced E-only=[0, 2, 4] any-death=[]
n=16 c=2: bulk j=0..8  strict cover>=0.000 match>=0.000 delta<=14  |  lenient cover>=0.000 match>=0.000 delta<=14  |  unbalanced E-only=[1, 2, 3, 6] any-death=[]
n=16 c=3: bulk j=0..9  strict cover>=0.000 match>=0.000 delta<=15  |  lenient cover>=0.000 match>=0.000 delta<=15  |  unbalanced E-only=[0, 1, 3, 6, 7, 8, 9] any-death=[7, 8, 9]
