n=17 c=2 rows=19 maxsurv=11 gap=8 #words=10 suffix_len=11 free_prefix_len=6 (56.0s)
    residual prefixes: ['111121', '112112', '112212', '121121', '122212', '211121', '212112', '212212', '221121', '222212']
n=17 c=3 rows=19 maxsurv=10 gap=9 #words=6 suffix_len=14 free_prefix_len=3 (72.3s)
    residual prefixes: ['112', '121', '122', '212', '221', '222']
n=18 c=2 rows=20 maxsurv=12 gap=8 #words=16 suffix_len=0 free_prefix_len=18 (152.0s)
    residual prefixes: ['111112122122122211', '111122122122122211', '111211112211221212', '112211112211221212', '121112122122122211', '121122122122122211', '121211112211221212', '122211112211221212', '211112122122122211', '211122122122122211', '...']
n=18 c=3 rows=20 maxsurv=11 gap=9 #words=12 suffix_len=13 free_prefix_len=5 (149.9s)
    residual prefixes: ['11121', '11221', '11222', '12122', '12221', '12222', '21121', '21221', '21222', '22122', '...']
n=11 c=2 rows=13 maxsurv=6 gap=7 #words=4 suffix_len=9 free_prefix_len=2 (0.4s)
    residual prefixes: ['11', '12', '21', '22']
n=11 c=3 rows=13 maxsurv=7 gap=6 #words=12 suffix_len=0 free_prefix_len=11 (0.4s)
    residual prefixes: ['11221112211', '12112121221', '12221112211', '12221121212', '12221122122', '21221112211', '21221121212', '21221122122', '22112121221', '22221112211', '...']
n=13 c=2 rows=15 maxsurv=7 gap=8 #words=12 suffix_len=0 free_prefix_len=13 (2.0s)
    residual prefixes: ['1111221112121', '1112211211122', '1112221112121', '1121221112121', '1211221112121', '1221221112121', '2111221112121', '2112211211122', '2112221112121', '2121221112121', '...']
n=13 c=3 rows=15 maxsurv=9 gap=6 #words=3 suffix_len=11 free_prefix_len=2 (2.1s)
    residual prefixes: ['12', '21', '22']
n=15 c=2 rows=17 maxsurv=9 gap=8 #words=10 suffix_len=1 free_prefix_len=14 (11.4s)
    residual prefixes: ['11111112122121', '11111122212112', '12111112122121', '12111122212112', '12121112121121', '21111112122121', '21111122212112', '22111112122121', '22111122212112', '22121112121121']
n=15 c=3 rows=17 maxsurv=8 gap=9 #words=9 suffix_len=0 free_prefix_len=15 (11.3s)
    residual prefixes: ['111121211111122', '121112111222222', '121121211111122', '122121121222121', '211121211111122', '212121121222121', '221112111222222', '221121211111122', '222121121222121']
