# n=10: forced orbits for 1024 sources in 0.1s
n=10 p= 3 c=2 states=     8 fibre=   128 deepest= 5 plateau-states=    0
    b= 2 | thr>=1: 0.200 (x2) @j=2,25->5 | thr>=4: 0.200 (x2) @j=2,25->5 | thr>=16: 0.200 (x2) @j=2,25->5
    b= 4 | thr>=1: 0.039 (x2) @j=0,128->5 | thr>=4: 0.039 (x2) @j=0,128->5 | thr>=16: 0.039 (x2) @j=0,128->5
    b= 6 | thr>=1: 0.000 (x46) @none | thr>=4: 0.000 (x34) @none | thr>=16: 0.000 (x24) @none
    b= 8 | thr>=1: 0.000 (x46) @none | thr>=4: 0.000 (x34) @none | thr>=16: 0.000 (x24) @none
    b=10 | thr>=1: 0.000 (x46) @none | thr>=4: 0.000 (x34) @none | thr>=16: 0.000 (x24) @none
n=10 p= 3 c=3 states=     8 fibre=   128 deepest= 7 plateau-states=    4
    b= 2 | thr>=1: 1.000 (x3) @j=5,1->1 | thr>=4: 0.750 (x1) @j=4,4->3 | thr>=16: 0.292 (x1) @j=1,48->14
    b= 4 | thr>=1: 0.167 (x3) @j=3,6->1 | thr>=4: 0.167 (x3) @j=3,6->1 | thr>=16: 0.136 (x1) @j=2,22->3
    b= 6 | thr>=1: 0.023 (x1) @j=0,128->3 | thr>=4: 0.023 (x1) @j=0,128->3 | thr>=16: 0.023 (x1) @j=0,128->3
    b= 8 | thr>=1: 0.000 (x56) @none | thr>=4: 0.000 (x35) @none | thr>=16: 0.000 (x23) @none
    b=10 | thr>=1: 0.000 (x56) @none | thr>=4: 0.000 (x35) @none | thr>=16: 0.000 (x23) @none
n=10 p= 5 c=2 states=    23 fibre=    32 deepest= 5 plateau-states=    7
    b= 2 | thr>=1: 0.500 (x5) @j=3,2->1 | thr>=4: 0.500 (x3) @j=2,4->2 | thr>=16: 0.344 (x2) @j=0,32->11
    b= 4 | thr>=1: 0.083 (x2) @j=1,12->1 | thr>=4: 0.083 (x2) @j=1,12->1 | thr>=16: 0.062 (x6) @j=0,32->2
    b= 6 | thr>=1: 0.000 (x109) @none | thr>=4: 0.000 (x73) @none | thr>=16: 0.000 (x34) @none
    b= 8 | thr>=1: 0.000 (x109) @none | thr>=4: 0.000 (x73) @none | thr>=16: 0.000 (x34) @none
    b=10 | thr>=1: 0.000 (x109) @none | thr>=4: 0.000 (x73) @none | thr>=16: 0.000 (x34) @none
n=10 p= 5 c=3 states=    23 fibre=    32 deepest= 7 plateau-states=   12
    b= 2 | thr>=1: 1.000 (x7) @j=4,2->2 | thr>=4: 0.500 (x2) @j=3,6->3 | thr>=16: 0.231 (x1) @j=1,26->6
    b= 4 | thr>=1: 1.000 (x1) @j=3,1->1 | thr>=4: 0.500 (x1) @j=3,6->3 | thr>=16: 0.167 (x1) @j=2,18->3
    b= 6 | thr>=1: 0.071 (x1) @j=1,14->1 | thr>=4: 0.071 (x1) @j=1,14->1 | thr>=16: 0.067 (x1) @j=1,45->3
    b= 8 | thr>=1: 0.000 (x122) @none | thr>=4: 0.000 (x73) @none | thr>=16: 0.000 (x32) @none
    b=10 | thr>=1: 0.000 (x122) @none | thr>=4: 0.000 (x73) @none | thr>=16: 0.000 (x32) @none
n=10 p= 6 c=2 states=    39 fibre=    16 deepest= 5 plateau-states=   12
    b= 2 | thr>=1: 0.667 (x2) @j=2,6->4 | thr>=4: 0.667 (x2) @j=2,6->4 | thr>=16: 0.438 (x2) @j=0,16->7
    b= 4 | thr>=1: 0.125 (x5) @j=0,32->4 | thr>=4: 0.125 (x5) @j=0,32->4 | thr>=16: 0.125 (x4) @j=0,32->4
    b= 6 | thr>=1: 0.000 (x156) @none | thr>=4: 0.000 (x105) @none | thr>=16: 0.000 (x45) @none
    b= 8 | thr>=1: 0.000 (x156) @none | thr>=4: 0.000 (x105) @none | thr>=16: 0.000 (x45) @none
    b=10 | thr>=1: 0.000 (x156) @none | thr>=4: 0.000 (x105) @none | thr>=16: 0.000 (x45) @none
n=10 p= 6 c=3 states=    39 fibre=    16 deepest= 7 plateau-states=   15
    b= 2 | thr>=1: 1.000 (x11) @j=4,2->2 | thr>=4: 0.600 (x1) @j=1,5->3 | thr>=16: 0.444 (x1) @j=1,18->8
    b= 4 | thr>=1: 1.000 (x1) @j=3,1->1 | thr>=4: 0.500 (x2) @j=3,6->3 | thr>=16: 0.125 (x2) @j=0,32->4
    b= 6 | thr>=1: 0.143 (x1) @j=1,7->1 | thr>=4: 0.143 (x1) @j=1,7->1 | thr>=16: 0.125 (x1) @j=1,24->3
    b= 8 | thr>=1: 0.000 (x171) @none | thr>=4: 0.000 (x103) @none | thr>=16: 0.000 (x44) @none
    b=10 | thr>=1: 0.000 (x171) @none | thr>=4: 0.000 (x103) @none | thr>=16: 0.000 (x44) @none
# n=11: forced orbits for 2048 sources in 0.2s
n=11 p= 3 c=2 states=     8 fibre=   256 deepest= 6 plateau-states=    0
    b= 2 | thr>=1: 0.300 (x1) @j=3,10->3 | thr>=4: 0.300 (x1) @j=3,10->3 | thr>=16: 0.161 (x2) @j=1,93->15
    b= 4 | thr>=1: 0.035 (x1) @j=1,86->3 | thr>=4: 0.035 (x1) @j=1,86->3 | thr>=16: 0.035 (x1) @j=1,86->3
    b= 6 | thr>=1: 0.004 (x4) @j=0,256->1 | thr>=4: 0.004 (x4) @j=0,256->1 | thr>=16: 0.004 (x4) @j=0,256->1
    b= 8 | thr>=1: 0.000 (x48) @none | thr>=4: 0.000 (x40) @none | thr>=16: 0.000 (x24) @none
    b=10 | thr>=1: 0.000 (x48) @none | thr>=4: 0.000 (x40) @none | thr>=16: 0.000 (x24) @none
n=11 p= 3 c=3 states=     8 fibre=   256 deepest= 7 plateau-states=    4
    b= 2 | thr>=1: 0.600 (x1) @j=5,5->3 | thr>=4: 0.600 (x1) @j=5,5->3 | thr>=16: 0.311 (x2) @j=2,45->14
    b= 4 | thr>=1: 0.136 (x1) @j=3,22->3 | thr>=4: 0.136 (x1) @j=3,22->3 | thr>=16: 0.136 (x1) @j=3,22->3
    b= 6 | thr>=1: 0.030 (x2) @j=1,100->3 | thr>=4: 0.030 (x2) @j=1,100->3 | thr>=16: 0.030 (x2) @j=1,100->3
    b= 8 | thr>=1: 0.000 (x60) @none | thr>=4: 0.000 (x45) @none | thr>=16: 0.000 (x29) @none
    b=10 | thr>=1: 0.000 (x60) @none | thr>=4: 0.000 (x45) @none | thr>=16: 0.000 (x29) @none
n=11 p= 5 c=2 states=    23 fibre=    64 deepest= 6 plateau-states=    9
    b= 2 | thr>=1: 1.000 (x5) @j=3,1->1 | thr>=4: 0.333 (x1) @j=3,6->2 | thr>=16: 0.250 (x2) @j=1,24->6
    b= 4 | thr>=1: 0.167 (x2) @j=2,6->1 | thr>=4: 0.167 (x2) @j=2,6->1 | thr>=16: 0.111 (x1) @j=2,18->2
    b= 6 | thr>=1: 0.016 (x3) @j=0,64->1 | thr>=4: 0.016 (x3) @j=0,64->1 | thr>=16: 0.016 (x3) @j=0,64->1
    b= 8 | thr>=1: 0.000 (x121) @none | thr>=4: 0.000 (x79) @none | thr>=16: 0.000 (x50) @none
    b=10 | thr>=1: 0.000 (x121) @none | thr>=4: 0.000 (x79) @none | thr>=16: 0.000 (x50) @none
n=11 p= 5 c=3 states=    23 fibre=    64 deepest= 7 plateau-states=    5
    b= 2 | thr>=1: 1.000 (x5) @j=4,1->1 | thr>=4: 1.000 (x1) @j=5,9->9 | thr>=16: 0.385 (x1) @j=2,26->10
    b= 4 | thr>=1: 0.500 (x2) @j=3,2->1 | thr>=4: 0.375 (x1) @j=3,24->9 | thr>=16: 0.375 (x1) @j=3,24->9
    b= 6 | thr>=1: 0.107 (x1) @j=1,84->9 | thr>=4: 0.107 (x1) @j=1,84->9 | thr>=16: 0.107 (x1) @j=1,84->9
    b= 8 | thr>=1: 0.000 (x133) @none | thr>=4: 0.000 (x97) @none | thr>=16: 0.000 (x57) @none
    b=10 | thr>=1: 0.000 (x133) @none | thr>=4: 0.000 (x97) @none | thr>=16: 0.000 (x57) @none
n=11 p= 7 c=2 states=    73 fibre=    16 deepest= 6 plateau-states=   18
    b= 2 | thr>=1: 1.000 (x4) @j=3,2->2 | thr>=4: 0.500 (x6) @j=1,4->2 | thr>=16: 0.333 (x2) @j=1,18->6
    b= 4 | thr>=1: 0.250 (x3) @j=2,8->2 | thr>=4: 0.250 (x3) @j=2,8->2 | thr>=16: 0.125 (x4) @j=0,16->2
    b= 6 | thr>=1: 0.062 (x2) @j=0,32->2 | thr>=4: 0.062 (x2) @j=0,32->2 | thr>=16: 0.062 (x2) @j=0,32->2
    b= 8 | thr>=1: 0.000 (x264) @none | thr>=4: 0.000 (x187) @none | thr>=16: 0.000 (x87) @none
    b=10 | thr>=1: 0.000 (x264) @none | thr>=4: 0.000 (x187) @none | thr>=16: 0.000 (x87) @none
n=11 p= 7 c=3 states=    73 fibre=    16 deepest= 7 plateau-states=   31
    b= 2 | thr>=1: 1.000 (x12) @j=2,2->2 | thr>=4: 1.000 (x2) @j=4,6->6 | thr>=16: 0.375 (x1) @j=1,16->6
    b= 4 | thr>=1: 1.000 (x2) @j=2,2->2 | thr>=4: 0.667 (x1) @j=3,9->6 | thr>=16: 0.222 (x1) @j=1,27->6
    b= 6 | thr>=1: 0.250 (x1) @j=1,8->2 | thr>=4: 0.250 (x1) @j=1,8->2 | thr>=16: 0.222 (x1) @j=1,27->6
    b= 8 | thr>=1: 0.000 (x324) @none | thr>=4: 0.000 (x212) @none | thr>=16: 0.000 (x84) @none
    b=10 | thr>=1: 0.000 (x324) @none | thr>=4: 0.000 (x212) @none | thr>=16: 0.000 (x84) @none
# n=12: forced orbits for 4096 sources in 0.5s
n=12 p= 4 c=2 states=    13 fibre=   256 deepest= 9 plateau-states=    7
    b= 2 | thr>=1: 1.000 (x2) @j=7,1->1 | thr>=4: 0.500 (x1) @j=5,4->2 | thr>=16: 0.219 (x1) @j=0,512->112
    b= 4 | thr>=1: 0.500 (x2) @j=5,2->1 | thr>=4: 0.200 (x2) @j=4,5->1 | thr>=16: 0.056 (x2) @j=3,18->1
    b= 6 | thr>=1: 0.056 (x2) @j=3,18->1 | thr>=4: 0.056 (x2) @j=3,18->1 | thr>=16: 0.056 (x2) @j=3,18->1
    b= 8 | thr>=1: 0.012 (x1) @j=1,85->1 | thr>=4: 0.012 (x1) @j=1,85->1 | thr>=16: 0.012 (x1) @j=1,85->1
    b=10 | thr>=1: 0.000 (x95) @none | thr>=4: 0.000 (x69) @none | thr>=16: 0.000 (x52) @none
n=12 p= 4 c=3 states=    13 fibre=   256 deepest= 8 plateau-states=    3
    b= 2 | thr>=1: 1.000 (x1) @j=6,1->1 | thr>=4: 0.389 (x1) @j=3,18->7 | thr>=16: 0.389 (x1) @j=3,18->7
    b= 4 | thr>=1: 0.200 (x1) @j=4,5->1 | thr>=4: 0.200 (x1) @j=4,5->1 | thr>=16: 0.081 (x1) @j=1,172->14
    b= 6 | thr>=1: 0.022 (x1) @j=2,46->1 | thr>=4: 0.022 (x1) @j=2,46->1 | thr>=16: 0.022 (x1) @j=2,46->1
    b= 8 | thr>=1: 0.004 (x1) @j=0,256->1 | thr>=4: 0.004 (x1) @j=0,256->1 | thr>=16: 0.004 (x1) @j=0,256->1
    b=10 | thr>=1: 0.000 (x81) @none | thr>=4: 0.000 (x69) @none | thr>=16: 0.000 (x47) @none
n=12 p= 6 c=2 states=    39 fibre=    64 deepest= 9 plateau-states=    9
    b= 2 | thr>=1: 1.000 (x7) @j=4,2->2 | thr>=4: 1.000 (x1) @j=4,4->4 | thr>=16: 0.400 (x2) @j=1,20->8
    b= 4 | thr>=1: 0.500 (x4) @j=4,2->1 | thr>=4: 0.200 (x2) @j=3,5->1 | thr>=16: 0.182 (x1) @j=2,22->4
    b= 6 | thr>=1: 0.167 (x2) @j=3,6->1 | thr>=4: 0.167 (x2) @j=3,6->1 | thr>=16: 0.045 (x2) @j=1,22->1
    b= 8 | thr>=1: 0.045 (x2) @j=1,22->1 | thr>=4: 0.045 (x2) @j=1,22->1 | thr>=16: 0.045 (x2) @j=1,22->1
    b=10 | thr>=1: 0.000 (x218) @none | thr>=4: 0.000 (x166) @none | thr>=16: 0.000 (x97) @none
n=12 p= 6 c=3 states=    39 fibre=    64 deepest= 8 plateau-states=   20
    b= 2 | thr>=1: 1.000 (x5) @j=4,1->1 | thr>=4: 0.667 (x2) @j=3,6->4 | thr>=16: 0.312 (x1) @j=2,32->10
    b= 4 | thr>=1: 0.250 (x1) @j=4,4->1 | thr>=4: 0.250 (x1) @j=4,4->1 | thr>=16: 0.174 (x1) @j=1,46->8
    b= 6 | thr>=1: 0.077 (x1) @j=2,13->1 | thr>=4: 0.077 (x1) @j=2,13->1 | thr>=16: 0.043 (x1) @j=1,23->1
    b= 8 | thr>=1: 0.016 (x1) @j=0,64->1 | thr>=4: 0.016 (x1) @j=0,64->1 | thr>=16: 0.016 (x1) @j=0,64->1
    b=10 | thr>=1: 0.000 (x215) @none | thr>=4: 0.000 (x154) @none | thr>=16: 0.000 (x99) @none
n=12 p= 8 c=2 states=   129 fibre=    16 deepest= 9 plateau-states=   40
    b= 2 | thr>=1: 1.000 (x17) @j=4,2->2 | thr>=4: 1.000 (x7) @j=2,4->4 | thr>=16: 0.500 (x2) @j=2,16->8
    b= 4 | thr>=1: 1.000 (x2) @j=4,2->2 | thr>=4: 0.500 (x3) @j=3,4->2 | thr>=16: 0.250 (x2) @j=2,16->4
    b= 6 | thr>=1: 0.500 (x1) @j=3,4->2 | thr>=4: 0.500 (x1) @j=3,4->2 | thr>=16: 0.125 (x2) @j=1,32->4
    b= 8 | thr>=1: 0.143 (x1) @j=1,14->2 | thr>=4: 0.143 (x1) @j=1,14->2 | thr>=16: 0.062 (x1) @j=0,32->2
    b=10 | thr>=1: 0.000 (x541) @none | thr>=4: 0.000 (x392) @none | thr>=16: 0.000 (x173) @none
n=12 p= 8 c=3 states=   129 fibre=    16 deepest= 8 plateau-states=   48
    b= 2 | thr>=1: 1.000 (x12) @j=3,4->4 | thr>=4: 1.000 (x1) @j=3,4->4 | thr>=16: 0.375 (x5) @j=0,16->6
    b= 4 | thr>=1: 0.333 (x4) @j=3,3->1 | thr>=4: 0.333 (x1) @j=2,6->2 | thr>=16: 0.188 (x1) @j=0,16->3
    b= 6 | thr>=1: 0.250 (x1) @j=2,4->1 | thr>=4: 0.250 (x1) @j=2,4->1 | thr>=16: 0.062 (x4) @j=0,16->1
    b= 8 | thr>=1: 0.062 (x1) @j=0,16->1 | thr>=4: 0.062 (x1) @j=0,16->1 | thr>=16: 0.062 (x1) @j=0,16->1
    b=10 | thr>=1: 0.000 (x539) @none | thr>=4: 0.000 (x375) @none | thr>=16: 0.000 (x162) @none
# n=13: forced orbits for 8192 sources in 1.0s
n=13 p= 4 c=2 states=    13 fibre=   512 deepest= 7 plateau-states=    2
    b= 2 | thr>=1: 0.667 (x1) @j=5,3->2 | thr>=4: 0.500 (x1) @j=5,4->2 | thr>=16: 0.253 (x1) @j=2,79->20
    b= 4 | thr>=1: 0.087 (x1) @j=3,23->2 | thr>=4: 0.087 (x1) @j=3,23->2 | thr>=16: 0.087 (x1) @j=3,23->2
    b= 6 | thr>=1: 0.011 (x1) @j=1,187->2 | thr>=4: 0.011 (x1) @j=1,187->2 | thr>=16: 0.011 (x1) @j=1,187->2
    b= 8 | thr>=1: 0.000 (x99) @none | thr>=4: 0.000 (x77) @none | thr>=16: 0.000 (x57) @none
    b=10 | thr>=1: 0.000 (x99) @none | thr>=4: 0.000 (x77) @none | thr>=16: 0.000 (x57) @none
n=13 p= 4 c=3 states=    13 fibre=   512 deepest= 9 plateau-states=    2
    b= 2 | thr>=1: 0.500 (x2) @j=7,4->2 | thr>=4: 0.500 (x1) @j=7,4->2 | thr>=16: 0.300 (x1) @j=4,20->6
    b= 4 | thr>=1: 0.200 (x2) @j=5,10->2 | thr>=4: 0.200 (x2) @j=5,10->2 | thr>=16: 0.100 (x1) @j=4,20->2
    b= 6 | thr>=1: 0.032 (x2) @j=3,62->2 | thr>=4: 0.032 (x2) @j=3,62->2 | thr>=16: 0.032 (x2) @j=3,62->2
    b= 8 | thr>=1: 0.005 (x2) @j=1,378->2 | thr>=4: 0.005 (x2) @j=1,378->2 | thr>=16: 0.005 (x2) @j=1,378->2
    b=10 | thr>=1: 0.000 (x92) @none | thr>=4: 0.000 (x76) @none | thr>=16: 0.000 (x56) @none
n=13 p= 6 c=2 states=    39 fibre=   128 deepest= 7 plateau-states=   14
    b= 2 | thr>=1: 1.000 (x3) @j=4,1->1 | thr>=4: 0.500 (x3) @j=4,4->2 | thr>=16: 0.500 (x1) @j=3,20->10
    b= 4 | thr>=1: 0.167 (x3) @j=3,12->2 | thr>=4: 0.167 (x3) @j=3,12->2 | thr>=16: 0.111 (x3) @j=2,18->2
    b= 6 | thr>=1: 0.023 (x3) @j=1,88->2 | thr>=4: 0.023 (x3) @j=1,88->2 | thr>=16: 0.023 (x3) @j=1,88->2
    b= 8 | thr>=1: 0.000 (x249) @none | thr>=4: 0.000 (x183) @none | thr>=16: 0.000 (x124) @none
    b=10 | thr>=1: 0.000 (x249) @none | thr>=4: 0.000 (x183) @none | thr>=16: 0.000 (x124) @none
n=13 p= 6 c=3 states=    39 fibre=   128 deepest= 9 plateau-states=    7
    b= 2 | thr>=1: 1.000 (x5) @j=5,1->1 | thr>=4: 0.500 (x4) @j=4,6->3 | thr>=16: 0.364 (x1) @j=3,22->8
    b= 4 | thr>=1: 0.500 (x1) @j=5,6->3 | thr>=4: 0.500 (x1) @j=5,6->3 | thr>=16: 0.143 (x1) @j=3,21->3
    b= 6 | thr>=1: 0.143 (x1) @j=3,21->3 | thr>=4: 0.143 (x1) @j=3,21->3 | thr>=16: 0.143 (x1) @j=3,21->3
    b= 8 | thr>=1: 0.020 (x1) @j=1,150->3 | thr>=4: 0.020 (x1) @j=1,150->3 | thr>=16: 0.020 (x1) @j=1,150->3
    b=10 | thr>=1: 0.000 (x236) @none | thr>=4: 0.000 (x183) @none | thr>=16: 0.000 (x128) @none
n=13 p= 8 c=2 states=   129 fibre=    32 deepest= 7 plateau-states=   45
    b= 2 | thr>=1: 1.000 (x22) @j=3,2->2 | thr>=4: 1.000 (x7) @j=2,4->4 | thr>=16: 0.462 (x1) @j=1,26->12
    b= 4 | thr>=1: 1.000 (x4) @j=2,4->4 | thr>=4: 1.000 (x2) @j=2,4->4 | thr>=16: 0.167 (x1) @j=1,24->4
    b= 6 | thr>=1: 0.111 (x1) @j=1,36->4 | thr>=4: 0.111 (x1) @j=1,36->4 | thr>=16: 0.111 (x1) @j=1,36->4
    b= 8 | thr>=1: 0.000 (x614) @none | thr>=4: 0.000 (x462) @none | thr>=16: 0.000 (x231) @none
    b=10 | thr>=1: 0.000 (x614) @none | thr>=4: 0.000 (x462) @none | thr>=16: 0.000 (x231) @none
n=13 p= 8 c=3 states=   129 fibre=    32 deepest= 9 plateau-states=   38
    b= 2 | thr>=1: 1.000 (x13) @j=3,1->1 | thr>=4: 0.667 (x3) @j=2,9->6 | thr>=16: 0.500 (x1) @j=2,16->8
    b= 4 | thr>=1: 1.000 (x3) @j=3,3->3 | thr>=4: 0.500 (x1) @j=3,4->2 | thr>=16: 0.231 (x1) @j=1,26->6
    b= 6 | thr>=1: 1.000 (x1) @j=3,3->3 | thr>=4: 0.250 (x1) @j=2,12->3 | thr>=16: 0.091 (x1) @j=1,22->2
    b= 8 | thr>=1: 0.083 (x1) @j=1,36->3 | thr>=4: 0.083 (x1) @j=1,36->3 | thr>=16: 0.083 (x1) @j=1,36->3
    b=10 | thr>=1: 0.000 (x616) @none | thr>=4: 0.000 (x464) @none | thr>=16: 0.000 (x237) @none
# n=14: forced orbits for 16384 sources in 2.8s
n=14 p= 4 c=2 states=    13 fibre=  1024 deepest=10 plateau-states=    6
    b= 2 | thr>=1: 1.000 (x2) @j=8,1->1 | thr>=4: 0.500 (x2) @j=6,4->2 | thr>=16: 0.250 (x1) @j=4,20->5
    b= 4 | thr>=1: 0.250 (x2) @j=6,4->1 | thr>=4: 0.250 (x2) @j=6,4->1 | thr>=16: 0.077 (x2) @j=4,26->2
    b= 6 | thr>=1: 0.048 (x2) @j=4,21->1 | thr>=4: 0.048 (x2) @j=4,21->1 | thr>=16: 0.048 (x2) @j=4,21->1
    b= 8 | thr>=1: 0.006 (x2) @j=2,155->1 | thr>=4: 0.006 (x2) @j=2,155->1 | thr>=16: 0.006 (x2) @j=2,155->1
    b=10 | thr>=1: 0.001 (x4) @j=0,1024->1 | thr>=4: 0.001 (x4) @j=0,1024->1 | thr>=16: 0.001 (x4) @j=0,1024->1
n=14 p= 4 c=3 states=    13 fibre=  1024 deepest= 8 plateau-states=    4
    b= 2 | thr>=1: 0.500 (x4) @j=6,2->1 | thr>=4: 0.286 (x2) @j=5,7->2 | thr>=16: 0.250 (x1) @j=5,24->6
    b= 4 | thr>=1: 0.044 (x1) @j=3,136->6 | thr>=4: 0.044 (x1) @j=3,136->6 | thr>=16: 0.044 (x1) @j=3,136->6
    b= 6 | thr>=1: 0.008 (x1) @j=1,742->6 | thr>=4: 0.008 (x1) @j=1,742->6 | thr>=16: 0.008 (x1) @j=1,742->6
    b= 8 | thr>=1: 0.001 (x7) @j=0,1024->1 | thr>=4: 0.001 (x7) @j=0,1024->1 | thr>=16: 0.001 (x7) @j=0,1024->1
    b=10 | thr>=1: 0.000 (x109) @none | thr>=4: 0.000 (x84) @none | thr>=16: 0.000 (x68) @none
n=14 p= 7 c=2 states=    73 fibre=   128 deepest=10 plateau-states=   24
    b= 2 | thr>=1: 1.000 (x17) @j=4,1->1 | thr>=4: 0.667 (x2) @j=4,6->4 | thr>=16: 0.375 (x1) @j=3,16->6
    b= 4 | thr>=1: 1.000 (x2) @j=4,1->1 | thr>=4: 0.500 (x2) @j=5,4->2 | thr>=16: 0.111 (x2) @j=2,18->2
    b= 6 | thr>=1: 0.333 (x3) @j=4,6->2 | thr>=4: 0.333 (x1) @j=4,6->2 | thr>=16: 0.091 (x1) @j=3,22->2
    b= 8 | thr>=1: 0.056 (x2) @j=2,18->1 | thr>=4: 0.056 (x2) @j=2,18->1 | thr>=16: 0.056 (x2) @j=2,18->1
    b=10 | thr>=1: 0.008 (x3) @j=0,256->2 | thr>=4: 0.008 (x3) @j=0,256->2 | thr>=16: 0.008 (x3) @j=0,256->2
n=14 p= 7 c=3 states=    73 fibre=   128 deepest= 8 plateau-states=   19
    b= 2 | thr>=1: 1.000 (x11) @j=5,2->2 | thr>=4: 1.000 (x1) @j=5,4->4 | thr>=16: 0.375 (x1) @j=3,16->6
    b= 4 | thr>=1: 0.500 (x3) @j=4,2->1 | thr>=4: 0.500 (x1) @j=4,4->2 | thr>=16: 0.250 (x1) @j=3,16->4
    b= 6 | thr>=1: 0.050 (x1) @j=2,40->2 | thr>=4: 0.050 (x1) @j=2,40->2 | thr>=16: 0.050 (x1) @j=2,40->2
    b= 8 | thr>=1: 0.008 (x7) @j=0,128->1 | thr>=4: 0.008 (x7) @j=0,128->1 | thr>=16: 0.008 (x7) @j=0,128->1
    b=10 | thr>=1: 0.000 (x457) @none | thr>=4: 0.000 (x356) @none | thr>=16: 0.000 (x249) @none
n=14 p= 9 c=2 states=   232 fibre=    32 deepest=10 plateau-states=   64
    b= 2 | thr>=1: 1.000 (x41) @j=4,2->2 | thr>=4: 1.000 (x6) @j=4,6->6 | thr>=16: 0.667 (x1) @j=2,18->12
    b= 4 | thr>=1: 1.000 (x9) @j=4,3->3 | thr>=4: 0.500 (x2) @j=2,4->2 | thr>=16: 0.222 (x1) @j=1,18->4
    b= 6 | thr>=1: 1.000 (x2) @j=4,3->3 | thr>=4: 0.250 (x3) @j=3,12->3 | thr>=16: 0.091 (x1) @j=1,22->2
    b= 8 | thr>=1: 0.200 (x2) @j=2,15->3 | thr>=4: 0.200 (x2) @j=2,15->3 | thr>=16: 0.083 (x1) @j=1,36->3
    b=10 | thr>=1: 0.031 (x2) @j=0,96->3 | thr>=4: 0.031 (x2) @j=0,96->3 | thr>=16: 0.031 (x2) @j=0,96->3
n=14 p= 9 c=3 states=   232 fibre=    32 deepest= 8 plateau-states=   68
    b= 2 | thr>=1: 1.000 (x33) @j=4,2->2 | thr>=4: 1.000 (x2) @j=5,6->6 | thr>=16: 0.571 (x1) @j=2,21->12
    b= 4 | thr>=1: 1.000 (x5) @j=4,1->1 | thr>=4: 0.667 (x1) @j=3,9->6 | thr>=16: 0.286 (x1) @j=2,21->6
    b= 6 | thr>=1: 0.333 (x1) @j=2,6->2 | thr>=4: 0.333 (x1) @j=2,6->2 | thr>=16: 0.143 (x1) @j=1,42->6
    b= 8 | thr>=1: 0.031 (x5) @j=0,32->1 | thr>=4: 0.031 (x5) @j=0,32->1 | thr>=16: 0.031 (x5) @j=0,32->1
    b=10 | thr>=1: 0.000 (x1116) @none | thr>=4: 0.000 (x851) @none | thr>=16: 0.000 (x461) @none
# n=15: forced orbits for 32768 sources in 5.2s
n=15 p= 5 c=2 states=    23 fibre=  1024 deepest= 9 plateau-states=    5
    b= 2 | thr>=1: 1.000 (x1) @j=7,4->4 | thr>=4: 1.000 (x1) @j=7,4->4 | thr>=16: 0.300 (x1) @j=5,30->9
    b= 4 | thr>=1: 0.222 (x1) @j=5,18->4 | thr>=4: 0.222 (x1) @j=5,18->4 | thr>=16: 0.222 (x1) @j=5,18->4
    b= 6 | thr>=1: 0.037 (x1) @j=3,108->4 | thr>=4: 0.037 (x1) @j=3,108->4 | thr>=16: 0.037 (x1) @j=3,108->4
    b= 8 | thr>=1: 0.005 (x1) @j=1,736->4 | thr>=4: 0.005 (x1) @j=1,736->4 | thr>=16: 0.005 (x1) @j=1,736->4
    b=10 | thr>=1: 0.000 (x186) @none | thr>=4: 0.000 (x151) @none | thr>=16: 0.000 (x118) @none
n=15 p= 5 c=3 states=    23 fibre=  1024 deepest= 8 plateau-states=    2
    b= 2 | thr>=1: 0.333 (x3) @j=4,27->9 | thr>=4: 0.333 (x3) @j=4,27->9 | thr>=16: 0.333 (x3) @j=4,27->9
    b= 4 | thr>=1: 0.058 (x2) @j=2,154->9 | thr>=4: 0.058 (x2) @j=2,154->9 | thr>=16: 0.058 (x2) @j=2,154->9
    b= 6 | thr>=1: 0.009 (x2) @j=0,1024->9 | thr>=4: 0.009 (x2) @j=0,1024->9 | thr>=16: 0.009 (x2) @j=0,1024->9
    b= 8 | thr>=1: 0.001 (x8) @j=0,1024->1 | thr>=4: 0.001 (x8) @j=0,1024->1 | thr>=16: 0.001 (x8) @j=0,1024->1
    b=10 | thr>=1: 0.000 (x183) @none | thr>=4: 0.000 (x158) @none | thr>=16: 0.000 (x123) @none
n=15 p= 7 c=2 states=    73 fibre=   256 deepest= 9 plateau-states=   26
    b= 2 | thr>=1: 1.000 (x13) @j=7,2->2 | thr>=4: 1.000 (x1) @j=5,4->4 | thr>=16: 0.455 (x1) @j=3,22->10
    b= 4 | thr>=1: 1.000 (x2) @j=5,2->2 | thr>=4: 0.500 (x1) @j=5,4->2 | thr>=16: 0.143 (x1) @j=3,28->4
    b= 6 | thr>=1: 0.100 (x1) @j=3,20->2 | thr>=4: 0.100 (x1) @j=3,20->2 | thr>=16: 0.100 (x1) @j=3,20->2
    b= 8 | thr>=1: 0.011 (x1) @j=1,182->2 | thr>=4: 0.011 (x1) @j=1,182->2 | thr>=16: 0.011 (x1) @j=1,182->2
    b=10 | thr>=1: 0.000 (x508) @none | thr>=4: 0.000 (x395) @none | thr>=16: 0.000 (x282) @none
n=15 p= 7 c=3 states=    73 fibre=   256 deepest= 8 plateau-states=   24
    b= 2 | thr>=1: 1.000 (x2) @j=5,2->2 | thr>=4: 0.667 (x2) @j=5,6->4 | thr>=16: 0.467 (x1) @j=3,30->14
    b= 4 | thr>=1: 0.200 (x2) @j=4,5->1 | thr>=4: 0.200 (x2) @j=4,5->1 | thr>=16: 0.143 (x1) @j=3,28->4
    b= 6 | thr>=1: 0.034 (x1) @j=2,29->1 | thr>=4: 0.034 (x1) @j=2,29->1 | thr>=16: 0.034 (x1) @j=2,29->1
    b= 8 | thr>=1: 0.004 (x6) @j=0,256->1 | thr>=4: 0.004 (x6) @j=0,256->1 | thr>=16: 0.004 (x6) @j=0,256->1
    b=10 | thr>=1: 0.000 (x514) @none | thr>=4: 0.000 (x413) @none | thr>=16: 0.000 (x300) @none
n=15 p=10 c=2 states=   410 fibre=    32 deepest= 9 plateau-states=  127
    b= 2 | thr>=1: 1.000 (x63) @j=4,4->4 | thr>=4: 1.000 (x17) @j=4,4->4 | thr>=16: 0.750 (x1) @j=2,32->24
    b= 4 | thr>=1: 1.000 (x11) @j=4,4->4 | thr>=4: 1.000 (x4) @j=4,4->4 | thr>=16: 0.333 (x1) @j=2,18->6
    b= 6 | thr>=1: 0.500 (x1) @j=3,4->2 | thr>=4: 0.500 (x1) @j=3,4->2 | thr>=16: 0.167 (x1) @j=2,24->4
    b= 8 | thr>=1: 0.100 (x1) @j=1,20->2 | thr>=4: 0.100 (x1) @j=1,20->2 | thr>=16: 0.100 (x1) @j=1,20->2
    b=10 | thr>=1: 0.000 (x1914) @none | thr>=4: 0.000 (x1495) @none | thr>=16: 0.000 (x845) @none
n=15 p=10 c=3 states=   410 fibre=    32 deepest= 8 plateau-states=  166
    b= 2 | thr>=1: 1.000 (x74) @j=4,2->2 | thr>=4: 1.000 (x17) @j=3,4->4 | thr>=16: 1.000 (x1) @j=2,16->16
    b= 4 | thr>=1: 1.000 (x1) @j=3,1->1 | thr>=4: 0.500 (x5) @j=3,4->2 | thr>=16: 0.500 (x1) @j=2,16->8
    b= 6 | thr>=1: 0.250 (x2) @j=2,8->2 | thr>=4: 0.250 (x2) @j=2,8->2 | thr>=16: 0.125 (x1) @j=2,16->2
    b= 8 | thr>=1: 0.031 (x5) @j=0,64->2 | thr>=4: 0.031 (x5) @j=0,64->2 | thr>=16: 0.031 (x5) @j=0,64->2
    b=10 | thr>=1: 0.000 (x2014) @none | thr>=4: 0.000 (x1564) @none | thr>=16: 0.000 (x881) @none
# n=16: forced orbits for 65536 sources in 9.8s
n=16 p= 5 c=2 states=    23 fibre=  2048 deepest=10 plateau-states=    6
    b= 2 | thr>=1: 0.500 (x2) @j=8,2->1 | thr>=4: 0.500 (x1) @j=8,4->2 | thr>=16: 0.250 (x1) @j=5,48->12
    b= 4 | thr>=1: 0.143 (x2) @j=6,7->1 | thr>=4: 0.143 (x2) @j=6,7->1 | thr>=16: 0.053 (x2) @j=5,19->1
    b= 6 | thr>=1: 0.017 (x2) @j=4,58->1 | thr>=4: 0.017 (x2) @j=4,58->1 | thr>=16: 0.017 (x2) @j=4,58->1
    b= 8 | thr>=1: 0.003 (x2) @j=2,316->1 | thr>=4: 0.003 (x2) @j=2,316->1 | thr>=16: 0.003 (x2) @j=2,316->1
    b=10 | thr>=1: 0.000 (x2) @j=0,2048->1 | thr>=4: 0.000 (x2) @j=0,2048->1 | thr>=16: 0.000 (x2) @j=0,2048->1
n=16 p= 5 c=3 states=    23 fibre=  2048 deepest=10 plateau-states=   14
    b= 2 | thr>=1: 1.000 (x1) @j=8,2->2 | thr>=4: 0.571 (x1) @j=6,14->8 | thr>=16: 0.263 (x1) @j=5,57->15
    b= 4 | thr>=1: 0.143 (x7) @j=6,14->2 | thr>=4: 0.143 (x7) @j=6,14->2 | thr>=16: 0.125 (x1) @j=6,24->3
    b= 6 | thr>=1: 0.023 (x1) @j=4,86->2 | thr>=4: 0.023 (x1) @j=4,86->2 | thr>=16: 0.023 (x1) @j=4,86->2
    b= 8 | thr>=1: 0.003 (x2) @j=2,320->1 | thr>=4: 0.003 (x2) @j=2,320->1 | thr>=16: 0.003 (x2) @j=2,320->1
    b=10 | thr>=1: 0.000 (x11) @j=0,4096->2 | thr>=4: 0.000 (x11) @j=0,4096->2 | thr>=16: 0.000 (x11) @j=0,4096->2
n=16 p= 8 c=2 states=   129 fibre=   256 deepest=10 plateau-states=   61
    b= 2 | thr>=1: 1.000 (x20) @j=7,2->2 | thr>=4: 0.667 (x1) @j=4,12->8 | thr>=16: 0.600 (x1) @j=3,20->12
    b= 4 | thr>=1: 0.500 (x3) @j=5,2->1 | thr>=4: 0.500 (x2) @j=5,6->3 | thr>=16: 0.154 (x1) @j=3,26->4
    b= 6 | thr>=1: 0.143 (x1) @j=4,21->3 | thr>=4: 0.143 (x1) @j=4,21->3 | thr>=16: 0.143 (x1) @j=4,21->3
    b= 8 | thr>=1: 0.026 (x1) @j=2,114->3 | thr>=4: 0.026 (x1) @j=2,114->3 | thr>=16: 0.026 (x1) @j=2,114->3
    b=10 | thr>=1: 0.004 (x1) @j=0,768->3 | thr>=4: 0.004 (x1) @j=0,768->3 | thr>=16: 0.004 (x1) @j=0,768->3
n=16 p= 8 c=3 states=   129 fibre=   256 deepest=10 plateau-states=   36
    b= 2 | thr>=1: 1.000 (x32) @j=7,2->2 | thr>=4: 1.000 (x5) @j=6,4->4 | thr>=16: 0.444 (x1) @j=4,18->8
    b= 4 | thr>=1: 1.000 (x2) @j=5,2->2 | thr>=4: 0.500 (x4) @j=6,4->2 | thr>=16: 0.333 (x1) @j=6,18->6
    b= 6 | thr>=1: 0.500 (x1) @j=4,4->2 | thr>=4: 0.500 (x1) @j=4,4->2 | thr>=16: 0.125 (x1) @j=4,16->2
    b= 8 | thr>=1: 0.029 (x1) @j=2,68->2 | thr>=4: 0.029 (x1) @j=2,68->2 | thr>=16: 0.029 (x1) @j=2,68->2
    b=10 | thr>=1: 0.004 (x7) @j=0,512->2 | thr>=4: 0.004 (x7) @j=0,512->2 | thr>=16: 0.004 (x7) @j=0,512->2
n=16 p=10 c=2 states=   410 fibre=    64 deepest=10 plateau-states=  142
    b= 2 | thr>=1: 1.000 (x66) @j=6,4->4 | thr>=4: 1.000 (x14) @j=6,4->4 | thr>=16: 0.750 (x1) @j=3,16->12
    b= 4 | thr>=1: 1.000 (x4) @j=5,2->2 | thr>=4: 0.500 (x11) @j=5,8->4 | thr>=16: 0.333 (x2) @j=3,18->6
    b= 6 | thr>=1: 0.333 (x1) @j=4,9->3 | thr>=4: 0.333 (x1) @j=4,9->3 | thr>=16: 0.250 (x1) @j=3,16->4
    b= 8 | thr>=1: 0.125 (x1) @j=2,24->3 | thr>=4: 0.125 (x1) @j=2,24->3 | thr>=16: 0.125 (x1) @j=2,24->3
    b=10 | thr>=1: 0.016 (x1) @j=0,192->3 | thr>=4: 0.016 (x1) @j=0,192->3 | thr>=16: 0.016 (x1) @j=0,192->3
n=16 p=10 c=3 states=   410 fibre=    64 deepest=10 plateau-states=  141
    b= 2 | thr>=1: 1.000 (x70) @j=4,8->8 | thr>=4: 1.000 (x14) @j=4,8->8 | thr>=16: 0.500 (x6) @j=4,16->8
    b= 4 | thr>=1: 1.000 (x14) @j=6,2->2 | thr>=4: 1.000 (x2) @j=4,6->6 | thr>=16: 0.500 (x1) @j=4,16->8
    b= 6 | thr>=1: 0.500 (x5) @j=4,4->2 | thr>=4: 0.500 (x5) @j=4,4->2 | thr>=16: 0.250 (x2) @j=3,24->6
    b= 8 | thr>=1: 0.100 (x2) @j=2,60->6 | thr>=4: 0.100 (x2) @j=2,60->6 | thr>=16: 0.100 (x2) @j=2,60->6
    b=10 | thr>=1: 0.016 (x7) @j=0,128->2 | thr>=4: 0.016 (x7) @j=0,128->2 | thr>=16: 0.016 (x7) @j=0,128->2
