==============================================================================
PRIMARY: geometric mean of post-peak D ratios, vs 1/phi = 0.61803

  n  c  k_p  D_peak  k_l  D_l   m      GM  log_phi(pk)  m<lp?
 10  2    3       8    5    2   2  0.5000         4.32    yes
 10  3    3       8    7    1   4  0.5946         4.32    yes
 12  2    4      13    9    1   5  0.5987         5.33    yes
 12  3    4      12    8    1   4  0.5373         5.16    yes
 14  2    5      14   10    1   5  0.5899         5.48    yes
 14  3    5      17    8    3   3  0.5609         5.89    yes
 16  2    6      27   10    1   4  0.4387         6.85    yes
 16  3    6      28   10    2   4  0.5170         6.92    yes
 17  2    6      33   11    1   5  0.4969         7.27    yes
 17  3    6      30   10    1   4  0.4273         7.07    yes
 18  2    7      37   12    2   5  0.5579         7.50    yes
 18  3    7      41   11    1   4  0.3952         7.72    yes
 19  2    7      49   11    2   4  0.4495         8.09    yes
 19  3    7      45   13    1   6  0.5302         7.91    yes
 20  2    8      51   11    2   3  0.3397         8.17    yes
 20  3    7      52   14    1   7  0.5687         8.21    yes
 21  2    8      65   13    2   5  0.4985         8.67    yes
 21  3    8      66   16    1   8  0.5923         8.71    yes
 22  2    8      80   12    6   4  0.5233         9.11    yes
 22  3    8      84   14    2   6  0.5364         9.21    yes
 23  2    9      96   16    1   7  0.5210         9.49    yes
 23  3    9     102   16    1   7  0.5165         9.61    yes
 24  2    9     116   14    2   5  0.4439         9.88    yes
 24  3    9     118   16    1   7  0.5058         9.91    yes

------------------------------------------------------------------------------
max over c, per n (the primary metric) and its trend
  n= 10: max_c GM = 0.5946  (c=3)
  n= 12: max_c GM = 0.5987  (c=2)
  n= 14: max_c GM = 0.5899  (c=2)
  n= 16: max_c GM = 0.5170  (c=3)
  n= 17: max_c GM = 0.4969  (c=2)
  n= 18: max_c GM = 0.5579  (c=2)
  n= 19: max_c GM = 0.5302  (c=3)
  n= 20: max_c GM = 0.5687  (c=3)
  n= 21: max_c GM = 0.5923  (c=3)
  n= 22: max_c GM = 0.5364  (c=3)
  n= 23: max_c GM = 0.5210  (c=2)
  n= 24: max_c GM = 0.5058  (c=3)

==============================================================================
  worst cell overall: GM = 0.5987 at n=12 c=2   (threshold 0.61803, margin +0.0193)
  condition 1 (any n >= 1/phi): not fired
  condition 2 (last four n monotone increasing): not fired  last4=[0.5923, 0.5364, 0.521, 0.5058]
  => KILL NOT fired

==============================================================================
SECONDARY (S-side, as the task frames it): S_{k_l}/S_0 vs 2^-n
  n  c        S_0   S_last      S_l/S_0         2^-n  <2^-n?
 10  2       1024        6    5.859e-03    9.766e-04      NO
 10  3       1024        4    3.906e-03    9.766e-04      NO
 12  2       4096        2    4.883e-04    2.441e-04      NO
 12  3       4096        1    2.441e-04    2.441e-04      NO
 14  2      16384        4    2.441e-04    6.104e-05      NO
 14  3      16384        8    4.883e-04    6.104e-05      NO
 16  2      65536        3    4.578e-05    1.526e-05      NO
 16  3      65536       18    2.747e-04    1.526e-05      NO
 17  2     131072       10    7.629e-05    7.629e-06      NO
 17  3     131072        6    4.578e-05    7.629e-06      NO
 18  2     262144       16    6.104e-05    3.815e-06      NO
 18  3     262144       12    4.578e-05    3.815e-06      NO
 19  2     524288        8    1.526e-05    1.907e-06      NO
 19  3     524288        6    1.144e-05    1.907e-06      NO
 20  2    1048576       20    1.907e-05    9.537e-07      NO
 20  3    1048576       12    1.144e-05    9.537e-07      NO
 21  2    2097152       24    1.144e-05    4.768e-07      NO
 21  3    2097152       24    1.144e-05    4.768e-07      NO
 22  2    4194304       60    1.431e-05    2.384e-07      NO
 22  3    4194304       28    6.676e-06    2.384e-07      NO
 23  2    8388608        8    9.537e-07    1.192e-07      NO
 23  3    8388608        2    2.384e-07    1.192e-07      NO
 24  2   16777216       66    3.934e-06    5.960e-08      NO
 24  3   16777216       12    7.153e-07    5.960e-08      NO

==============================================================================
EXTINCTION MARGIN (same source; margin = (n+2) - max_row)
  n= 10  c=2: max_row= 5 margin= 7  c=3: max_row= 7 margin= 5
  n= 12  c=2: max_row= 9 margin= 5  c=3: max_row= 8 margin= 6
  n= 14  c=2: max_row=10 margin= 6  c=3: max_row= 8 margin= 8
  n= 16  c=2: max_row=10 margin= 8  c=3: max_row=10 margin= 8
  n= 17  c=2: max_row=11 margin= 8  c=3: max_row=10 margin= 9
  n= 18  c=2: max_row=12 margin= 8  c=3: max_row=11 margin= 9
  n= 19  c=2: max_row=11 margin=10  c=3: max_row=13 margin= 8
  n= 20  c=2: max_row=11 margin=11  c=3: max_row=14 margin= 8
  n= 21  c=2: max_row=13 margin=10  c=3: max_row=16 margin= 7
  n= 22  c=2: max_row=12 margin=12  c=3: max_row=14 margin=10
  n= 23  c=2: max_row=16 margin= 9  c=3: max_row=16 margin= 9
  n= 24  c=2: max_row=14 margin=12  c=3: max_row=16 margin=10
