r=0 control: matches psi_kernel.psi exactly through n=9

--- r=1 (continuation length n+3) ---
n   constant   witness
1   0          
2   0          
3   0          
4   0          
5   2          22121
6   3          211222
7   0          
8   0          
9   0          
10  0          
11  0          
12  0          
13  0          
14  0          
15  0          
16  0          
17  0          

--- r=2 (continuation length n+4) ---
n   constant   witness
1   0          
2   0          
3   0          
4   0          
5   0          
6   0          
7   0          
8   0          
9   0          
10  0          
11  0          
12  0          
13  0          
14  0          
15  0          
16  0          
17  0          
