
--- r=0 c=2 (both constructions agree per-word) ---
 n   |H_r(n)|   2^n        ratio
  1          0            2   0.000000   (0.0s cum)
  2          0            4   0.000000   (0.0s cum)
  3          0            8   0.000000   (0.0s cum)
  4          0           16   0.000000   (0.0s cum)
  5          0           32   0.000000   (0.0s cum)
  6          0           64   0.000000   (0.0s cum)
  7          0          128   0.000000   (0.0s cum)
  8          0          256   0.000000   (0.1s cum)
  9          0          512   0.000000   (0.3s cum)
 10          0         1024   0.000000   (0.8s cum)
 11          0         2048   0.000000   (2.1s cum)
 12          0         4096   0.000000   (5.2s cum)
 13          0         8192   0.000000   (12.5s cum)
 14          0        16384   0.000000   (30.6s cum)
 15          0        32768   0.000000   (68.0s cum)
 16          0        65536   0.000000   (152.3s cum)
  (152.3s)

--- r=0 c=3 (both constructions agree per-word) ---
 n   |H_r(n)|   2^n        ratio
  1          0            2   0.000000   (0.0s cum)
  2          0            4   0.000000   (0.0s cum)
  3          0            8   0.000000   (0.0s cum)
  4          0           16   0.000000   (0.0s cum)
  5          0           32   0.000000   (0.0s cum)
  6          0           64   0.000000   (0.0s cum)
  7          0          128   0.000000   (0.1s cum)
  8          0          256   0.000000   (0.1s cum)
  9          0          512   0.000000   (0.3s cum)
 10          0         1024   0.000000   (0.8s cum)
 11          0         2048   0.000000   (2.0s cum)
 12          0         4096   0.000000   (4.9s cum)
 13          0         8192   0.000000   (11.3s cum)
 14          0        16384   0.000000   (27.3s cum)
 15          0        32768   0.000000   (65.4s cum)
 16          0        65536   0.000000   (145.8s cum)
  (145.8s)

--- r=1 c=2 (both constructions agree per-word) ---
 n   |H_r(n)|   2^n        ratio
  1          0            2   0.000000   (0.0s cum)
  2          0            4   0.000000   (0.0s cum)
  3          0            8   0.000000   (0.0s cum)
  4          0           16   0.000000   (0.0s cum)
  5          0           32   0.000000   (0.0s cum)
  6          0           64   0.000000   (0.0s cum)
  7          0          128   0.000000   (0.1s cum)
  8          0          256   0.000000   (0.2s cum)
  9          0          512   0.000000   (0.4s cum)
 10          0         1024   0.000000   (1.0s cum)
 11          0         2048   0.000000   (2.2s cum)
 12          0         4096   0.000000   (5.5s cum)
 13          0         8192   0.000000   (12.4s cum)
 14          0        16384   0.000000   (28.2s cum)
 15          0        32768   0.000000   (64.3s cum)
 16          0        65536   0.000000   (178.3s cum)
  (178.3s)

--- r=1 c=3 (both constructions agree per-word) ---
 n   |H_r(n)|   2^n        ratio
  1          0            2   0.000000   (0.0s cum)
  2          0            4   0.000000   (0.0s cum)
  3          0            8   0.000000   (0.0s cum)
  4          0           16   0.000000   (0.0s cum)
  5          0           32   0.000000   (0.0s cum)
  6          0           64   0.000000   (0.1s cum)
  7          0          128   0.000000   (0.1s cum)
  8          0          256   0.000000   (0.3s cum)
  9          0          512   0.000000   (0.6s cum)
 10          0         1024   0.000000   (1.5s cum)
 11          0         2048   0.000000   (3.6s cum)
 12          0         4096   0.000000   (8.3s cum)
 13          0         8192   0.000000   (19.2s cum)
 14          0        16384   0.000000   (43.3s cum)
 15          0        32768   0.000000   (87.7s cum)
 16          0        65536   0.000000   (178.6s cum)
  (178.6s)

--- r=2 c=2 (both constructions agree per-word) ---
 n   |H_r(n)|   2^n        ratio
  1          0            2   0.000000   (0.0s cum)
  2          0            4   0.000000   (0.0s cum)
  3          0            8   0.000000   (0.0s cum)
  4          0           16   0.000000   (0.0s cum)
  5          0           32   0.000000   (0.0s cum)
  6          0           64   0.000000   (0.0s cum)
  7          0          128   0.000000   (0.1s cum)
  8          0          256   0.000000   (0.2s cum)
  9          0          512   0.000000   (0.5s cum)
 10          0         1024   0.000000   (1.2s cum)
 11          0         2048   0.000000   (2.8s cum)
 12          0         4096   0.000000   (6.5s cum)
 13          0         8192   0.000000   (14.9s cum)
 14          0        16384   0.000000   (33.8s cum)
 15          0        32768   0.000000   (76.8s cum)
 16          0        65536   0.000000   (175.1s cum)
  (175.1s)

--- r=2 c=3 (both constructions agree per-word) ---
 n   |H_r(n)|   2^n        ratio
  1          0            2   0.000000   (0.0s cum)
  2          0            4   0.000000   (0.0s cum)
  3          0            8   0.000000   (0.0s cum)
  4          0           16   0.000000   (0.0s cum)
  5          0           32   0.000000   (0.0s cum)
  6          0           64   0.000000   (0.0s cum)
  7          0          128   0.000000   (0.1s cum)
  8          0          256   0.000000   (0.2s cum)
  9          0          512   0.000000   (0.5s cum)
 10          0         1024   0.000000   (1.2s cum)
 11          0         2048   0.000000   (3.0s cum)
 12          0         4096   0.000000   (6.8s cum)
 13          0         8192   0.000000   (15.2s cum)
 14          0        16384   0.000000   (34.4s cum)
 15          0        32768   0.000000   (75.1s cum)
 16          0        65536   0.000000   (191.8s cum)
  (191.8s)
