### ARM 1 (pre-registered): w >= 1 on all states, nonnegative coefficients
# Subinvariant weight LP on the RW forced survivor graph.
# K=8, complete census, levels = n+4, both target cells.
  n  c   edges  starts         t      rho  alpha_hat
 10  2     208     132   0.00000  1.00000        inf   [0.0s]
 10  3     222     136   0.00000  1.00000        inf   [0.0s]
 11  2     340     221   0.00000  1.00000        inf   [0.0s]
 11  3     410     251   0.00000  1.00000        inf   [0.0s]
 12  2     721     427   0.00000  1.00000        inf   [0.1s]
 12  3     707     414   0.00000  1.00000        inf   [0.1s]
 13  2    1214     708   0.00000  1.00000        inf   [0.1s]
 13  3    1226     733   0.00000  1.00000        inf   [0.1s]
 14  2    2175    1231   0.00000  1.00000        inf   [0.3s]
 14  3    2201    1240   0.00000  1.00000        inf   [0.3s]
 15  2    3667    2098   0.00000  1.00000        inf   [0.6s]
 15  3    3826    2108   0.00000  1.00000        inf   [0.6s]

### ARM 1 at K=40 (every position free; max diagonal length 34 < 40, so no tail term)
# Subinvariant weight LP on the RW forced survivor graph.
# K=40, complete census, levels = n+4, both target cells.
  n  c   edges  starts         t      rho  alpha_hat
 10  2     212     133   0.00000  1.00000        inf   [0.0s]
 10  3     225     136   0.00695  0.99308    39.7308   [0.0s]
 11  2     347     228   0.00000  1.00000        inf   [0.0s]
 11  3     422     257   0.00000  1.00000        inf   [0.0s]
 12  2     746     461   0.00000  1.00000        inf   [0.1s]
 12  3     740     446   0.00000  1.00000        inf   [0.1s]
 13  2    1267     787   0.00000  1.00000        inf   [0.2s]
 13  3    1277     800   0.00000  1.00000        inf   [0.2s]
 14  2    2289    1447   0.00000  1.00000        inf   [0.4s]
 14  3    2304    1421   0.00000  1.00000        inf   [0.4s]
 15  2    3934    2545   0.00000  1.00000        inf   [0.7s]
 15  3    4053    2546   0.00000  1.00000        inf   [0.8s]

### ARM 2 (diagnostic): signed, no lower bound at all
# Subinvariant weight LP on the RW forced survivor graph.
# K=8, complete census, levels = n+4, both target cells.
  n  c   edges  starts         t      rho  alpha_hat
 10  2     208     132   1.00000  0.36788    -1.0000   [0.0s]
 10  3     222     136   1.00000  0.36788    -1.0000   [0.0s]
 11  2     340     221   1.00000  0.36788    -1.0000   [0.0s]
 11  3     410     251   1.00000  0.36788    -1.0000   [0.0s]
 12  2     721     427   1.00000  0.36788    -1.0000   [0.1s]
 12  3     707     414   1.00000  0.36788    -1.0000   [0.1s]
 13  2    1214     708   1.00000  0.36788    -1.0000   [0.1s]
 13  3    1226     733   1.00000  0.36788    -1.0000   [0.1s]

# Fitted weight at n=13, c=2:
    x[0] = -1.0000 -1.0000 -1.0000 -1.0000
    x[1] = -1.0000 -1.0000 -1.0000 -1.0000
    x[2] = -1.0000 -1.0000 -1.0000 -1.0000
    x[3] = -1.0000 -1.0000 -1.0000 -1.0000
    x[4] = -1.0000 -1.0000 -1.0000 -1.0000
    x[5] = -1.0000 -1.0000 -1.0000 -1.0000
    x[6] = -1.0000 -1.0000 -1.0000 -1.0000
    x[7] = -1.0000 -1.0000 -1.0000 -1.0000
    a    = -1.0000 -1.0000 -1.0000 -1.0000

# Fitted weight at n=13, c=3:
    x[0] = -1.0000 -1.0000 -1.0000 -1.0000
    x[1] = -1.0000 -1.0000 -1.0000 -1.0000
    x[2] = -1.0000 -1.0000 -1.0000 -1.0000
    x[3] = -1.0000 -1.0000 -1.0000 -1.0000
    x[4] = -1.0000 -1.0000 -1.0000 -1.0000
    x[5] = -1.0000 -1.0000 -1.0000 -1.0000
    x[6] = -1.0000 -1.0000 -1.0000 -1.0000
    x[7] = -1.0000 -1.0000 -1.0000 -1.0000
    a    = -1.0000 -1.0000 -1.0000 -1.0000

### ARM 3: signed, log w >= 0 required only on the survivor sublanguage
# Subinvariant weight LP on the RW forced survivor graph.
# K=8, complete census, levels = n+4, both target cells.
  n  c   edges  starts         t      rho  alpha_hat
 10  2     208     132   1.00000  0.36788     0.5000   [0.0s]
 10  3     222     136   0.88889  0.41111     0.7000   [0.0s]
 11  2     340     221   0.88889  0.41111     0.5455   [0.0s]
 11  3     410     251   0.80000  0.44933     0.6364   [0.0s]
 12  2     721     427   0.61538  0.54043     0.7500   [0.1s]
 12  3     707     414   0.66667  0.51342     0.6667   [0.1s]
 13  2    1214     708   0.66667  0.51342     0.5385   [0.1s]
 13  3    1226     733   0.57143  0.56472     0.6923   [0.1s]
 14  2    2175    1231   0.50000  0.60653     0.7143   [0.3s]
 14  3    2201    1240   0.57143  0.56472     0.5714   [0.3s]

# Fitted weight at n=14, c=2:
    x[0] = 1.0000 1.0000 1.0000 1.0000
    x[1] = 1.0000 1.0000 1.0000 1.0000
    x[2] = 1.0000 1.0000 1.0000 1.0000
    x[3] = 1.0000 1.0000 1.0000 1.0000
    x[4] = 1.0000 1.0000 1.0000 1.0000
    x[5] = 1.0000 1.0000 1.0000 1.0000
    x[6] = 1.0000 1.0000 1.0000 1.0000
    x[7] = 1.0000 1.0000 1.0000 1.0000
    a    = -0.5000 -0.5000 -0.5000 -0.5000

# Fitted weight at n=14, c=3:
    x[0] = 1.0000 1.0000 1.0000 1.0000
    x[1] = 1.0000 1.0000 1.0000 1.0000
    x[2] = 1.0000 1.0000 1.0000 1.0000
    x[3] = 1.0000 1.0000 1.0000 1.0000
    x[4] = 1.0000 1.0000 1.0000 1.0000
    x[5] = 1.0000 1.0000 1.0000 1.0000
    x[6] = 1.0000 1.0000 1.0000 1.0000
    x[7] = 1.0000 1.0000 1.0000 1.0000
    a    = -0.5714 -0.5714 -0.5714 -0.5714

# Holdout: the n=14 fit evaluated at n=16, no refit.
c=2: edges=6586 worst step=-0.50000 (need <= -0.50000) edges violating the fit=0  min log w over survivor states=-1.0000  implied run bound=10.00  alpha=0.6250
c=3: edges=6653 worst step=-0.57143 (need <= -0.57143) edges violating the fit=0  min log w over survivor states=-2.2857  implied run bound=10.00  alpha=0.6250

### ARM 4: arm 3 with the pure-length direction excluded (per-position blocks sum to zero)
# K=0
  n  c   edges  starts         t      rho  alpha_hat
 10  2     114      44   0.00000  1.00000        inf   [0.0s]
 10  3     111      52   0.00000  1.00000        inf   [0.0s]
 11  2     150      66   0.00000  1.00000        inf   [0.0s]
 11  3     177      65   0.00000  1.00000        inf   [0.0s]
 12  2     206      90   0.00000  1.00000        inf   [0.1s]
 12  3     219      90   0.00000  1.00000        inf   [0.1s]
 13  2     283     108   0.00000  1.00000        inf   [0.1s]
 13  3     282     109   0.00000  1.00000        inf   [0.1s]
 14  2     367     128   0.00000  1.00000        inf   [0.2s]
 14  3     403     140   0.00000  1.00000        inf   [0.2s]
# K=8
  n  c   edges  starts         t      rho  alpha_hat
 10  2     208     132   0.00000  1.00000        inf   [0.0s]
 10  3     222     136   0.00000  1.00000        inf   [0.0s]
 11  2     340     221   0.00000  1.00000        inf   [0.0s]
 11  3     410     251   0.00000  1.00000        inf   [0.0s]
 12  2     721     427   0.00000  1.00000        inf   [0.1s]
 12  3     707     414   0.00000  1.00000        inf   [0.1s]
 13  2    1214     708   0.00000  1.00000        inf   [0.1s]
 13  3    1226     733   0.00000  1.00000        inf   [0.1s]
 14  2    2175    1231   0.00000  1.00000        inf   [0.3s]
 14  3    2201    1240   0.00000  1.00000        inf   [0.3s]
# K=16
  n  c   edges  starts         t      rho  alpha_hat
 10  2     212     133   0.00000  1.00000        inf   [0.0s]
 10  3     225     136   0.00000  1.00000        inf   [0.0s]
 11  2     347     228   0.00000  1.00000        inf   [0.0s]
 11  3     422     257   0.00000  1.00000        inf   [0.0s]
 12  2     744     461   0.00000  1.00000        inf   [0.1s]
 12  3     740     446   0.00000  1.00000        inf   [0.1s]
 13  2    1262     787   0.00000  1.00000        inf   [0.2s]
 13  3    1275     800   0.00000  1.00000        inf   [0.2s]
 14  2    2278    1447   0.00000  1.00000        inf   [0.3s]
 14  3    2274    1421   0.00000  1.00000        inf   [0.3s]
# K=40
  n  c   edges  starts         t      rho  alpha_hat
 10  2     212     133   0.00000  1.00000        inf   [0.0s]
 10  3     225     136   0.00000  1.00000        inf   [0.0s]
 11  2     347     228   0.00000  1.00000        inf   [0.0s]
 11  3     422     257   0.00000  1.00000        inf   [0.0s]
 12  2     746     461   0.00000  1.00000        inf   [0.1s]
 12  3     740     446   0.00000  1.00000        inf   [0.1s]
 13  2    1267     787   0.00000  1.00000        inf   [0.2s]
 13  3    1277     800   0.00000  1.00000        inf   [0.2s]
 14  2    2289    1447   0.00000  1.00000        inf   [0.4s]
 14  3    2304    1421   0.00000  1.00000        inf   [0.4s]
