========================================================================
CHECK 1: path A (literal_extension) vs path B (forced_orbit)
  n=16 c=2: A=[2, 3, 5, 8, 13, 21, 27, 20, 6, 3, 1, 0]
            B=[2, 3, 5, 8, 13, 21, 27, 20, 6, 3, 1, 0]   AGREE=True
  n=16 c=3: A=[2, 3, 5, 8, 13, 21, 28, 17, 8, 5, 2, 0]
            B=[2, 3, 5, 8, 13, 21, 28, 17, 8, 5, 2, 0]   AGREE=True

========================================================================
CHECK 2: Fibonacci phase  D_k == F (2,3,5,8,13,21) for k < 6
  expected hard-core counts for k=0..5: [2, 3, 5, 8, 13, 21]
  n=16 c=2: [2, 3, 5, 8, 13, 21]  OK
  n=16 c=3: [2, 3, 5, 8, 13, 21]  OK
  => Fibonacci/surjectivity phase HOLDS

========================================================================
CHECK 3: stability of D_k in n (fixed k, varying n)
  tail c=2:
  tail c=3:

========================================================================
CHECK 4: TRUE max post-Fibonacci ratio r_k = D_(k+1)/D_k
  n=16 c=2: ratios k>=6 = [0.741, 0.3, 0.5, 0.333, 0.0]   max=0.741 at k=6
  n=16 c=3: ratios k>=6 = [0.607, 0.471, 0.625, 0.4, 0.0]   max=0.625 at k=8
  => TRUE max over all (n,c,k>=6) = 0.7407 at n=16 c=2 k=6
  => strict contraction (<1) HOLDS
