T=32768 Jmax=400
left-edge frame columns A_J (anti-diagonals x + t = J): J, period, preperiod
  A_0: (1, 0)
  A_1: (1, 1)
  A_2: (1, 2)
  A_3: (2, 2)
  A_4: (1, 2)
  A_5: (2, 2)
  A_6: (2, 2)
  A_7: (1, 0)
  A_8: (4, 2)
  A_9: (1, 5)
  A_10: (4, 6)
  A_11: (4, 8)
  A_12: (4, 6)
  A_13: (4, 10)
  A_14: (4, 11)
  A_15: (4, 13)
  A_16: (4, 16)
  A_17: (4, 15)
  A_18: (4, 20)
  A_19: (4, 18)
  A_20: (4, 23)
  A_21: (4, 23)
  A_22: (4, 25)
  A_23: (2, 24)
  A_24: (4, 27)
  A_25: (4, 28)
  A_26: (4, 29)
  A_27: (4, 30)
  A_28: (1, 31)
  A_29: (8, 30)
  A_30: (1, 33)
  A_31: (8, 34)
  A_32: (8, 36)
  A_33: (8, 36)
  A_34: (8, 40)
  A_35: (8, 37)
  A_36: (8, 46)
  A_37: (8, 41)
  A_38: (8, 48)
  A_39: (8, 50)
  A_40: (8, 55)
  A_41: (8, 52)
  A_42: (8, 57)
  A_43: (8, 56)
  A_44: (8, 61)
  A_45: (4, 59)
  A_46: (8, 64)
  A_47: (8, 62)
  A_48: (8, 71)
  A_49: (8, 65)
  A_50: (8, 73)
  A_51: (8, 74)
  A_52: (8, 76)
  A_53: (8, 75)
  A_54: (8, 78)
  A_55: (8, 78)
  A_56: (8, 82)
  A_57: (8, 79)
  A_58: (8, 84)
  A_59: (8, 85)
  A_60: (8, 86)
  A_61: (8, 87)
  A_62: (8, 87)
  A_63: (8, 91)
  A_64: (4, 88)
  A_65: (8, 93)
  A_66: (4, 94)
  A_67: (8, 97)
  A_68: (8, 96)
  A_69: (8, 99)
  A_70: (8, 99)
  A_71: (8, 99)
  A_72: (8, 100)
  A_73: (8, 99)
  A_74: (8, 102)
  A_75: (8, 101)
  A_76: (8, 104)
  A_77: (8, 108)
  A_78: (8, 107)
  A_79: (8, 111)
  A_80: (4, 110)
  A_81: (8, 115)
  A_82: (8, 113)
  A_83: (8, 117)
  A_84: (8, 116)
  A_85: (8, 125)
  A_86: (8, 119)
  A_87: (8, 127)
  A_88: (8, 127)
  A_89: (8, 124)
  A_90: (8, 127)
  A_91: (8, 127)
  A_92: (8, 127)
  A_93: (8, 128)
  A_94: (4, 130)
  A_95: (8, 130)
  A_96: (8, 130)
  A_97: (8, 131)
  A_98: (8, 132)
  A_99: (8, 133)
  A_100: (8, 134)
  A_101: (8, 137)
  A_102: (8, 135)
  A_103: (8, 141)
  A_104: (8, 138)
  A_105: (8, 147)
  A_106: (8, 145)
  A_107: (8, 151)
  A_108: (8, 149)
  A_109: (8, 153)
  A_110: (8, 154)
  A_111: (8, 155)
  A_112: (8, 156)
  A_113: (8, 158)
  A_114: (8, 158)
  A_115: (8, 162)
  A_116: (8, 158)
  A_117: (8, 164)
  A_118: (8, 163)
  A_119: (8, 166)
  A_120: (8, 166)
  A_121: (2, 165)
  A_122: (8, 166)
  A_123: (8, 166)
  A_124: (8, 167)
  A_125: (8, 167)
  A_126: (8, 169)
  A_127: (8, 168)
  A_128: (8, 171)
  A_129: (8, 171)
  A_130: (8, 170)
  A_131: (8, 172)
  A_132: (8, 171)
  A_133: (8, 175)
  A_134: (8, 173)
  A_135: (8, 178)
  A_136: (8, 176)
  A_137: (2, 180)
  A_138: (8, 180)
  A_139: (8, 178)
  A_140: (8, 181)
  A_141: (8, 180)
  A_142: (8, 183)
  A_143: (8, 182)
  A_144: (8, 185)
  A_145: (2, 185)
  A_146: (8, 184)
  A_147: (2, 185)
  A_148: (8, 187)
  A_149: (8, 186)
  A_150: (8, 189)
  A_151: (8, 189)
  A_152: (8, 191)
  A_153: (8, 190)
  A_154: (8, 193)
  A_155: (8, 196)
  A_156: (8, 197)
  A_157: (8, 198)
  A_158: (8, 199)
  A_159: (8, 200)
  A_160: (8, 201)
  A_161: (8, 202)
  A_162: (8, 201)
  A_163: (8, 204)
  A_164: (8, 204)
  A_165: (8, 202)
  A_166: (8, 204)
  A_167: (8, 206)
  A_168: (8, 206)
  A_169: (8, 209)
  A_170: (8, 207)
  A_171: (8, 211)
  A_172: (8, 212)
  A_173: (8, 213)
  A_174: (8, 215)
  A_175: (8, 216)
  A_176: (8, 218)
  A_177: (8, 218)
  A_178: (8, 221)
  A_179: (8, 219)
  A_180: (8, 228)
  A_181: (8, 223)
  A_182: (4, 230)
  A_183: (8, 232)
  A_184: (8, 232)
  A_185: (8, 235)
  A_186: (8, 233)
  A_187: (8, 242)
  A_188: (8, 237)
  A_189: (8, 244)
  A_190: (8, 246)
  A_191: (8, 246)
  A_192: (8, 248)
  A_193: (8, 247)
  A_194: (4, 250)
  A_195: (8, 250)
  A_196: (8, 253)
  A_197: (8, 251)
  A_198: (8, 255)
  A_199: (8, 259)
  A_200: (8, 257)
  A_201: (8, 261)
  A_202: (8, 260)
  A_203: (8, 265)
  A_204: (8, 263)
  A_205: (4, 267)
  A_206: (8, 270)
  A_207: (8, 269)
  A_208: (8, 273)
  A_209: (8, 272)
  A_210: (8, 277)
  A_211: (4, 275)
  A_212: (8, 279)
  A_213: (8, 282)
  A_214: (8, 281)
  A_215: (8, 284)
  A_216: (4, 284)
  A_217: (8, 283)
  A_218: (8, 284)
  A_219: (8, 284)
  A_220: (8, 285)
  A_221: (8, 285)
  A_222: (8, 281)
  A_223: (8, 286)
  A_224: (8, 287)
  A_225: (8, 288)
  A_226: (8, 289)
  A_227: (8, 290)
  A_228: (8, 291)
  A_229: (8, 291)
  A_230: (8, 289)
  A_231: (8, 292)
  A_232: (8, 293)
  A_233: (8, 294)
  A_234: (8, 293)
  A_235: (8, 297)
  A_236: (8, 297)
  A_237: (8, 295)
  A_238: (8, 297)
  A_239: (8, 299)
  A_240: (8, 299)
  A_241: (8, 298)
  A_242: (8, 300)
  A_243: (8, 300)
  A_244: (8, 303)
  A_245: (8, 301)
  A_246: (8, 306)
  A_247: (8, 304)
  A_248: (8, 309)
  A_249: (8, 307)
  A_250: (8, 311)
  A_251: (8, 310)
  A_252: (8, 314)
  A_253: (8, 313)
  A_254: (8, 317)
  A_255: (8, 316)
  A_256: (8, 319)
  A_257: (8, 322)
  A_258: (8, 323)
  A_259: (8, 324)
  A_260: (8, 323)
  A_261: (8, 326)
  A_262: (8, 327)
  A_263: (8, 332)
  A_264: (8, 328)
  A_265: (8, 336)
  A_266: (8, 337)
  A_267: (8, 339)
  A_268: (8, 341)
  A_269: (8, 342)
  A_270: (8, 343)
  A_271: (8, 344)
  A_272: (8, 346)
  A_273: (8, 348)
  A_274: (8, 352)
  A_275: (8, 350)
  A_276: (8, 356)
  A_277: (8, 359)
  A_278: (8, 365)
  A_279: (8, 361)
  A_280: (8, 370)
  A_281: (8, 366)
  A_282: (8, 372)
  A_283: (8, 373)
  A_284: (8, 374)
  A_285: (8, 376)
  A_286: (4, 377)
  A_287: (8, 380)
  A_288: (4, 382)
  A_289: (8, 383)
  A_290: (4, 385)
  A_291: (8, 385)
  A_292: (8, 384)
  A_293: (8, 385)
  A_294: (8, 385)
  A_295: (8, 386)
  A_296: (8, 386)
  A_297: (8, 386)
  A_298: (8, 387)
  A_299: (8, 388)
  A_300: (8, 389)
  A_301: (8, 390)
  A_302: (8, 391)
  A_303: (8, 390)
  A_304: (8, 394)
  A_305: (8, 393)
  A_306: (8, 396)
  A_307: (8, 396)
  A_308: (8, 395)
  A_309: (8, 396)
  A_310: (8, 395)
  A_311: (8, 397)
  A_312: (8, 398)
  A_313: (8, 398)
  A_314: (8, 398)
  A_315: (8, 399)
  A_316: (8, 400)
  A_317: (8, 401)
  A_318: (8, 402)
  A_319: (8, 404)
  A_320: (8, 403)
  A_321: (8, 406)
  A_322: (8, 406)
  A_323: (8, 406)
  A_324: (8, 404)
  A_325: (8, 406)
  A_326: (8, 404)
  A_327: (8, 407)
  A_328: (8, 407)
  A_329: (8, 411)
  A_330: (8, 405)
  A_331: (4, 416)
  A_332: (8, 414)
  A_333: (8, 419)
  A_334: (8, 418)
  A_335: (8, 421)
  A_336: (8, 421)
  A_337: (8, 423)
  A_338: (8, 422)
  A_339: (8, 428)
  A_340: (8, 427)
  A_341: (8, 430)
  A_342: (8, 431)
  A_343: (8, 432)
  A_344: (8, 432)
  A_345: (8, 432)
  A_346: (8, 432)
  A_347: (8, 430)
  A_348: (8, 434)
  A_349: (8, 437)
  A_350: (8, 436)
  A_351: (8, 440)
  A_352: (8, 443)
  A_353: (8, 442)
  A_354: (8, 446)
  A_355: (8, 445)
  A_356: (8, 451)
  A_357: (8, 448)
  A_358: (8, 457)
  A_359: (8, 452)
  A_360: (8, 460)
  A_361: (4, 459)
  A_362: (8, 464)
  A_363: (4, 462)
  A_364: (8, 467)
  A_365: (8, 465)
  A_366: (8, 469)
  A_367: (8, 472)
  A_368: (8, 471)
  A_369: (8, 474)
  A_370: (8, 474)
  A_371: (8, 474)
  A_372: (8, 475)
  A_373: (8, 476)
  A_374: (8, 479)
  A_375: (8, 478)
  A_376: (8, 481)
  A_377: (8, 481)
  A_378: (4, 481)
  A_379: (8, 481)
  A_380: (8, 481)
  A_381: (8, 483)
  A_382: (8, 485)
  A_383: (8, 487)
  A_384: (8, 487)
  A_385: (8, 490)
  A_386: (8, 488)
  A_387: (8, 492)
  A_388: (8, 491)
  A_389: (4, 494)
  A_390: (8, 494)
  A_391: (8, 494)
  A_392: (8, 492)
  A_393: (8, 494)
  A_394: (8, 493)
  A_395: (8, 495)
  A_396: (8, 496)
  A_397: (8, 495)
  A_398: (8, 501)
  A_399: (1, 501)
  A_400: (16, 498)
right-edge frame diagonals D_{-k} (x - t = -k): k, period, preperiod
  D_-0: (1, 0)
  D_-1: (2, 0)
  D_-2: (2, 0)
  D_-3: (4, 0)
  D_-4: (8, 0)
  D_-5: (8, 0)
  D_-6: (16, 0)
  D_-7: (32, 0)
  D_-8: (32, 0)
  D_-9: (64, 0)
  D_-10: (64, 0)
  D_-11: (64, 0)
  D_-12: (64, 0)
  D_-13: (64, 0)
  D_-14: (64, 0)
  D_-15: (128, 0)
  D_-16: (256, 0)
  D_-17: (256, 0)
  D_-18: (256, 0)
  D_-19: (256, 0)
  D_-20: (256, 0)
  D_-21: (256, 0)
  D_-22: (256, 0)
  D_-23: (256, 0)
  D_-24: (512, 0)
  D_-25: (1024, 0)
  D_-26: (1024, 0)
  D_-27: (2048, 0)
  D_-28: (2048, 0)
  D_-29: (4096, 0)
  D_-30: (4096, 0)
  D_-31: (4096, 0)
  D_-32: (4096, 0)
  D_-33: (4096, 0)
  D_-34: None
  D_-35: None
  D_-36: None
  D_-37: None
  D_-38: None
  D_-39: None
  D_-40: None
  D_-41: None
  D_-42: None
  D_-43: None
  D_-44: None
  D_-45: None
  D_-46: None
  D_-47: None
  D_-48: None
  D_-49: None
  D_-50: None
  D_-51: None
  D_-52: None
  D_-53: None
  D_-54: None
  D_-55: None
  D_-56: None
  D_-57: None
  D_-58: None
  D_-59: None
  D_-60: None
  D_-61: None
  D_-62: None
  D_-63: None
  D_-64: None
  D_-65: None
  D_-66: None
  D_-67: None
  D_-68: None
  D_-69: None
  D_-70: None
  D_-71: None
  D_-72: None
  D_-73: None
  D_-74: None
  D_-75: None
  D_-76: None
  D_-77: None
  D_-78: None
  D_-79: None
  D_-80: None
  D_-81: None
  D_-82: None
  D_-83: None
  D_-84: None
  D_-85: None
  D_-86: None
  D_-87: None
  D_-88: None
  D_-89: None
  D_-90: None
  D_-91: None
  D_-92: None
  D_-93: None
  D_-94: None
  D_-95: None
  D_-96: None
  D_-97: None
  D_-98: None
  D_-99: None
  D_-100: None
  D_-101: None
  D_-102: None
  D_-103: None
  D_-104: None
  D_-105: None
  D_-106: None
  D_-107: None
  D_-108: None
  D_-109: None
  D_-110: None
  D_-111: None
  D_-112: None
  D_-113: None
  D_-114: None
  D_-115: None
  D_-116: None
  D_-117: None
  D_-118: None
  D_-119: None
  D_-120: None
  D_-121: None
  D_-122: None
  D_-123: None
  D_-124: None
  D_-125: None
  D_-126: None
  D_-127: None
  D_-128: None
  D_-129: None
  D_-130: None
  D_-131: None
  D_-132: None
  D_-133: None
  D_-134: None
  D_-135: None
  D_-136: None
  D_-137: None
  D_-138: None
  D_-139: None
  D_-140: None
  D_-141: None
  D_-142: None
  D_-143: None
  D_-144: None
  D_-145: None
  D_-146: None
  D_-147: None
  D_-148: None
  D_-149: None
  D_-150: None
  D_-151: None
  D_-152: None
  D_-153: None
  D_-154: None
  D_-155: None
  D_-156: None
  D_-157: None
  D_-158: None
  D_-159: None
  D_-160: None
  D_-161: None
  D_-162: None
  D_-163: None
  D_-164: None
  D_-165: None
  D_-166: None
  D_-167: None
  D_-168: None
  D_-169: None
  D_-170: None
  D_-171: None
  D_-172: None
  D_-173: None
  D_-174: None
  D_-175: None
  D_-176: None
  D_-177: None
  D_-178: None
  D_-179: None
  D_-180: None
  D_-181: None
  D_-182: None
  D_-183: None
  D_-184: None
  D_-185: None
  D_-186: None
  D_-187: None
  D_-188: None
  D_-189: None
  D_-190: None
  D_-191: None
  D_-192: None
  D_-193: None
  D_-194: None
  D_-195: None
  D_-196: None
  D_-197: None
  D_-198: None
  D_-199: None
  D_-200: None
  D_-201: None
  D_-202: None
  D_-203: None
  D_-204: None
  D_-205: None
  D_-206: None
  D_-207: None
  D_-208: None
  D_-209: None
  D_-210: None
  D_-211: None
  D_-212: None
  D_-213: None
  D_-214: None
  D_-215: None
  D_-216: None
  D_-217: None
  D_-218: None
  D_-219: None
  D_-220: None
  D_-221: None
  D_-222: None
  D_-223: None
  D_-224: None
  D_-225: None
  D_-226: None
  D_-227: None
  D_-228: None
  D_-229: None
  D_-230: None
  D_-231: None
  D_-232: None
  D_-233: None
  D_-234: None
  D_-235: None
  D_-236: None
  D_-237: None
  D_-238: None
  D_-239: None
  D_-240: None
  D_-241: None
  D_-242: None
  D_-243: None
  D_-244: None
  D_-245: None
  D_-246: None
  D_-247: None
  D_-248: None
  D_-249: None
  D_-250: None
  D_-251: None
  D_-252: None
  D_-253: None
  D_-254: None
  D_-255: None
  D_-256: None
  D_-257: None
  D_-258: None
  D_-259: None
  D_-260: None
  D_-261: None
  D_-262: None
  D_-263: None
  D_-264: None
  D_-265: None
  D_-266: None
  D_-267: None
  D_-268: None
  D_-269: None
  D_-270: None
  D_-271: None
  D_-272: None
  D_-273: None
  D_-274: None
  D_-275: None
  D_-276: None
  D_-277: None
  D_-278: None
  D_-279: None
  D_-280: None
  D_-281: None
  D_-282: None
  D_-283: None
  D_-284: None
  D_-285: None
  D_-286: None
  D_-287: None
  D_-288: None
  D_-289: None
  D_-290: None
  D_-291: None
  D_-292: None
  D_-293: None
  D_-294: None
  D_-295: None
  D_-296: None
  D_-297: None
  D_-298: None
  D_-299: None
  D_-300: None
  D_-301: None
  D_-302: None
  D_-303: None
  D_-304: None
  D_-305: None
  D_-306: None
  D_-307: None
  D_-308: None
  D_-309: None
  D_-310: None
  D_-311: None
  D_-312: None
  D_-313: None
  D_-314: None
  D_-315: None
  D_-316: None
  D_-317: None
  D_-318: None
  D_-319: None
  D_-320: None
  D_-321: None
  D_-322: None
  D_-323: None
  D_-324: None
  D_-325: None
  D_-326: None
  D_-327: None
  D_-328: None
  D_-329: None
  D_-330: None
  D_-331: None
  D_-332: None
  D_-333: None
  D_-334: None
  D_-335: None
  D_-336: None
  D_-337: None
  D_-338: None
  D_-339: None
  D_-340: None
  D_-341: None
  D_-342: None
  D_-343: None
  D_-344: None
  D_-345: None
  D_-346: None
  D_-347: None
  D_-348: None
  D_-349: None
  D_-350: None
  D_-351: None
  D_-352: None
  D_-353: None
  D_-354: None
  D_-355: None
  D_-356: None
  D_-357: None
  D_-358: None
  D_-359: None
  D_-360: None
  D_-361: None
  D_-362: None
  D_-363: None
  D_-364: None
  D_-365: None
  D_-366: None
  D_-367: None
  D_-368: None
  D_-369: None
  D_-370: None
  D_-371: None
  D_-372: None
  D_-373: None
  D_-374: None
  D_-375: None
  D_-376: None
  D_-377: None
  D_-378: None
  D_-379: None
  D_-380: None
  D_-381: None
  D_-382: None
  D_-383: None
  D_-384: None
  D_-385: None
  D_-386: None
  D_-387: None
  D_-388: None
  D_-389: None
  D_-390: None
  D_-391: None
  D_-392: None
  D_-393: None
  D_-394: None
  D_-395: None
  D_-396: None
  D_-397: None
  D_-398: None
  D_-399: None
  D_-400: None
