T=8192 Jmax=64
left-edge frame columns A_J (anti-diagonals x + t = J): J, period, preperiod
  A_0: (1, 0)
  A_1: (1, 1)
  A_2: (1, 2)
  A_3: (2, 2)
  A_4: (1, 2)
  A_5: (2, 2)
  A_6: (2, 2)
  A_7: (1, 0)
  A_8: (4, 2)
  A_9: (1, 5)
  A_10: (1, 8191)
  A_11: (1, 8191)
  A_12: (4, 6)
  A_13: (4, 10)
  A_14: (4, 11)
  A_15: (1, 8191)
  A_16: (1, 8190)
  A_17: (4, 15)
  A_18: (1, 8191)
  A_19: (4, 18)
  A_20: (4, 23)
  A_21: (4, 23)
  A_22: (1, 8191)
  A_23: (2, 24)
  A_24: (4, 27)
  A_25: (1, 8191)
  A_26: (4, 29)
  A_27: (4, 30)
  A_28: (1, 31)
  A_29: (2, 8189)
  A_30: (1, 33)
  A_31: (3, 8187)
  A_32: (3, 8185)
  A_33: (1, 8191)
  A_34: (8, 40)
  A_35: (8, 37)
  A_36: (1, 8191)
  A_37: (2, 8189)
  A_38: (3, 8187)
  A_39: (8, 50)
  A_40: (1, 8189)
  A_41: (8, 52)
  A_42: (1, 8190)
  A_43: (2, 8187)
  A_44: (8, 61)
  A_45: (1, 8191)
  A_46: (1, 8187)
  A_47: (8, 62)
  A_48: (1, 8190)
  A_49: (8, 65)
  A_50: (1, 8191)
  A_51: (1, 8191)
  A_52: (1, 8190)
  A_53: (5, 8183)
  A_54: (1, 8190)
  A_55: (1, 8188)
  A_56: (1, 8190)
  A_57: (1, 8189)
  A_58: (1, 8191)
  A_59: (2, 8186)
  A_60: (8, 86)
  A_61: (8, 87)
  A_62: (1, 8191)
  A_63: (8, 91)
  A_64: (4, 88)
right-edge frame diagonals D_{-k} (x - t = -k): k, period, preperiod
  D_-0: (1, 0)
  D_-1: (2, 0)
  D_-2: (2, 0)
  D_-3: (4, 0)
  D_-4: (2, 8189)
  D_-5: (2, 8186)
  D_-6: (16, 0)
  D_-7: (2, 8183)
  D_-8: (2, 8181)
  D_-9: (4, 8183)
  D_-10: (2, 8189)
  D_-11: (2, 8186)
  D_-12: (64, 0)
  D_-13: (2, 8175)
  D_-14: (2, 8172)
  D_-15: (4, 8175)
  D_-16: (2, 8189)
  D_-17: (2, 8186)
  D_-18: (256, 0)
  D_-19: (2, 8183)
  D_-20: (2, 8181)
  D_-21: (4, 8183)
  D_-22: (2, 8189)
  D_-23: (2, 8186)
  D_-24: (512, 0)
  D_-25: (2, 8156)
  D_-26: (2, 8163)
  D_-27: (4, 8163)
  D_-28: (2, 8189)
  D_-29: (2, 8186)
  D_-30: None
  D_-31: (2, 8183)
  D_-32: (2, 8181)
  D_-33: (4, 8183)
  D_-34: (2, 8189)
  D_-35: (2, 8186)
  D_-36: None
  D_-37: None
  D_-38: (2, 8189)
  D_-39: (2, 8184)
  D_-40: None
  D_-41: (2, 8181)
  D_-42: (2, 8179)
  D_-43: (4, 8181)
  D_-44: None
  D_-45: (1, 8190)
  D_-46: (1, 8190)
  D_-47: (2, 8189)
  D_-48: (2, 8187)
  D_-49: None
  D_-50: None
  D_-51: (2, 8189)
  D_-52: None
  D_-53: (1, 8191)
  D_-54: (2, 8186)
  D_-55: None
  D_-56: (2, 8189)
  D_-57: (2, 8184)
  D_-58: None
  D_-59: (2, 8180)
  D_-60: None
  D_-61: (3, 8187)
  D_-62: None
  D_-63: (2, 8185)
  D_-64: (2, 8185)
