T=65536 max_period=8192
rule30 RHP r|Z, c = true[:0] + 01^inf: len=32768 density=0.2142 eventual_period=None longest_shift_run=250@shift504
   block densities (8 blocks): [0.213, 0.214, 0.215, 0.214, 0.213, 0.215, 0.214, 0.215]
   zero-run histogram (run:count): [(1, 1), (2, 1164), (4, 5855)]
   first 60 one-positions (Z-index): [2, 7, 12, 17, 20, 25, 30, 35, 40, 45, 50, 53, 58, 63, 68, 73, 78, 83, 88, 93, 98, 101, 106, 111, 116, 119, 124, 129, 134, 137, 142, 147, 152, 157, 162, 165, 170, 175, 180, 183, 188, 193, 198, 203, 208, 211, 216, 221, 226, 229, 234, 239, 244, 247, 252, 257, 262, 265, 270, 275]
   last 10 one-positions: [32721, 32726, 32731, 32736, 32741, 32746, 32751, 32756, 32761, 32766]
   full r: eventual_period=None density=0.4107
   rule90 same drive: r|Z eventual_period=None density=0.6667
rule30 RHP r|Z, c = true[:8] + 01^inf: len=32768 density=0.2142 eventual_period=None longest_shift_run=272@shift18
   block densities (8 blocks): [0.215, 0.214, 0.215, 0.214, 0.215, 0.214, 0.215, 0.213]
   zero-run histogram (run:count): [(2, 1167), (3, 2), (4, 5852)]
   first 60 one-positions (Z-index): [3, 7, 10, 13, 16, 19, 22, 27, 32, 37, 42, 47, 50, 55, 60, 65, 68, 73, 78, 83, 86, 91, 96, 101, 106, 111, 116, 121, 124, 129, 134, 139, 142, 147, 152, 157, 162, 167, 170, 175, 180, 185, 188, 193, 198, 203, 206, 211, 216, 221, 224, 229, 234, 239, 244, 249, 252, 257, 262, 267]
   last 10 one-positions: [32724, 32729, 32734, 32739, 32742, 32747, 32752, 32757, 32760, 32765]
   full r: eventual_period=None density=0.4107
   rule90 same drive: r|Z eventual_period=None density=0.6666
rule30 RHP r|Z, c = true[:32] + 01^inf: len=32767 density=0.2144 eventual_period=None longest_shift_run=276@shift228
   block densities (8 blocks): [0.217, 0.215, 0.214, 0.214, 0.214, 0.214, 0.214, 0.214]
   zero-run histogram (run:count): [(1, 3), (2, 1171), (3, 3), (4, 5847)]
   first 60 one-positions (Z-index): [3, 4, 5, 8, 10, 12, 14, 18, 22, 25, 28, 33, 38, 43, 46, 51, 56, 61, 64, 69, 74, 79, 82, 87, 92, 97, 102, 105, 110, 115, 120, 125, 130, 135, 140, 143, 148, 153, 158, 163, 168, 173, 178, 183, 188, 193, 198, 201, 206, 211, 216, 219, 224, 229, 234, 237, 242, 247, 252, 255]
   last 10 one-positions: [32719, 32724, 32729, 32734, 32739, 32744, 32749, 32754, 32759, 32764]
   full r: eventual_period=None density=0.4107
   rule90 same drive: r|Z eventual_period=None density=0.6664
rule30 RHP r|Z, c = true[:0] + 10^inf: len=32768 density=0.2146 eventual_period=None longest_shift_run=254@shift18
   block densities (8 blocks): [0.217, 0.213, 0.215, 0.213, 0.214, 0.214, 0.216, 0.216]
   zero-run histogram (run:count): [(1, 21), (2, 1164), (3, 1), (4, 5846)]
   first 60 one-positions (Z-index): [0, 4, 6, 11, 13, 18, 20, 25, 27, 32, 34, 39, 41, 46, 48, 53, 55, 60, 62, 67, 69, 74, 76, 81, 83, 88, 90, 95, 97, 102, 104, 109, 111, 116, 118, 123, 125, 130, 132, 137, 139, 144, 146, 151, 154, 157, 162, 167, 172, 175, 180, 185, 190, 193, 198, 203, 208, 211, 216, 221]
   last 10 one-positions: [32720, 32725, 32728, 32733, 32738, 32743, 32748, 32753, 32758, 32763]
   full r: eventual_period=None density=0.4108
   rule90 same drive: r|Z eventual_period=None density=0.6667
rule30 RHP r|Z, c = true[:8] + 10^inf: len=32767 density=0.2151 eventual_period=None longest_shift_run=290@shift18
   block densities (8 blocks): [0.219, 0.216, 0.215, 0.215, 0.213, 0.215, 0.213, 0.215]
   zero-run histogram (run:count): [(1, 36), (2, 1181), (3, 4), (4, 5826), (6, 1)]
   first 60 one-positions (Z-index): [6, 10, 12, 17, 21, 25, 27, 31, 36, 38, 43, 45, 50, 52, 57, 59, 64, 66, 71, 73, 78, 80, 85, 87, 92, 94, 99, 101, 106, 108, 113, 115, 120, 122, 127, 129, 134, 136, 141, 143, 148, 150, 155, 157, 162, 164, 169, 171, 176, 178, 183, 185, 190, 192, 197, 199, 204, 206, 211, 213]
   last 10 one-positions: [32723, 32728, 32733, 32736, 32741, 32746, 32751, 32754, 32759, 32764]
   full r: eventual_period=None density=0.4110
   rule90 same drive: r|Z eventual_period=None density=0.6666
rule30 RHP r|Z, c = true[:32] + 10^inf: len=32766 density=0.2144 eventual_period=None longest_shift_run=266@shift100
   block densities (8 blocks): [0.217, 0.214, 0.215, 0.214, 0.214, 0.214, 0.213, 0.214]
   zero-run histogram (run:count): [(1, 12), (2, 1156), (3, 3), (4, 5852)]
   first 60 one-positions (Z-index): [3, 4, 5, 8, 10, 12, 17, 19, 23, 28, 30, 32, 34, 36, 38, 40, 42, 44, 46, 50, 55, 58, 61, 64, 69, 74, 79, 82, 87, 92, 97, 100, 105, 108, 113, 118, 123, 126, 131, 136, 141, 146, 151, 154, 159, 164, 169, 172, 177, 182, 187, 190, 195, 200, 205, 208, 213, 218, 223, 228]
   last 10 one-positions: [32722, 32727, 32732, 32737, 32742, 32747, 32750, 32755, 32760, 32765]
   full r: eventual_period=None density=0.4107
   rule90 same drive: r|Z eventual_period=None density=0.6665
elapsed 9.6s
