rule 30 W=0 H=1: R=2 naive=2 P=2 P/R=1.0 sample_limited=False
rule 30 W=0 H=2: R=4 naive=8 P=4 P/R=1.0 sample_limited=False
rule 30 W=0 H=3: R=8 naive=32 P=8 P/R=1.0 sample_limited=False
rule 30 W=0 H=4: R=16 naive=128 P=16 P/R=1.0 sample_limited=False
rule 30 W=0 H=5: R=32 naive=512 P=32 P/R=1.0 sample_limited=False
rule 30 W=0 H=6: R=64 naive=2048 P=64 P/R=1.0 sample_limited=False
rule 30 W=0 H=7: R=128 naive=8192 P=128 P/R=1.0 sample_limited=False
rule 30 W=0 H=8: R=256 naive=32768 P=256 P/R=1.0 sample_limited=False
rule 30 W=0 H=9: R=512 naive=131072 P=512 P/R=1.0 sample_limited=False
rule 30 W=0 H=10: R=1024 naive=524288 P=1024 P/R=1.0 sample_limited=False
rule 30 W=0 H=11: R=2048 naive=2097152 P=2048 P/R=1.0 sample_limited=False
rule 30 W=1 H=1: R=8 naive=8 P=8 P/R=1.0 sample_limited=False
rule 30 W=1 H=2: R=24 naive=32 P=24 P/R=1.0 sample_limited=False
rule 30 W=1 H=3: R=64 naive=128 P=64 P/R=1.0 sample_limited=False
rule 30 W=1 H=4: R=160 naive=512 P=160 P/R=1.0 sample_limited=False
rule 30 W=1 H=5: R=400 naive=2048 P=400 P/R=1.0 sample_limited=False
rule 30 W=1 H=6: R=992 naive=8192 P=992 P/R=1.0 sample_limited=False
rule 30 W=1 H=7: R=2416 naive=32768 P=2416 P/R=1.0 sample_limited=False
rule 30 W=1 H=8: R=5832 naive=131072 P=5832 P/R=1.0 sample_limited=False
rule 30 W=1 H=9: R=13928 naive=524288 P=13925 P/R=0.999785 sample_limited=False
rule 30 W=1 H=10: R=32952 naive=2097152 P=32898 P/R=0.998361 sample_limited=False
rule 30 W=2 H=1: R=32 naive=32 P=32 P/R=1.0 sample_limited=False
rule 30 W=2 H=2: R=96 naive=128 P=96 P/R=1.0 sample_limited=False
rule 30 W=2 H=3: R=256 naive=512 P=256 P/R=1.0 sample_limited=False
rule 30 W=2 H=4: R=640 naive=2048 P=640 P/R=1.0 sample_limited=False
rule 30 W=2 H=5: R=1600 naive=8192 P=1600 P/R=1.0 sample_limited=False
rule 30 W=2 H=6: R=3968 naive=32768 P=3968 P/R=1.0 sample_limited=False
rule 30 W=2 H=7: R=9664 naive=131072 P=9664 P/R=1.0 sample_limited=False
rule 30 W=2 H=8: R=23328 naive=524288 P=23322 P/R=0.999743 sample_limited=False
rule 30 W=2 H=9: R=55712 naive=2097152 P=55539 P/R=0.996895 sample_limited=False
rule 30 W=3 H=1: R=128 naive=128 P=128 P/R=1.0 sample_limited=False
rule 30 W=3 H=2: R=384 naive=512 P=384 P/R=1.0 sample_limited=False
rule 30 W=3 H=3: R=1024 naive=2048 P=1024 P/R=1.0 sample_limited=False
rule 30 W=3 H=4: R=2560 naive=8192 P=2560 P/R=1.0 sample_limited=False
rule 30 W=3 H=5: R=6400 naive=32768 P=6400 P/R=1.0 sample_limited=False
rule 30 W=3 H=6: R=15872 naive=131072 P=15872 P/R=1.0 sample_limited=False
rule 30 W=3 H=7: R=38656 naive=524288 P=38646 P/R=0.999741 sample_limited=False
rule 30 W=3 H=8: R=93312 naive=2097152 P=92729 P/R=0.993752 sample_limited=False
rule 90 W=0 H=1: R=2 naive=2 P=1 P/R=0.5 sample_limited=False
rule 90 W=0 H=2: R=4 naive=8 P=1 P/R=0.25 sample_limited=False
rule 90 W=0 H=3: R=8 naive=32 P=1 P/R=0.125 sample_limited=False
rule 90 W=0 H=4: R=16 naive=128 P=1 P/R=0.0625 sample_limited=False
rule 90 W=0 H=5: R=32 naive=512 P=1 P/R=0.03125 sample_limited=False
rule 90 W=0 H=6: R=64 naive=2048 P=1 P/R=0.015625 sample_limited=False
rule 90 W=0 H=7: R=128 naive=8192 P=1 P/R=0.007812 sample_limited=False
rule 90 W=0 H=8: R=256 naive=32768 P=1 P/R=0.003906 sample_limited=False
rule 90 W=0 H=9: R=512 naive=131072 P=1 P/R=0.001953 sample_limited=False
rule 90 W=0 H=10: R=1024 naive=524288 P=1 P/R=0.000977 sample_limited=False
rule 90 W=0 H=11: R=2048 naive=2097152 P=1 P/R=0.000488 sample_limited=False
rule 90 W=1 H=1: R=8 naive=8 P=2 P/R=0.25 sample_limited=False
rule 90 W=1 H=2: R=32 naive=32 P=3 P/R=0.09375 sample_limited=False
rule 90 W=1 H=3: R=128 naive=128 P=4 P/R=0.03125 sample_limited=False
rule 90 W=1 H=4: R=512 naive=512 P=5 P/R=0.009766 sample_limited=False
rule 90 W=1 H=5: R=2048 naive=2048 P=6 P/R=0.00293 sample_limited=False
rule 90 W=1 H=6: R=8192 naive=8192 P=7 P/R=0.000854 sample_limited=False
rule 90 W=1 H=7: R=32768 naive=32768 P=8 P/R=0.000244 sample_limited=False
rule 90 W=1 H=8: R=131072 naive=131072 P=9 P/R=6.9e-05 sample_limited=False
rule 90 W=1 H=9: R=524288 naive=524288 P=10 P/R=1.9e-05 sample_limited=True
rule 90 W=1 H=10: R=2097152 naive=2097152 P=11 P/R=5e-06 sample_limited=True
rule 90 W=2 H=1: R=32 naive=32 P=3 P/R=0.09375 sample_limited=False
rule 90 W=2 H=2: R=128 naive=128 P=4 P/R=0.03125 sample_limited=False
rule 90 W=2 H=3: R=512 naive=512 P=5 P/R=0.009766 sample_limited=False
rule 90 W=2 H=4: R=2048 naive=2048 P=6 P/R=0.00293 sample_limited=False
rule 90 W=2 H=5: R=8192 naive=8192 P=7 P/R=0.000854 sample_limited=False
rule 90 W=2 H=6: R=32768 naive=32768 P=8 P/R=0.000244 sample_limited=False
rule 90 W=2 H=7: R=131072 naive=131072 P=9 P/R=6.9e-05 sample_limited=False
rule 90 W=2 H=8: R=524288 naive=524288 P=10 P/R=1.9e-05 sample_limited=True
rule 90 W=2 H=9: R=2097152 naive=2097152 P=11 P/R=5e-06 sample_limited=True
rule 90 W=3 H=1: R=128 naive=128 P=4 P/R=0.03125 sample_limited=False
rule 90 W=3 H=2: R=512 naive=512 P=5 P/R=0.009766 sample_limited=False
rule 90 W=3 H=3: R=2048 naive=2048 P=6 P/R=0.00293 sample_limited=False
rule 90 W=3 H=4: R=8192 naive=8192 P=7 P/R=0.000854 sample_limited=False
rule 90 W=3 H=5: R=32768 naive=32768 P=8 P/R=0.000244 sample_limited=False
rule 90 W=3 H=6: R=131072 naive=131072 P=9 P/R=6.9e-05 sample_limited=False
rule 90 W=3 H=7: R=524288 naive=524288 P=10 P/R=1.9e-05 sample_limited=True
rule 90 W=3 H=8: R=2097152 naive=2097152 P=11 P/R=5e-06 sample_limited=True
wrote /Volumes/A/researchpapers/13-rule30/experiments/overnight-arms/frontier_attack/a3_p2_orbit_closure/realizable_patches.json
