rule 30: |L_14| = 476596 (exact)
families with pairwise-distinct 4-truncated follower sets: 15
  x=[] y=[1, 3]  j=1..4  (4 members, all distinct)
  x=[0] y=[1, 3]  j=1..4  (4 members, all distinct)
  x=[3] y=[1, 3]  j=1..4  (4 members, all distinct)
  x=[0, 0] y=[1, 3]  j=1..4  (4 members, all distinct)
  x=[0, 3] y=[1, 3]  j=1..4  (4 members, all distinct)
  x=[2, 3] y=[1, 3]  j=1..4  (4 members, all distinct)
  x=[3, 0] y=[1, 3]  j=1..4  (4 members, all distinct)
  x=[0] y=[3, 1]  j=1..4  (4 members, all distinct)
  x=[1] y=[3, 1]  j=1..4  (4 members, all distinct)
  x=[0, 0] y=[3, 1]  j=1..4  (4 members, all distinct)
longest family x=[] y=[1, 3]: follower sizes [48, 44, 32, 16]
  j=1 vs j=2 separated by continuation [0, 0, 0, 2] (in F_1: True)
  j=1 vs j=3 separated by continuation [0, 0, 0, 2] (in F_1: True)
  j=1 vs j=4 separated by continuation [0, 0, 0, 0] (in F_1: True)
  j=2 vs j=3 separated by continuation [0, 0, 2, 2] (in F_2: True)
  j=2 vs j=4 separated by continuation [0, 0, 0, 0] (in F_2: True)
  j=3 vs j=4 separated by continuation [0, 0, 0, 0] (in F_3: True)
wrote out/pump_search_rule30_N14_m4.json
