n=4  [0.0s]
   k   D_k     log2 D_k   drop   maxfiber   P_k
   0      13     3.700                2   -
   1      11     3.459    0.24        3   11
   2      10     3.322    0.14        3   10
   3      10     3.322    0.00        3   10
   4      10     3.322    0.00        3   10
   5      10     3.322    0.00        3   10
   6      10     3.322    0.00        3   10

n=5  [0.0s]
   k   D_k     log2 D_k   drop   maxfiber   P_k
   0      23     4.524                3   -
   1      19     4.248    0.28        3   19
   2      18     4.170    0.08        3   18
   3      17     4.087    0.08        3   17
   4      17     4.087    0.00        3   17
   5      17     4.087    0.00        3   17
   6      16     4.000    0.09        4   16
   7      16     4.000    0.00        4   16

n=6  [0.0s]
   k   D_k     log2 D_k   drop   maxfiber   P_k
   0      39     5.285                3   -
   1      36     5.170    0.12        3   36
   2      36     5.170    0.00        3   36
   3      34     5.087    0.08        5   34
   4      32     5.000    0.09        5   32
   5      32     5.000    0.00        5   32
   6      32     5.000    0.00        5   32
   7      32     5.000    0.00        5   32
   8      32     5.000    0.00        5   32

n=7  [0.0s]
   k   D_k     log2 D_k   drop   maxfiber   P_k
   0      73     6.190                3   -
   1      61     5.931    0.26        6   61
   2      56     5.807    0.12        6   56
   3      55     5.781    0.03        6   55
   4      54     5.755    0.03        6   54
   5      51     5.672    0.08        7   51
   6      51     5.672    0.00        7   51
   7      51     5.672    0.00        7   51
   8      51     5.672    0.00        7   51
   9      50     5.644    0.03        7   50

n=8  [0.0s]
   k   D_k     log2 D_k   drop   maxfiber   P_k
   0     129     7.011                6   -
   1     111     6.794    0.22        8   111
   2     105     6.714    0.08        8   105
   3      98     6.615    0.10        9   98
   4      96     6.585    0.03        9   96
   5      95     6.570    0.02        9   95
   6      95     6.570    0.00        9   95
   7      93     6.539    0.03        9   93
   8      93     6.539    0.00        9   93
   9      91     6.508    0.03        9   91
  10      91     6.508    0.00        9   91

n=9  [0.1s]
   k   D_k     log2 D_k   drop   maxfiber   P_k
   0     232     7.858                8   -
   1     199     7.637    0.22        8   199
   2     186     7.539    0.10        8   186
   3     176     7.459    0.08        9   176
   4     173     7.435    0.02        9   173
   5     171     7.418    0.02        9   171
   6     170     7.409    0.01        9   170
   7     164     7.358    0.05        9   164
   8     164     7.358    0.00        9   164
   9     163     7.349    0.01        9   163
  10     163     7.349    0.00        9   163
  11     162     7.340    0.01        9   162

n=10  [0.1s]
   k   D_k     log2 D_k   drop   maxfiber   P_k
   0     410     8.679                8   -
   1     367     8.520    0.16        9   367
   2     347     8.439    0.08        9   347
   3     327     8.353    0.09       10   327
   4     317     8.308    0.04       10   317
   5     306     8.257    0.05       10   306
   6     304     8.248    0.01       10   304
   7     299     8.224    0.02       10   299
   8     297     8.214    0.01       10   297
   9     294     8.200    0.01       11   294
  10     290     8.180    0.02       11   290
  11     289     8.175    0.00       11   289
  12     289     8.175    0.00       11   289

n=11  [0.3s]
   k   D_k     log2 D_k   drop   maxfiber   P_k
   0     742     9.535                9   -
   1     645     9.333    0.20       16   645
   2     600     9.229    0.10       16   600
   3     562     9.134    0.09       16   562
   4     550     9.103    0.03       19   550
   5     532     9.055    0.05       19   532
   6     525     9.036    0.02       19   525
   7     516     9.011    0.02       20   516
   8     512     9.000    0.01       20   512
   9     509     8.992    0.01       21   509
  10     506     8.983    0.01       21   506
  11     504     8.977    0.01       21   504
  12     502     8.972    0.01       21   502
  13     500     8.966    0.01       21   500

n=12  [0.8s]
   k   D_k     log2 D_k   drop   maxfiber   P_k
   0    1329    10.376               16   -
   1    1145    10.161    0.21       24   1145
   2    1086    10.085    0.08       24   1086
   3    1025    10.001    0.08       24   1025
   4     986     9.945    0.06       24   986
   5     967     9.917    0.03       24   967
   6     951     9.893    0.02       24   951
   7     941     9.878    0.02       24   941
   8     929     9.860    0.02       24   929
   9     924     9.852    0.01       24   924
  10     919     9.844    0.01       33   919
  11     915     9.838    0.01       33   915
  12     908     9.827    0.01       33   908
  13     907     9.825    0.00       33   907
  14     904     9.820    0.00       33   904

n=13  [1.7s]
   k   D_k     log2 D_k   drop   maxfiber   P_k
   0    2376    11.214               24   -
   1    2067    11.013    0.20       26   2067
   2    1916    10.904    0.11       26   1916
   3    1822    10.831    0.07       26   1822
   4    1763    10.784    0.05       26   1763
   5    1722    10.750    0.03       26   1722
   6    1688    10.721    0.03       26   1688
   7    1671    10.706    0.01       26   1671
   8    1648    10.687    0.02       26   1648
   9    1637    10.677    0.01       26   1637
  10    1626    10.667    0.01       26   1626
  11    1616    10.658    0.01       26   1616
  12    1607    10.650    0.01       26   1607
  13    1596    10.640    0.01       26   1596
  14    1590    10.635    0.01       26   1590
  15    1584    10.629    0.01       26   1584

n=14  [4.0s]
   k   D_k     log2 D_k   drop   maxfiber   P_k
   0    4265    12.058               26   -
   1    3650    11.834    0.22       26   3650
   2    3392    11.728    0.11       27   3392
   3    3205    11.646    0.08       36   3205
   4    3098    11.597    0.05       36   3098
   5    3031    11.566    0.03       46   3031
   6    2974    11.538    0.03       46   2974
   7    2923    11.513    0.02       46   2923
   8    2894    11.499    0.01       46   2894
   9    2866    11.485    0.01       46   2866
  10    2845    11.474    0.01       46   2845
  11    2822    11.463    0.01       46   2822
  12    2813    11.458    0.00       46   2813
  13    2801    11.452    0.01       46   2801
  14    2797    11.450    0.00       46   2797
  15    2790    11.446    0.00       46   2790
  16    2788    11.445    0.00       46   2788

n=15  [8.9s]
   k   D_k     log2 D_k   drop   maxfiber   P_k
   0    7560    12.884               26   -
   1    6452    12.656    0.23       46   6452
   2    5985    12.547    0.11       46   5985
   3    5641    12.462    0.09       58   5641
   4    5465    12.416    0.05       58   5465
   5    5330    12.380    0.04       58   5330
   6    5227    12.352    0.03       58   5227
   7    5149    12.330    0.02       58   5149
   8    5088    12.313    0.02       58   5088
   9    5041    12.299    0.01       58   5041
  10    5009    12.290    0.01       58   5009
  11    4976    12.281    0.01       58   4976
  12    4960    12.276    0.00       58   4960
  13    4940    12.270    0.01       58   4940
  14    4936    12.269    0.00       58   4936
  15    4929    12.267    0.00       58   4929
  16    4924    12.266    0.00       58   4924
  17    4921    12.265    0.00       58   4921

n=16  [20.5s]
   k   D_k     log2 D_k   drop   maxfiber   P_k
   0   13382    13.708               46   -
   1   11479    13.487    0.22       60   11479
   2   10680    13.383    0.10       60   10680
   3   10063    13.297    0.09       68   10063
   4    9712    13.246    0.05       68   9712
   5    9488    13.212    0.03       68   9488
   6    9320    13.186    0.03       68   9320
   7    9162    13.161    0.02       90   9162
   8    9055    13.144    0.02       90   9055
   9    8965    13.130    0.01       90   8965
  10    8895    13.119    0.01       90   8895
  11    8849    13.111    0.01       90   8849
  12    8826    13.108    0.00       90   8826
  13    8805    13.104    0.00       90   8805
  14    8782    13.100    0.00       90   8782
  15    8771    13.099    0.00       90   8771
  16    8754    13.096    0.00       90   8754
  17    8744    13.094    0.00       90   8744
  18    8734    13.092    0.00       90   8734

