 n  c   k: max|S_k|/2^(n/2) [argmax]  ...   zero-cell dev/2^(n/2) for k=1..kmax
 8  2   k1: 0.50[1] k2: 1.88[11] k3: 2.88[100] k4: 2.88[0100] k5: 4.25[11100] k6: 4.25[011100]   zero:-0.25 +0.25 -0.50 +0.19 +0.38 +0.38  [0s]
 8  3   k1: 0.50[1] k2: 1.38[11] k3: 3.25[101] k4: 3.62[1011] k5: 5.25[11110] k6: 5.25[011110]   zero:+0.25 +0.38 -0.44 -0.19 +0.25 +0.06  [0s]
 9  2   k1: 3.54[1] k2: 3.54[01] k3: 3.54[001] k4: 3.62[1100] k5: 4.60[10100] k6: 4.60[010100]   zero:-1.77 -0.97 -1.10 -0.84 -0.62 -0.35  [0s]
 9  3   k1: 3.54[1] k2: 3.54[01] k3: 3.98[111] k4: 5.04[1111] k5: 5.04[01111] k6: 5.04[001111]   zero:+1.77 +1.46 +1.68 +1.50 +1.06 +0.44  [0s]
10  2   k1: 0.19[1] k2: 1.81[10] k3: 2.88[110] k4: 3.44[1000] k5: 4.81[10000] k6: 4.81[010000]   zero:-0.09 -0.22 -0.47 -0.09 +0.19 +0.16  [0s]
10  3   k1: 0.19[1] k2: 1.44[10] k3: 4.50[101] k4: 4.50[0101] k5: 6.12[11000] k6: 6.12[011000]   zero:+0.09 -0.06 +0.38 +0.53 +0.56 +0.53  [0s]
11  2   k1: 2.08[1] k2: 3.98[11] k3: 3.98[011] k4: 3.98[0011] k5: 3.98[00011] k6: 4.51[101001]   zero:-1.04 -0.55 -0.29 -0.35 +0.20 -0.02  [0s]
11  3   k1: 2.08[1] k2: 2.08[01] k3: 3.62[101] k4: 4.77[1001] k5: 4.77[01001] k6: 4.77[001001]   zero:+1.04 +0.46 +1.10 +0.64 +0.33 +0.13  [0s]
12  2   k1: 1.22[1] k2: 3.19[11] k3: 3.19[011] k4: 3.19[0011] k5: 7.06[10110] k6: 7.06[010110]   zero:+0.61 +1.03 +0.20 +0.03 -0.36 -0.06  [0s]
12  3   k1: 1.22[1] k2: 2.50[11] k3: 2.50[011] k4: 5.69[1101] k5: 5.69[01101] k6: 5.69[001101]   zero:-0.61 +0.30 +0.05 -0.52 +0.22 -0.28  [0s]
13  2   k1: 1.68[1] k2: 6.10[11] k3: 6.10[011] k4: 6.10[0011] k5: 6.83[10111] k6: 6.83[010111]   zero:-0.84 -1.97 -0.92 -0.62 -0.24 -0.39  [0s]
13  3   k1: 1.68[1] k2: 4.62[10] k3: 4.62[010] k4: 4.62[0010] k5: 6.50[11111] k6: 6.50[011111]   zero:+0.84 -0.67 -0.67 -0.41 -0.54 -0.27  [0s]
14  2   k1: 0.02[1] k2: 2.59[11] k3: 2.81[101] k4: 4.62[1111] k5: 4.62[01111] k6: 5.56[111000]   zero:+0.01 +1.20 +0.39 -0.70 -0.58 -0.20  [0s]
14  3   k1: 0.02[1] k2: 4.42[11] k3: 6.62[111] k4: 6.62[0111] k5: 6.62[00111] k6: 6.62[000111]   zero:-0.01 +0.17 -0.42 -0.59 -0.73 -0.62  [0s]
15  2   k1: 0.01[1] k2: 8.86[11] k3: 8.86[011] k4: 8.86[0011] k5: 8.86[00011] k6: 8.86[000011]   zero:+0.01 -1.83 -2.55 -0.59 -0.12 -0.49  [0s]
15  3   k1: 0.01[1] k2: 3.06[10] k3: 4.19[100] k4: 6.41[1101] k5: 6.41[01101] k6: 6.41[001101]   zero:-0.01 -0.59 -0.33 +0.03 +0.15 +0.38  [0s]
16  2   k1: 1.39[1] k2: 4.64[11] k3: 4.64[011] k4: 5.43[1101] k5: 6.41[11101] k6:10.88[101001]   zero:-0.70 +1.70 +2.25 +1.82 +0.07 -0.10  [1s]
16  3   k1: 1.39[1] k2: 3.91[11] k3: 7.62[111] k4: 7.62[0111] k5: 7.62[00111] k6: 7.62[000111]   zero:+0.70 +1.40 -0.32 +0.28 -0.02 +0.38  [1s]
17  2   k1: 2.84[1] k2: 2.84[01] k3: 3.30[110] k4: 4.41[1011] k5: 6.40[10100] k6: 8.03[111000]   zero:+1.42 +0.69 -0.53 +0.01 +0.84 +0.45  [2s]
17  3   k1: 2.84[1] k2: 2.84[01] k3: 2.84[001] k4: 5.34[1000] k5: 8.24[10111] k6:10.27[110111]   zero:-1.42 -0.85 -0.57 -1.17 -0.34 -0.32  [2s]
18  2   k1: 3.47[1] k2: 3.47[01] k3: 6.64[110] k4: 7.18[1011] k5: 7.18[01011] k6: 8.27[101100]   zero:-1.73 -0.26 +0.14 -0.49 -0.18 -0.24  [5s]
18  3   k1: 3.47[1] k2: 3.47[01] k3: 7.06[101] k4: 7.06[0101] k5: 7.83[11111] k6:10.12[110010]   zero:+1.73 +0.74 +2.24 +1.65 +0.59 +0.73  [5s]
19  2   k1: 1.04[1] k2: 2.12[11] k3: 6.84[100] k4: 6.84[0100] k5: 9.45[11101] k6:14.48[101001]   zero:-0.52 -0.37 -1.23 -0.26 +0.46 +0.44  [24s]
19  3   k1: 1.04[1] k2: 2.22[11] k3: 2.35[100] k4: 5.61[1010] k5: 9.37[10110] k6: 9.37[010110]   zero:+0.52 -0.15 +0.62 +0.03 +0.36 +0.71  [16s]
20  2   k1: 4.18[1] k2: 4.18[01] k3: 5.53[100] k4: 6.22[1010] k5: 9.13[11000] k6:10.11[110010]   zero:-2.09 -0.80 -0.05 +0.25 -0.57 +0.22  [52s]
20  3   k1: 4.18[1] k2: 4.18[01] k3: 6.53[101] k4: 8.08[1111] k5:10.56[10010] k6:10.56[010010]   zero:+2.09 +0.90 +0.83 +1.78 +1.16 +0.04  [52s]
