light cone: 3000 random four-state endpoints PASS

n=4 c=2
  k     N_k    E_k  E_k/N_k   N_k+1   keys  maxcls   D8 hist (id t T01 T11 s ts sig T11s)
  0      16     12   0.7500       8     16      1       6     2     1     0     1     3     1     2
  1       8      7   0.8750       7      8      1       1     6     0     0     1     0     0     0
  2       7      0   0.0000       0      5      2       0     0     0     3     4     0     0     0

n=4 c=3
  k     N_k    E_k  E_k/N_k   N_k+1   keys  maxcls   D8 hist (id t T01 T11 s ts sig T11s)
  0      16      4   0.2500       3     16      1       6     2     1     0     1     3     1     2
  1       3      3   1.0000       2      3      1       0     0     1     1     0     0     0     1
  2       2      0   0.0000       0      2      1       0     0     0     0     0     1     1     0

n=5 c=2
  k     N_k    E_k  E_k/N_k   N_k+1   keys  maxcls   D8 hist (id t T01 T11 s ts sig T11s)
  0      32     14   0.4375       9     32      1       0     3     6     7     5     2     9     0
  1       9      1   0.1111       1      9      1       1     0     1     0     1     0     0     6
  2       1      0   0.0000       0      1      1       0     0     0     1     0     0     0     0

n=5 c=3
  k     N_k    E_k  E_k/N_k   N_k+1   keys  maxcls   D8 hist (id t T01 T11 s ts sig T11s)
  0      32     18   0.5625      12     32      1       0     3     6     7     5     2     9     0
  1      12      9   0.7500       6     12      1       0     0     7     0     0     1     2     2
  2       6      2   0.3333       2      3      2       4     0     0     0     0     0     0     2
  3       2      2   1.0000       2      1      2       0     0     2     0     0     0     0     0
  4       2      2   1.0000       0      1      2       0     0     0     0     2     0     0     0

n=6 c=2
  k     N_k    E_k  E_k/N_k   N_k+1   keys  maxcls   D8 hist (id t T01 T11 s ts sig T11s)
  0      64     32   0.5000      22     64      1      18     4     4    11     3     4     6    14
  1      22      7   0.3182       6     22      1       1     4     6     4     3     0     2     2
  2       6      3   0.5000       3      5      2       3     0     0     1     0     0     0     2
  3       3      3   1.0000       0      2      2       3     0     0     0     0     0     0     0

n=6 c=3
  k     N_k    E_k  E_k/N_k   N_k+1   keys  maxcls   D8 hist (id t T01 T11 s ts sig T11s)
  0      64     32   0.5000      28     64      1      18     4     4    11     3     4     6    14
  1      28     13   0.4643      12     28      1       4     4     4     1     8     6     1     0
  2      12      6   0.5000       4      8      2       1     3     0     2     2     0     2     2
  3       4      0   0.0000       0      3      2       1     0     0     0     0     2     1     0

n=7 c=2
  k     N_k    E_k  E_k/N_k   N_k+1   keys  maxcls   D8 hist (id t T01 T11 s ts sig T11s)
  0     128     54   0.4219      41    128      1      15    13     9    23    20    16    10    22
  1      41     23   0.5610      17     41      1       4     7     8     0     6     5     7     4
  2      17     10   0.5882       9     10      2       1     5     0     0     0     2     2     7
  3       9      7   0.7778       5      5      2       4     0     0     2     0     0     3     0
  4       5      3   0.6000       0      2      3       3     0     0     0     2     0     0     0

n=7 c=3
  k     N_k    E_k  E_k/N_k   N_k+1   keys  maxcls   D8 hist (id t T01 T11 s ts sig T11s)
  0     128     74   0.5781      58    128      1      15    13     9    23    20    16    10    22
  1      58     20   0.3448      20     58      1      13    11     3     6     6     7     7     5
  2      20     16   0.8000      14     11      2       0     4     2     2     0     0     0    12
  3      14     10   0.7143      10      8      2       0     0     2     6     1     0     4     1
  4      10      0   0.0000       0      5      4       0     0     0     0     0     0    10     0

n=8 c=2
  k     N_k    E_k  E_k/N_k   N_k+1   keys  maxcls   D8 hist (id t T01 T11 s ts sig T11s)
  0     256    124   0.4844      87    256      1      36    26    34    31    27    30    32    40
  1      87     48   0.5517      44     87      1       7    27    14     8    12     5     9     5
  2      44     12   0.2727       9     25      2       4     0     0    14    18     0     8     0
  3       9      8   0.8889       0      5      2       8     0     0     1     0     0     0     0

n=8 c=3
  k     N_k    E_k  E_k/N_k   N_k+1   keys  maxcls   D8 hist (id t T01 T11 s ts sig T11s)
  0     256    132   0.5156      97    256      1      36    26    34    31    27    30    32    40
  1      97     54   0.5567      49     97      1      15     9    20    11     8    13     6    15
  2      49     20   0.4082      17     30      2       4     2     1     2     6     3    20    11
  3      17      7   0.4118       7     11      2       0     1     3     1     3     9     0     0
  4       7      6   0.8571       4      4      3       0     0     2     4     0     1     0     0
  5       4      3   0.7500       3      2      3       0     0     3     0     0     0     1     0
  6       3      3   1.0000       0      1      3       0     0     3     0     0     0     0     0

n=9 c=2
  k     N_k    E_k  E_k/N_k   N_k+1   keys  maxcls   D8 hist (id t T01 T11 s ts sig T11s)
  0     512    216   0.4219     162    512      1      43    49    69    89    92    51    73    46
  1     162     78   0.4815      57    162      1      23     7    15    15    16    34    14    38
  2      57     17   0.2982      17     32      2       9     0    10    10    14     6     2     6
  3      17      4   0.2353       4      9      2       4     0     1     2    10     0     0     0
  4       4      0   0.0000       0      2      2       0     0     4     0     0     0     0     0

n=9 c=3
  k     N_k    E_k  E_k/N_k   N_k+1   keys  maxcls   D8 hist (id t T01 T11 s ts sig T11s)
  0     512    296   0.5781     214    512      1      43    49    69    89    92    51    73    46
  1     214    128   0.5981     112    214      1      23    11    37    17    25    35    17    49
  2     112     69   0.6161      53     63      2      14     7    23    21     9    18     4    16
  3      53     28   0.5283      23     28      2      11     4    12     2    11     8     2     3
  4      23     14   0.6087       6      8      4       4     0     6     0     2     2     3     6
  5       6      6   1.0000       6      2      4       0     0     0     0     0     0     0     6
  6       6      6   1.0000       6      1      6       0     0     0     0     0     0     0     6
  7       6      6   1.0000       6      1      6       0     0     0     0     6     0     0     0
  8       6      0   0.0000       0      1      6       0     0     0     0     0     0     6     0

n=10 c=2
  k     N_k    E_k  E_k/N_k   N_k+1   keys  maxcls   D8 hist (id t T01 T11 s ts sig T11s)
  0    1024    509   0.4971     396   1024      1     125   128   127   137   131   148   108   120
  1     396    195   0.4924     177    396      1      61    50    48    63    53    50    34    37
  2     177     76   0.4294      62    100      2      23    23    31    35    15    22     8    20
  3      62     32   0.5161      26     35      2      18     0     4    13     3     6     8    10
  4      26     15   0.5769       6     11      4       6     2     2     6     0     0     7     3
  5       6      0   0.0000       0      2      4       0     0     4     2     0     0     0     0

n=10 c=3
  k     N_k    E_k  E_k/N_k   N_k+1   keys  maxcls   D8 hist (id t T01 T11 s ts sig T11s)
  0    1024    515   0.5029     385   1024      1     125   128   127   137   131   148   108   120
  1     385    186   0.4831     159    385      1      70    36    43    57    36    45    48    50
  2     159     80   0.5031      62     92      2      14    20    26    16    26    21    24    12
  3      62     42   0.6774      22     35      2       9     4    14     4     8     6     1    16
  4      22     14   0.6364      14     10      4       4     4     0     2     4     0     0     8
  5      14     12   0.8571      12      6      4       0     0     0     0     6     2     0     6
  6      12      6   0.5000       4      5      4       0     2     0     0     6     0     4     0
  7       4      4   1.0000       0      1      4       0     0     4     0     0     0     0     0

n=11 c=2
  k     N_k    E_k  E_k/N_k   N_k+1   keys  maxcls   D8 hist (id t T01 T11 s ts sig T11s)
  0    2048    977   0.4771     728   2048      1     246   240   286   254   268   279   212   263
  1     728    344   0.4725     285    728      1      76    94    93    88   110    81    93    93
  2     285    132   0.4632      93    153      2      33    37    39    31    46    28    34    37
  3      93     42   0.4516      36     51      2      16     5    10    21    16     0    21     4
  4      36     19   0.5278       9     14      4       8     0    13     0     1     8     3     3
  5       9      4   0.4444       4      3      4       0     0     0     0     0     0     4     5
  6       4      0   0.0000       0      1      4       0     0     0     4     0     0     0     0

n=11 c=3
  k     N_k    E_k  E_k/N_k   N_k+1   keys  maxcls   D8 hist (id t T01 T11 s ts sig T11s)
  0    2048   1071   0.5229     805   2048      1     246   240   286   254   268   279   212   263
  1     805    408   0.5068     325    805      1     126    91   108    92    96    79   101   112
  2     325    185   0.5692     157    179      2      34    51    37    33    38    22    33    77
  3     157     93   0.5924      79     86      2      21    15    15    39    18    14    14    21
  4      79     37   0.4684      32     31      4       6     3     6     8    16     6    27     7
  5      32     20   0.6250      14     13      4       3     0     6     7     7     0     9     0
  6      14     12   0.8571      12      5      4       0     2     0     3     4     0     0     5
  7      12      0   0.0000       0      4      4       8     4     0     0     0     0     0     0

n=12 c=2
  k     N_k    E_k  E_k/N_k   N_k+1   keys  maxcls   D8 hist (id t T01 T11 s ts sig T11s)
  0    4096   2087   0.5095    1607   4096      1     512   562   509   510   445   513   500   545
  1    1607    887   0.5520     752   1607      1     257   247   176   222   152   175   208   170
  2     752    353   0.4694     278    394      2      68   103    86   120    91    90    92   102
  3     278    136   0.4892     119    147      2      46    16    29    28    36    40    34    49
  4     119     55   0.4622      33     42      4      10     5    24    17     7    12    28    16
  5      33     14   0.4242      14     15      4       0     6     7     5     5     4     4     2
  6      14      8   0.5714       6      5      4       6     0     6     0     0     2     0     0
  7       6      6   1.0000       2      2      4       4     0     0     0     0     2     0     0
  8       2      2   1.0000       2      1      2       0     2     0     0     0     0     0     0
  9       2      0   0.0000       0      1      2       0     0     0     0     0     0     0     2

n=12 c=3
  k     N_k    E_k  E_k/N_k   N_k+1   keys  maxcls   D8 hist (id t T01 T11 s ts sig T11s)
  0    4096   2009   0.4905    1487   4096      1     512   562   509   510   445   513   500   545
  1    1487    846   0.5689     721   1487      1     169   184   239   190   195   191    97   222
  2     721    319   0.4424     226    382      2      71   104    95    80    86   104   123    58
  3     226    110   0.4867      87    122      2      16    12    24    32    36    45    43    18
  4      87     46   0.5287      44     34      4       9     5     0    19    11     7    20    16
  5      44      5   0.1136       5     16      4       8    10     0     5     0     8    13     0
  6       5      1   0.2000       1      2      4       0     4     0     1     0     0     0     0
  7       1      1   1.0000       1      1      1       0     0     0     1     0     0     0     0
  8       1      0   0.0000       0      1      1       0     0     0     0     0     0     1     0

n=13 c=2
  k     N_k    E_k  E_k/N_k   N_k+1   keys  maxcls   D8 hist (id t T01 T11 s ts sig T11s)
  0    8192   4020   0.4907    3068   8192      1     907   986  1028  1107  1097  1057  1070   940
  1    3068   1365   0.4449    1146   3068      1     354   308   458   305   480   397   306   460
  2    1146    606   0.5288     489    608      2     138   159   119   132   130   145   164   159
  3     489    235   0.4806     171    261      2      67    36    52    83    57    73    59    62
  4     171     95   0.5556      81     66      4      24    14    20    24    16    36    21    16
  5      81     39   0.4815      27     31      4      11     8     2    21     1    10    10    18
  6      27     13   0.4815      12      9      8       0    10     6     2     4     2     1     2
  7      12      0   0.0000       0      3      8       0     0     2     0     0     0     0    10

n=13 c=3
  k     N_k    E_k  E_k/N_k   N_k+1   keys  maxcls   D8 hist (id t T01 T11 s ts sig T11s)
  0    8192   4172   0.5093    3094   8192      1     907   986  1028  1107  1097  1057  1070   940
  1    3094   1507   0.4871    1266   3094      1     425   261   402   454   329   489   412   322
  2    1266    632   0.4992     503    675      2     166   183   154   163   151   154   131   164
  3     503    210   0.4175     176    269      2      53    74    49    54    39    83    83    68
  4     176     77   0.4375      70     64      4      22    29    30    20    13    13    35    14
  5      70     37   0.5286      20     25      4      20     7    18     2    12     2     4     5
  6      20      9   0.4500       9      7      6       0     1     0     0     3     2     8     6
  7       9      3   0.3333       3      3      4       0     2     0     3     0     4     0     0
  8       3      3   1.0000       3      1      3       0     0     3     0     0     0     0     0
  9       3      0   0.0000       0      1      3       0     0     0     0     0     3     0     0
