c=2: exhaustive joint tails 4, shifts of the one-seed pattern 4, equal as sets: True
c=2: universal 4-tuples by row j (columns 300..303):
c=2: period in j of the universal pattern (rows >= 5): None
c=3: exhaustive joint tails 4, shifts of the one-seed pattern 4, equal as sets: True
c=3: universal 4-tuples by row j (columns 300..303):
c=3: period in j of the universal pattern (rows >= 5): None

n=8 c=2
  k   N_k   window  top   j*: min mean max   middle m_k: min mean max
  0    256     16     0     0   0.8   9          7  15.2  16
  1     87     17     2     0   2.2   5         10  12.8  15
  2     44     18     4     1   3.8   6          8  10.2  13
  3      9     19     6     6   6.2   8          5   6.8   7

n=8 c=3
  k   N_k   window  top   j*: min mean max   middle m_k: min mean max
  0    256     16     0     0   1.1   6         10  14.9  16
  1     97     17     2     1   2.5   7          8  12.5  14
  2     49     18     4     1   3.5   7          7  10.5  13
  3     17     19     6     3   4.5   7          6   8.5  10
  4      7     20     8     4   4.6   8          4   7.4   8
  5      4     21    10     5   5.8   8          3   5.2   6
  6      3     22    12     6   6.0   6          4   4.0   4

n=10 c=2
  k   N_k   window  top   j*: min mean max   middle m_k: min mean max
  0   1024     20     0     0   0.7  20          0  19.3  20
  1    396     21     2     0   2.2  15          4  16.8  19
  2    177     22     4     1   3.5  16          2  14.5  17
  3     62     23     6     2   4.9   9          8  12.1  15
  4     26     24     8     3   5.8   9          7  10.2  13
  5      6     25    10     4   5.7   9          6   9.3  11

n=10 c=3
  k   N_k   window  top   j*: min mean max   middle m_k: min mean max
  0   1024     20     0     0   1.1   8         12  18.9  20
  1    385     21     2     1   2.4   9         10  16.6  18
  2    159     22     4     1   3.0   9          9  15.0  17
  3     62     23     6     2   3.7  11          6  13.3  15
  4     22     24     8     3   4.4   7          9  11.6  13
  5     14     25    10     3   5.3   7          8   9.7  12
  6     12     26    12     6   6.3   8          6   7.7   8
  7      4     27    14     6   6.0   6          7   7.0   7

n=12 c=2
  k   N_k   window  top   j*: min mean max   middle m_k: min mean max
  0   4096     24     0     0   0.7  14         10  23.3  24
  1   1607     25     2     0   2.1  14          9  20.9  23
  2    752     26     4     1   3.8  14          8  18.2  21
  3    278     27     6     2   5.0   9         12  16.0  19
  4    119     28     8     3   6.1  10         10  13.9  17
  5     33     29    10     4   6.8  12          7  12.2  15
  6     14     30    12     6   7.1   8         10  10.9  12
  7      6     31    14     7   8.3   9          8   8.7  10
  8      2     32    16     8   8.0   8          8   8.0   8
  9      2     33    18     8   8.0   8          7   7.0   7

n=12 c=3
  k   N_k   window  top   j*: min mean max   middle m_k: min mean max
  0   4096     24     0     0   1.1  17          7  22.9  24
  1   1487     25     2     1   2.6  17          6  20.4  22
  2    721     26     4     1   3.3  17          5  18.7  21
  3    226     27     6     2   4.2   9         12  16.8  19
  4     87     28     8     2   4.6   8         12  15.4  18
  5     44     29    10     3   5.7   9         10  13.3  16
  6      5     30    12     5   7.4   8         10  10.6  13
  7      1     31    14     6   6.0   6         11  11.0  11
  8      1     32    16     6   6.0   6         10  10.0  10

n=13 c=2
  k   N_k   window  top   j*: min mean max   middle m_k: min mean max
  0   8192     26     0     0   0.8  14         12  25.2  26
  1   3068     27     2     0   2.1   9         16  22.9  25
  2   1146     28     4     1   3.6  11         13  20.4  23
  3    489     29     6     2   4.7  12         11  18.3  21
  4    171     30     8     3   5.5   9         13  16.5  19
  5     81     31    10     4   5.7   9         12  15.3  17
  6     27     32    12     4   7.0   8         12  13.0  16
  7     12     33    14     6   7.7   8         11  11.3  13

n=13 c=3
  k   N_k   window  top   j*: min mean max   middle m_k: min mean max
  0   8192     26     0     0   1.1  17          9  24.9  26
  1   3094     27     2     1   2.4  13         12  22.6  24
  2   1266     28     4     1   2.9  10         14  21.1  23
  3    503     29     6     2   4.2  11         12  18.8  21
  4    176     30     8     2   4.6  11         11  17.4  20
  5     70     31    10     3   5.9  13          8  15.1  18
  6     20     32    12     6   6.7   9         11  13.3  14
  7      9     33    14     6   7.8  10          9  11.2  13
  8      3     34    16    10  10.0  10          8   8.0   8
  9      3     35    18    11  11.0  11          6   6.0   6

n=14 c=2
  k   N_k   window  top   j*: min mean max   middle m_k: min mean max
  0  16384     28     0     0   0.7  15         13  27.3  28
  1   6145     29     2     0   2.2  20          7  24.8  27
  2   2685     30     4     1   3.8  16         10  22.2  25
  3   1099     31     6     2   4.7  16          9  20.3  23
  4    386     32     8     3   5.5  11         13  18.5  21
  5    134     33    10     4   5.8  12         11  17.2  19
  6     57     34    12     4   6.2  12         10  15.8  18
  7     21     35    14     5   6.8   9         12  14.2  16
  8      6     36    16     6   8.0   9         11  12.0  14
  9      4     37    18    10  10.0  10          9   9.0   9
 10      4     38    20    10  10.0  10          8   8.0   8

n=14 c=3
  k   N_k   window  top   j*: min mean max   middle m_k: min mean max
  0  16384     28     0     0   1.1  19          9  26.9  28
  1   6145     29     2     1   2.4  18          9  24.6  26
  2   2684     30     4     1   3.0  15         11  23.0  25
  3   1072     31     6     2   3.9  13         12  21.1  23
  4    407     32     8     2   4.4   9         15  19.6  22
  5    145     33    10     3   5.5  10         13  17.5  20
  6     42     34    12     4   6.6  10         12  15.4  18
  7     25     35    14     4   7.4  11         10  13.6  17
  8      8     36    16     5   6.0   9         11  14.0  15
