c=2: exhaustive joint tails 4, shifts of the one-seed pattern 4, equal as sets: True
c=2: universal 4-tuples by row j (columns 300..303):
   j= 1 (1, 1, 1, 1)
   j= 2 (2, 3, 2, 3)
   j= 3 (3, 0, 3, 0)
   j= 4 (2, 2, 0, 0)
   j= 5 (1, 1, 3, 3)
   j= 6 (3, 2, 0, 2)
   j= 7 (0, 3, 3, 1)
   j= 8 (3, 0, 2, 3)
   j= 9 (2, 2, 1, 0)
   j=10 (1, 1, 2, 2)
   j=11 (2, 3, 1, 1)
   j=12 (1, 0, 1, 2)
   j=13 (2, 2, 3, 1)
   j=14 (1, 1, 0, 1)
   j=15 (3, 2, 2, 3)
   j=16 (0, 3, 1, 0)
   j=17 (2, 0, 1, 3)
   j=18 (1, 3, 2, 0)
   j=19 (3, 0, 3, 3)
   j=20 (0, 0, 2, 0)
   j=21 (3, 3, 1, 3)
   j=22 (2, 0, 1, 0)
   j=23 (3, 3, 2, 2)
   j=24 (0, 2, 1, 1)
c=2: period in j of the universal pattern (rows >= 5): None
c=3: exhaustive joint tails 4, shifts of the one-seed pattern 4, equal as sets: True
c=3: universal 4-tuples by row j (columns 300..303):
   j= 1 (2, 0, 2, 0)
   j= 2 (1, 3, 1, 3)
   j= 3 (1, 0, 1, 0)
   j= 4 (3, 3, 2, 2)
   j= 5 (0, 2, 1, 1)
   j= 6 (3, 1, 2, 3)
   j= 7 (2, 3, 1, 0)
   j= 8 (1, 0, 1, 3)
   j= 9 (1, 3, 2, 0)
   j=10 (2, 0, 3, 3)
   j=11 (1, 3, 0, 2)
   j=12 (2, 0, 0, 3)
   j=13 (3, 3, 3, 0)
   j=14 (0, 2, 0, 0)
   j=15 (3, 1, 3, 3)
   j=16 (0, 1, 0, 2)
   j=17 (3, 2, 2, 1)
   j=18 (0, 3, 1, 2)
   j=19 (3, 0, 1, 1)
   j=20 (2, 2, 3, 2)
   j=21 (1, 1, 0, 3)
   j=22 (1, 2, 2, 0)
   j=23 (1, 1, 1, 3)
   j=24 (2, 3, 2, 0)
c=3: period in j of the universal pattern (rows >= 5): None

n=8 c=2
  k   N_k   window  top   j*: min mean max   middle m_k: min mean max
  0    256     17     2     0   0.8   9          6  14.2  15
  1     87     18     4     0   2.2   5          9  11.8  14
  2     44     19     6     1   3.8   6          7   9.2  12
  3      9     20     8     6   6.2   8          4   5.8   6

n=8 c=3
  k   N_k   window  top   j*: min mean max   middle m_k: min mean max
  0    256     17     2     0   1.1   6          9  13.9  15
  1     97     18     4     1   2.5   7          7  11.5  13
  2     49     19     6     1   3.5   7          6   9.5  12
  3     17     20     8     3   4.5   7          5   7.5   9
  4      7     21    10     4   4.6   8          3   6.4   7
  5      4     22    12     5   5.8   8          2   4.2   5
  6      3     23    14     6   6.0   6          3   3.0   3

n=10 c=2
  k   N_k   window  top   j*: min mean max   middle m_k: min mean max
  0   1024     21     2     0   0.7  20         -1  18.3  19
  1    396     22     4     0   2.2  15          3  15.8  18
  2    177     23     6     1   3.5  16          1  13.5  16
  3     62     24     8     2   4.9   9          7  11.1  14
  4     26     25    10     3   5.8   9          6   9.2  12
  5      6     26    12     4   5.7   9          5   8.3  10

n=10 c=3
  k   N_k   window  top   j*: min mean max   middle m_k: min mean max
  0   1024     21     2     0   1.1   8         11  17.9  19
  1    385     22     4     1   2.4   9          9  15.6  17
  2    159     23     6     1   3.0   9          8  14.0  16
  3     62     24     8     2   3.7  11          5  12.3  14
  4     22     25    10     3   4.4   7          8  10.6  12
  5     14     26    12     3   5.3   7          7   8.7  11
  6     12     27    14     6   6.3   8          5   6.7   7
  7      4     28    16     6   6.0   6          6   6.0   6

n=12 c=2
  k   N_k   window  top   j*: min mean max   middle m_k: min mean max
  0   4096     25     2     0   0.7  14          9  22.3  23
  1   1607     26     4     0   2.1  14          8  19.9  22
  2    752     27     6     1   3.8  14          7  17.2  20
  3    278     28     8     2   5.0   9         11  15.0  18
  4    119     29    10     3   6.1  10          9  12.9  16
  5     33     30    12     4   6.8  12          6  11.2  14
  6     14     31    14     6   7.1   8          9   9.9  11
  7      6     32    16     7   8.3   9          7   7.7   9
  8      2     33    18     8   8.0   8          7   7.0   7
  9      2     34    20     8   8.0   8          6   6.0   6

n=12 c=3
  k   N_k   window  top   j*: min mean max   middle m_k: min mean max
  0   4096     25     2     0   1.1  17          6  21.9  23
  1   1487     26     4     1   2.6  17          5  19.4  21
  2    721     27     6     1   3.3  17          4  17.7  20
  3    226     28     8     2   4.2   9         11  15.8  18
  4     87     29    10     2   4.6   8         11  14.4  17
  5     44     30    12     3   5.7   9          9  12.3  15
  6      5     31    14     5   7.4   8          9   9.6  12
  7      1     32    16     6   6.0   6         10  10.0  10
  8      1     33    18     6   6.0   6          9   9.0   9

n=13 c=2
  k   N_k   window  top   j*: min mean max   middle m_k: min mean max
  0   8192     27     2     0   0.8  14         11  24.2  25
  1   3068     28     4     0   2.1   9         15  21.9  24
  2   1146     29     6     1   3.6  11         12  19.4  22
  3    489     30     8     2   4.7  12         10  17.3  20
  4    171     31    10     3   5.5   9         12  15.5  18
  5     81     32    12     4   5.7   9         11  14.3  16
  6     27     33    14     4   7.0   8         11  12.0  15
  7     12     34    16     6   7.7   8         10  10.3  12

n=13 c=3
  k   N_k   window  top   j*: min mean max   middle m_k: min mean max
  0   8192     27     2     0   1.1  17          8  23.9  25
  1   3094     28     4     1   2.4  13         11  21.6  23
  2   1266     29     6     1   2.9  10         13  20.1  22
  3    503     30     8     2   4.2  11         11  17.8  20
  4    176     31    10     2   4.6  11         10  16.4  19
  5     70     32    12     3   5.9  13          7  14.1  17
  6     20     33    14     6   6.7   9         10  12.3  13
  7      9     34    16     6   7.8  10          8  10.2  12
  8      3     35    18    10  10.0  10          7   7.0   7
  9      3     36    20    11  11.0  11          5   5.0   5
