n=8 c=2 (E-only, no hard-core): deepest=6 need=10
   k     N_k     D_k     L_k   N/2^(n-k)  D/2^(n-k)  N/D
   1     124      51      49      0.969      0.398  2.43
   2      68      22      22      1.062      0.344  3.09
   3      24       8       8      0.750      0.250  3.00
   4      19       5       5      1.188      0.312  3.80
   5      14       3       3      1.750      0.375  4.67
   6      10       2       2      2.500      0.500  5.00
   deepest family: 10 sources, 2 distinct level-1 letter windows, 2 distinct level-6 windows
   sources: 11222222 12121211 12122222 12212222 12222222 21222222 22121211 22122222 22212222 22222222
   level-0 letter-window multiplicities over all 2^n sources: 1:34 2:60 3:22 4:4 6:2 8:1
n=8 c=3 (E-only, no hard-core): deepest=7 need=10
   k     N_k     D_k     L_k   N/2^(n-k)  D/2^(n-k)  N/D
   1     132      60      60      1.031      0.469  2.20
   2      70      29      28      1.094      0.453  2.41
   3      25      11      11      0.781      0.344  2.27
   4      13       6       6      0.812      0.375  2.17
   5      12       5       5      1.500      0.625  2.40
   6       5       2       2      1.250      0.500  2.50
   7       5       2       2      2.500      1.000  2.50
   deepest family: 5 sources, 2 distinct level-1 letter windows, 2 distinct level-7 windows
   sources: 12111122 12222111 21222111 22111122 22222111
   level-0 letter-window multiplicities over all 2^n sources: 1:34 2:60 3:22 4:4 6:2 8:1
n=9 c=2 (E-only, no hard-core): deepest=5 need=11
   k     N_k     D_k     L_k   N/2^(n-k)  D/2^(n-k)  N/D
   1     216      82      80      0.844      0.320  2.63
   2     106      41      41      0.828      0.320  2.59
   3      39      17      17      0.609      0.266  2.29
   4      13       6       6      0.406      0.188  2.17
   5       2       2       2      0.125      0.125  1.00
   deepest family: 2 sources, 2 distinct level-1 letter windows, 2 distinct level-5 windows
   sources: 112112121 211221121
   level-0 letter-window multiplicities over all 2^n sources: 1:48 2:107 3:37 4:14 5:1 6:9 8:3
n=9 c=3 (E-only, no hard-core): deepest=8 need=11
   k     N_k     D_k     L_k   N/2^(n-k)  D/2^(n-k)  N/D
   1     296     117     117      1.156      0.457  2.53
   2     161      55      54      1.258      0.430  2.93
   3     102      30      30      1.594      0.469  3.40
   4      66      18      18      2.062      0.562  3.67
   5      40      11      11      2.500      0.688  3.64
   6      18       5       5      2.250      0.625  3.60
   7      10       2       2      2.500      0.500  5.00
   8      10       2       2      5.000      1.000  5.00
   deepest family: 10 sources, 2 distinct level-1 letter windows, 2 distinct level-8 windows
   sources: 112212221 112222122 121222122 122212221 122222122 212212221 212222122 221222122 222212221 222222122
   level-0 letter-window multiplicities over all 2^n sources: 1:48 2:107 3:37 4:14 5:1 6:9 8:3
n=10 c=2 (E-only, no hard-core): deepest=9 need=12
   k     N_k     D_k     L_k   N/2^(n-k)  D/2^(n-k)  N/D
   1     509     176     173      0.994      0.344  2.89
   2     249      87      86      0.973      0.340  2.86
   3     113      37      37      0.883      0.289  3.05
   4      61      18      18      0.953      0.281  3.39
   5      38      10      10      1.188      0.312  3.80
   6      21       5       5      1.312      0.312  4.20
   7       6       1       1      0.750      0.125  6.00
   8       6       1       1      1.500      0.250  6.00
   9       6       1       1      3.000      0.500  6.00
   deepest family: 6 sources, 2 distinct level-1 letter windows, 1 distinct level-9 windows
   sources: 1111111221 1112211221 1211111221 2111111221 2112211221 2211111221
   level-0 letter-window multiplicities over all 2^n sources: 1:61 2:188 3:65 4:42 5:4 6:20 7:4 8:7
n=10 c=3 (E-only, no hard-core): deepest=9 need=12
   k     N_k     D_k     L_k   N/2^(n-k)  D/2^(n-k)  N/D
   1     515     191     191      1.006      0.373  2.70
   2     254      89      89      0.992      0.348  2.85
   3     140      51      51      1.094      0.398  2.75
   4      81      29      29      1.266      0.453  2.79
   5      50      18      18      1.562      0.562  2.78
   6      33      11      11      2.062      0.688  3.00
   7      10       4       4      1.250      0.500  2.50
   8       6       2       2      1.500      0.500  3.00
   9       6       2       2      3.000      1.000  3.00
   deepest family: 6 sources, 2 distinct level-1 letter windows, 2 distinct level-9 windows
   sources: 1121121111 1122111222 1222111222 2121121111 2122111222 2222111222
   level-0 letter-window multiplicities over all 2^n sources: 1:61 2:188 3:65 4:42 5:4 6:20 7:4 8:7
n=11 c=2 (E-only, no hard-core): deepest=9 need=13
   k     N_k     D_k     L_k   N/2^(n-k)  D/2^(n-k)  N/D
   1     977     310     298      0.954      0.303  3.15
   2     487     145     144      0.951      0.283  3.36
   3     243      76      76      0.949      0.297  3.20
   4     112      32      32      0.875      0.250  3.50
   5      73      20      20      1.141      0.312  3.65
   6      31       9       9      0.969      0.281  3.44
   7      11       3       3      0.688      0.188  3.67
   8       8       2       2      1.000      0.250  4.00
   9       6       1       1      1.500      0.250  6.00
   deepest family: 6 sources, 1 distinct level-1 letter windows, 1 distinct level-9 windows
   sources: 11221112221 12111112221 12221112221 21221112221 22111112221 22221112221
   level-0 letter-window multiplicities over all 2^n sources: 1:83 2:314 3:107 4:107 5:14 6:47 7:9 8:15 9:3 10:1 16:1
n=11 c=3 (E-only, no hard-core): deepest=8 need=13
   k     N_k     D_k     L_k   N/2^(n-k)  D/2^(n-k)  N/D
   1    1071     335     331      1.046      0.327  3.20
   2     533     166     166      1.041      0.324  3.21
   3     306      90      90      1.195      0.352  3.40
   4     157      46      45      1.227      0.359  3.41
   5      79      22      22      1.234      0.344  3.59
   6      38      13      13      1.188      0.406  2.92
   7      25       7       7      1.562      0.438  3.57
   8       2       1       1      0.250      0.125  2.00
   deepest family: 2 sources, 1 distinct level-1 letter windows, 1 distinct level-8 windows
   sources: 12111212221 22111212221
   level-0 letter-window multiplicities over all 2^n sources: 1:83 2:314 3:107 4:107 5:14 6:47 7:9 8:15 9:3 10:1 16:1
n=12 c=2 (E-only, no hard-core): deepest=9 need=14
   k     N_k     D_k     L_k   N/2^(n-k)  D/2^(n-k)  N/D
   1    2087     577     560      1.019      0.282  3.62
   2    1090     279     278      1.064      0.272  3.91
   3     525     136     136      1.025      0.266  3.86
   4     258      63      63      1.008      0.246  4.10
   5     105      27      27      0.820      0.211  3.89
   6      60      14      14      0.938      0.219  4.29
   7      21       6       6      0.656      0.188  3.50
   8       6       2       2      0.375      0.125  3.00
   9       2       1       1      0.250      0.125  2.00
   deepest family: 2 sources, 1 distinct level-1 letter windows, 1 distinct level-9 windows
   sources: 111122211121 211122211121
   level-0 letter-window multiplicities over all 2^n sources: 1:124 2:510 3:159 4:242 5:32 6:115 7:16 8:38 9:8 10:3 11:1 12:3 14:3 16:2 18:1
n=12 c=3 (E-only, no hard-core): deepest=11 need=14
   k     N_k     D_k     L_k   N/2^(n-k)  D/2^(n-k)  N/D
   1    2009     568     562      0.981      0.277  3.54
   2    1043     287     286      1.019      0.280  3.63
   3     515     144     144      1.006      0.281  3.58
   4     223      67      67      0.871      0.262  3.33
   5     142      39      39      1.109      0.305  3.64
   6      46      10      10      0.719      0.156  4.60
   7      12       4       4      0.375      0.125  3.00
   8      11       3       3      0.688      0.188  3.67
   9      10       2       2      1.250      0.250  5.00
  10       6       1       1      1.500      0.250  6.00
  11       6       1       1      3.000      0.500  6.00
   deepest family: 6 sources, 1 distinct level-1 letter windows, 1 distinct level-11 windows
   sources: 112222211221 121222211221 122222211221 212222211221 221222211221 222222211221
   level-0 letter-window multiplicities over all 2^n sources: 1:124 2:510 3:159 4:242 5:32 6:115 7:16 8:38 9:8 10:3 11:1 12:3 14:3 16:2 18:1
n=13 c=2 (E-only, no hard-core): deepest=10 need=15
   k     N_k     D_k     L_k   N/2^(n-k)  D/2^(n-k)  N/D
   1    4020    1024     976      0.981      0.250  3.93
   2    1870     479     476      0.913      0.234  3.90
   3     941     247     246      0.919      0.241  3.81
   4     456     126     126      0.891      0.246  3.62
   5     234      69      69      0.914      0.270  3.39
   6      93      28      28      0.727      0.219  3.32
   7      34      12      12      0.531      0.188  2.83
   8      14       6       6      0.438      0.188  2.33
   9      10       4       4      0.625      0.250  2.50
  10       8       3       3      1.000      0.375  2.67
   deepest family: 8 sources, 3 distinct level-1 letter windows, 3 distinct level-10 windows
   sources: 1121212212221 1212112112121 1212112222111 1221212212221 2121212212221 2212112112121 2212112222111 2221212212221
   level-0 letter-window multiplicities over all 2^n sources: 1:190 2:822 3:239 4:490 5:65 6:254 7:31 8:90 9:18 10:14 11:4 12:15 13:1 14:7 15:1 16:7 17:1 18:5 24:1
n=13 c=3 (E-only, no hard-core): deepest=10 need=15
   k     N_k     D_k     L_k   N/2^(n-k)  D/2^(n-k)  N/D
   1    4172    1043    1034      1.019      0.255  4.00
   2    1987     498     497      0.970      0.243  3.99
   3     963     238     238      0.940      0.232  4.05
   4     475     111     111      0.928      0.217  4.28
   5     207      52      52      0.809      0.203  3.98
   6     104      28      28      0.812      0.219  3.71
   7      60      15      15      0.938      0.234  4.00
   8      16       6       6      0.500      0.188  2.67
   9       4       2       2      0.250      0.125  2.00
  10       1       1       1      0.125      0.125  1.00
   deepest family: 1 sources, 1 distinct level-1 letter windows, 1 distinct level-10 windows
   sources: 1122112122121
   level-0 letter-window multiplicities over all 2^n sources: 1:190 2:822 3:239 4:490 5:65 6:254 7:31 8:90 9:18 10:14 11:4 12:15 13:1 14:7 15:1 16:7 17:1 18:5 24:1
n=14 c=2 (E-only, no hard-core): deepest=11 need=16
   k     N_k     D_k     L_k   N/2^(n-k)  D/2^(n-k)  N/D
   1    8193    1817    1726      1.000      0.222  4.51
   2    4250     876     867      1.038      0.214  4.85
   3    2098     430     426      1.024      0.210  4.88
   4     934     204     204      0.912      0.199  4.58
   5     438      94      94      0.855      0.184  4.66
   6     230      51      51      0.898      0.199  4.51
   7     122      23      23      0.953      0.180  5.30
   8      53      12      12      0.828      0.188  4.42
   9      14       4       4      0.438      0.125  3.50
  10       4       1       1      0.250      0.062  4.00
  11       4       1       1      0.500      0.125  4.00
   deepest family: 4 sources, 1 distinct level-1 letter windows, 1 distinct level-11 windows
   sources: 11121222211121 12112222211121 21121222211121 22112222211121
   level-0 letter-window multiplicities over all 2^n sources: 1:266 2:1311 3:350 4:946 5:121 6:510 7:55 8:218 9:40 10:45 11:11 12:61 13:3 14:24 15:4 16:22 17:4 18:13 21:1 22:1 23:1 24:1 26:1
n=14 c=3 (E-only, no hard-core): deepest=11 need=16
   k     N_k     D_k     L_k   N/2^(n-k)  D/2^(n-k)  N/D
   1    8191    1833    1820      1.000      0.224  4.47
   2    4118     902     897      1.005      0.220  4.57
   3    1994     443     441      0.974      0.216  4.50
   4     948     217     217      0.926      0.212  4.37
   5     419     102     102      0.818      0.199  4.11
   6     177      45      45      0.691      0.176  3.93
   7      86      23      23      0.672      0.180  3.74
   8      45      12      12      0.703      0.188  3.75
   9       8       3       3      0.250      0.094  2.67
  10       2       1       1      0.125      0.062  2.00
  11       2       1       1      0.250      0.125  2.00
   deepest family: 2 sources, 1 distinct level-1 letter windows, 1 distinct level-11 windows
   sources: 12111122112211 22111122112211
   level-0 letter-window multiplicities over all 2^n sources: 1:266 2:1311 3:350 4:946 5:121 6:510 7:55 8:218 9:40 10:45 11:11 12:61 13:3 14:24 15:4 16:22 17:4 18:13 21:1 22:1 23:1 24:1 26:1
n=15 c=2 (E-only, no hard-core): deepest=11 need=17
   k     N_k     D_k     L_k   N/2^(n-k)  D/2^(n-k)  N/D
   1   16385    3236    3092      1.000      0.198  5.06
   2    7861    1495    1482      0.960      0.182  5.26
   3    3635     703     700      0.887      0.172  5.17
   4    1942     370     368      0.948      0.181  5.25
   5    1003     179     179      0.979      0.175  5.60
   6     424      95      95      0.828      0.186  4.46
   7     197      47      47      0.770      0.184  4.19
   8     107      24      24      0.836      0.188  4.46
   9      58      13      13      0.906      0.203  4.46
  10      12       4       4      0.375      0.125  3.00
  11      12       4       4      0.750      0.250  3.00
   deepest family: 12 sources, 4 distinct level-1 letter windows, 4 distinct level-11 windows
   sources: 111111121122111 111112122112111 111212122112111 121111121122111 121111211221212 121211121112112 211111121122111 211112122112111 211212122112111 221111121122111 221111211221212 221211121112112
   level-0 letter-window multiplicities over all 2^n sources: 1:384 2:2019 3:508 4:1796 5:199 6:957 7:107 8:529 9:66 10:131 11:28 12:174 13:13 14:56 15:7 16:69 17:12 18:27 19:4 20:6 21:3 22:6 23:3 24:6 26:2 30:1 36:1 46:1
n=15 c=3 (E-only, no hard-core): deepest=16 need=17
   k     N_k     D_k     L_k   N/2^(n-k)  D/2^(n-k)  N/D
   1   16383    3216    3194      1.000      0.196  5.09
   2    8085    1578    1565      0.987      0.193  5.12
   3    4036     764     764      0.985      0.187  5.28
   4    2053     393     392      1.002      0.192  5.22
   5    1052     202     202      1.027      0.197  5.21
   6     581     106     106      1.135      0.207  5.48
   7     271      55      55      1.059      0.215  4.93
   8     120      30      30      0.938      0.234  4.00
   9      62      13      13      0.969      0.203  4.77
  10      27       5       5      0.844      0.156  5.40
  11      20       2       2      1.250      0.125  10.00
  12      18       1       1      2.250      0.125  18.00
  13      18       1       1      4.500      0.250  18.00
  14      18       1       1      9.000      0.500  18.00
  15      18       1       1     18.000      1.000  18.00
  16      18       1       1     36.000      2.000  18.00
   deepest family: 18 sources, 1 distinct level-1 letter windows, 1 distinct level-16 windows
   sources: 111122211212112 111212211212112 112212211212112 112222211212112 121122211212112 121212211212112 121222211212112 122212211212112 122222211212112 211122211212112 211212211212112 212212211212112 212222211212112 221122211212112 221212211212112 221222211212112 222212211212112 222222211212112
   level-0 letter-window multiplicities over all 2^n sources: 1:384 2:2019 3:508 4:1796 5:199 6:957 7:107 8:529 9:66 10:131 11:28 12:174 13:13 14:56 15:7 16:69 17:12 18:27 19:4 20:6 21:3 22:6 23:3 24:6 26:2 30:1 36:1 46:1
n=16 c=2 (E-only, no hard-core): deepest=14 need=18
   k     N_k     D_k     L_k   N/2^(n-k)  D/2^(n-k)  N/D
   1   32590    5719    5475      0.995      0.175  5.70
   2   16819    2741    2723      1.027      0.167  6.14
   3    8767    1403    1395      1.070      0.171  6.25
   4    4561     712     712      1.114      0.174  6.41
   5    2066     335     335      1.009      0.164  6.17
   6     998     156     156      0.975      0.152  6.40
   7     598      85      85      1.168      0.166  7.04
   8     276      39      39      1.078      0.152  7.08
   9     182      25      25      1.422      0.195  7.28
  10      70      13      13      1.094      0.203  5.38
  11      30       6       6      0.938      0.188  5.00
  12      12       3       3      0.750      0.188  4.00
  13       8       2       2      1.000      0.250  4.00
  14       8       2       2      2.000      0.500  4.00
   deepest family: 8 sources, 2 distinct level-1 letter windows, 2 distinct level-14 windows
   sources: 1111111112121111 1111112211121121 1211111112121111 1211112211121121 2111111112121111 2111112211121121 2211111112121111 2211112211121121
   level-0 letter-window multiplicities over all 2^n sources: 1:556 2:3130 3:742 4:3283 5:281 6:1754 7:177 8:1170 9:122 10:324 11:68 12:427 13:34 14:150 15:20 16:177 17:20 18:75 19:14 20:34 21:7 22:26 23:4 24:19 25:2 26:7 27:5 28:2 30:4 32:5 36:2 38:1 40:1 42:1 46:2 60:1
n=16 c=3 (E-only, no hard-core): deepest=14 need=18
   k     N_k     D_k     L_k   N/2^(n-k)  D/2^(n-k)  N/D
   1   32946    5760    5720      1.005      0.176  5.72
   2   16743    2880    2861      1.022      0.176  5.81
   3    8110    1388    1388      0.990      0.169  5.84
   4    4167     697     697      1.017      0.170  5.98
   5    2043     352     351      0.998      0.172  5.80
   6    1120     197     197      1.094      0.192  5.69
   7     608     101     101      1.188      0.197  6.02
   8     304      48      48      1.188      0.188  6.33
   9     182      28      28      1.422      0.219  6.50
  10      95      13      13      1.484      0.203  7.31
  11      26       4       4      0.812      0.125  6.50
  12      26       4       4      1.625      0.250  6.50
  13      24       3       3      3.000      0.375  8.00
  14      12       1       1      3.000      0.250  12.00
   deepest family: 12 sources, 1 distinct level-1 letter windows, 1 distinct level-14 windows
   sources: 1112221121211212 1121221121211212 1122221121211212 1212221121211212 1221221121211212 1222221121211212 2112221121211212 2121221121211212 2122221121211212 2212221121211212 2221221121211212 2222221121211212
   level-0 letter-window multiplicities over all 2^n sources: 1:556 2:3130 3:742 4:3283 5:281 6:1754 7:177 8:1170 9:122 10:324 11:68 12:427 13:34 14:150 15:20 16:177 17:20 18:75 19:14 20:34 21:7 22:26 23:4 24:19 25:2 26:7 27:5 28:2 30:4 32:5 36:2 38:1 40:1 42:1 46:2 60:1
