c=2: rows n-j for j=1..160, horizon 1200 columns
   j  period  transient  distinct-tails(4 first cells)  pattern(canonical)
    1      1         2    1   1
    2      2         2    1   23
    3      2         2    1   03
    4      4         3    1   0022
    5      4         2    1   1133
    6      4         3    1   0232
    7      4         5    1   0331
    8      4         9    1   0233
    9      4        12    1   0221
   10      4        14    1   1122
   11      4        15    1   1123
   12      4        16    1   0121
   13      4        17    1   1223
   14      4        18    1   0111
   15      8        19    1   22323323
   16      8        21    1   02103103
   17      8        24    1   00322013
   18      8        29    1   00021132
   19      8        30    1   03333123
   20      8        36    1   00202011
   21      8        37    1   13132333
   22      8        40    1   01010302
   23      8        42    1   00332233
   24      8        48    1   02110222
   25      8        49    1   11131233
   26      8        51    1   01102323
   27      8        52    1   00122103
   28      8        55    1   00011122
   29      8        56    1   11333232
   30      8        57    1   02030323
   31      8        57    1   00210033
   32      8        60    1   02221222
   33      8        62    1   11121113
   34      8        64    1   01231232
   35      8        65    1   01103321
   36      8        65    1   02122322
   37      8        66    1   03131211
   38      8        67    1   01011233
   39      8        70    1   02233231
   40      8        72    1   01311021
   41      8        75    1   01221223
   42      8        76    1   00111211
   43      8        83    1   12333232
   44      8        84    1   02030321
   45      8        83    1   00212213
   46      8        82    1   00032112
   47      8        84    1   03231333
   48      8        83    1   00210102
   49      8        84    1   12233133
   50      8        85    1   02302311
   51      8        87    1   00301221
   52      8        90    1   00111222
   53      8        95    1   11133232
   54      8        98    1   02103232
   55      8       100    1   03033122
   56      8       101    1   00201113
   57      8       102    1   00033232
   58      8       105    1   02103333
   59      8       106    1   02022122
   60      8       107    1   11211313
   61      8       106    1   01012123
   62      8       106    1   00132121
   63      8       107    1   03212223
   64      8       108    1   00212111
   65      8       107    1   12123222
   66      8       107    1   03112121
   67      8       109    1   01212122
   68      8       111    1   11321212
   69      8       112    1   03212123
   70      8       112    1   00212121
   71      8       113    1   12121222
   72      8       114    1   11121212
   73      8       113    1   12121232
   74      8       114    1   03212121
   75      8       115    1   03212122
   76      8       116    1   03212113
   77      8       117    1   00212123
   78      8       120    1   00032121
   79      8       121    1   03212222
   80      8       122    1   03211113
   81      8       122    1   00212323
   82      8       123    1   00032103
   83      8       122    1   00002122
   84      8       123    1   11333312
   85      8       125    1   02023123
   86      8       127    1   00331011
   87      8       129    1   02332333
   88      8       131    1   00302102
   89      8       133    1   00322133
   90      8       139    1   02220312
   91      8       140    1   01131113
   92      8       141    1   00120123
   93      8       143    1   00011321
   94      8       149    1   03222232
   95      8       152    1   03111033
   96      8       153    1   01233022
   97      8       154    1   02211321
   98      8       156    1   03221123
   99      8       157    1   00211231
  100      8       160    1   01331231
  101      8       161    1   01320231
  102      8       164    1   01320331
  103      8       168    1   02332033
  104      8       170    1   02130221
  105      8       173    1   00312212
  106      8       174    1   01112133
  107      8       176    1   02232312
  108      8       177    1   01131103
  109      8       176    1   00120122
  110      8       176    1   11332132
  111      8       175    1   02120323
  112      8       176    1   00321303
  113      8       177    1   00222032
  114      8       178    1   03331113
  115      8       177    1   00202323
  116      8       178    1   00033103
  117      8       178    1   00002013
  118      8       180    1   00000332
  119      8       179    1   02133333
  120      8       180    1   00320202
  121      8       180    1   03313133
  122      8       182    1   01022023
  123      8       184    1   00131131
  124      8       186    1   01201332
  125      8       187    1   02132132
  126      8       189    1   03203312
  127      8       191    1   02313033
  128      8       192    1   00200301
  129      8       195    1   00133133
  130      8       195    1   02223023
  131      8       197    1   00300311
  132      8       201    1   00023222
  133      8       205    1   03113331
  134      8       208    1   01202013
  135      8       209    1   00113132
  136      8       211    1   01033323
  137      8       216    1   00130203
  138      8       219    1   00010033
  139      8       227    1   02222333
  140      8       231    1   00311102
  141      8       232    1   01233133
  142      8       233    1   02231023
  143      8       235    1   00310131
  144      8       239    1   01320133
  145      8       241    1   02230332
  146      8       240    1   00203311
  147      8       239    1   02322213
  148      8       239    1   00303112
  149      8       239    1   00232133
  150      8       240    1   02221032
  151      8       241    1   03311122
  152      8       243    1   02323113
  153      8       244    1   00303012
  154      8       243    1   00223133
  155      8       242    1   01022211
  156      8       243    1   11123322
  157      8       242    1   02112321
  158      8       243    1   03221231
  159      8       244    1   01303121
  160      8       245    1   00231223
c=2: row-pattern sequence eventually periodic in j? None  (vertical period, first row index)
c=2: distinct patterns among rows 1..160: 160; max period 8
c=3: rows n-j for j=1..160, horizon 1200 columns
   j  period  transient  distinct-tails(4 first cells)  pattern(canonical)
    1      2         1    1   02
    2      2         3    1   13
    3      2         3    1   01
    4      4         3    1   2233
    5      4         3    1   0211
    6      4         4    1   1233
    7      4         6    1   0231
    8      4         8    1   0131
    9      4        11    1   0132
   10      4        13    1   0332
   11      4        14    1   0213
   12      4        16    1   0032
   13      4        17    1   0333
   14      8        17    1   00202202
   15      8        19    1   11313313
   16      8        20    1   01023012
   17      8        23    1   00113221
   18      8        28    1   03122232
   19      8        31    1   01111033
   20      8        35    1   02232322
   21      8        36    1   03031311
   22      8        39    1   00230122
   23      8        41    1   00111331
   24      8        47    1   02333232
   25      8        49    1   02030331
   26      8        50    1   00201313
   27      8        51    1   00033201
   28      8        54    1   02132222
   29      8        56    1   03111312
   30      8        57    1   01130123
   31      8        60    1   00110012
   32      8        61    1   13323332
   33      8        64    1   02032021
   34      8        65    1   03312213
   35      8        64    1   00201112
   36      8        64    1   13232133
   37      8        65    1   02303032
   38      8        70    1   00220331
   39      8        72    1   02333113
   40      8        75    1   00302012
   41      8        76    1   00332133
   42      8        83    1   02120222
   43      8        84    1   11131213
   44      8        83    1   01120123
   45      8        82    1   00121321
   46      8        82    1   03222312
   47      8        83    1   01130311
   48      8        83    1   00232232
   49      8        84    1   03103331
   50      8        87    1   01301302
   51      8        90    1   00100332
   52      8        95    1   02133222
   53      8        98    1   02111312
   54      8        99    1   01131232
   55      8       100    1   01103323
   56      8       102    1   00122021
   57      8       105    1   11312223
   58      8       106    1   01111012
   59      8       107    1   13232332
   60      8       106    1   02120303
   61      8       105    1   00221213
   62      8       105    1   00031212
   63      8       106    1   01121333
   64      8       107    1   00121202
   65      8       107    1   12131332
   66      8       109    1   01021212
   67      8       111    1   12121322
   68      8       112    1   03121212
   69      8       111    1   01121213
   70      8       111    1   00121212
   71      8       112    1   12121332
   72      8       113    1   02121212
   73      8       112    1   12121213
   74      8       113    1   01121212
   75      8       114    1   12121323
   76      8       115    1   01121203
   77      8       119    1   00121213
   78      8       120    1   00011212
   79      8       121    1   12133323
   80      8       122    1   01120203
   81      8       123    1   00121313
   82      8       122    1   00011201
   83      8       123    1   13222232
   84      8       125    1   03111032
   85      8       126    1   01233033
   86      8       127    1   02202231
   87      8       129    1   01311311
   88      8       130    1   01201223
   89      8       132    1   00113211
   90      8       138    1   03233323
   91      8       141    1   00210203
   92      8       143    1   00032213
   93      8       149    1   00002112
   94      8       150    1   12313333
   95      8       151    1   01020231
   96      8       152    1   01322131
   97      8       153    1   01320312
   98      8       155    1   01132033
   99      8       160    1   02232033
  100      8       161    1   02211033
  101      8       164    1   02211233
  102      8       165    1   02211231
  103      8       167    1   01311231
  104      8       169    1   01210132
  105      8       172    1   03321223
  106      8       176    1   00203211
  107      8       177    1   03233313
  108      8       176    1   00210201
  109      8       175    1   12213222
  110      8       175    1   03112112
  111      8       175    1   01212313
  112      8       176    1   00112101
  113      8       177    1   12233323
  114      8       177    1   01110203
  115      8       177    1   00123313
  116      8       178    1   00011023
  117      8       180    1   00001221
  118      8       179    1   11222223
  119      8       180    1   01211111
  120      8       179    1   12323223
  121      8       179    1   01103031
  122      8       181    1   00233233
  123      8       183    1   02102221
  124      8       185    1   11122122
  125      8       186    1   11211232
  126      8       188    1   03231231
  127      8       190    1   01101303
  128      8       194    1   00223223
  129      8       195    1   00031031
  130      8       196    1   01301333
  131      8       201    1   00100102
  132      8       204    1   13322233
  133      8       206    1   02111023
  134      8       208    1   00323221
  135      8       209    1   03031222
  136      8       212    1   00231113
  137      8       215    1   00030123
  138      8       221    1   00002231
  139      8       226    1   01333311
  140      8       230    1   02023223
  141      8       232    1   00331031
  142      8       234    1   01330233
  143      8       237    1   02210223
  144      8       239    1   00312211
  145      8       240    1   01112333
  146      8       239    1   00123102
  147      8       239    1   01313321
  148      8       238    1   01021223
  149      8       239    1   00131211
  150      8       240    1   01123332
  151      8       240    1   02033231
  152      8       242    1   01313021
  153      8       243    1   00322301
  154      8       242    1   00133031
  155      8       242    1   01332022
  156      8       242    1   02131132
  157      8       242    1   01203312
  158      8       243    1   02313213
  159      8       245    1   00301032
  160      8       246    1   00130333
c=3: row-pattern sequence eventually periodic in j? None  (vertical period, first row index)
c=3: distinct patterns among rows 1..160: 160; max period 8
