verified 1650 forced columns against psi_kernel.Endpoint
frozen rows above hit row c=2, left boundary all four values
  row n-1: lb0:031111111111111111111111 per=1 | lb1:111111111111111111111111 per=1 | lb2:211111111111111111111111 per=1 | lb3:311111111111111111111111 per=1
  row n-2: lb0:012323232323232323232323 per=2 | lb1:123232323232323232323232 per=2 | lb2:232323232323232323232323 per=2 | lb3:323232323232323232323232 per=2
  row n-3: lb0:030303030303030303030303 per=2 | lb1:110303030303030303030303 per=2 | lb2:210303030303030303030303 per=2 | lb3:310303030303030303030303 per=2
  row n-4: lb0:013002200220022002200220 per=4 | lb1:122002200220022002200220 per=4 | lb2:233002200220022002200220 per=4 | lb3:322002200220022002200220 per=4
  row n-5: lb0:031331133113311331133113 per=4 | lb1:111331133113311331133113 per=4 | lb2:211331133113311331133113 per=4 | lb3:311331133113311331133113 per=4
  row n-6: lb0:012023202320232023202320 per=4 | lb1:123023202320232023202320 per=4 | lb2:232023202320232023202320 per=4 | lb3:323023202320232023202320 per=4
  row n-7: lb0:030030331033103310331033 per=4 | lb1:110030331033103310331033 per=4 | lb2:210030331033103310331033 per=4 | lb3:310030331033103310331033 per=4
  row n-8: lb0:013300201302330233023302 per=4 | lb1:122200201302330233023302 per=4 | lb2:233300201302330233023302 per=4 | lb3:322200201302330233023302 per=4
  row n-9: lb0:031133132003022102210221 per=4 | lb1:111133132003022102210221 per=4 | lb2:211133132003022102210221 per=4 | lb3:311133132003022102210221 per=4
  row n-10: lb0:012302303330031221122112 per=4 | lb1:123202303330031221122112 per=4 | lb2:232302303330031221122112 per=4 | lb3:323202303330031221122112 per=4
  row n-11: lb0:030331002022201112311231 per=4 | lb1:110331002022201112311231 per=4 | lb2:210331002022201112311231 per=4 | lb3:310331002022201112311231 per=4
  row n-12: lb0:013023331311132321012101 per=4 | lb1:122023331311132321012101 per=4 | lb2:233023331311132321012101 per=4 | lb3:322023331311132321012101 per=4
frozen rows above hit row c=3, left boundary all four values
  row n-1: lb0:020202020202020202020202 per=2 | lb1:102020202020202020202020 per=2 | lb2:202020202020202020202020 per=2 | lb3:302020202020202020202020 per=2
  row n-2: lb0:003313131313131313131313 per=2 | lb1:131313131313131313131313 per=2 | lb2:221313131313131313131313 per=2 | lb3:331313131313131313131313 per=2
  row n-3: lb0:023010101010101010101010 per=2 | lb1:101010101010101010101010 per=2 | lb2:201010101010101010101010 per=2 | lb3:301010101010101010101010 per=2
  row n-4: lb0:001322332233223322332233 per=4 | lb1:132233223322332233223322 per=4 | lb2:223322332233223322332233 per=4 | lb3:332233223322332233223322 per=4
  row n-5: lb0:021102110211021102110211 per=4 | lb1:103102110211021102110211 per=4 | lb2:203102110211021102110211 per=4 | lb3:303102110211021102110211 per=4
  row n-6: lb0:002331233123312331233123 per=4 | lb1:130131233123312331233123 per=4 | lb2:220131233123312331233123 per=4 | lb3:330131233123312331233123 per=4
  row n-7: lb0:022301102310231023102310 per=4 | lb1:100101102310231023102310 per=4 | lb2:200101102310231023102310 per=4 | lb3:300101102310231023102310 per=4
  row n-8: lb0:000132331013101310131013 per=4 | lb1:133223221013101310131013 per=4 | lb2:222332331013101310131013 per=4 | lb3:333223221013101310131013 per=4
  row n-9: lb0:020310312230132013201320 per=4 | lb1:102110312230132013201320 per=4 | lb2:202110312230132013201320 per=4 | lb3:302110312230132013201320 per=4
  row n-10: lb0:003233011100103320332033 per=4 | lb1:131233011100103320332033 per=4 | lb2:221233011100103320332033 per=4 | lb3:331233011100103320332033 per=4
  row n-11: lb0:023102232333220213021302 per=4 | lb1:101102232333220213021302 per=4 | lb2:201102232333220213021302 per=4 | lb3:301102232333220213021302 per=4
  row n-12: lb0:001221103020313120032003 per=4 | lb1:132331103020313120032003 per=4 | lb2:223221103020313120032003 per=4 | lb3:332331103020313120032003 per=4
n=6 c=2 deepest=3 need=8 witness=111222
  k  N_k  D_k(distinct next-input windows)  N_k/N_{k-1}  D_k/N_k
   0      64      64   1.000   1.000
   1      22      12   0.344   0.545
   2       6       4   0.273   0.667
   3       3       1   0.500   0.333
n=6 c=3 deepest=3 need=8 witness=122112
  k  N_k  D_k(distinct next-input windows)  N_k/N_{k-1}  D_k/N_k
   0      64      64   1.000   1.000
   1      28      15   0.438   0.536
   2      12       7   0.429   0.583
   3       4       3   0.333   0.750
n=7 c=2 deepest=4 need=9 witness=1221122
  k  N_k  D_k(distinct next-input windows)  N_k/N_{k-1}  D_k/N_k
   0     128     128   1.000   1.000
   1      41      21   0.320   0.512
   2      17       8   0.415   0.471
   3       9       4   0.529   0.444
   4       5       2   0.556   0.400
n=7 c=3 deepest=4 need=9 witness=1122221
  k  N_k  D_k(distinct next-input windows)  N_k/N_{k-1}  D_k/N_k
   0     128     128   1.000   1.000
   1      58      24   0.453   0.414
   2      20       8   0.345   0.400
   3      14       5   0.700   0.357
   4      10       4   0.714   0.400
n=8 c=2 deepest=3 need=10 witness=11222222
  k  N_k  D_k(distinct next-input windows)  N_k/N_{k-1}  D_k/N_k
   0     256     256   1.000   1.000
   1      87      37   0.340   0.425
   2      44      14   0.506   0.318
   3       9       2   0.205   0.222
n=8 c=3 deepest=6 need=10 witness=12222111
  k  N_k  D_k(distinct next-input windows)  N_k/N_{k-1}  D_k/N_k
   0     256     256   1.000   1.000
   1      97      44   0.379   0.454
   2      49      21   0.505   0.429
   3      17       7   0.347   0.412
   4       7       4   0.412   0.571
   5       4       2   0.571   0.500
   6       3       1   0.750   0.333
n=9 c=2 deepest=4 need=11 witness=112112122
  k  N_k  D_k(distinct next-input windows)  N_k/N_{k-1}  D_k/N_k
   0     512     512   1.000   1.000
   1     162      62   0.316   0.383
   2      57      24   0.352   0.421
   3      17       7   0.298   0.412
   4       4       2   0.235   0.500
n=9 c=3 deepest=8 need=11 witness=112222122
  k  N_k  D_k(distinct next-input windows)  N_k/N_{k-1}  D_k/N_k
   0     512     512   1.000   1.000
   1     214      84   0.418   0.393
   2     112      40   0.523   0.357
   3      53      16   0.473   0.302
   4      23       6   0.434   0.261
   5       6       1   0.261   0.167
   6       6       1   1.000   0.167
   7       6       1   1.000   0.167
   8       6       1   1.000   0.167
n=10 c=2 deepest=5 need=12 witness=1121111112
  k  N_k  D_k(distinct next-input windows)  N_k/N_{k-1}  D_k/N_k
   0    1024    1024   1.000   1.000
   1     396     138   0.387   0.348
   2     177      57   0.447   0.322
   3      62      20   0.350   0.323
   4      26       7   0.419   0.269
   5       6       2   0.231   0.333
n=10 c=3 deepest=7 need=12 witness=1122111222
  k  N_k  D_k(distinct next-input windows)  N_k/N_{k-1}  D_k/N_k
   0    1024    1024   1.000   1.000
   1     385     142   0.376   0.369
   2     159      57   0.413   0.358
   3      62      24   0.390   0.387
   4      22       8   0.355   0.364
   5      14       5   0.636   0.357
   6      12       4   0.857   0.333
   7       4       1   0.333   0.250
n=11 c=2 deepest=6 need=13 witness=11121111211
  k  N_k  D_k(distinct next-input windows)  N_k/N_{k-1}  D_k/N_k
   0    2048    2048   1.000   1.000
   1     728     230   0.355   0.316
   2     285      85   0.391   0.298
   3      93      29   0.326   0.312
   4      36      10   0.387   0.278
   5       9       3   0.250   0.333
   6       4       1   0.444   0.250
n=11 c=3 deepest=7 need=13 witness=11221112211
  k  N_k  D_k(distinct next-input windows)  N_k/N_{k-1}  D_k/N_k
   0    2048    2048   1.000   1.000
   1     805     252   0.393   0.313
   2     325     101   0.404   0.311
   3     157      45   0.483   0.287
   4      79      23   0.503   0.291
   5      32      10   0.405   0.312
   6      14       5   0.438   0.357
   7      12       4   0.857   0.333
n=12 c=2 deepest=9 need=14 witness=111122211121
  k  N_k  D_k(distinct next-input windows)  N_k/N_{k-1}  D_k/N_k
   0    4096    4096   1.000   1.000
   1    1607     451   0.392   0.281
   2     752     187   0.468   0.249
   3     278      72   0.370   0.259
   4     119      29   0.428   0.244
   5      33      12   0.277   0.364
   6      14       5   0.424   0.357
   7       6       2   0.429   0.333
   8       2       1   0.333   0.500
   9       2       1   1.000   0.500
n=12 c=3 deepest=8 need=14 witness=112211212122
  k  N_k  D_k(distinct next-input windows)  N_k/N_{k-1}  D_k/N_k
   0    4096    4096   1.000   1.000
   1    1487     425   0.363   0.286
   2     721     199   0.485   0.276
   3     226      73   0.313   0.323
   4      87      28   0.385   0.322
   5      44      13   0.506   0.295
   6       5       2   0.114   0.400
   7       1       1   0.200   1.000
   8       1       1   1.000   1.000
n=13 c=2 deepest=7 need=15 witness=1111221112121
  k  N_k  D_k(distinct next-input windows)  N_k/N_{k-1}  D_k/N_k
   0    8192    8192   1.000   1.000
   1    3068     785   0.375   0.256
   2    1146     301   0.374   0.263
   3     489     129   0.427   0.264
   4     171      45   0.350   0.263
   5      81      23   0.474   0.284
   6      27       8   0.333   0.296
   7      12       2   0.444   0.167
n=13 c=3 deepest=9 need=15 witness=1222221122112
  k  N_k  D_k(distinct next-input windows)  N_k/N_{k-1}  D_k/N_k
   0    8192    8192   1.000   1.000
   1    3094     773   0.378   0.250
   2    1266     317   0.409   0.250
   3     503     123   0.397   0.245
   4     176      49   0.350   0.278
   5      70      20   0.398   0.286
   6      20       7   0.286   0.350
   7       9       3   0.450   0.333
   8       3       1   0.333   0.333
   9       3       1   1.000   0.333
n=14 c=2 deepest=10 need=16 witness=11121222211121
  k  N_k  D_k(distinct next-input windows)  N_k/N_{k-1}  D_k/N_k
   0   16384   16384   1.000   1.000
   1    6145    1359   0.375   0.221
   2    2685     550   0.437   0.205
   3    1099     222   0.409   0.202
   4     386      84   0.351   0.218
   5     134      28   0.347   0.209
   6      57      13   0.425   0.228
   7      21       4   0.368   0.190
   8       6       2   0.286   0.333
   9       4       1   0.667   0.250
  10       4       1   1.000   0.250
n=14 c=3 deepest=8 need=16 witness=11112111222222
  k  N_k  D_k(distinct next-input windows)  N_k/N_{k-1}  D_k/N_k
   0   16384   16384   1.000   1.000
   1    6145    1373   0.375   0.223
   2    2684     589   0.437   0.219
   3    1072     231   0.399   0.215
   4     407      86   0.380   0.211
   5     145      30   0.356   0.207
   6      42      11   0.290   0.262
   7      25       7   0.595   0.280
   8       8       3   0.320   0.375
