== sign of stat(u+1) - stat(u) over consecutive hit pairs, per (n, c): neg/zero/pos ==
[G_EN]
   n= 6 c=2:      4      1      4   frac_pos=0.444 frac_neg=0.444
   n= 6 c=3:      4      0     12   frac_pos=0.750 frac_neg=0.250
   n= 7 c=2:      9      3     19   frac_pos=0.613 frac_neg=0.290
   n= 7 c=3:     17      0     27   frac_pos=0.614 frac_neg=0.386
   n= 8 c=2:     19      2     32   frac_pos=0.604 frac_neg=0.358
   n= 8 c=3:     18      5     57   frac_pos=0.713 frac_neg=0.225
   n= 9 c=2:     19      6     53   frac_pos=0.679 frac_neg=0.244
   n= 9 c=3:     54      0    158   frac_pos=0.745 frac_neg=0.255
   n=10 c=2:     94      3    174   frac_pos=0.642 frac_neg=0.347
   n=10 c=3:     95      2    176   frac_pos=0.645 frac_neg=0.348
   n=11 c=2:    171      6    250   frac_pos=0.585 frac_neg=0.400
   n=11 c=3:    228      3    388   frac_pos=0.627 frac_neg=0.368
   n=12 c=2:    505     23    678   frac_pos=0.562 frac_neg=0.419
   n=12 c=3:    341     13    731   frac_pos=0.674 frac_neg=0.314
   n=13 c=2:    763     31   1132   frac_pos=0.588 frac_neg=0.396
   n=13 c=3:    698      1   1351   frac_pos=0.659 frac_neg=0.340
[G_N2]
   n= 6 c=2:      6      0      3   frac_pos=0.333 frac_neg=0.667
   n= 6 c=3:      4      2     10   frac_pos=0.625 frac_neg=0.250
   n= 7 c=2:     16      1     14   frac_pos=0.452 frac_neg=0.516
   n= 7 c=3:     22      0     22   frac_pos=0.500 frac_neg=0.500
   n= 8 c=2:     23      2     28   frac_pos=0.528 frac_neg=0.434
   n= 8 c=3:     23      5     52   frac_pos=0.650 frac_neg=0.287
   n= 9 c=2:     28      1     49   frac_pos=0.628 frac_neg=0.359
   n= 9 c=3:     77      3    132   frac_pos=0.623 frac_neg=0.363
   n=10 c=2:    118      1    152   frac_pos=0.561 frac_neg=0.435
   n=10 c=3:    106     13    154   frac_pos=0.564 frac_neg=0.388
   n=11 c=2:    184      0    243   frac_pos=0.569 frac_neg=0.431
   n=11 c=3:    241     16    362   frac_pos=0.585 frac_neg=0.389
   n=12 c=2:    479     22    705   frac_pos=0.585 frac_neg=0.397
   n=12 c=3:    389     24    672   frac_pos=0.619 frac_neg=0.359
   n=13 c=2:    877     12   1037   frac_pos=0.538 frac_neg=0.455
   n=13 c=3:    814      9   1227   frac_pos=0.599 frac_neg=0.397
[G_NE]
   n= 6 c=2:      1      0      8   frac_pos=0.889 frac_neg=0.111
   n= 6 c=3:      9      1      6   frac_pos=0.375 frac_neg=0.562
   n= 7 c=2:      8      0     23   frac_pos=0.742 frac_neg=0.258
   n= 7 c=3:     25      0     19   frac_pos=0.432 frac_neg=0.568
   n= 8 c=2:      8      0     45   frac_pos=0.849 frac_neg=0.151
   n= 8 c=3:     27      4     49   frac_pos=0.613 frac_neg=0.338
   n= 9 c=2:     31      2     45   frac_pos=0.577 frac_neg=0.397
   n= 9 c=3:     61      8    143   frac_pos=0.675 frac_neg=0.288
   n=10 c=2:    105      8    158   frac_pos=0.583 frac_neg=0.387
   n=10 c=3:    100      2    171   frac_pos=0.626 frac_neg=0.366
   n=11 c=2:    139      4    284   frac_pos=0.665 frac_neg=0.326
   n=11 c=3:    262     11    346   frac_pos=0.559 frac_neg=0.423
   n=12 c=2:    357     21    828   frac_pos=0.687 frac_neg=0.296
   n=12 c=3:    446     16    623   frac_pos=0.574 frac_neg=0.411
   n=13 c=2:    578     47   1301   frac_pos=0.675 frac_neg=0.300
   n=13 c=3:    776     20   1254   frac_pos=0.612 frac_neg=0.379
[G_NZ]
   n= 6 c=2:      0      0      9   frac_pos=1.000 frac_neg=0.000
   n= 6 c=3:     12      0      4   frac_pos=0.250 frac_neg=0.750
   n= 7 c=2:      8      0     23   frac_pos=0.742 frac_neg=0.258
   n= 7 c=3:     25      0     19   frac_pos=0.432 frac_neg=0.568
   n= 8 c=2:      5      8     40   frac_pos=0.755 frac_neg=0.094
   n= 8 c=3:     48      0     32   frac_pos=0.400 frac_neg=0.600
   n= 9 c=2:     42      0     36   frac_pos=0.462 frac_neg=0.538
   n= 9 c=3:    110      5     97   frac_pos=0.458 frac_neg=0.519
   n=10 c=2:    127      2    142   frac_pos=0.524 frac_neg=0.469
   n=10 c=3:    143      2    128   frac_pos=0.469 frac_neg=0.524
   n=11 c=2:    194      2    231   frac_pos=0.541 frac_neg=0.454
   n=11 c=3:    326     12    281   frac_pos=0.454 frac_neg=0.527
   n=12 c=2:    474     57    675   frac_pos=0.560 frac_neg=0.393
   n=12 c=3:    607     27    451   frac_pos=0.416 frac_neg=0.559
   n=13 c=2:    792     16   1118   frac_pos=0.580 frac_neg=0.411
   n=13 c=3:   1133     14    903   frac_pos=0.440 frac_neg=0.553
[G_cc]
   n= 6 c=2:      3      6      0   frac_pos=0.000 frac_neg=0.333
   n= 6 c=3:      7      5      4   frac_pos=0.250 frac_neg=0.438
   n= 7 c=2:      7      8     16   frac_pos=0.516 frac_neg=0.226
   n= 7 c=3:      5     15     24   frac_pos=0.545 frac_neg=0.114
   n= 8 c=2:      9     17     27   frac_pos=0.509 frac_neg=0.170
   n= 8 c=3:     13      9     58   frac_pos=0.725 frac_neg=0.163
   n= 9 c=2:     10      2     66   frac_pos=0.846 frac_neg=0.128
   n= 9 c=3:     52      4    156   frac_pos=0.736 frac_neg=0.245
   n=10 c=2:     67     10    194   frac_pos=0.716 frac_neg=0.247
   n=10 c=3:     84     23    166   frac_pos=0.608 frac_neg=0.308
   n=11 c=2:    138     37    252   frac_pos=0.590 frac_neg=0.323
   n=11 c=3:    192     33    394   frac_pos=0.637 frac_neg=0.310
   n=12 c=2:    381     69    756   frac_pos=0.627 frac_neg=0.316
   n=12 c=3:    313     51    721   frac_pos=0.665 frac_neg=0.288
   n=13 c=2:    489     83   1354   frac_pos=0.703 frac_neg=0.254
   n=13 c=3:    506     44   1500   frac_pos=0.732 frac_neg=0.247
[G_cp]
   n= 6 c=2:      1      0      8   frac_pos=0.889 frac_neg=0.111
   n= 6 c=3:      5      0     11   frac_pos=0.688 frac_neg=0.312
   n= 7 c=2:     10      0     21   frac_pos=0.677 frac_neg=0.323
   n= 7 c=3:     22      0     22   frac_pos=0.500 frac_neg=0.500
   n= 8 c=2:      8      6     39   frac_pos=0.736 frac_neg=0.151
   n= 8 c=3:     34      4     42   frac_pos=0.525 frac_neg=0.425
   n= 9 c=2:     38      0     40   frac_pos=0.513 frac_neg=0.487
   n= 9 c=3:     94      3    115   frac_pos=0.542 frac_neg=0.443
   n=10 c=2:    124     12    135   frac_pos=0.498 frac_neg=0.458
   n=10 c=3:    134     17    122   frac_pos=0.447 frac_neg=0.491
   n=11 c=2:    138     19    270   frac_pos=0.632 frac_neg=0.323
   n=11 c=3:    278     55    286   frac_pos=0.462 frac_neg=0.449
   n=12 c=2:    372     51    783   frac_pos=0.649 frac_neg=0.308
   n=12 c=3:    431     75    579   frac_pos=0.534 frac_neg=0.397
   n=13 c=2:    726    130   1070   frac_pos=0.556 frac_neg=0.377
   n=13 c=3:    856     90   1104   frac_pos=0.539 frac_neg=0.418
[G_pp]
   n= 6 c=2:      9      0      0   frac_pos=0.000 frac_neg=1.000
   n= 6 c=3:     11      4      1   frac_pos=0.062 frac_neg=0.688
   n= 7 c=2:      5      7     19   frac_pos=0.613 frac_neg=0.161
   n= 7 c=3:     21      5     18   frac_pos=0.409 frac_neg=0.477
   n= 8 c=2:     25     12     16   frac_pos=0.302 frac_neg=0.472
   n= 8 c=3:     39     10     31   frac_pos=0.388 frac_neg=0.487
   n= 9 c=2:     39      6     33   frac_pos=0.423 frac_neg=0.500
   n= 9 c=3:    102     11     99   frac_pos=0.467 frac_neg=0.481
   n=10 c=2:    132      7    132   frac_pos=0.487 frac_neg=0.487
   n=10 c=3:    115     10    148   frac_pos=0.542 frac_neg=0.421
   n=11 c=2:    221     31    175   frac_pos=0.410 frac_neg=0.518
   n=11 c=3:    321     28    270   frac_pos=0.436 frac_neg=0.519
   n=12 c=2:    598     58    550   frac_pos=0.456 frac_neg=0.496
   n=12 c=3:    629     33    423   frac_pos=0.390 frac_neg=0.580
   n=13 c=2:    910     71    945   frac_pos=0.491 frac_neg=0.472
   n=13 c=3:   1029     82    939   frac_pos=0.458 frac_neg=0.502
[S_even]
   n= 6 c=2:      4      0      5   frac_pos=0.556 frac_neg=0.444
   n= 6 c=3:      7      0      9   frac_pos=0.562 frac_neg=0.438
   n= 7 c=2:     13      3     15   frac_pos=0.484 frac_neg=0.419
   n= 7 c=3:     21      0     23   frac_pos=0.523 frac_neg=0.477
   n= 8 c=2:     16      1     36   frac_pos=0.679 frac_neg=0.302
   n= 8 c=3:     22      3     55   frac_pos=0.688 frac_neg=0.275
   n= 9 c=2:     28      0     50   frac_pos=0.641 frac_neg=0.359
   n= 9 c=3:     82      0    130   frac_pos=0.613 frac_neg=0.387
   n=10 c=2:     81     10    180   frac_pos=0.664 frac_neg=0.299
   n=10 c=3:    118      2    153   frac_pos=0.560 frac_neg=0.432
   n=11 c=2:    124      2    301   frac_pos=0.705 frac_neg=0.290
   n=11 c=3:    235     11    373   frac_pos=0.603 frac_neg=0.380
   n=12 c=2:    328      6    872   frac_pos=0.723 frac_neg=0.272
   n=12 c=3:    452     29    604   frac_pos=0.557 frac_neg=0.417
   n=13 c=2:    564     11   1351   frac_pos=0.701 frac_neg=0.293
   n=13 c=3:    813     25   1212   frac_pos=0.591 frac_neg=0.397
[S_even_bot]
   n= 6 c=2:      3      0      6   frac_pos=0.667 frac_neg=0.333
   n= 6 c=3:      8      0      8   frac_pos=0.500 frac_neg=0.500
   n= 7 c=2:     15      0     16   frac_pos=0.516 frac_neg=0.484
   n= 7 c=3:     18      0     26   frac_pos=0.591 frac_neg=0.409
   n= 8 c=2:     15      0     38   frac_pos=0.717 frac_neg=0.283
   n= 8 c=3:     24      0     56   frac_pos=0.700 frac_neg=0.300
   n= 9 c=2:     37      0     41   frac_pos=0.526 frac_neg=0.474
   n= 9 c=3:     94      2    116   frac_pos=0.547 frac_neg=0.443
   n=10 c=2:    102      3    166   frac_pos=0.613 frac_neg=0.376
   n=10 c=3:    123      2    148   frac_pos=0.542 frac_neg=0.451
   n=11 c=2:    194      3    230   frac_pos=0.539 frac_neg=0.454
   n=11 c=3:    261     12    346   frac_pos=0.559 frac_neg=0.422
   n=12 c=2:    475     15    716   frac_pos=0.594 frac_neg=0.394
   n=12 c=3:    461     10    614   frac_pos=0.566 frac_neg=0.425
   n=13 c=2:    776     23   1127   frac_pos=0.585 frac_neg=0.403
   n=13 c=3:    889     22   1139   frac_pos=0.556 frac_neg=0.434
[S_zero]
   n= 6 c=2:      3      0      6   frac_pos=0.667 frac_neg=0.333
   n= 6 c=3:     12      0      4   frac_pos=0.250 frac_neg=0.750
   n= 7 c=2:     11      0     20   frac_pos=0.645 frac_neg=0.355
   n= 7 c=3:     24      0     20   frac_pos=0.455 frac_neg=0.545
   n= 8 c=2:      6      8     39   frac_pos=0.736 frac_neg=0.113
   n= 8 c=3:     45      0     35   frac_pos=0.438 frac_neg=0.562
   n= 9 c=2:     41      2     35   frac_pos=0.449 frac_neg=0.526
   n= 9 c=3:    123      0     89   frac_pos=0.420 frac_neg=0.580
   n=10 c=2:    126      4    141   frac_pos=0.520 frac_neg=0.465
   n=10 c=3:    145      8    120   frac_pos=0.440 frac_neg=0.531
   n=11 c=2:    207      0    220   frac_pos=0.515 frac_neg=0.485
   n=11 c=3:    343     13    263   frac_pos=0.425 frac_neg=0.554
   n=12 c=2:    536     18    652   frac_pos=0.541 frac_neg=0.444
   n=12 c=3:    659      6    420   frac_pos=0.387 frac_neg=0.607
   n=13 c=2:    834      8   1084   frac_pos=0.563 frac_neg=0.433
   n=13 c=3:   1147     34    869   frac_pos=0.424 frac_neg=0.560
[X_NE]
   n= 6 c=2:      4      0      5   frac_pos=0.556 frac_neg=0.444
   n= 6 c=3:     14      0      2   frac_pos=0.125 frac_neg=0.875
   n= 7 c=2:     13      0     18   frac_pos=0.581 frac_neg=0.419
   n= 7 c=3:     29      0     15   frac_pos=0.341 frac_neg=0.659
   n= 8 c=2:     21      0     32   frac_pos=0.604 frac_neg=0.396
   n= 8 c=3:     48      0     32   frac_pos=0.400 frac_neg=0.600
   n= 9 c=2:     53      0     25   frac_pos=0.321 frac_neg=0.679
   n= 9 c=3:    113      2     97   frac_pos=0.458 frac_neg=0.533
   n=10 c=2:    142      3    126   frac_pos=0.465 frac_neg=0.524
   n=10 c=3:    141      0    132   frac_pos=0.484 frac_neg=0.516
   n=11 c=2:    214      2    211   frac_pos=0.494 frac_neg=0.501
   n=11 c=3:    350      2    267   frac_pos=0.431 frac_neg=0.565
   n=12 c=2:    565     17    624   frac_pos=0.517 frac_neg=0.468
   n=12 c=3:    647      0    438   frac_pos=0.404 frac_neg=0.596
   n=13 c=2:    927     21    978   frac_pos=0.508 frac_neg=0.481
   n=13 c=3:   1148     28    874   frac_pos=0.426 frac_neg=0.560

== worst gap rem - stat over all hit columns with rem >= 1 (n, c, W, u, rem, stat) ==
        G_EN:   -23  at (6, 3, '212111', 6, 2, 25)
        G_N2:    -1  at (7, 2, '1212121', 7, 1, 2)
        G_NE:   -22  at (7, 2, '1211112', 7, 2, 24)
        G_NZ:     3  at (7, 2, '1221122', 7, 3, 0)
        G_cc:    -6  at (7, 2, '1211112', 7, 2, 8)
        G_cp:    -8  at (6, 2, '111222', 6, 2, 10)
        G_pp:     0  at (7, 2, '1211112', 7, 2, 2)
      S_even:   -25  at (7, 2, '1211112', 7, 2, 27)
  S_even_bot:   -36  at (6, 2, '111222', 6, 2, 38)
      S_zero:     3  at (7, 2, '1221122', 7, 3, 0)
        X_NE:   107  at (13, 2, '1111122111112', 14, 1, -106)

== pooled step differences over consecutive hit pairs (compact: min, quartiles, max) ==
        G_EN: n=8380 min=-121 q25=-12 med=12 q75=34 max=127  zero-frac=0.012
        G_N2: n=8380 min=-140 q25=-16 med=8 q75=32 max=125  zero-frac=0.013
        G_NE: n=8380 min=-72 q25=-8 med=8 q75=24 max=92  zero-frac=0.017
        G_NZ: n=8380 min=-117 q25=-28 med=0 q75=25 max=129  zero-frac=0.017
        G_cc: n=8380 min=-37 q25=-1 med=5 q75=12 max=44  zero-frac=0.050
        G_cp: n=8380 min=-70 q25=-10 med=5 q75=18 max=61  zero-frac=0.055
        G_pp: n=8380 min=-31 q25=-6 med=-1 q75=5 max=30  zero-frac=0.045
      S_even: n=8380 min=-88 q25=-10 med=7 q75=26 max=86  zero-frac=0.012
  S_even_bot: n=8380 min=-77 q25=-17 med=7 q75=33 max=95  zero-frac=0.011
      S_zero: n=8380 min=-164 q25=-37 med=-2 q75=34 max=173  zero-frac=0.012
        X_NE: n=8380 min=-175 q25=-33 med=-4 q75=28 max=132  zero-frac=0.009

== pooled step differences at the death step ==
        G_EN: n=12279 min=-120 q25=-15 med=5 q75=24 max=114
        G_N2: n=12279 min=-114 q25=-15 med=7 q75=31 max=113
        G_NE: n=12279 min=-69 q25=-1 med=15 q75=31 max=101
        G_NZ: n=12279 min=-129 q25=-15 med=8 q75=30 max=117
        G_cc: n=12279 min=-26 q25=0 med=5 q75=12 max=41
        G_cp: n=12279 min=-67 q25=-6 med=7 q75=23 max=68
        G_pp: n=12279 min=-32 q25=-5 med=2 q75=9 max=30
      S_even: n=12279 min=-98 q25=0 med=17 q75=36 max=108
  S_even_bot: n=12279 min=-94 q25=-14 med=6 q75=27 max=109
      S_zero: n=12279 min=-183 q25=-23 med=9 q75=41 max=172
        X_NE: n=12279 min=-158 q25=-17 med=11 q75=38 max=153
