[A] n=6 c=2 words=4096 (exhaustive) horizon=76
    row n- 1 (d= 5): periods p1:4096; transient max=  2 mean=  1.00
    row n- 2 (d= 4): periods p2:4096; transient max=  3 mean=  1.19
    row n- 3 (d= 3): periods p2:4096; transient max=  4 mean=  2.20
    row n- 4 (d= 2): periods p4:4096; transient max=  5 mean=  2.16
    row n- 5 (d= 1): periods p4:4096; transient max=  8 mean=  3.44
    row n- 6 (d= 0): periods p4:4096; transient max=  9 mean=  4.78
[A] n=12 c=2 words=3000 (random) horizon=112
    row n- 1 (d=11): periods p1:3000; transient max=  2 mean=  1.00
    row n- 2 (d=10): periods p2:3000; transient max=  3 mean=  1.17
    row n- 3 (d= 9): periods p2:3000; transient max=  4 mean=  2.19
    row n- 4 (d= 8): periods p4:3000; transient max=  5 mean=  2.19
    row n- 5 (d= 7): periods p4:3000; transient max=  8 mean=  3.51
    row n- 6 (d= 6): periods p4:3000; transient max=  9 mean=  4.85
    row n- 7 (d= 5): periods p4:3000; transient max= 11 mean=  6.03
    row n- 8 (d= 4): periods p4:3000; transient max= 15 mean=  8.68
    row n- 9 (d= 3): periods p4:3000; transient max= 18 mean= 11.05
    row n-10 (d= 2): periods p4:3000; transient max= 20 mean= 12.86
    row n-11 (d= 1): periods p4:3000; transient max= 21 mean= 13.37
    row n-12 (d= 0): periods p4:3000; transient max= 22 mean= 14.26
[A] n=20 c=2 words=1000 (random) horizon=160
    row n- 1 (d=19): periods p1:1000; transient max=  2 mean=  0.96
    row n- 2 (d=18): periods p2:1000; transient max=  3 mean=  1.13
    row n- 3 (d=17): periods p2:1000; transient max=  4 mean=  2.15
    row n- 4 (d=16): periods p4:1000; transient max=  5 mean=  2.12
    row n- 5 (d=15): periods p4:1000; transient max=  8 mean=  3.37
    row n- 6 (d=14): periods p4:1000; transient max=  9 mean=  4.64
    row n- 7 (d=13): periods p4:1000; transient max= 11 mean=  5.75
    row n- 8 (d=12): periods p4:1000; transient max= 15 mean=  8.31
    row n- 9 (d=11): periods p4:1000; transient max= 18 mean= 10.64
    row n-10 (d=10): periods p4:1000; transient max= 20 mean= 12.45
    row n-11 (d= 9): periods p4:1000; transient max= 21 mean= 12.94
    row n-12 (d= 8): periods p4:1000; transient max= 22 mean= 13.82
    row n-13 (d= 7): periods p4:1000; transient max= 23 mean= 15.98
    row n-14 (d= 6): periods p4:1000; transient max= 24 mean= 16.95
    row n-15 (d= 5): periods p8:1000; transient max= 25 mean= 17.14
    row n-16 (d= 4): periods p8:1000; transient max= 27 mean= 18.45
    row n-17 (d= 3): periods p8:1000; transient max= 30 mean= 20.58
    row n-18 (d= 2): periods p8:1000; transient max= 35 mean= 21.93
    row n-19 (d= 1): periods p8:1000; transient max= 36 mean= 22.16
    row n-20 (d= 0): periods p8:1000; transient max= 42 mean= 24.73
[A] n=6 c=3 words=4096 (exhaustive) horizon=76
    row n- 1 (d= 5): periods p2:4096; transient max=  1 mean=  0.50
    row n- 2 (d= 4): periods p2:4096; transient max=  3 mean=  1.38
    row n- 3 (d= 3): periods p2:4096; transient max=  5 mean=  2.38
    row n- 4 (d= 2): periods p4:4096; transient max=  7 mean=  3.05
    row n- 5 (d= 1): periods p4:4096; transient max=  9 mean=  4.78
    row n- 6 (d= 0): periods p4:4096; transient max= 10 mean=  5.42
[A] n=12 c=3 words=3000 (random) horizon=112
    row n- 1 (d=11): periods p2:3000; transient max=  1 mean=  0.49
    row n- 2 (d=10): periods p2:3000; transient max=  3 mean=  1.38
    row n- 3 (d= 9): periods p2:3000; transient max=  5 mean=  2.41
    row n- 4 (d= 8): periods p4:3000; transient max=  7 mean=  3.10
    row n- 5 (d= 7): periods p4:3000; transient max=  9 mean=  4.85
    row n- 6 (d= 6): periods p4:3000; transient max= 10 mean=  5.50
    row n- 7 (d= 5): periods p4:3000; transient max= 12 mean=  6.88
    row n- 8 (d= 4): periods p4:3000; transient max= 14 mean=  8.49
    row n- 9 (d= 3): periods p4:3000; transient max= 17 mean= 10.95
    row n-10 (d= 2): periods p4:3000; transient max= 19 mean= 12.79
    row n-11 (d= 1): periods p4:3000; transient max= 20 mean= 13.78
    row n-12 (d= 0): periods p4:3000; transient max= 22 mean= 16.27
[A] n=20 c=3 words=1000 (random) horizon=160
    row n- 1 (d=19): periods p2:1000; transient max=  1 mean=  0.51
    row n- 2 (d=18): periods p2:1000; transient max=  3 mean=  1.49
    row n- 3 (d=17): periods p2:1000; transient max=  5 mean=  2.50
    row n- 4 (d=16): periods p4:1000; transient max=  7 mean=  3.20
    row n- 5 (d=15): periods p4:1000; transient max=  9 mean=  4.95
    row n- 6 (d=14): periods p4:1000; transient max= 10 mean=  5.60
    row n- 7 (d=13): periods p4:1000; transient max= 12 mean=  6.96
    row n- 8 (d=12): periods p4:1000; transient max= 14 mean=  8.59
    row n- 9 (d=11): periods p4:1000; transient max= 17 mean= 11.06
    row n-10 (d=10): periods p4:1000; transient max= 19 mean= 12.92
    row n-11 (d= 9): periods p4:1000; transient max= 20 mean= 13.91
    row n-12 (d= 8): periods p4:1000; transient max= 22 mean= 16.40
    row n-13 (d= 7): periods p4:1000; transient max= 23 mean= 17.41
    row n-14 (d= 6): periods p8:1000; transient max= 23 mean= 16.87
    row n-15 (d= 5): periods p8:1000; transient max= 25 mean= 17.70
    row n-16 (d= 4): periods p8:1000; transient max= 26 mean= 18.61
    row n-17 (d= 3): periods p8:1000; transient max= 29 mean= 20.87
    row n-18 (d= 2): periods p8:1000; transient max= 34 mean= 22.82
    row n-19 (d= 1): periods p8:1000; transient max= 37 mean= 24.42
    row n-20 (d= 0): periods p8:1000; transient max= 41 mean= 28.12
[B] n=8 c=2: distribution of k(W) - t_0(peel orbit of column n):
     -13:2 -12:5 -11:3 -10:13 -9:8 -8:8 -7:13 -6:9 -5:2 -4:10 -3:8 +1:6
     worst (k - t_0, W, k, t_0, period_0) = (1, '11111212', 1, 0, 4)
     rows k, cols t_0, entries = number of W
     k\t0    0    1    2    4    5    7    8    9   10   11   12   13   14
        1     2    0    0    8    2    1    0    8    4   11    3    2    2
        2     0    3    0    0    0    2    8   13    0    4    2    0    3
        3     0    0    1    0    0    8    0    0    0    0    0    0    0
[B] n=8 c=3: distribution of k(W) - t_0(peel orbit of column n):
     -12:4 -11:7 -10:4 -8:7 -7:20 -6:9 -5:12 -4:6 -3:6 -2:9 -1:7 +0:2 +1:4
     worst (k - t_0, W, k, t_0, period_0) = (1, '11212112', 5, 4, 4)
     rows k, cols t_0, entries = number of W
     k\t0    0    2    3    4    6    7    8    9   10   11   12   13
        1     2    0    6    3   10    2    7    5    0    4    5    4
        2     0    2    7    3    0    0    4   12    2    0    0    2
        3     0    0    0    0    0    6    0    3    1    0    0    0
        4     0    0    1    0    0    0    0    2    0    0    0    0
        5     0    0    0    1    0    0    0    0    0    0    0    0
        6     0    0    0    0    0    0    0    3    0    0    0    0
[B] n=9 c=2: distribution of k(W) - t_0(peel orbit of column n):
     -16:2 -15:23 -14:16 -13:10 -12:7 -11:11 -10:21 -9:4 -8:2 -7:11 -6:5 -5:25 -4:5 -3:5 -2:5 -1:3 +0:5 +2:2
     worst (k - t_0, W, k, t_0, period_0) = (2, '112111222', 2, 0, 4)
     rows k, cols t_0, entries = number of W
     k\t0    0    1    2    3    4    5    6    7    8   10   11   12   13   14   15   16   17
        1     0    4    3    5    3    2   10    3   11    4   19   10    7    2   12    8    2
        2     2    0    1    0    0    0    3    9    2    0    0    0    0    0    6    2   15
        3     0    0    0    0    0    0    0    0    6    0    0    0    2    1    0    2    2
        4     0    0    0    0    0    0    0    2    0    0    0    2    0    0    0    0    0
[B] n=9 c=3: distribution of k(W) - t_0(peel orbit of column n):
     -15:12 -14:4 -13:4 -12:5 -11:27 -10:23 -9:35 -8:34 -7:23 -6:8 -5:12 -4:2 -3:2 -2:12 -1:3 +0:2 +1:4 +2:2
     worst (k - t_0, W, k, t_0, period_0) = (2, '111221221', 4, 2, 4)
     rows k, cols t_0, entries = number of W
     k\t0    1    2    3    4    5    6    7    8    9   10   11   12   13   14   15   16
        1     0    0    8    2    2    1    0   11    5   18    9   24    4    2    4   12
        2     4    0    1    2    0    0    1    2    3   23    8   14    0    1    0    0
        3     0    0    2    2    2    0    0    4    0    6    0    9    0    3    0    2
        4     0    2    0    0    0    0    0    0    0    6    3    6    0    0    0    0
        8     0    0    0    0    0    0    0    0    0    0    0    0    6    0    0    0
[B] n=10 c=2: distribution of k(W) - t_0(peel orbit of column n):
     -18:25 -17:14 -16:34 -15:16 -14:14 -13:63 -12:32 -11:39 -10:18 -9:24 -8:28 -7:14 -6:12 -5:10 -4:5 -3:11 -2:4 -1:13 +0:13 +1:5 +2:2
     worst (k - t_0, W, k, t_0, period_0) = (2, '1111121222', 2, 0, 4)
     rows k, cols t_0, entries = number of W
     k\t0    0    1    2    3    4    5    6    7    8    9   10   11   12   13   14   15   16   17   18   19
        1     5    2   10    4    4    5    2    2    9   14   20    4   27    9   38    4    8   22    5   25
        2     2    0    0    1    0    4    0    4    4    5    5    4    7    9   23   25    0    8    5    9
        3     0    0    0    4    0    0    3    0    4    6    0    3    0    3    0    0    0    6    0    7
        4     0    0    0    0    7    0    0    0    0    0    0    0    6    0    4    3    0    0    0    0
        5     0    0    0    0    0    0    2    0    0    0    0    0    0    0    0    0    0    0    0    4
[B] n=10 c=3: distribution of k(W) - t_0(peel orbit of column n):
     -17:21 -16:31 -15:25 -14:16 -13:46 -12:34 -11:67 -10:28 -9:18 -8:10 -7:32 -6:7 -4:14 -3:3 -2:5 -1:6 +0:18 +1:4
     worst (k - t_0, W, k, t_0, period_0) = (1, '1111212221', 3, 2, 4)
     rows k, cols t_0, entries = number of W
     k\t0    1    2    3    4    5    6    7    8    9   10   11   12   13   14   15   16   17   18
        1     3    0    5    3    6    0    2   22    0   12    6   46   25   36   10   15   14   21
        2     0   10    2    0    0    6    0    3    0    4    3   17   13    7    2    4    9   17
        3     0    2    5    4    0    0    0    0    2    2    4    3    1    6    0    8    2    1
        4     0    0    2    0    0    0    0    0    0    0    0    0    0    4    2    0    0    0
        5     0    0    0    0    0    0    0    0    0    0    0    0    0    0    0    0    2    0
        6     0    0    0    0    0    0    0    0    0    2    0    0    4    2    0    0    0    0
        7     0    0    0    0    0    0    0    0    0    0    0    0    0    4    0    0    0    0
[B] n=11 c=2: distribution of k(W) - t_0(peel orbit of column n):
     -19:36 -18:16 -17:40 -16:45 -15:46 -14:38 -13:55 -12:78 -11:71 -10:48 -9:43 -8:38 -7:41 -6:16 -5:19 -4:10 -3:17 -2:26 -1:15 +0:8 +1:14 +2:8
     worst (k - t_0, W, k, t_0, period_0) = (2, '11222222122', 4, 2, 4)
     rows k, cols t_0, entries = number of W
     k\t0    0    1    2    3    4    5    6    7    8    9   10   11   12   13   14   15   16   17   18   19   20
        1     8    5    2   14   13    4   19    9   25   15   25   30   52   30   41   29   33   11   30   12   36
        2     0    0    0    8   12    0    4    0    7   16   19   10   16   13   38    8    9    0   23    5    4
        3     0    0    6    3    0    0    4    2    0    0    0    4    0    0    2    3    6    0   11   11    5
        4     0    0    8    0    0    5    0    0    0    0    0    0    0    0    2    3    7    0    0    2    0
        5     0    0    0    0    0    0    0    0    0    0    0    0    0    0    4    0    1    0    0    0    0
        6     0    0    0    0    0    0    0    0    0    0    0    0    0    0    0    4    0    0    0    0    0
[B] n=11 c=3: distribution of k(W) - t_0(peel orbit of column n):
     -18:10 -17:30 -16:25 -15:26 -14:96 -13:118 -12:105 -11:83 -10:37 -9:64 -8:25 -7:51 -6:22 -5:12 -4:45 -3:16 -2:2 -1:16 +0:10 +1:10 +2:2
     worst (k - t_0, W, k, t_0, period_0) = (2, '11111222212', 2, 0, 4)
     rows k, cols t_0, entries = number of W
     k\t0    0    1    2    4    5    6    7    8    9   10   11   12   13   14   15   16   17   18   19
        1     8   10   14    6   30    2   10   15    0   34   22   41   50   95   89   14   12   18   10
        2     2    2    0    0    8    0   10    0   17    5   18    7   13   29   17    7   10   11   12
        3     0    0    0    0    0    2    3    0    0    9    0    7    0   29   22    4    0    0    2
        4     0    0    0    0    0    0    0    3    0   12    0   18    2    8    0    0    2    0    2
        5     0    0    0    0    0    0    2    0    9    0    0    4    0    3    0    0    0    0    0
        6     0    0    0    0    0    0    0    0    0    0    0    0    0    2    0    0    0    0    0
        7     0    0    0    0    0    0    0    2    0    0    0    0    0    6    0    0    0    0    4
[B] n=12 c=2: distribution of k(W) - t_0(peel orbit of column n):
     -20:69 -19:41 -18:84 -17:48 -16:115 -15:108 -14:133 -13:149 -12:128 -11:127 -10:134 -9:94 -8:50 -7:60 -6:77 -5:32 -4:66 -3:23 -2:27 -1:18 +0:4 +1:4 +2:16
     worst (k - t_0, W, k, t_0, period_0) = (2, '111121111222', 2, 0, 4)
     rows k, cols t_0, entries = number of W
     k\t0    0    1    3    4    5    6    7    8    9   10   11   12   13   14   15   16   17   18   19   20   21
        1     4    4    5   11   23    8   35   39   30   37   67   56   73   81   55   86   66   39   49   18   69
        2    14    0   18   10    2   18   12   29   13    0   30   21   34   44   52   76   22   36    2   18   23
        3     0    0    0    0    6    6    2    8    8    4    5   22   20   22    5   16    2    0    9    7   17
        4     0    0    0    0    0    4    4   19    0    0    0    8    4   26   11    6    0    0    0    4    0
        5     0    0    2    0    0    0    0    0    0    0    5    2    7    1    0    2    0    0    0    0    0
        6     0    0    0    0    0    0    0    0    0    4    0    0    2    0    0    0    2    0    0    0    0
        7     0    0    0    0    0    0    0    0    0    0    0    4    0    0    0    0    0    0    0    0    0
        9     0    0    0    0    0    0    0    0    0    0    2    0    0    0    0    0    0    0    0    0    0
[B] n=12 c=3: distribution of k(W) - t_0(peel orbit of column n):
     -20:45 -19:66 -18:64 -17:59 -16:236 -15:232 -14:235 -13:114 -12:62 -11:68 -10:74 -9:65 -8:21 -7:13 -6:33 -5:34 -4:9 -3:27 -2:15 -1:3 +0:7 +1:3 +2:2
     worst (k - t_0, W, k, t_0, period_0) = (2, '121122121211', 2, 0, 4)
     rows k, cols t_0, entries = number of W
     k\t0    0    1    2    3    4    5    6    7    8    9   10   11   12   13   14   15   16   17   18   19   20   21
        1     0    4    0   11   17    1   25   18    5    8    9   39   10   30   33  127   71  212   27   44   30   45
        2     2    3    3    2    2   10    6    0    4    6    8   44   10   41   20   64   38  145   18   25    8   36
        3     0    0    0    0    0    2    0    0    2   11    1    2    4   14    6    8    8   64    2    0    3   12
        4     0    0    0    0    0    1    0    0    0    3    0    1    0    0    0   11    4    5    0   14    0    4
        5     0    0    0    0    0    0    0    0    0    2    0    0    0    3    8   10    0    0    4    6    0    6
        6     0    0    0    0    0    0    0    0    0    0    0    4    0    0    0    0    0    0    0    0    0    0
        8     0    0    0    0    0    0    0    0    0    0    0    0    0    0    0    0    0    0    1    0    0    0
[B] n=13 c=2: distribution of k(W) - t_0(peel orbit of column n):
     -21:124 -20:121 -19:224 -18:196 -17:161 -16:305 -15:395 -14:357 -13:225 -12:207 -11:133 -10:134 -9:99 -8:87 -7:89 -6:48 -5:46 -4:27 -3:8 -2:26 -1:40 +0:4 +1:10 +3:2
     worst (k - t_0, W, k, t_0, period_0) = (3, '1112112121111', 3, 0, 4)
     rows k, cols t_0, entries = number of W
     k\t0    0    1    2    3    4    5    6    7    8    9   10   11   12   13   14   15   16   17   18   19   20   21   22
        1     2    0   34   23    4   12   14   27   34   54   46   84   62  109   60  198  290  240  119  131  166   89  124
        2     0    6    0    6    2    2    8    6   11   29    0   31   37   32   43   85   92   93   32   27   34   49   32
        3     2    0    2    4    0    0    0    4   16   10    8   29   20    7   11   31   48   52   12   17   13   23    9
        4     0    0    0    0    0    0    0    0    3    0    0    8    0    0    2   13   17   26   11    0    2    0    8
        5     0    0    0    0    0    0    0    1    2    0    0    0   10    4    2    2    0    7    6    4    0   14    2
        6     0    0    0    0    0    0    0    0    0    0    0    0    0    0    0    0    2   13    0    0    0    0    0
        7     0    0    0    0    0    0    0    0    0    0    0    0   10    0    0    0    0    0    2    0    0    0    0
[B] n=13 c=3: distribution of k(W) - t_0(peel orbit of column n):
     -21:113 -20:103 -19:123 -18:134 -17:597 -16:377 -15:442 -14:261 -13:178 -12:130 -11:168 -10:123 -9:66 -8:19 -7:63 -6:40 -5:18 -4:40 -3:28 -2:11 -1:28 +0:4 +1:16 +2:10 +4:2
     worst (k - t_0, W, k, t_0, period_0) = (4, '1112112121222', 5, 1, 4)
     rows k, cols t_0, entries = number of W
     k\t0    0    1    2    3    4    5    6    7    8    9   10   11   12   13   14   15   16   17   18   19   20   21   22
        1     8    0   20    8   15   30   10    8   50    9   46   38  110   32  109   67  255  162  543   67   88   40  113
        2     0    4    4    0    0    2   10    1   24    9   10    0   47    6   55   24  112   69  202   34   54   33   63
        3     0    6    0    0    6    3    0    0    7    4    4    0   11   19   26   12   31   50  118    9   15    4    2
        4     0    0    4    0    0    2    0    0    0    0    2    0    0    0   19   11   18    4   32    0    0    5    9
        5     0    2    0    0    4    0    0    0    8    0    0    2    0    0    5    0   10    5   10    0    0    4    0
        6     0    0    0    0    0    0    0    0    0    0    0    0    0    0    0    0    0    3    8    0    0    0    0
        7     0    0    0    0    0    0    0    0    0    0    0    0    0    0    0    0    4    0    2    0    0    0    0
        9     0    0    0    0    0    0    0    0    0    0    0    0    3    0    0    0    0    0    0    0    0    0    0
[B] n=14 c=2: distribution of k(W) - t_0(peel orbit of column n):
     -22:237 -21:210 -20:349 -19:327 -18:331 -17:594 -16:848 -15:890 -14:391 -13:315 -12:267 -11:257 -10:235 -9:186 -8:128 -7:141 -6:128 -5:71 -4:61 -3:52 -2:34 -1:36 +0:11 +1:16 +2:27 +3:3
     worst (k - t_0, W, k, t_0, period_0) = (3, '11221121122222', 3, 0, 4)
     rows k, cols t_0, entries = number of W
     k\t0    0    1    2    3    4    5    6    7    8    9   10   11   12   13   14   15   16   17   18   19   20   21   22   23
        1     8    4   19    7   39   26   30   50   66   53   72   80  150  104  150  103  517  581  453  226  157  212  116  237
        2    16    6    7   12   21   10    2    4   38   55   30   47  103   86   60   34  139  299  188   84   61  111   79   94
        3     3    4    0    0    5    2    2   15   25   19   20   30   37   28   17   47   93  100   47   59   41   22   39   58
        4     0    0    0    2    0    0    0    0   18   12    5    0   11   30   12    2   37   21   23   15   16   14   14   20
        5     0    0    0    0    0    0    0    0    0    0    0   12    0    0    0    8    0    9    9   13   12    4    2    8
        6     0    0    0    0    7    0    0    0    4    1    0    0    0    0    4    0    4    2    3    0   11    0    0    0
        7     0    0    0    0    0    0    0    0    0    0    0    0    0    0    0    0    0    0    0    7    8    0    0    0
        8     0    0    0    0    0    0    0    0    0    0    0    0    0    0    0    0    0    0    0    0    0    0    2    0
       10     0    0    0    0    0    0    0    0    0    0    0    0    0    0    0    0    4    0    0    0    0    0    0    0
[B] n=14 c=3: distribution of k(W) - t_0(peel orbit of column n):
     -21:217 -20:222 -19:276 -18:234 -17:523 -16:923 -15:857 -14:716 -13:367 -12:234 -11:300 -10:288 -9:180 -8:192 -7:114 -6:115 -5:93 -4:107 -3:35 -2:53 -1:21 +0:26 +1:26 +2:24 +3:2
     worst (k - t_0, W, k, t_0, period_0) = (3, '11211212122212', 3, 0, 8)
     rows k, cols t_0, entries = number of W
     k\t0    0    1    2    3    4    5    6    7    8    9   10   11   12   13   14   15   16   17   18   19   20   21   22
        1    14    7    4   41   12   66   23   92   48  116   50  174  136  101  115  328  429  664  421  157  142  104  217
        2    16    0    6   14    2    6    8   46   13   44   41   95   72   82   43  104  190  307  217   64   36   88  118
        3     2    8    4   13    0    0   17   28   10   10   13   27   13   18   34   50   43  137  114   39   16   23   46
        4     0    0    0    8    0    3    4    0    0    6    0    9    0   12   14   24   15   65   55    4    3   22   18
        5     0    0    0    0    0    0    0    0    0    0    8    0    0    8    4    6   12   25   34    6    0    0    0
        6     0    0    0    0    0    0    0    0    0    0    0    0    0    0    0    6    0    8    0    0    0    3    0
        7     0    0    0    0    0    0    0    0    0    6    0    3    0    0    0    0    0    4    4    0    0    0    0
        8     0    0    0    0    0    0    0    0    0    0    0    0    2    0    0    0    0    0    0    0    0    6    0
