== max of each statistic over first hit columns (u = n), per (n, c) ==
n c     E_parity_terms                Lo0                 N1                 N2                 N3                  Z         Z_bot_half         Z_top_half               bot0                len         max_13_run    max_nonzero_run               top0 twos_after_even_nz  twos_after_odd_nz          zero_runs zeros_after_even_nz zeros_after_odd_nz
 6 2                  6                  8                  7                  6                  4                  6                  4                  2                 13                 13                  4                 13                 13                  4                  6                  4                  3                  3
 6 3                  7                  9                  7                  7                  4                  7                  5                  2                 13                 13                  4                 13                 13                  7                  4                  4                  4                  3
 7 2                  7                  9                  9                  7                  4                  7                  4                  3                 15                 15                  4                 15                 15                  4                  7                  4                  4                  3
 7 3                  8                 10                  6                  7                  5                  6                  5                  3                  8                 15                  4                 14                 14                  5                  7                  5                  5                  3
 8 2                  8                 10                 10                  8                  6                  7                  5                  3                 17                 17                  5                 17                 17                  8                  8                  5                  4                  5
 8 3                  7                 11                  9                  8                  6                  8                  5                  3                 10                 17                  4                 16                 16                  7                  5                  6                  6                  4
 9 2                  9                 11                 10                  9                  7                  8                  6                  4                 19                 19                  4                 19                 19                  8                  9                  6                  6                  5
 9 3                 10                 12                  9                  9                  7                  9                  7                  4                 12                 19                  5                 18                 18                  9                  8                  7                  6                  4
10 2                 10                 13                 11                 10                  8                  9                  6                  4                 21                 21                  5                 21                 21                  9                 10                  7                  6                  6
10 3                 11                 14                 10                 11                  8                 10                  8                  4                 21                 21                  5                 21                 21                 11                  8                  8                  8                  6
11 2                 11                 14                 13                 11                  9                 10                  8                  5                 23                 23                  6                 23                 23                  9                 11                  7                  7                  7
11 3                 12                 15                 11                 11                  9                 11                  8                  5                 16                 23                  5                 22                 22                 10                 11                  9                  8                  7
12 2                 12                 15                 14                 12                 10                 11                  9                  6                 25                 25                  6                 25                 25                 12                 12                  9                  9                  9
12 3                 12                 16                 12                 12                 10                 12                  8                  6                 25                 25                  6                 25                 25                 11                 11                 10                 10                  8
13 2                 13                 17                 14                 13                 11                 13                  9                  7                 27                 27                  6                 27                 27                 12                 13                 10                  9                 11
13 3                 14                 17                 14                 13                 11                 13                 10                  7                 27                 27                  6                 27                 27                 13                 12                 11                  9                 10

== worst gap rem - stat over all hit columns with rem >= 1 (n, c, W, u, rem, stat) ==
      E_parity_terms:    6  at (12, 3, '112211212122', 12, 7, 1)
                 Lo0:   -2  at (9, 3, '112222122', 9, 7, 9)
                  N1:    5  at (12, 2, '111122211121', 12, 8, 3)
                  N2:    4  at (12, 2, '111122211121', 12, 8, 4)
                  N3:    4  at (10, 3, '1112121122', 10, 5, 1)
                   Z:    6  at (13, 3, '1222221122112', 14, 7, 1)
          Z_bot_half:    6  at (12, 3, '112211212122', 12, 7, 1)
          Z_top_half:    7  at (13, 3, '1222221122112', 14, 7, 0)
                bot0:    8  at (13, 3, '1222221122112', 13, 8, 0)
                 len:  -11  at (6, 2, '111222', 6, 2, 13)
          max_13_run:    6  at (12, 2, '111122211121', 12, 8, 2)
     max_nonzero_run:    5  at (12, 2, '111122211121', 12, 8, 3)
                top0:    5  at (9, 3, '112222122', 9, 7, 2)
  twos_after_even_nz:    8  at (12, 2, '111122211121', 12, 8, 0)
   twos_after_odd_nz:    7  at (12, 3, '112211212122', 12, 7, 0)
           zero_runs:    6  at (13, 3, '1222221122112', 14, 7, 1)
 zeros_after_even_nz:    7  at (12, 2, '111122211121', 13, 7, 0)
  zeros_after_odd_nz:    7  at (13, 3, '1222221122112', 14, 7, 0)

== step differences stat(col_{u+1}) - stat(col_u) over consecutive hit pairs ==
      E_parity_terms: -8:1 -7:49 -6:200 -5:437 -4:573 -3:744 -2:867 -1:1072 +0:970 +1:926 +2:813 +3:531 +4:446 +5:262 +6:163 +7:125 +8:63 +9:74 +10:8 +11:35 +12:3 +13:18   (pairs=8380)
                 Lo0: -6:17 -5:40 -4:186 -3:666 -2:1087 -1:1373 +0:1485 +1:1197 +2:1078 +3:766 +4:373 +5:98 +6:14   (pairs=8380)
                  N1: -9:3 -8:12 -7:32 -6:136 -5:254 -4:326 -3:547 -2:744 -1:842 +0:1023 +1:1004 +2:865 +3:1024 +4:578 +5:487 +6:270 +7:144 +8:60 +9:26 +10:3   (pairs=8380)
                  N2: -10:2 -9:16 -8:7 -7:38 -6:49 -5:156 -4:348 -3:535 -2:685 -1:1046 +0:1439 +1:1308 +2:1266 +3:800 +4:361 +5:225 +6:70 +7:29   (pairs=8380)
                  N3: -6:14 -5:70 -4:244 -3:486 -2:1190 -1:1477 +0:1329 +1:1380 +2:1136 +3:531 +4:286 +5:146 +6:29 +7:34 +8:21 +9:7   (pairs=8380)
                   Z: -10:3 -9:3 -8:50 -7:130 -6:191 -5:428 -4:542 -3:735 -2:744 -1:978 +0:919 +1:1062 +2:740 +3:780 +4:502 +5:320 +6:136 +7:83 +8:34   (pairs=8380)
          Z_bot_half: -8:1 -7:17 -6:97 -5:240 -4:541 -3:756 -2:1107 -1:1215 +0:1093 +1:1081 +2:979 +3:588 +4:337 +5:189 +6:83 +7:52 +8:4   (pairs=8380)
          Z_top_half: -5:40 -4:406 -3:759 -2:1035 -1:1129 +0:1194 +1:1302 +2:1489 +3:694 +4:275 +5:57   (pairs=8380)
                bot0: -27:6 -25:1 -23:4 -20:13 -19:15 -18:17 -17:19 -16:27 -15:22 -14:24 -13:42 -12:62 -11:64 -10:81 -9:93 -8:140 -7:141 -6:332 -5:436 -4:425 -3:623 -2:411 -1:542 +1:982 +2:590 +3:651 +4:587 +5:671 +6:337 +7:157 +8:140 +9:163 +10:87 +11:96 +12:42 +13:72 +14:20 +15:34 +16:40 +17:10 +18:21 +19:31 +20:19 +21:25 +22:3 +23:18 +24:7 +26:31 +28:6   (pairs=8380)
                 len: +1:8380   (pairs=8380)
          max_13_run: -4:5 -3:155 -2:597 -1:1856 +0:2236 +1:2167 +2:1113 +3:243 +4:8   (pairs=8380)
     max_nonzero_run: -21:4 -19:8 -17:20 -16:15 -15:32 -14:29 -13:18 -12:53 -11:17 -10:149 -9:73 -8:135 -7:143 -6:183 -5:486 -4:546 -3:237 -2:634 -1:571 +0:640 +1:708 +2:649 +3:805 +4:430 +5:395 +6:481 +7:288 +8:128 +9:167 +10:195 +11:47 +12:36 +13:34 +14:11 +15:13   (pairs=8380)
                top0: -24:4 -22:1 -21:3 -20:35 -19:40 -18:7 -17:142 -16:7 -14:96 -12:126 -11:138 -10:112 -9:485 -8:310 -6:11 -5:99 -4:371 -2:136 -1:1557 +0:211 +1:2041 +3:838 +4:20 +5:72 +6:218 +7:552 +8:272 +9:12 +10:356 +11:4 +12:9 +13:54 +14:4 +15:22 +16:8 +18:4 +19:3   (pairs=8380)
  twos_after_even_nz: -12:21 -11:25 -10:43 -9:33 -8:63 -7:63 -6:115 -5:182 -4:375 -3:466 -2:586 -1:844 +0:1127 +1:1234 +2:1337 +3:1014 +4:547 +5:174 +6:99 +7:24 +8:8   (pairs=8380)
   twos_after_odd_nz: -10:27 -9:9 -8:49 -7:113 -6:200 -5:388 -4:467 -3:700 -2:864 -1:1137 +0:957 +1:926 +2:726 +3:558 +4:343 +5:342 +6:140 +7:113 +8:112 +9:58 +10:70 +11:28 +12:35 +13:18   (pairs=8380)
           zero_runs: -8:14 -7:49 -6:89 -5:210 -4:368 -3:799 -2:872 -1:1055 +0:1374 +1:1208 +2:1006 +3:614 +4:371 +5:198 +6:64 +7:67 +8:20 +9:2   (pairs=8380)
 zeros_after_even_nz: -10:3 -8:5 -7:28 -6:113 -5:145 -4:452 -3:544 -2:909 -1:1136 +0:1494 +1:1288 +2:1146 +3:645 +4:322 +5:109 +6:7 +7:20 +8:7 +10:7   (pairs=8380)
  zeros_after_odd_nz: -7:14 -6:23 -5:68 -4:227 -3:531 -2:921 -1:1537 +0:1797 +1:1668 +2:1073 +3:378 +4:133 +5:10   (pairs=8380)

== step differences at the death step (last hit column -> failing column) ==
      E_parity_terms: -8:4 -7:65 -6:212 -5:452 -4:629 -3:801 -2:1135 -1:1669 +0:1717 +1:1651 +2:1226 +3:852 +4:683 +5:484 +6:290 +7:209 +8:89 +9:47 +10:44 +11:20
                 Lo0: -6:27 -5:29 -4:127 -3:537 -2:1175 -1:2058 +0:2413 +1:2254 +2:1668 +3:1145 +4:596 +5:197 +6:47 +7:6
                  N1: -12:4 -11:2 -10:13 -9:29 -8:29 -7:97 -6:257 -5:427 -4:713 -3:866 -2:1147 -1:1418 +0:1398 +1:1558 +2:1400 +3:1203 +4:865 +5:473 +6:230 +7:103 +8:42 +9:5
                  N2: -9:2 -8:16 -7:12 -6:148 -5:185 -4:460 -3:662 -2:1299 -1:1419 +0:2061 +1:2168 +2:1991 +3:1046 +4:536 +5:197 +6:77
                  N3: -6:9 -5:59 -4:259 -3:733 -2:1478 -1:1784 +0:2427 +1:1941 +2:1742 +3:897 +4:507 +5:250 +6:115 +7:54 +8:22 +9:2
                   Z: -9:6 -8:8 -7:61 -6:178 -5:350 -4:715 -3:1056 -2:1287 -1:1387 +0:1533 +1:1639 +2:1288 +3:1009 +4:692 +5:545 +6:274 +7:175 +8:55 +9:11 +10:10
          Z_bot_half: -8:5 -7:12 -6:60 -5:168 -4:417 -3:966 -2:1407 -1:1936 +0:1954 +1:1714 +2:1466 +3:1152 +4:552 +5:266 +6:121 +7:83
          Z_top_half: -5:34 -4:422 -3:838 -2:1455 -1:2667 +0:1882 +1:1640 +2:1682 +3:1155 +4:456 +5:48
                bot0: -27:24 -26:20 -23:4 -22:33 -21:10 -20:16 -19:37 -18:16 -17:50 -16:31 -15:64 -14:81 -13:55 -12:83 -11:91 -10:150 -9:160 -8:163 -7:226 -6:378 -5:614 -4:721 -3:1178 -2:1504 -1:1037 +1:3382 +2:379 +3:389 +4:490 +5:176 +6:209 +7:84 +8:69 +9:83 +10:50 +11:36 +12:36 +13:9 +14:42 +15:8 +16:22 +17:7 +18:22 +19:9 +20:6 +21:1 +22:14 +24:6 +26:2 +27:2
                 len: +1:12279
          max_13_run: -4:33 -3:214 -2:1618 -1:3050 +0:3138 +1:2867 +2:1178 +3:168 +4:13
     max_nonzero_run: -23:18 -22:33 -19:19 -18:15 -17:4 -16:4 -15:38 -14:57 -13:15 -12:88 -11:80 -10:148 -9:107 -8:228 -7:209 -6:288 -5:633 -4:717 -3:313 -2:841 -1:992 +0:1027 +1:1248 +2:872 +3:967 +4:506 +5:630 +6:920 +7:470 +8:180 +9:160 +10:245 +11:100 +12:34 +13:51 +14:6 +15:12 +16:4
                top0: -26:6 -24:51 -22:4 -20:45 -19:36 -18:19 -17:119 -16:40 -14:71 -12:135 -11:120 -10:86 -9:523 -8:280 -6:1 -5:67 -4:353 -2:124 -1:1614 +0:205 +1:2003 +3:4611 +5:68 +6:256 +7:587 +8:304 +9:25 +10:409 +11:14 +12:2 +13:52 +14:6 +15:30 +16:11 +19:2
  twos_after_even_nz: -12:4 -11:12 -10:25 -9:34 -8:28 -7:233 -6:229 -5:285 -4:514 -3:688 -2:1074 -1:1670 +0:1861 +1:1889 +2:1682 +3:1238 +4:543 +5:154 +6:93 +7:17 +8:4 +9:2
   twos_after_odd_nz: -10:20 -9:57 -8:71 -7:125 -6:284 -5:277 -4:478 -3:847 -2:1191 -1:1568 +0:1667 +1:1587 +2:1318 +3:1057 +4:619 +5:379 +6:275 +7:140 +8:114 +9:84 +10:72 +11:38 +12:11
           zero_runs: -7:5 -6:98 -5:175 -4:515 -3:1018 -2:1424 -1:1710 +0:1944 +1:1907 +2:1422 +3:917 +4:559 +5:271 +6:191 +7:86 +8:25 +9:12
 zeros_after_even_nz: -9:2 -8:2 -7:22 -6:67 -5:207 -4:490 -3:848 -2:1504 -1:1864 +0:2175 +1:1995 +2:1433 +3:853 +4:490 +5:188 +6:74 +7:42 +8:20 +10:3
  zeros_after_odd_nz: -9:2 -8:1 -7:11 -6:39 -5:102 -4:228 -3:646 -2:1188 -1:1879 +0:2472 +1:2469 +2:1947 +3:971 +4:300 +5:24
