n=6 c=2  k(1^n)=(0, '')  k(2^n)=(1, '1')
   max k by  ones: 0:1 1:1 2:3 3:3 4:2 5:0 6:0
   max k by  twos: 0:0 1:0 2:2 3:3 4:3 5:1 6:1
   max k by   f12: 0:1 1:3 2:3 3:0
   max k by   f21: 0:3 1:3 2:2 3:0
   max k by  run2: 0:0 1:2 2:3 3:3 4:1 5:1 6:1
n=6 c=3  k(1^n)=(0, '')  k(2^n)=(0, '')
   max k by  ones: 0:0 1:2 2:3 3:3 4:3 5:1 6:0
   max k by  twos: 0:0 1:1 2:3 3:3 4:3 5:2 6:0
   max k by   f12: 0:2 1:3 2:3 3:1
   max k by   f21: 0:2 1:3 2:3 3:1
   max k by  run2: 0:0 1:3 2:3 3:3 4:2 5:2 6:0
n=7 c=2  k(1^n)=(0, '')  k(2^n)=(0, '')
   max k by  ones: 0:0 1:1 2:4 3:4 4:3 5:3 6:2 7:0
   max k by  twos: 0:0 1:2 2:3 3:3 4:4 5:4 6:1 7:0
   max k by   f12: 0:2 1:4 2:4 3:2
   max k by   f21: 0:3 1:4 2:4 3:4
   max k by  run2: 0:0 1:3 2:4 3:4 4:4 5:1 6:0 7:0
n=7 c=3  k(1^n)=(0, '')  k(2^n)=(1, '1')
   max k by  ones: 0:1 1:4 2:4 3:4 4:2 5:4 6:2 7:0
   max k by  twos: 0:0 1:2 2:4 3:2 4:4 5:4 6:4 7:1
   max k by   f12: 0:4 1:4 2:4 3:4
   max k by   f21: 0:2 1:4 2:4 3:4
   max k by  run2: 0:0 1:4 2:4 3:4 4:4 5:4 6:4 7:1
n=8 c=2  k(1^n)=(0, '')  k(2^n)=(3, '121')
   max k by  ones: 0:3 1:3 2:3 3:3 4:2 5:2 6:2 7:0 8:0
   max k by  twos: 0:0 1:0 2:2 3:2 4:2 5:3 6:3 7:3 8:3
   max k by   f12: 0:3 1:3 2:3 3:3 4:0
   max k by   f21: 0:3 1:3 2:2 3:3 4:0
   max k by  run2: 0:0 1:2 2:3 3:2 4:3 5:3 6:3 7:3 8:3
n=8 c=3  k(1^n)=(0, '')  k(2^n)=(0, '')
   max k by  ones: 0:0 1:2 2:3 3:6 4:6 5:5 6:4 7:3 8:0
   max k by  twos: 0:0 1:3 2:4 3:5 4:6 5:6 6:3 7:2 8:0
   max k by   f12: 0:6 1:6 2:4 3:5 4:2
   max k by   f21: 0:2 1:6 2:6 3:3 4:1
   max k by  run2: 0:0 1:5 2:4 3:6 4:6 5:6 6:1 7:0 8:0
n=9 c=2  k(1^n)=(0, '')  k(2^n)=(0, '')
   max k by  ones: 0:0 1:1 2:2 3:3 4:4 5:4 6:4 7:3 8:0 9:0
   max k by  twos: 0:0 1:0 2:3 3:4 4:4 5:4 6:3 7:2 8:1 9:0
   max k by   f12: 0:2 1:3 2:4 3:4 4:2
   max k by   f21: 0:2 1:3 2:4 3:4 4:1
   max k by  run2: 0:0 1:4 2:4 3:3 4:3 5:3 6:1 7:1 8:0 9:0
n=9 c=3  k(1^n)=(0, '')  k(2^n)=(1, '1')
   max k by  ones: 0:1 1:8 2:8 3:8 4:4 5:4 6:4 7:4 8:2 9:0
   max k by  twos: 0:0 1:2 2:4 3:4 4:4 5:4 6:8 7:8 8:8 9:1
   max k by   f12: 0:3 1:8 2:8 3:8 4:3
   max k by   f21: 0:2 1:8 2:8 3:4 4:2
   max k by  run2: 0:0 1:4 2:4 3:8 4:8 5:8 6:8 7:1 8:1 9:1
n=10 c=2  k(1^n)=(0, '')  k(2^n)=(1, '1')
   max k by  ones: 0:1 1:2 2:4 3:4 4:4 5:4 6:5 7:5 8:5 9:2 10:0
   max k by  twos: 0:0 1:2 2:5 3:5 4:5 5:4 6:4 7:4 8:4 9:2 10:1
   max k by   f12: 0:1 1:5 2:5 3:5 4:4 5:0
   max k by   f21: 0:2 1:5 2:5 3:4 4:2 5:2
   max k by  run2: 0:0 1:5 2:5 3:5 4:4 5:4 6:4 7:4 8:1 9:1 10:1
n=10 c=3  k(1^n)=(0, '')  k(2^n)=(0, '')
   max k by  ones: 0:0 1:2 2:6 3:7 4:7 5:7 6:6 7:4 8:6 9:6 10:0
   max k by  twos: 0:0 1:6 2:6 3:4 4:6 5:7 6:7 7:7 8:6 9:2 10:0
   max k by   f12: 0:2 1:7 2:7 3:6 4:6 5:3
   max k by   f21: 0:3 1:7 2:7 3:6 4:6 5:0
   max k by  run2: 0:0 1:6 2:6 3:7 4:7 5:6 6:3 7:3 8:2 9:2 10:0
n=11 c=2  k(1^n)=(0, '')  k(2^n)=(0, '')
   max k by  ones: 0:0 1:4 2:4 3:4 4:4 5:5 6:5 7:6 8:6 9:6 10:2 11:0
   max k by  twos: 0:0 1:2 2:6 3:6 4:6 5:5 6:5 7:4 8:4 9:4 10:4 11:0
   max k by   f12: 0:2 1:4 2:6 3:6 4:5 5:2
   max k by   f21: 0:2 1:5 2:6 3:6 4:5 5:2
   max k by  run2: 0:0 1:6 2:6 3:4 4:5 5:4 6:4 7:4 8:4 9:2 10:0 11:0
n=11 c=3  k(1^n)=(0, '')  k(2^n)=(1, '1')
   max k by  ones: 0:1 1:3 2:4 3:7 4:7 5:7 6:7 7:7 8:4 9:4 10:2 11:0
   max k by  twos: 0:0 1:2 2:4 3:4 4:7 5:7 6:7 7:7 8:7 9:4 10:3 11:1
   max k by   f12: 0:1 1:7 2:7 3:7 4:7 5:3
   max k by   f21: 0:2 1:5 2:7 3:7 4:7 5:1
   max k by  run2: 0:0 1:3 2:7 3:7 4:7 5:5 6:5 7:3 8:3 9:3 10:1 11:1
n=12 c=2  k(1^n)=(0, '')  k(2^n)=(4, '1221')
   max k by  ones: 0:4 1:4 2:5 3:7 4:7 5:7 6:6 7:9 8:9 9:6 10:4 11:4 12:0
   max k by  twos: 0:0 1:4 2:4 3:6 4:9 5:9 6:6 7:7 8:7 9:7 10:5 11:4 12:4
   max k by   f12: 0:4 1:4 2:9 3:7 4:6 5:5 6:2
   max k by   f21: 0:4 1:5 2:9 3:9 4:6 5:3 6:0
   max k by  run2: 0:0 1:6 2:6 3:9 4:7 5:5 6:5 7:5 8:4 9:4 10:4 11:4 12:4
n=12 c=3  k(1^n)=(0, '')  k(2^n)=(0, '')
   max k by  ones: 0:0 1:2 2:3 3:5 4:5 5:5 6:8 7:6 8:6 9:5 10:5 11:5 12:0
   max k by  twos: 0:0 1:5 2:5 3:5 4:6 5:6 6:8 7:5 8:5 9:5 10:3 11:2 12:0
   max k by   f12: 0:1 1:5 2:5 3:6 4:8 5:4 6:0
   max k by   f21: 0:2 1:5 2:5 3:8 4:6 5:6 6:2
   max k by  run2: 0:0 1:6 2:8 3:6 4:5 5:4 6:3 7:2 8:2 9:2 10:1 11:0 12:0
n=13 c=2  k(1^n)=(0, '')  k(2^n)=(0, '')
   max k by  ones: 0:0 1:2 2:4 3:4 4:5 5:6 6:7 7:7 8:7 9:7 10:5 11:4 12:1 13:0
   max k by  twos: 0:0 1:1 2:4 3:5 4:7 5:7 6:7 7:7 8:6 9:5 10:4 11:4 12:2 13:0
   max k by   f12: 0:4 1:5 2:6 3:7 4:7 5:6 6:3
   max k by   f21: 0:3 1:6 2:7 3:7 4:7 5:7 6:3
   max k by  run2: 0:0 1:5 2:7 3:7 4:6 5:5 6:5 7:5 8:4 9:4 10:4 11:3 12:0 13:0
n=13 c=3  k(1^n)=(0, '')  k(2^n)=(1, '1')
   max k by  ones: 0:1 1:2 2:3 3:5 4:9 5:9 6:7 7:7 8:7 9:5 10:5 11:5 12:5 13:0
   max k by  twos: 0:0 1:5 2:5 3:5 4:5 5:7 6:7 7:7 8:9 9:9 10:5 11:3 12:2 13:1
   max k by   f12: 0:3 1:5 2:9 3:9 4:7 5:5 6:3
   max k by   f21: 0:5 1:5 2:9 3:9 4:7 5:7 6:2
   max k by  run2: 0:0 1:5 2:7 3:7 4:9 5:9 6:9 7:4 8:3 9:2 10:1 11:1 12:1 13:1
n=14 c=2  k(1^n)=(0, '')  k(2^n)=(1, '1')
   max k by  ones: 0:1 1:4 2:4 3:5 4:7 5:7 6:10 7:10 8:10 9:7 10:7 11:7 12:7 13:3 14:0
   max k by  twos: 0:0 1:3 2:7 3:7 4:7 5:7 6:10 7:10 8:10 9:7 10:7 11:5 12:4 13:4 14:1
   max k by   f12: 0:1 1:4 2:10 3:10 4:7 5:5 6:5 7:2
   max k by   f21: 0:2 1:7 2:7 3:10 4:10 5:7 6:5 7:0
   max k by  run2: 0:0 1:7 2:7 3:7 4:10 5:10 6:5 7:5 8:4 9:4 10:4 11:4 12:1 13:1 14:1
n=14 c=3  k(1^n)=(0, '')  k(2^n)=(0, '')
   max k by  ones: 0:0 1:3 2:5 3:5 4:8 5:8 6:8 7:8 8:7 9:7 10:7 11:5 12:4 13:4 14:0
   max k by  twos: 0:0 1:4 2:4 3:5 4:7 5:7 6:7 7:8 8:8 9:8 10:8 11:5 12:5 13:3 14:0
   max k by   f12: 0:1 1:5 2:8 3:8 4:8 5:8 6:4 7:0
   max k by   f21: 0:2 1:8 2:8 3:8 4:8 5:5 6:4 7:0
   max k by  run2: 0:0 1:7 2:8 3:8 4:7 5:7 6:8 7:8 8:5 9:3 10:3 11:2 12:2 13:1 14:0
n=15 c=2  k(1^n)=(0, '')  k(2^n)=(0, '')
   max k by  ones: 0:0 1:3 2:4 3:5 4:7 5:7 6:8 7:9 8:9 9:9 10:9 11:7 12:7 13:5 14:3 15:0
   max k by  twos: 0:0 1:3 2:5 3:7 4:7 5:9 6:9 7:9 8:9 9:8 10:7 11:7 12:5 13:4 14:3 15:0
   max k by   f12: 0:0 1:5 2:7 3:9 4:9 5:9 6:9 7:3
   max k by   f21: 0:2 1:6 2:9 3:9 4:9 5:9 6:6 7:1
   max k by  run2: 0:0 1:9 2:9 3:9 4:8 5:8 6:6 7:6 8:6 9:6 10:2 11:2 12:2 13:0 14:0 15:0
n=15 c=3  k(1^n)=(0, '')  k(2^n)=(1, '1')
   max k by  ones: 0:1 1:3 2:6 3:6 4:6 5:7 6:8 7:8 8:7 9:8 10:8 11:8 12:6 13:4 14:4 15:0
   max k by  twos: 0:0 1:4 2:4 3:6 4:8 5:8 6:8 7:7 8:8 9:8 10:7 11:6 12:6 13:6 14:3 15:1
   max k by   f12: 0:2 1:6 2:8 3:8 4:8 5:8 6:6 7:4
   max k by   f21: 0:3 1:6 2:8 3:8 4:7 5:8 6:8 7:2
   max k by  run2: 0:0 1:7 2:8 3:8 4:6 5:6 6:8 7:6 8:5 9:3 10:3 11:3 12:3 13:3 14:1 15:1

== max over W of k(W) - s(W), per (n, c) and statistic s; witness ==
[f11]
   n= 6 c=2: +2   112122 k=3 e=121
   n= 6 c=3: +2   122112 k=3 e=212
   n= 7 c=2: +4   1222121 k=4 e=2221
   n= 7 c=3: +4   1212221 k=4 e=2222
   n= 8 c=2: +3   12122222 k=3 e=121
   n= 8 c=3: +4   12222111 k=6 e=212121
   n= 9 c=2: +3   212112122 k=4 e=2121
   n= 9 c=3: +8   121222122 k=8 e=12212221
   n=10 c=2: +4   1212212222 k=4 e=1221
   n=10 c=3: +6   1222212212 k=6 e=212221
   n=11 c=2: +4   12112122121 k=5 e=22222
   n=11 c=3: +6   12112121221 k=7 e=2222212
   n=12 c=2: +6   122212221122 k=7 e=1222221
   n=12 c=3: +6   112211212122 k=8 e=22221222
   n=13 c=2: +5   1221221112121 k=7 e=2222222
   n=13 c=3: +7   1222221122112 k=9 e=222122121
   n=14 c=2: +7   12112222211121 k=10 e=2122221221
   n=14 c=3: +7   21211222222212 k=8 e=22212122
   n=15 c=2: +7   121212222122122 k=7 e=1212222
   n=15 c=3: +7   122121121222121 k=8 e=22212122
[f12]
   n= 6 c=2: +2   111222 k=3 e=121
   n= 6 c=3: +2   211121 k=3 e=222
   n= 7 c=2: +3   2221122 k=4 e=2221
   n= 7 c=3: +4   2222221 k=4 e=2222
   n= 8 c=2: +3   22222222 k=3 e=121
   n= 8 c=3: +6   22222111 k=6 e=212121
   n= 9 c=2: +2   111112221 k=3 e=212
   n= 9 c=3: +7   222222122 k=8 e=12212221
   n=10 c=2: +4   2221111112 k=5 e=12121
   n=10 c=3: +6   2222111222 k=7 e=1222121
   n=11 c=2: +4   11121111211 k=6 e=212121
   n=11 c=3: +6   22221112211 k=7 e=2122221
   n=12 c=2: +7   111122211121 k=9 e=212222222
   n=12 c=3: +4   111211111111 k=5 e=22212
   n=13 c=2: +4   1111221112121 k=7 e=2222222
   n=13 c=3: +7   2222221122112 k=9 e=222122121
   n=14 c=2: +8   22112222211121 k=10 e=2122221221
   n=14 c=3: +6   11112111222222 k=8 e=12122221
   n=15 c=2: +6   111111222121122 k=9 e=212222121
   n=15 c=3: +6   221112111222222 k=8 e=12222121
[f12_suffix_half]
   n= 6 c=2: +3   111222 k=3 e=121
   n= 6 c=3: +3   212111 k=3 e=212
   n= 7 c=2: +3   1221122 k=4 e=2221
   n= 7 c=3: +4   1122221 k=4 e=2222
   n= 8 c=2: +3   11222222 k=3 e=121
   n= 8 c=3: +6   12222111 k=6 e=212121
   n= 9 c=2: +3   121211112 k=4 e=1221
   n= 9 c=3: +7   112222122 k=8 e=12212221
   n=10 c=2: +4   1112122222 k=4 e=1221
   n=10 c=3: +6   1111121111 k=6 e=221221
   n=11 c=2: +5   11121111211 k=6 e=212121
   n=11 c=3: +6   11221112211 k=7 e=2122221
   n=12 c=2: +8   111122211121 k=9 e=212222222
   n=12 c=3: +6   112211212122 k=8 e=22221222
   n=13 c=2: +5   1111221112121 k=7 e=2222222
   n=13 c=3: +7   1222221122112 k=9 e=222122121
   n=14 c=2: +9   11121222211121 k=10 e=2122221221
   n=14 c=3: +7   11112111222222 k=8 e=12122221
   n=15 c=2: +7   111111222121122 k=9 e=212222121
   n=15 c=3: +7   111121211111122 k=8 e=22122222
[f21]
   n= 6 c=2: +3   111222 k=3 e=121
   n= 6 c=3: +2   111122 k=2 e=21
   n= 7 c=2: +3   1111222 k=3 e=212
   n= 7 c=3: +3   1122221 k=4 e=2222
   n= 8 c=2: +3   11222222 k=3 e=121
   n= 8 c=3: +5   12222111 k=6 e=212121
   n= 9 c=2: +2   111112221 k=3 e=212
   n= 9 c=3: +7   112222122 k=8 e=12212221
   n=10 c=2: +4   1121111112 k=5 e=12121
   n=10 c=3: +6   1122111222 k=7 e=1222121
   n=11 c=2: +4   11121111211 k=6 e=212121
   n=11 c=3: +5   11221112211 k=7 e=2122221
   n=12 c=2: +7   111122211121 k=9 e=212222222
   n=12 c=3: +5   112211212122 k=8 e=22221222
   n=13 c=2: +5   1111222211222 k=6 e=212122
   n=13 c=3: +7   1222221122112 k=9 e=222122121
   n=14 c=2: +7   11121222211121 k=10 e=2122221221
   n=14 c=3: +7   11112111222222 k=8 e=12122221
   n=15 c=2: +7   111111222121122 k=9 e=212222121
   n=15 c=3: +6   111121211111122 k=8 e=22122222
[f21_suffix_half]
   n= 6 c=2: +3   111222 k=3 e=121
   n= 6 c=3: +3   122112 k=3 e=212
   n= 7 c=2: +4   1221122 k=4 e=2221
   n= 7 c=3: +3   1122221 k=4 e=2222
   n= 8 c=2: +3   11222222 k=3 e=121
   n= 8 c=3: +5   12222111 k=6 e=212121
   n= 9 c=2: +4   121211112 k=4 e=1221
   n= 9 c=3: +7   112222122 k=8 e=12212221
   n=10 c=2: +5   1121111112 k=5 e=12121
   n=10 c=3: +7   1122111222 k=7 e=1222121
   n=11 c=2: +5   11121111211 k=6 e=212121
   n=11 c=3: +6   11221112211 k=7 e=2122221
   n=12 c=2: +7   111122211121 k=9 e=212222222
   n=12 c=3: +6   112211212122 k=8 e=22221222
   n=13 c=2: +6   1112211211122 k=7 e=2221222
   n=13 c=3: +8   1222221122112 k=9 e=222122121
   n=14 c=2: +8   11121222211121 k=10 e=2122221221
   n=14 c=3: +8   11112111222222 k=8 e=12122221
   n=15 c=2: +7   111111222121122 k=9 e=212222121
   n=15 c=3: +8   111121211111122 k=8 e=22122222
[f22]
   n= 6 c=2: +2   112112 k=2 e=21
   n= 6 c=3: +3   211121 k=3 e=222
   n= 7 c=2: +3   1211112 k=3 e=121
   n= 7 c=3: +4   1211211 k=4 e=2121
   n= 8 c=2: +2   11112112 k=2 e=21
   n= 8 c=3: +5   11212112 k=5 e=12222
   n= 9 c=2: +4   121211112 k=4 e=1221
   n= 9 c=3: +5   121222122 k=8 e=12212221
   n=10 c=2: +5   1121111112 k=5 e=12121
   n=10 c=3: +6   1111121111 k=6 e=221221
   n=11 c=2: +6   11121111211 k=6 e=212121
   n=11 c=3: +6   12112121221 k=7 e=2222212
   n=12 c=2: +7   111122211121 k=9 e=212222222
   n=12 c=3: +6   112121121211 k=6 e=222222
   n=13 c=2: +6   1111221112121 k=7 e=2222222
   n=13 c=3: +6   1122121112121 k=7 e=2221212
   n=14 c=2: +7   11111111211112 k=7 e=2122221
   n=14 c=3: +7   11211121112112 k=7 e=2222222
   n=15 c=2: +9   121211121211212 k=9 e=221221212
   n=15 c=3: +7   111121211111122 k=8 e=22122222
[ones]
   n= 6 c=2: +1   211222 k=3 e=121
   n= 6 c=3: +1   222112 k=3 e=212
   n= 7 c=2: +2   2221122 k=4 e=2221
   n= 7 c=3: +3   2222221 k=4 e=2222
   n= 8 c=2: +3   22222222 k=3 e=121
   n= 8 c=3: +3   22222111 k=6 e=212121
   n= 9 c=2: +0   212112122 k=4 e=2121
   n= 9 c=3: +7   222222122 k=8 e=12212221
   n=10 c=2: +2   2211222222 k=4 e=1221
   n=10 c=3: +4   2222111222 k=7 e=1222121
   n=11 c=2: +3   22222222122 k=4 e=2221
   n=11 c=3: +4   22221122122 k=7 e=2121222
   n=12 c=2: +4   222212221122 k=7 e=1222221
   n=12 c=3: +2   112211212122 k=8 e=22221222
   n=13 c=2: +2   2222212212222 k=4 e=2122
   n=13 c=3: +5   2222221122112 k=9 e=222122121
   n=14 c=2: +4   22112222211121 k=10 e=2122221221
   n=14 c=3: +4   21211222222212 k=8 e=22212122
   n=15 c=2: +3   221212222122122 k=7 e=1212222
   n=15 c=3: +4   222221222221222 k=6 e=212122
[ones_suffix_half]
   n= 6 c=2: +3   111222 k=3 e=121
   n= 6 c=3: +1   111122 k=2 e=21
   n= 7 c=2: +2   1111222 k=3 e=212
   n= 7 c=3: +3   1122221 k=4 e=2222
   n= 8 c=2: +3   11222222 k=3 e=121
   n= 8 c=3: +3   11212112 k=5 e=12222
   n= 9 c=2: +2   111122222 k=2 e=12
   n= 9 c=3: +7   112222122 k=8 e=12212221
   n=10 c=2: +4   1112122222 k=4 e=1221
   n=10 c=3: +5   1122111222 k=7 e=1222121
   n=11 c=2: +4   11211222222 k=4 e=2121
   n=11 c=3: +5   12221122122 k=7 e=2121222
   n=12 c=2: +5   111122211121 k=9 e=212222222
   n=12 c=3: +6   112211212122 k=8 e=22221222
   n=13 c=2: +4   1111222211222 k=6 e=212122
   n=13 c=3: +5   1222221122112 k=9 e=222122121
   n=14 c=2: +6   11121222211121 k=10 e=2122221221
   n=14 c=3: +7   11112111222222 k=8 e=12122221
   n=15 c=2: +6   111111121221212 k=9 e=222212121
   n=15 c=3: +6   121112111222222 k=8 e=12222121
[run1]
   n= 6 c=2: +1   112122 k=3 e=121
   n= 6 c=3: +1   122112 k=3 e=212
   n= 7 c=2: +3   1222121 k=4 e=2221
   n= 7 c=3: +3   1212221 k=4 e=2222
   n= 8 c=2: +3   22222222 k=3 e=121
   n= 8 c=3: +3   11212112 k=5 e=12222
   n= 9 c=2: +2   112112122 k=4 e=2121
   n= 9 c=3: +7   121222122 k=8 e=12212221
   n=10 c=2: +3   1212212222 k=4 e=1221
   n=10 c=3: +5   1222212212 k=6 e=212221
   n=11 c=2: +3   12112122121 k=5 e=22222
   n=11 c=3: +5   12112121221 k=7 e=2222212
   n=12 c=2: +6   211122211121 k=9 e=212222222
   n=12 c=3: +6   112211212122 k=8 e=22221222
   n=13 c=2: +4   1112211211122 k=7 e=2221222
   n=13 c=3: +7   1222221122112 k=9 e=222122121
   n=14 c=2: +7   11121222211121 k=10 e=2122221221
   n=14 c=3: +6   11211222222212 k=8 e=22212122
   n=15 c=2: +6   121211121211212 k=9 e=221221212
   n=15 c=3: +6   122121121222121 k=8 e=22212122
[run2]
   n= 6 c=2: +1   112112 k=2 e=21
   n= 6 c=3: +2   211121 k=3 e=222
   n= 7 c=2: +2   1211112 k=3 e=121
   n= 7 c=3: +3   1211211 k=4 e=2121
   n= 8 c=2: +1   11112112 k=2 e=21
   n= 8 c=3: +4   11212112 k=5 e=12222
   n= 9 c=2: +3   121211112 k=4 e=1221
   n= 9 c=3: +5   121222122 k=8 e=12212221
   n=10 c=2: +4   1121111112 k=5 e=12121
   n=10 c=3: +5   1111121111 k=6 e=221221
   n=11 c=2: +5   11121111211 k=6 e=212121
   n=11 c=3: +5   11221112211 k=7 e=2122221
   n=12 c=2: +6   111122211121 k=9 e=212222222
   n=12 c=3: +6   112211212122 k=8 e=22221222
   n=13 c=2: +5   1111221112121 k=7 e=2222222
   n=13 c=3: +5   1122121112121 k=7 e=2221212
   n=14 c=2: +6   11111111211112 k=7 e=2122221
   n=14 c=3: +6   11211121112112 k=7 e=2222222
   n=15 c=2: +8   121211121211212 k=9 e=221221212
   n=15 c=3: +6   111121211111122 k=8 e=22122222
[twos]
   n= 6 c=2: +0   111111 k=0 e=
   n= 6 c=3: +1   211121 k=3 e=222
   n= 7 c=2: +1   1121111 k=2 e=22
   n= 7 c=3: +2   1211211 k=4 e=2121
   n= 8 c=2: +0   11111111 k=0 e=
   n= 8 c=3: +2   11112111 k=3 e=221
   n= 9 c=2: +1   111211112 k=3 e=221
   n= 9 c=3: +2   111211121 k=4 e=2121
   n=10 c=2: +3   1121111112 k=5 e=12121
   n=10 c=3: +5   1111121111 k=6 e=221221
   n=11 c=2: +4   11121111211 k=6 e=212121
   n=11 c=3: +3   11221112211 k=7 e=2122221
   n=12 c=2: +5   111122211121 k=9 e=212222222
   n=12 c=3: +4   111211111111 k=5 e=22212
   n=13 c=2: +3   1111221112121 k=7 e=2222222
   n=13 c=3: +4   1111111111112 k=5 e=12221
   n=14 c=2: +5   11111111211112 k=7 e=2122221
   n=14 c=3: +3   11111111121111 k=4 e=2222
   n=15 c=2: +4   111111121221212 k=9 e=222212121
   n=15 c=3: +4   111121211111122 k=8 e=22122222
[twos_suffix_half]
   n= 6 c=2: +1   112112 k=2 e=21
   n= 6 c=3: +3   212111 k=3 e=212
   n= 7 c=2: +2   1121111 k=2 e=22
   n= 7 c=3: +3   1211211 k=4 e=2121
   n= 8 c=2: +1   12121121 k=2 e=21
   n= 8 c=3: +5   12222111 k=6 e=212121
   n= 9 c=2: +3   121211112 k=4 e=1221
   n= 9 c=3: +4   112222122 k=8 e=12212221
   n=10 c=2: +4   1121111112 k=5 e=12121
   n=10 c=3: +5   1111121111 k=6 e=221221
   n=11 c=2: +5   11121111211 k=6 e=212121
   n=11 c=3: +5   11221112211 k=7 e=2122221
   n=12 c=2: +7   111122211121 k=9 e=212222222
   n=12 c=3: +5   111211111111 k=5 e=22212
   n=13 c=2: +5   1111221112121 k=7 e=2222222
   n=13 c=3: +6   1222221122112 k=9 e=222122121
   n=14 c=2: +7   11121222211121 k=10 e=2122221221
   n=14 c=3: +5   11211121112112 k=7 e=2222222
   n=15 c=2: +7   111221211111111 k=7 e=2221222
   n=15 c=3: +6   111121211111122 k=8 e=22122222
