level-0 letter entropy: distinct letter windows of column n-1 over all 2^n prefixes
  n=16: 2^n= 65536 distinct letter windows= 12647  log2=13.63  bits lost=2.37
  n=17: 2^n=131072 distinct letter windows= 22437  log2=14.45  bits lost=2.55
n=16 c=2
   k     N_k     D_k     L_k     C_k     P_k   N/2^(n-k)  D/2^(n-k)  L/2^(n-k)  D/N   L/D   P/D
   0   65536   65536   65536   65536   65536      1.000      1.000      1.000  1.000 1.000 1.000
   1   24540    4336    4148     132    3574      0.749      0.132      0.127  0.177 0.957 0.824
   2   10598    1717    1706     143    1471      0.647      0.105      0.104  0.162 0.994 0.857
   3    4332     684     682     145     606      0.529      0.083      0.083  0.158 0.997 0.886
   4    2017     299     299     125     265      0.492      0.073      0.073  0.148 1.000 0.886
   5     765     122     122      89     111      0.374      0.060      0.060  0.159 1.000 0.910
   6     255      43      43      40      38      0.249      0.042      0.042  0.169 1.000 0.884
   7     124      20      20      20      18      0.242      0.039      0.039  0.161 1.000 0.900
   8      35       6       6       6       5      0.137      0.023      0.023  0.171 1.000 0.833
   9      11       3       3       3       3      0.086      0.023      0.023  0.273 1.000 1.000
  10       3       1       1       1       1      0.047      0.016      0.016  0.333 1.000 1.000
n=16 c=3
   k     N_k     D_k     L_k     C_k     P_k   N/2^(n-k)  D/2^(n-k)  L/2^(n-k)  D/N   L/D   P/D
   0   65536   65536   65536   65536   65536      1.000      1.000      1.000  1.000 1.000 1.000
   1   24909    4325    4296     132    3558      0.760      0.132      0.131  0.174 0.993 0.823
   2   10412    1787    1776     143    1498      0.635      0.109      0.108  0.172 0.994 0.838
   3    3977     688     688     149     595      0.485      0.084      0.084  0.173 1.000 0.865
   4    1698     291     291     115     260      0.415      0.071      0.071  0.171 1.000 0.893
   5     625     116     115      80     110      0.305      0.057      0.056  0.186 0.991 0.948
   6     234      49      49      41      47      0.229      0.048      0.048  0.209 1.000 0.959
   7      99      19      19      19      19      0.193      0.037      0.037  0.192 1.000 1.000
   8      54       8       8       8       8      0.211      0.031      0.031  0.148 1.000 1.000
   9      28       5       5       5       5      0.219      0.039      0.039  0.179 1.000 1.000
  10      18       2       2       2       2      0.281      0.031      0.031  0.111 1.000 1.000
n=17 c=2
   k     N_k     D_k     L_k     C_k     P_k   N/2^(n-k)  D/2^(n-k)  L/2^(n-k)  D/N   L/D   P/D
   0  131072  131072  131072  131072  131072      1.000      1.000      1.000  1.000 1.000 1.000
   1   49654    7687    7322     174    6241      0.758      0.117      0.112  0.155 0.953 0.812
   2   20867    3062    3039     198    2543      0.637      0.093      0.093  0.147 0.992 0.831
   3    8447    1213    1212     195    1053      0.516      0.074      0.074  0.144 0.999 0.868
   4    3519     498     498     184     444      0.430      0.061      0.061  0.142 1.000 0.892
   5    1468     201     201     133     185      0.358      0.049      0.049  0.137 1.000 0.920
   6     655      95      95      75      87      0.320      0.046      0.046  0.145 1.000 0.916
   7     224      40      40      36      39      0.219      0.039      0.039  0.179 1.000 0.975
   8      66      14      14      14      14      0.129      0.027      0.027  0.212 1.000 1.000
   9      23       7       7       7       7      0.090      0.027      0.027  0.304 1.000 1.000
  10      13       2       2       2       2      0.102      0.016      0.016  0.154 1.000 1.000
  11      10       1       1       1       1      0.156      0.016      0.016  0.100 1.000 1.000
n=17 c=3
   k     N_k     D_k     L_k     C_k     P_k   N/2^(n-k)  D/2^(n-k)  L/2^(n-k)  D/N   L/D   P/D
   0  131072  131072  131072  131072  131072      1.000      1.000      1.000  1.000 1.000 1.000
   1   48952    7565    7510     174    6225      0.747      0.115      0.115  0.155 0.993 0.823
   2   20763    3107    3078     198    2589      0.634      0.095      0.094  0.150 0.991 0.833
   3    8158    1213    1211     198    1059      0.498      0.074      0.074  0.149 0.998 0.873
   4    3065     475     475     176     442      0.374      0.058      0.058  0.155 1.000 0.931
   5    1219     185     185     129     172      0.298      0.045      0.045  0.152 1.000 0.930
   6     498      75      75      66      71      0.243      0.037      0.037  0.151 1.000 0.947
   7     158      27      27      26      27      0.154      0.026      0.026  0.171 1.000 1.000
   8      69      10      10       9      10      0.135      0.020      0.020  0.145 1.000 1.000
   9      20       4       4       4       4      0.078      0.016      0.016  0.200 1.000 1.000
  10       6       1       1       1       1      0.047      0.008      0.008  0.167 1.000 1.000

max over n, c, k >= 1 of X_k / 2^(n-k):
  N: 0.760 at n=16 c=3 k=1
  D: 0.132 at n=16 c=2 k=1
  L: 0.131 at n=16 c=3 k=1
