rho(n,c,k) = D_k * 2^k / Lambda(n); lemma needs rho <= C < 4 for all k >= 1 (RW column).
  n   Lambda  log2Lam  loss | c | RW: deepest, max_k rho, argmax k, rho at deepest | E-only: deepest, max_k rho, argmax k
  3        7    2.81  0.19 | 2 |  1  0.286 k= 1 rho_deep= 0.286 |  1   0.571 k= 1
      k:       1
      D_k:     1
      rho:  0.29
      N_k:     1
  3        7    2.81  0.19 | 3 |  4  2.286 k= 4 rho_deep= 2.286 |  4   2.286 k= 4
      k:       1      2      3      4
      D_k:     4      1      1      1
      rho:  1.14   0.57   1.14   2.29
      N_k:     6      2      2      2
  4       12    3.58  0.42 | 2 |  2  1.000 k= 2 rho_deep= 1.000 |  2   1.667 k= 2
      k:       1      2
      D_k:     5      3
      rho:  0.83   1.00
      N_k:     8      7
  4       12    3.58  0.42 | 3 |  2  0.667 k= 2 rho_deep= 0.667 |  3   1.333 k= 2
      k:       1      2
      D_k:     3      2
      rho:  0.50   0.67
      N_k:     3      2
  5       20    4.32  0.68 | 2 |  2  0.600 k= 1 rho_deep= 0.200 |  2   0.800 k= 1
      k:       1      2
      D_k:     6      1
      rho:  0.60   0.20
      N_k:     9      1
  5       20    4.32  0.68 | 3 |  4  0.800 k= 4 rho_deep= 0.800 |  8  12.800 k= 8
      k:       1      2      3      4
      D_k:     7      3      1      1
      rho:  0.70   0.60   0.40   0.80
      N_k:    12      6      2      2
  6       37    5.21  0.79 | 2 |  3  0.649 k= 1 rho_deep= 0.216 |  9  13.838 k= 9
      k:       1      2      3
      D_k:    12      4      1
      rho:  0.65   0.43   0.22
      N_k:    22      6      3
  6       37    5.21  0.79 | 3 |  3  0.811 k= 1 rho_deep= 0.649 |  6   1.730 k= 3
      k:       1      2      3
      D_k:    15      7      3
      rho:  0.81   0.76   0.65
      N_k:    28     12      4
  7       69    6.11  0.89 | 2 |  4  0.609 k= 1 rho_deep= 0.464 |  7   1.855 k= 6
      k:       1      2      3      4
      D_k:    21      8      4      2
      rho:  0.61   0.46   0.46   0.46
      N_k:    41     17      9      5
  7       69    6.11  0.89 | 3 |  4  0.928 k= 4 rho_deep= 0.928 |  6   1.159 k= 4
      k:       1      2      3      4
      D_k:    24      8      5      4
      rho:  0.70   0.46   0.58   0.93
      N_k:    58     20     14     10
  8      123    6.94  1.06 | 2 |  3  0.602 k= 1 rho_deep= 0.130 |  6   1.041 k= 6
      k:       1      2      3
      D_k:    37     14      2
      rho:  0.60   0.46   0.13
      N_k:    87     44      9
  8      123    6.94  1.06 | 3 |  6  0.715 k= 1 rho_deep= 0.520 |  7   2.081 k= 7
      k:       1      2      3      4      5      6
      D_k:    44     21      7      4      2      1
      rho:  0.72   0.68   0.46   0.52   0.52   0.52
      N_k:    97     49     17      7      4      3
  9      219    7.77  1.23 | 2 |  4  0.566 k= 1 rho_deep= 0.146 |  5   0.749 k= 1
      k:       1      2      3      4
      D_k:    62     24      7      2
      rho:  0.57   0.44   0.26   0.15
      N_k:   162     57     17      4
  9      219    7.77  1.23 | 3 |  8  1.169 k= 8 rho_deep= 1.169 |  8   2.338 k= 8
      k:       1      2      3      4      5      6      7      8
      D_k:    84     40     16      6      1      1      1      1
      rho:  0.77   0.73   0.58   0.44   0.15   0.29   0.58   1.17
      N_k:   214    112     53     23      6      6      6      6
 10      391    8.61  1.39 | 2 |  5  0.706 k= 1 rho_deep= 0.164 |  9   1.309 k= 9
      k:       1      2      3      4      5
      D_k:   138     57     20      7      2
      rho:  0.71   0.58   0.41   0.29   0.16
      N_k:   396    177     62     26      6
 10      391    8.61  1.39 | 3 |  7  0.726 k= 1 rho_deep= 0.327 |  9   2.619 k= 9
      k:       1      2      3      4      5      6      7
      D_k:   142     57     24      8      5      4      1
      rho:  0.73   0.58   0.49   0.33   0.41   0.65   0.33
      N_k:   385    159     62     22     14     12      4
 11      701    9.45  1.55 | 2 |  6  0.656 k= 1 rho_deep= 0.091 |  9   0.913 k= 5
      k:       1      2      3      4      5      6
      D_k:   230     85     29     10      3      1
      rho:  0.66   0.49   0.33   0.23   0.14   0.09
      N_k:   728    285     93     36      9      4
 11      701    9.45  1.55 | 3 |  7  0.730 k= 7 rho_deep= 0.730 |  8   1.278 k= 7
      k:       1      2      3      4      5      6      7
      D_k:   252    101     45     23     10      5      4
      rho:  0.72   0.58   0.51   0.52   0.46   0.46   0.73
      N_k:   805    325    157     79     32     14     12
 12     1257   10.30  1.70 | 2 |  9  0.718 k= 1 rho_deep= 0.407 |  9   0.918 k= 1
      k:       1      2      3      4      5      6      7      8      9
      D_k:   451    187     72     29     12      5      2      1      1
      rho:  0.72   0.60   0.46   0.37   0.31   0.25   0.20   0.20   0.41
      N_k:  1607    752    278    119     33     14      6      2      2
 12     1257   10.30  1.70 | 3 |  8  0.676 k= 1 rho_deep= 0.204 | 11   1.629 k=11
      k:       1      2      3      4      5      6      7      8
      D_k:   425    199     73     28     13      2      1      1
      rho:  0.68   0.63   0.46   0.36   0.33   0.10   0.10   0.20
      N_k:  1487    721    226     87     44      5      1      1
 13     2255   11.14  1.86 | 2 |  7  0.696 k= 1 rho_deep= 0.114 | 10   1.362 k=10
      k:       1      2      3      4      5      6      7
      D_k:   785    301    129     45     23      8      2
      rho:  0.70   0.53   0.46   0.32   0.33   0.23   0.11
      N_k:  3068   1146    489    171     81     27     12
 13     2255   11.14  1.86 | 3 |  9  0.686 k= 1 rho_deep= 0.227 | 10   0.925 k= 1
      k:       1      2      3      4      5      6      7      8      9
      D_k:   773    317    123     49     20      7      3      1      1
      rho:  0.69   0.56   0.44   0.35   0.28   0.20   0.17   0.11   0.23
      N_k:  3094   1266    503    176     70     20      9      3      3
 14     4009   11.97  2.03 | 2 | 10  0.678 k= 1 rho_deep= 0.255 | 11   0.906 k= 1
      k:       1      2      3      4      5      6      7      8      9     10
      D_k:  1359    550    222     84     28     13      4      2      1      1
      rho:  0.68   0.55   0.44   0.34   0.22   0.21   0.13   0.13   0.13   0.26
      N_k:  6145   2685   1099    386    134     57     21      6      4      4
 14     4009   11.97  2.03 | 3 |  8  0.685 k= 1 rho_deep= 0.192 | 11   0.914 k= 1
      k:       1      2      3      4      5      6      7      8
      D_k:  1373    589    231     86     30     11      7      3
      rho:  0.68   0.59   0.46   0.34   0.24   0.18   0.22   0.19
      N_k:  6145   2684   1072    407    145     42     25      8
 15     7115   12.80  2.20 | 2 |  9  0.680 k= 1 rho_deep= 0.216 | 11   1.151 k=11
      k:       1      2      3      4      5      6      7      8      9
      D_k:  2420    921    326    134     47     22     13      4      3
      rho:  0.68   0.52   0.37   0.30   0.21   0.20   0.23   0.14   0.22
      N_k: 12134   4829   1680    727    272     92     43     18     10
 15     7115   12.80  2.20 | 3 |  8  0.687 k= 1 rho_deep= 0.108 | 16   9.211 k=16
      k:       1      2      3      4      5      6      7      8
      D_k:  2444    994    382    158     67     28      9      3
      rho:  0.69   0.56   0.43   0.36   0.30   0.25   0.16   0.11
      N_k: 12533   5054   2065    818    333    142     30      9
 16    12647   13.63  2.37 | 2 | 10  0.686 k= 1 rho_deep= 0.081 | 14   2.591 k=14
      k:       1      2      3      4      5      6      7      8      9     10
      D_k:  4336   1717    684    299    122     43     20      6      3      1
      rho:  0.69   0.54   0.43   0.38   0.31   0.22   0.20   0.12   0.12   0.08
      N_k: 24540  10598   4332   2017    765    255    124     35     11      3
 16    12647   13.63  2.37 | 3 | 10  0.684 k= 1 rho_deep= 0.162 | 14   1.943 k=13
      k:       1      2      3      4      5      6      7      8      9     10
      D_k:  4325   1787    688    291    116     49     19      8      5      2
      rho:  0.68   0.57   0.44   0.37   0.29   0.25   0.19   0.16   0.20   0.16
      N_k: 24909  10412   3977   1698    625    234     99     54     28     18
 17    22437   14.45  2.55 | 2 | 11  0.685 k= 1 rho_deep= 0.091 | 13   1.460 k=12
      k:       1      2      3      4      5      6      7      8      9     10     11
      D_k:  7687   3062   1213    498    201     95     40     14      7      2      1
      rho:  0.69   0.55   0.43   0.36   0.29   0.27   0.23   0.16   0.16   0.09   0.09
      N_k: 49654  20867   8447   3519   1468    655    224     66     23     13     10
 17    22437   14.45  2.55 | 3 | 10  0.674 k= 1 rho_deep= 0.046 | 13   1.095 k=11
      k:       1      2      3      4      5      6      7      8      9     10
      D_k:  7565   3107   1213    475    185     75     27     10      4      1
      rho:  0.67   0.55   0.43   0.34   0.26   0.21   0.15   0.11   0.09   0.05
      N_k: 48952  20763   8158   3065   1219    498    158     69     20      6
 18    39728   15.28  2.72 | 2 | 12  0.673 k= 1 rho_deep= 0.206 | 17   3.299 k=17
      k:       1      2      3      4      5      6      7      8      9     10     11     12
      D_k: 13377   5305   2091    857    367    152     71     29     13      6      5      2
      rho:  0.67   0.53   0.42   0.35   0.30   0.24   0.23   0.19   0.17   0.15   0.26   0.21
      N_k: 97586  41267  16374   6780   2805   1229    606    249     94     34     32     16
 18    39728   15.28  2.72 | 3 | 11  0.686 k= 1 rho_deep= 0.052 | 18   6.598 k=18
      k:       1      2      3      4      5      6      7      8      9     10     11
      D_k: 13632   5557   2213    888    362    151     63     30     13      3      1
      rho:  0.69   0.56   0.45   0.36   0.29   0.24   0.20   0.19   0.17   0.08   0.05
      N_k: 99182  41022  17357   6772   2604   1063    444    195     93     26     12

max rho over n, c, k:  RW: 2.286 at (n, c, k) = (3, 3, 4);  E-only: 13.838 at (6, 2, 9)
