level-0 letter entropy: distinct letter windows of column n-1 over all 2^n prefixes
  n= 6: 2^n=    64 distinct letter windows=    37  log2=5.21  bits lost=0.79
  n= 7: 2^n=   128 distinct letter windows=    69  log2=6.11  bits lost=0.89
  n= 8: 2^n=   256 distinct letter windows=   123  log2=6.94  bits lost=1.06
  n= 9: 2^n=   512 distinct letter windows=   219  log2=7.77  bits lost=1.23
  n=10: 2^n=  1024 distinct letter windows=   391  log2=8.61  bits lost=1.39
  n=11: 2^n=  2048 distinct letter windows=   701  log2=9.45  bits lost=1.55
  n=12: 2^n=  4096 distinct letter windows=  1257  log2=10.30  bits lost=1.70
  n=13: 2^n=  8192 distinct letter windows=  2255  log2=11.14  bits lost=1.86
  n=14: 2^n= 16384 distinct letter windows=  4009  log2=11.97  bits lost=2.03
  n=15: 2^n= 32768 distinct letter windows=  7115  log2=12.80  bits lost=2.20
n=6 c=2
   k     N_k     D_k     L_k     C_k     P_k   N/2^(n-k)  D/2^(n-k)  L/2^(n-k)  D/N   L/D   P/D
   0      64      64      64      64      64      1.000      1.000      1.000  1.000 1.000 1.000
   1      22      12      12       8      12      0.688      0.375      0.375  0.545 1.000 1.000
   2       6       4       4       3       2      0.375      0.250      0.250  0.667 1.000 0.500
   3       3       1       1       1       1      0.375      0.125      0.125  0.333 1.000 1.000
n=6 c=3
   k     N_k     D_k     L_k     C_k     P_k   N/2^(n-k)  D/2^(n-k)  L/2^(n-k)  D/N   L/D   P/D
   0      64      64      64      64      64      1.000      1.000      1.000  1.000 1.000 1.000
   1      28      15      15       6      15      0.875      0.469      0.469  0.536 1.000 1.000
   2      12       7       7       4       7      0.750      0.438      0.438  0.583 1.000 1.000
   3       4       3       3       3       3      0.500      0.375      0.375  0.750 1.000 1.000
n=7 c=2
   k     N_k     D_k     L_k     C_k     P_k   N/2^(n-k)  D/2^(n-k)  L/2^(n-k)  D/N   L/D   P/D
   0     128     128     128     128     128      1.000      1.000      1.000  1.000 1.000 1.000
   1      41      21      20       9      18      0.641      0.328      0.312  0.512 0.952 0.857
   2      17       8       8       6       8      0.531      0.250      0.250  0.471 1.000 1.000
   3       9       4       4       3       4      0.562      0.250      0.250  0.444 1.000 1.000
   4       5       2       2       1       2      0.625      0.250      0.250  0.400 1.000 1.000
n=7 c=3
   k     N_k     D_k     L_k     C_k     P_k   N/2^(n-k)  D/2^(n-k)  L/2^(n-k)  D/N   L/D   P/D
   0     128     128     128     128     128      1.000      1.000      1.000  1.000 1.000 1.000
   1      58      24      24       9      20      0.906      0.375      0.375  0.414 1.000 0.833
   2      20       8       8       6       7      0.625      0.250      0.250  0.400 1.000 0.875
   3      14       5       5       4       4      0.875      0.312      0.312  0.357 1.000 0.800
   4      10       4       3       3       4      1.250      0.500      0.375  0.400 0.750 1.000
n=8 c=2
   k     N_k     D_k     L_k     C_k     P_k   N/2^(n-k)  D/2^(n-k)  L/2^(n-k)  D/N   L/D   P/D
   0     256     256     256     256     256      1.000      1.000      1.000  1.000 1.000 1.000
   1      87      37      35      13      28      0.680      0.289      0.273  0.425 0.946 0.757
   2      44      14      14       7       8      0.688      0.219      0.219  0.318 1.000 0.571
   3       9       2       2       1       2      0.281      0.062      0.062  0.222 1.000 1.000
n=8 c=3
   k     N_k     D_k     L_k     C_k     P_k   N/2^(n-k)  D/2^(n-k)  L/2^(n-k)  D/N   L/D   P/D
   0     256     256     256     256     256      1.000      1.000      1.000  1.000 1.000 1.000
   1      97      44      44      12      39      0.758      0.344      0.344  0.454 1.000 0.886
   2      49      21      20      11      17      0.766      0.328      0.312  0.429 0.952 0.810
   3      17       7       7       6       6      0.531      0.219      0.219  0.412 1.000 0.857
   4       7       4       4       4       3      0.438      0.250      0.250  0.571 1.000 0.750
   5       4       2       2       2       2      0.500      0.250      0.250  0.500 1.000 1.000
   6       3       1       1       1       1      0.750      0.250      0.250  0.333 1.000 1.000
n=9 c=2
   k     N_k     D_k     L_k     C_k     P_k   N/2^(n-k)  D/2^(n-k)  L/2^(n-k)  D/N   L/D   P/D
   0     512     512     512     512     512      1.000      1.000      1.000  1.000 1.000 1.000
   1     162      62      60      17      50      0.633      0.242      0.234  0.383 0.968 0.806
   2      57      24      24      15      21      0.445      0.188      0.188  0.421 1.000 0.875
   3      17       7       7       6       7      0.266      0.109      0.109  0.412 1.000 1.000
   4       4       2       2       2       2      0.125      0.062      0.062  0.500 1.000 1.000
n=9 c=3
   k     N_k     D_k     L_k     C_k     P_k   N/2^(n-k)  D/2^(n-k)  L/2^(n-k)  D/N   L/D   P/D
   0     512     512     512     512     512      1.000      1.000      1.000  1.000 1.000 1.000
   1     214      84      84      17      71      0.836      0.328      0.328  0.393 1.000 0.845
   2     112      40      39      17      35      0.875      0.312      0.305  0.357 0.975 0.875
   3      53      16      16      11      14      0.828      0.250      0.250  0.302 1.000 0.875
   4      23       6       6       6       6      0.719      0.188      0.188  0.261 1.000 1.000
   5       6       1       1       1       1      0.375      0.062      0.062  0.167 1.000 1.000
   6       6       1       1       1       1      0.750      0.125      0.125  0.167 1.000 1.000
   7       6       1       1       1       1      1.500      0.250      0.250  0.167 1.000 1.000
   8       6       1       1       1       1      3.000      0.500      0.500  0.167 1.000 1.000
n=10 c=2
   k     N_k     D_k     L_k     C_k     P_k   N/2^(n-k)  D/2^(n-k)  L/2^(n-k)  D/N   L/D   P/D
   0    1024    1024    1024    1024    1024      1.000      1.000      1.000  1.000 1.000 1.000
   1     396     138     135      21     115      0.773      0.270      0.264  0.348 0.978 0.833
   2     177      57      56      21      51      0.691      0.223      0.219  0.322 0.982 0.895
   3      62      20      20      13      19      0.484      0.156      0.156  0.323 1.000 0.950
   4      26       7       7       6       7      0.406      0.109      0.109  0.269 1.000 1.000
   5       6       2       2       2       2      0.188      0.062      0.062  0.333 1.000 1.000
n=10 c=3
   k     N_k     D_k     L_k     C_k     P_k   N/2^(n-k)  D/2^(n-k)  L/2^(n-k)  D/N   L/D   P/D
   0    1024    1024    1024    1024    1024      1.000      1.000      1.000  1.000 1.000 1.000
   1     385     142     142      21     114      0.752      0.277      0.277  0.369 1.000 0.803
   2     159      57      57      22      49      0.621      0.223      0.223  0.358 1.000 0.860
   3      62      24      24      14      21      0.484      0.188      0.188  0.387 1.000 0.875
   4      22       8       8       7       7      0.344      0.125      0.125  0.364 1.000 0.875
   5      14       5       5       5       4      0.438      0.156      0.156  0.357 1.000 0.800
   6      12       4       4       4       3      0.750      0.250      0.250  0.333 1.000 0.750
   7       4       1       1       1       1      0.500      0.125      0.125  0.250 1.000 1.000
n=11 c=2
   k     N_k     D_k     L_k     C_k     P_k   N/2^(n-k)  D/2^(n-k)  L/2^(n-k)  D/N   L/D   P/D
   0    2048    2048    2048    2048    2048      1.000      1.000      1.000  1.000 1.000 1.000
   1     728     230     223      30     195      0.711      0.225      0.218  0.316 0.970 0.848
   2     285      85      85      29      76      0.557      0.166      0.166  0.298 1.000 0.894
   3      93      29      29      20      27      0.363      0.113      0.113  0.312 1.000 0.931
   4      36      10      10       9      10      0.281      0.078      0.078  0.278 1.000 1.000
   5       9       3       3       3       3      0.141      0.047      0.047  0.333 1.000 1.000
   6       4       1       1       1       1      0.125      0.031      0.031  0.250 1.000 1.000
n=11 c=3
   k     N_k     D_k     L_k     C_k     P_k   N/2^(n-k)  D/2^(n-k)  L/2^(n-k)  D/N   L/D   P/D
   0    2048    2048    2048    2048    2048      1.000      1.000      1.000  1.000 1.000 1.000
   1     805     252     248      30     212      0.786      0.246      0.242  0.313 0.984 0.841
   2     325     101     101      29      84      0.635      0.197      0.197  0.311 1.000 0.832
   3     157      45      45      22      35      0.613      0.176      0.176  0.287 1.000 0.778
   4      79      23      22      19      20      0.617      0.180      0.172  0.291 0.957 0.870
   5      32      10      10       8      10      0.500      0.156      0.156  0.312 1.000 1.000
   6      14       5       5       5       5      0.438      0.156      0.156  0.357 1.000 1.000
   7      12       4       4       4       4      0.750      0.250      0.250  0.333 1.000 1.000
n=12 c=2
   k     N_k     D_k     L_k     C_k     P_k   N/2^(n-k)  D/2^(n-k)  L/2^(n-k)  D/N   L/D   P/D
   0    4096    4096    4096    4096    4096      1.000      1.000      1.000  1.000 1.000 1.000
   1    1607     451     436      39     377      0.785      0.220      0.213  0.281 0.967 0.836
   2     752     187     186      41     154      0.734      0.183      0.182  0.249 0.995 0.824
   3     278      72      72      36      64      0.543      0.141      0.141  0.259 1.000 0.889
   4     119      29      29      21      26      0.465      0.113      0.113  0.244 1.000 0.897
   5      33      12      12      11      11      0.258      0.094      0.094  0.364 1.000 0.917
   6      14       5       5       5       5      0.219      0.078      0.078  0.357 1.000 1.000
   7       6       2       2       2       2      0.188      0.062      0.062  0.333 1.000 1.000
   8       2       1       1       1       1      0.125      0.062      0.062  0.500 1.000 1.000
   9       2       1       1       1       1      0.250      0.125      0.125  0.500 1.000 1.000
n=12 c=3
   k     N_k     D_k     L_k     C_k     P_k   N/2^(n-k)  D/2^(n-k)  L/2^(n-k)  D/N   L/D   P/D
   0    4096    4096    4096    4096    4096      1.000      1.000      1.000  1.000 1.000 1.000
   1    1487     425     420      39     353      0.726      0.208      0.205  0.286 0.988 0.831
   2     721     199     198      42     171      0.704      0.194      0.193  0.276 0.995 0.859
   3     226      73      73      35      67      0.441      0.143      0.143  0.323 1.000 0.918
   4      87      28      28      19      27      0.340      0.109      0.109  0.322 1.000 0.964
   5      44      13      13      12      13      0.344      0.102      0.102  0.295 1.000 1.000
   6       5       2       2       2       2      0.078      0.031      0.031  0.400 1.000 1.000
   7       1       1       1       1       1      0.031      0.031      0.031  1.000 1.000 1.000
   8       1       1       1       1       1      0.062      0.062      0.062  1.000 1.000 1.000
n=13 c=2
   k     N_k     D_k     L_k     C_k     P_k   N/2^(n-k)  D/2^(n-k)  L/2^(n-k)  D/N   L/D   P/D
   0    8192    8192    8192    8192    8192      1.000      1.000      1.000  1.000 1.000 1.000
   1    3068     785     745      53     648      0.749      0.192      0.182  0.256 0.949 0.825
   2    1146     301     299      61     265      0.560      0.147      0.146  0.263 0.993 0.880
   3     489     129     128      52     114      0.478      0.126      0.125  0.264 0.992 0.884
   4     171      45      45      34      41      0.334      0.088      0.088  0.263 1.000 0.911
   5      81      23      23      19      21      0.316      0.090      0.090  0.284 1.000 0.913
   6      27       8       8       8       7      0.211      0.062      0.062  0.296 1.000 0.875
   7      12       2       2       2       2      0.188      0.031      0.031  0.167 1.000 1.000
n=13 c=3
   k     N_k     D_k     L_k     C_k     P_k   N/2^(n-k)  D/2^(n-k)  L/2^(n-k)  D/N   L/D   P/D
   0    8192    8192    8192    8192    8192      1.000      1.000      1.000  1.000 1.000 1.000
   1    3094     773     765      53     641      0.755      0.189      0.187  0.250 0.990 0.829
   2    1266     317     316      63     273      0.618      0.155      0.154  0.250 0.997 0.861
   3     503     123     123      52     109      0.491      0.120      0.120  0.245 1.000 0.886
   4     176      49      49      38      45      0.344      0.096      0.096  0.278 1.000 0.918
   5      70      20      20      20      20      0.273      0.078      0.078  0.286 1.000 1.000
   6      20       7       7       6       7      0.156      0.055      0.055  0.350 1.000 1.000
   7       9       3       3       3       3      0.141      0.047      0.047  0.333 1.000 1.000
   8       3       1       1       1       1      0.094      0.031      0.031  0.333 1.000 1.000
   9       3       1       1       1       1      0.188      0.062      0.062  0.333 1.000 1.000
n=14 c=2
   k     N_k     D_k     L_k     C_k     P_k   N/2^(n-k)  D/2^(n-k)  L/2^(n-k)  D/N   L/D   P/D
   0   16384   16384   16384   16384   16384      1.000      1.000      1.000  1.000 1.000 1.000
   1    6145    1359    1290      76    1117      0.750      0.166      0.157  0.221 0.949 0.822
   2    2685     550     547      76     456      0.656      0.134      0.134  0.205 0.995 0.829
   3    1099     222     219      74     194      0.537      0.108      0.107  0.202 0.986 0.874
   4     386      84      84      53      79      0.377      0.082      0.082  0.218 1.000 0.940
   5     134      28      28      22      28      0.262      0.055      0.055  0.209 1.000 1.000
   6      57      13      13      12      13      0.223      0.051      0.051  0.228 1.000 1.000
   7      21       4       4       4       4      0.164      0.031      0.031  0.190 1.000 1.000
   8       6       2       2       2       2      0.094      0.031      0.031  0.333 1.000 1.000
   9       4       1       1       1       1      0.125      0.031      0.031  0.250 1.000 1.000
  10       4       1       1       1       1      0.250      0.062      0.062  0.250 1.000 1.000
n=14 c=3
   k     N_k     D_k     L_k     C_k     P_k   N/2^(n-k)  D/2^(n-k)  L/2^(n-k)  D/N   L/D   P/D
   0   16384   16384   16384   16384   16384      1.000      1.000      1.000  1.000 1.000 1.000
   1    6145    1373    1362      76    1131      0.750      0.168      0.166  0.223 0.992 0.824
   2    2684     589     585      77     496      0.655      0.144      0.143  0.219 0.993 0.842
   3    1072     231     230      83     201      0.523      0.113      0.112  0.215 0.996 0.870
   4     407      86      86      50      82      0.397      0.084      0.084  0.211 1.000 0.953
   5     145      30      30      25      29      0.283      0.059      0.059  0.207 1.000 0.967
   6      42      11      11       8      11      0.164      0.043      0.043  0.262 1.000 1.000
   7      25       7       7       7       7      0.195      0.055      0.055  0.280 1.000 1.000
   8       8       3       3       3       3      0.125      0.047      0.047  0.375 1.000 1.000
n=15 c=2
   k     N_k     D_k     L_k     C_k     P_k   N/2^(n-k)  D/2^(n-k)  L/2^(n-k)  D/N   L/D   P/D
   0   32768   32768   32768   32768   32768      1.000      1.000      1.000  1.000 1.000 1.000
   1   12134    2420    2306      96    1997      0.741      0.148      0.141  0.199 0.953 0.825
   2    4829     921     915     110     801      0.589      0.112      0.112  0.191 0.993 0.870
   3    1680     326     324     101     297      0.410      0.080      0.079  0.194 0.994 0.911
   4     727     134     134      69     125      0.355      0.065      0.065  0.184 1.000 0.933
   5     272      47      47      36      46      0.266      0.046      0.046  0.173 1.000 0.979
   6      92      22      22      18      21      0.180      0.043      0.043  0.239 1.000 0.955
   7      43      13      13      13      13      0.168      0.051      0.051  0.302 1.000 1.000
   8      18       4       4       4       4      0.141      0.031      0.031  0.222 1.000 1.000
   9      10       3       3       3       3      0.156      0.047      0.047  0.300 1.000 1.000
n=15 c=3
   k     N_k     D_k     L_k     C_k     P_k   N/2^(n-k)  D/2^(n-k)  L/2^(n-k)  D/N   L/D   P/D
   0   32768   32768   32768   32768   32768      1.000      1.000      1.000  1.000 1.000 1.000
   1   12533    2444    2427      96    1989      0.765      0.149      0.148  0.195 0.993 0.814
   2    5054     994     987     110     853      0.617      0.121      0.120  0.197 0.993 0.858
   3    2065     382     382     104     331      0.504      0.093      0.093  0.185 1.000 0.866
   4     818     158     157      84     142      0.399      0.077      0.077  0.193 0.994 0.899
   5     333      67      67      52      65      0.325      0.065      0.065  0.201 1.000 0.970
   6     142      28      28      26      28      0.277      0.055      0.055  0.197 1.000 1.000
   7      30       9       9       9       9      0.117      0.035      0.035  0.300 1.000 1.000
   8       9       3       3       3       3      0.070      0.023      0.023  0.333 1.000 1.000

max over n, c, k >= 1 of X_k / 2^(n-k):
  N: 3.000 at n=9 c=3 k=8
  D: 0.500 at n=7 c=3 k=4
  L: 0.500 at n=9 c=3 k=8
