Part A: P_u(i) = P(col_u unchanged when e_i is flipped), all sources of length u+1
  u   i=0     i=1     i=2     i=3     i=4     i=5     i=6     i=7     i=8    
  1    0.0000  0.0000    -       -       -       -       -       -       -   
  2    0.0000  0.0000  0.0000    -       -       -       -       -       -   
  3    0.3750  0.0000  0.0000  0.0000    -       -       -       -       -   
  4    0.4375  0.1250  0.0000  0.0000  0.0000    -       -       -       -   
  5    0.5938  0.1250  0.0000  0.0000  0.0000  0.0000    -       -       -   
  6    0.6406  0.1250  0.0000  0.0000  0.0000  0.0000  0.0000    -       -   
  7    0.7656  0.1719  0.0469  0.0000  0.0000  0.0000  0.0000  0.0000    -   
  8    0.7930  0.2500  0.0469  0.0156  0.0000  0.0000  0.0000  0.0000  0.0000
  9    0.8418  0.3086  0.0918  0.0176  0.0000  0.0000  0.0000  0.0000  0.0000
 10    0.8750  0.3652  0.1104  0.0254  0.0000  0.0000  0.0000  0.0000  0.0000
 11    0.9014  0.4424  0.1494  0.0391  0.0078  0.0000  0.0000  0.0000  0.0000
 12    0.9226  0.5115  0.1848  0.0576  0.0132  0.0024  0.0000  0.0000  0.0000
 13    0.9357  0.5731  0.2244  0.0743  0.0201  0.0032  0.0010  0.0000  0.0000
 14    0.9514  0.6373  0.2704  0.0963  0.0281  0.0055  0.0012  0.0002  0.0000
 15    0.9622  0.6945  0.3245  0.1221  0.0403  0.0093  0.0023  0.0005  0.0000
 16    0.9705  0.7416  0.3751  0.1479  0.0535  0.0148  0.0039  0.0013  0.0002
 17    0.9776  0.7845  0.4255  0.1793  0.0667  0.0208  0.0054  0.0021  0.0004
 18    0.9831  0.8205  0.4769  0.2138  0.0842  0.0277  0.0078  0.0028  0.0007
 19    0.9872  0.8519  0.5278  0.2519  0.1039  0.0364  0.0114  0.0041  0.0010
  first u with P_u(i) >= 0.5: i=0:u=5, i=1:u=12, i=2:u=19
  first u with P_u(i) >= 0.9: i=0:u=11

Part B: least run length L of pattern s erasing every prefix of length m (full-column equality at the last column)
  s=2: m=1:L=3  m=2:L=6  m=3:L=9  m=4:L=12  m=5:L=15  m=6:L=18  m=7:L=21
  s=1: m=1:L=4  m=2:L=7  m=3:L=10  m=4:L=13  m=5:L=16  m=6:L=19  m=7:L=22
  s=21: m=1:L=3  m=2:L=>40  m=3:L=>40  m=4:L=>40  m=5:L=>40  m=6:L=>40  m=7:L=>40
  s=12: m=1:L=>40  m=2:L=>40  m=3:L=>40  m=4:L=>40  m=5:L=>40  m=6:L=>40  m=7:L=>40
  s=221: m=1:L=3  m=2:L=11  m=3:L=24  m=4:L=37  m=5:L=>40  m=6:L=>40  m=7:L=>40
  s=211: m=1:L=8  m=2:L=21  m=3:L=34  m=4:L=>40  m=5:L=>40  m=6:L=>40  m=7:L=>40

Part C: which length-2 patterns on (e_1, e_2) make every col_u, u >= 3, independent of e_0?
  (e_1,e_2)=11: fails, e.g. 1111 at u=3
  (e_1,e_2)=12: fails, e.g. 1121 at u=3
  (e_1,e_2)=21: fails, e.g. 1211 at u=3
  (e_1,e_2)=22: LAW HOLDS for all u in [3, 12]
  e_0=1, e_1=e_2=2: col_1 = [2, 1, 2, 0], col_2 = [2, 1, 2, 1, 2, 3]  (depths -u-1..u)
  e_0=2, e_1=e_2=2: col_1 = [2, 1, 2, 1], col_2 = [2, 1, 2, 1, 2, 1]  (depths -u-1..u)
