
===== n=17: sources 131072, initial classes 22437 (log2 14.454)
  c=2 free: k1:131072/19796 k2:131072/18423 k3:131072/17556 k4:131072/16982 k5:131072/16565 k6:131072/16265 k7:131072/16030 k8:131072/15873 k9:131072/15744 k10:131072/15662 k11:131072/15582 k12:131072/15522 k13:131072/15493 k14:131072/15460 k15:131072/15426 k16:131072/15411 k17:131072/15395 k18:131072/15385 k19:131072/15377
           class log2 drop over 19 run columns: 0.545 (0.029 bits/column of pure merging)
  c=2 bwh : k1:66051/9750 k2:33018/4796 k3:16193/2326 k4:8196/1173 k5:4401/605 k6:2212/304 k7:1124/161 k8:480/75 k9:273/45 k10:165/26 k11:92/12 k12:37/8 k13:7/2 k14:0/0
           deepest surviving level 13 (need 19); last surviving classes 2; per-column class loss 1.035 bits
  c=2 rw  : k1:49654/7322 k2:20867/3039 k3:8447/1212 k4:3519/498 k5:1468/201 k6:655/95 k7:224/40 k8:66/14 k9:23/7 k10:13/2 k11:10/1 k12:0/0
           deepest surviving level 11 (need 19); last surviving classes 1; per-column class loss 1.314 bits
  c=3 free: k1:131072/19796 k2:131072/18423 k3:131072/17556 k4:131072/16982 k5:131072/16565 k6:131072/16265 k7:131072/16030 k8:131072/15873 k9:131072/15744 k10:131072/15662 k11:131072/15582 k12:131072/15522 k13:131072/15493 k14:131072/15460 k15:131072/15426 k16:131072/15411 k17:131072/15395 k18:131072/15385 k19:131072/15377
           class log2 drop over 19 run columns: 0.545 (0.029 bits/column of pure merging)
  c=3 bwh : k1:65021/10046 k2:32461/4907 k3:16177/2439 k4:7770/1216 k5:3972/608 k6:1932/304 k7:1020/162 k8:566/86 k9:277/36 k10:150/18 k11:81/12 k12:34/5 k13:2/1 k14:0/0
           deepest surviving level 13 (need 19); last surviving classes 1; per-column class loss 1.112 bits
  c=3 rw  : k1:48952/7510 k2:20763/3078 k3:8158/1211 k4:3065/475 k5:1219/185 k6:498/75 k7:158/27 k8:69/10 k9:20/4 k10:6/1 k11:0/0
           deepest surviving level 10 (need 19); last surviving classes 1; per-column class loss 1.445 bits

===== n=18: sources 262144, initial classes 39728 (log2 15.278)
  c=2 free: k1:262144/35016 k2:262144/32604 k3:262144/31032 k4:262144/29991 k5:262144/29281 k6:262144/28780 k7:262144/28373 k8:262144/28092 k9:262144/27851 k10:262144/27671 k11:262144/27561 k12:262144/27469 k13:262144/27384 k14:262144/27327 k15:262144/27288 k16:262144/27258 k17:262144/27231 k18:262144/27203 k19:262144/27187 k20:262144/27180
           class log2 drop over 20 run columns: 0.548 (0.027 bits/column of pure merging)
  c=2 bwh : k1:130184/17001 k2:65405/8363 k3:32838/4142 k4:16132/2034 k5:8100/1030 k6:3972/498 k7:2377/272 k8:1346/144 k9:642/69 k10:402/42 k11:166/19 k12:90/9 k13:62/5 k14:56/3 k15:32/2 k16:16/1 k17:16/1 k18:0/0
           deepest surviving level 17 (need 20); last surviving classes 1; per-column class loss 0.899 bits
  c=2 rw  : k1:97586/12757 k2:41267/5263 k3:16374/2085 k4:6780/857 k5:2805/367 k6:1229/152 k7:606/71 k8:249/29 k9:94/13 k10:34/6 k11:32/5 k12:16/2 k13:0/0
           deepest surviving level 12 (need 20); last surviving classes 2; per-column class loss 1.190 bits
  c=3 free: k1:262144/35016 k2:262144/32604 k3:262144/31032 k4:262144/29991 k5:262144/29281 k6:262144/28780 k7:262144/28373 k8:262144/28092 k9:262144/27851 k10:262144/27671 k11:262144/27561 k12:262144/27469 k13:262144/27384 k14:262144/27327 k15:262144/27288 k16:262144/27258 k17:262144/27231 k18:262144/27203 k19:262144/27187 k20:262144/27180
           class log2 drop over 20 run columns: 0.548 (0.027 bits/column of pure merging)
  c=3 bwh : k1:131960/18015 k2:65916/8778 k3:33915/4367 k4:17229/2227 k5:8495/1113 k6:4471/591 k7:2223/288 k8:1152/159 k9:688/92 k10:335/44 k11:147/23 k12:48/9 k13:14/4 k14:14/4 k15:10/3 k16:7/2 k17:3/1 k18:3/1 k19:0/0
           deepest surviving level 18 (need 20); last surviving classes 1; per-column class loss 0.849 bits
  c=3 rw  : k1:99182/13533 k2:41022/5509 k3:17357/2209 k4:6772/888 k5:2604/362 k6:1063/151 k7:444/63 k8:195/30 k9:93/13 k10:26/3 k11:12/1 k12:0/0
           deepest surviving level 11 (need 20); last surviving classes 1; per-column class loss 1.389 bits

===== n=19: sources 524288, initial classes 70204 (log2 16.099)
  c=2 free: k1:524288/61854 k2:524288/57321 k3:524288/54588 k4:524288/52841 k5:524288/51569 k6:524288/50674 k7:524288/49955 k8:524288/49410 k9:524288/49020 k10:524288/48717 k11:524288/48479 k12:524288/48325 k13:524288/48188 k14:524288/48090 k15:524288/48017 k16:524288/47961 k17:524288/47925 k18:524288/47894 k19:524288/47866 k20:524288/47846 k21:524288/47831
           class log2 drop over 21 run columns: 0.554 (0.026 bits/column of pure merging)
  c=2 bwh : k1:261768/30219 k2:130807/14781 k3:64645/7254 k4:32582/3674 k5:16718/1846 k6:8507/929 k7:4093/464 k8:2200/245 k9:1199/135 k10:613/73 k11:300/34 k12:125/16 k13:78/8 k14:44/5 k15:44/5 k16:22/2 k17:6/1 k18:6/1 k19:0/0
           deepest surviving level 18 (need 21); last surviving classes 1; per-column class loss 0.894 bits
  c=2 rw  : k1:195767/22635 k2:81225/9177 k3:32123/3595 k4:13658/1523 k5:6013/649 k6:2474/260 k7:837/95 k8:334/42 k9:173/24 k10:42/8 k11:8/2 k12:0/0
           deepest surviving level 11 (need 21); last surviving classes 2; per-column class loss 1.373 bits
  c=3 free: k1:524288/61854 k2:524288/57321 k3:524288/54588 k4:524288/52841 k5:524288/51569 k6:524288/50674 k7:524288/49955 k8:524288/49410 k9:524288/49020 k10:524288/48717 k11:524288/48479 k12:524288/48325 k13:524288/48188 k14:524288/48090 k15:524288/48017 k16:524288/47961 k17:524288/47925 k18:524288/47894 k19:524288/47866 k20:524288/47846 k21:524288/47831
           class log2 drop over 21 run columns: 0.554 (0.026 bits/column of pure merging)
  c=3 bwh : k1:262520/31635 k2:130967/15433 k3:65987/7692 k4:32791/3829 k5:16644/1937 k6:8705/1004 k7:4444/503 k8:2143/243 k9:847/105 k10:436/53 k11:199/24 k12:153/17 k13:80/9 k14:44/5 k15:10/2 k16:10/2 k17:0/0
           deepest surviving level 16 (need 21); last surviving classes 2; per-column class loss 0.944 bits
  c=3 rw  : k1:197717/23695 k2:81517/9595 k3:33106/3866 k4:13526/1573 k5:5575/637 k6:2213/264 k7:891/96 k8:389/43 k9:97/12 k10:42/4 k11:6/1 k12:6/1 k13:6/1 k14:0/0
           deepest surviving level 13 (need 21); last surviving classes 1; per-column class loss 1.238 bits

===== n=20: sources 1048576, initial classes 123979 (log2 16.920)
  c=2 free: k1:1048576/109218 k2:1048576/101464 k3:1048576/96411 k4:1048576/93195 k5:1048576/91009 k6:1048576/89300 k7:1048576/88064 k8:1048576/87096 k9:1048576/86355 k10:1048576/85845 k11:1048576/85417 k12:1048576/85101 k13:1048576/84865 k14:1048576/84689 k15:1048576/84546 k16:1048576/84418 k17:1048576/84350 k18:1048576/84292 k19:1048576/84249 k20:1048576/84210 k21:1048576/84184 k22:1048576/84161
           class log2 drop over 22 run columns: 0.559 (0.025 bits/column of pure merging)
  c=2 bwh : k1:522147/53273 k2:261322/26192 k3:131018/13029 k4:65788/6491 k5:32184/3208 k6:16613/1647 k7:8369/828 k8:4105/411 k9:1795/184 k10:812/88 k11:360/43 k12:203/23 k13:110/11 k14:38/5 k15:26/3 k16:8/1 k17:0/0
           deepest surviving level 16 (need 22); last surviving classes 1; per-column class loss 1.057 bits
  c=2 rw  : k1:392181/40065 k2:165155/16445 k3:67462/6660 k4:28034/2743 k5:11141/1080 k6:4534/438 k7:1917/173 k8:905/83 k9:267/25 k10:88/8 k11:20/2 k12:0/0
           deepest surviving level 11 (need 22); last surviving classes 2; per-column class loss 1.447 bits
  c=3 free: k1:1048576/109218 k2:1048576/101464 k3:1048576/96411 k4:1048576/93195 k5:1048576/91009 k6:1048576/89300 k7:1048576/88064 k8:1048576/87096 k9:1048576/86355 k10:1048576/85845 k11:1048576/85417 k12:1048576/85101 k13:1048576/84865 k14:1048576/84689 k15:1048576/84546 k16:1048576/84418 k17:1048576/84350 k18:1048576/84292 k19:1048576/84249 k20:1048576/84210 k21:1048576/84184 k22:1048576/84161
           class log2 drop over 22 run columns: 0.559 (0.025 bits/column of pure merging)
  c=3 bwh : k1:526429/55945 k2:263070/27258 k3:131927/13479 k4:67361/6808 k5:33951/3426 k6:16424/1693 k7:8526/854 k8:4428/440 k9:2274/234 k10:1273/121 k11:658/63 k12:386/42 k13:204/22 k14:103/9 k15:39/5 k16:18/2 k17:12/1 k18:0/0
           deepest surviving level 17 (need 22); last surviving classes 1; per-column class loss 0.995 bits
  c=3 rw  : k1:395031/41832 k2:164854/17013 k3:66542/6822 k4:27226/2792 k5:11150/1118 k6:4609/456 k7:2037/184 k8:761/73 k9:266/30 k10:111/12 k11:67/8 k12:47/5 k13:12/1 k14:12/1 k15:0/0
           deepest surviving level 14 (need 22); last surviving classes 1; per-column class loss 1.209 bits
