n  2^n   classes  2^n/classes  maxclass  e0-invariant  e1-invariant  e2-invariant  | class-based survivors: k : N_k(sources) N_k(classes) null_k=classes*2^-(k+1) R_k(class)
 6     64      35   1.83     5  0.6562  0.1250  0.0000  | 0:64/35/17.50/2.00 1:32/21/8.75/2.40 2:19/12/4.38/2.74 3:10/5/2.19/2.29 4:4/2/1.09/1.83 5:4/2/0.55/3.66 6:3/1/0.27/3.66 7:3/1/0.14/7.31
     class-size histogram: 1:15, 2:13, 3:6, 5:1
 7    128      58   2.21     7  0.8281  0.2031  0.0625  | 1:52/22/14.50/1.52 2:36/14/7.25/1.93 3:23/9/3.62/2.48 4:10/4/1.81/2.21 5:8/3/0.91/3.31 6:3/1/0.45/2.21
     class-size histogram: 1:11, 2:34, 3:8, 4:3, 6:1, 7:1
 8    256     100   2.56     9  0.8125  0.2812  0.0938  | 2:49/19/12.50/1.52 3:32/11/6.25/1.76 4:26/8/3.12/2.56 5:15/4/1.56/2.56 6:5/2/0.78/2.56
     class-size histogram: 1:21, 2:41, 3:24, 4:5, 5:1, 6:4, 7:1, 8:2, 9:1
 9    512     188   2.72     8  0.8555  0.3398  0.0977  | 3:79/24/11.75/2.04 4:42/13/5.88/2.21 5:18/5/2.94/1.70 6:10/2/1.47/1.36 7:10/2/0.73/2.72
     class-size histogram: 1:30, 2:82, 3:36, 4:21, 5:1, 6:10, 7:3, 8:5
10   1024     350   2.93    10  0.8828  0.3730  0.1211  | 4:88/28/10.94/2.56 5:54/16/5.47/2.93 6:16/5/2.73/1.83 7:12/3/1.37/2.19 8:12/3/0.68/4.39
     class-size histogram: 1:42, 2:154, 3:51, 4:58, 5:9, 6:22, 7:4, 8:7, 9:2, 10:1
11   2048     599   3.42    16  0.9150  0.4844  0.1748  | 5:69/22/9.36/2.35 6:36/10/4.68/2.14 7:10/3/2.34/1.28 8:6/1/1.17/0.85
     class-size histogram: 1:54, 2:234, 3:73, 4:115, 5:23, 6:59, 7:9, 8:15, 9:4, 10:4, 11:1, 12:4, 14:2, 16:2
12   4096    1079   3.80    24  0.9316  0.5479  0.2095  | 6:33/10/8.43/1.19 7:17/5/4.21/1.19 8:12/3/2.11/1.42 9:6/1/1.05/0.95 10:6/1/0.53/1.90
     class-size histogram: 1:93, 2:378, 3:99, 4:240, 5:36, 6:126, 7:17, 8:42, 9:10, 10:9, 11:3, 12:9, 13:2, 14:2 ...
13   8192    1927   4.25    26  0.9417  0.6055  0.2517  | 7:30/12/7.53/1.59 8:14/6/3.76/1.59 9:9/4/1.88/2.13
     class-size histogram: 1:121, 2:616, 3:172, 4:428, 5:63, 6:241, 7:34, 8:108, 9:36, 10:25, 11:8, 12:32, 13:3, 14:14 ...
14  16384    3398   4.82    36  0.9580  0.6689  0.2928  | 8:22/7/6.64/1.05 9:6/2/3.32/0.60 10:6/2/1.66/1.21
     class-size histogram: 1:171, 2:927, 3:221, 4:854, 5:96, 6:448, 7:71, 8:266, 9:34, 10:73, 11:20, 12:90, 13:7, 14:32 ...
15  32768    6016   5.45    46  0.9675  0.7227  0.3554  | 9:39/9/5.88/1.53 10:32/6/2.94/2.04 11:18/1/1.47/0.68 12:18/1/0.73/1.36 13:18/1/0.37/2.72 14:18/1/0.18/5.45 15:18/1/0.09/10.89
     class-size histogram: 1:241, 2:1420, 3:340, 4:1523, 5:129, 6:822, 7:100, 8:579, 9:65, 10:180, 11:40, 12:216, 13:22, 14:88 ...
16  65536   10715   6.12    68  0.9745  0.7644  0.4036  | 10:56/10/5.23/1.91 11:38/7/2.62/2.68 12:32/5/1.31/3.82 13:20/3/0.65/4.59
     class-size histogram: 1:350, 2:2189, 3:464, 4:2686, 5:217, 6:1503, 7:155, 8:1192, 9:121, 10:363, 11:74, 12:512, 13:49, 14:199 ...
