
n=8 c=2, L=64, 256 sources
  j: P(E=0)  P(H=0)   for j = 0..min(L,24)-1
   0: 0.484  0.504
   1: 0.488  0.457
   2: 0.410  0.543
   3: 0.543  0.523
   4: 0.461  0.512
   5: 0.555  0.480
   6: 0.473  0.586
   7: 0.551  0.469
   8: 0.516  0.508
   9: 0.492  0.531
  10: 0.488  0.586
  11: 0.574  0.586
  12: 0.551  0.453
  13: 0.508  0.551
  14: 0.500  0.504
  15: 0.445  0.449
  16: 0.520  0.578
  17: 0.547  0.527
  18: 0.445  0.406
  19: 0.539  0.566
  20: 0.496  0.574
  21: 0.539  0.523
  22: 0.566  0.484
  23: 0.660  0.492
  overall P(E=0)=0.5025  P(H=0)=0.5124  P(11 | adjacent binary)=0.2666 (coin: 0.25)
  autocorrelation of (1-2E): lag1=+0.0332 lag2=+0.0037 lag3=+0.0003 lag4=-0.0103
  autocorrelation of (1-2H): lag1=-0.0057 lag2=+0.0098 lag3=+0.0101 lag4=+0.0061
  binary run lengths (observed fraction vs geometric 2^-r): 1:0.495/0.500, 2:0.251/0.250, 3:0.121/0.125, 4:0.063/0.062, 5:0.029/0.031, 6:0.019/0.016, 7:0.009/0.008, 8:0.008/0.004

n=8 c=3, L=64, 256 sources
  j: P(E=0)  P(H=0)   for j = 0..min(L,24)-1
   0: 0.516  0.504
   1: 0.488  0.527
   2: 0.484  0.523
   3: 0.445  0.520
   4: 0.520  0.461
   5: 0.523  0.504
   6: 0.582  0.551
   7: 0.469  0.484
   8: 0.547  0.523
   9: 0.527  0.523
  10: 0.465  0.473
  11: 0.523  0.480
  12: 0.383  0.367
  13: 0.578  0.543
  14: 0.355  0.543
  15: 0.395  0.410
  16: 0.473  0.500
  17: 0.508  0.488
  18: 0.500  0.500
  19: 0.461  0.574
  20: 0.480  0.492
  21: 0.523  0.355
  22: 0.566  0.484
  23: 0.492  0.547
  overall P(E=0)=0.4962  P(H=0)=0.5052  P(11 | adjacent binary)=0.2599 (coin: 0.25)
  autocorrelation of (1-2E): lag1=-0.0117 lag2=-0.0035 lag3=+0.0081 lag4=+0.0197
  autocorrelation of (1-2H): lag1=+0.0347 lag2=+0.0183 lag3=+0.0050 lag4=+0.0008
  binary run lengths (observed fraction vs geometric 2^-r): 1:0.514/0.500, 2:0.257/0.250, 3:0.113/0.125, 4:0.066/0.062, 5:0.025/0.031, 6:0.012/0.016, 7:0.005/0.008, 8:0.005/0.004

n=10 c=2, L=64, 1024 sources
  j: P(E=0)  P(H=0)   for j = 0..min(L,24)-1
   0: 0.497  0.479
   1: 0.472  0.462
   2: 0.522  0.489
   3: 0.554  0.521
   4: 0.575  0.560
   5: 0.510  0.506
   6: 0.515  0.543
   7: 0.476  0.508
   8: 0.519  0.482
   9: 0.480  0.521
  10: 0.474  0.478
  11: 0.502  0.471
  12: 0.539  0.509
  13: 0.479  0.496
  14: 0.492  0.465
  15: 0.525  0.514
  16: 0.498  0.539
  17: 0.472  0.522
  18: 0.515  0.478
  19: 0.512  0.500
  20: 0.531  0.553
  21: 0.440  0.462
  22: 0.499  0.545
  23: 0.494  0.518
  overall P(E=0)=0.4985  P(H=0)=0.4989  P(11 | adjacent binary)=0.2463 (coin: 0.25)
  autocorrelation of (1-2E): lag1=+0.0020 lag2=-0.0121 lag3=+0.0110 lag4=+0.0013
  autocorrelation of (1-2H): lag1=-0.0017 lag2=-0.0189 lag3=-0.0031 lag4=+0.0139
  binary run lengths (observed fraction vs geometric 2^-r): 1:0.501/0.500, 2:0.262/0.250, 3:0.121/0.125, 4:0.060/0.062, 5:0.028/0.031, 6:0.014/0.016, 7:0.007/0.008, 8:0.005/0.004

n=10 c=3, L=64, 1024 sources
  j: P(E=0)  P(H=0)   for j = 0..min(L,24)-1
   0: 0.503  0.479
   1: 0.478  0.536
   2: 0.491  0.513
   3: 0.500  0.499
   4: 0.480  0.495
   5: 0.493  0.490
   6: 0.528  0.447
   7: 0.526  0.539
   8: 0.514  0.517
   9: 0.519  0.512
  10: 0.504  0.491
  11: 0.517  0.498
  12: 0.536  0.485
  13: 0.474  0.505
  14: 0.530  0.490
  15: 0.513  0.543
  16: 0.507  0.471
  17: 0.462  0.573
  18: 0.470  0.521
  19: 0.403  0.489
  20: 0.538  0.528
  21: 0.483  0.531
  22: 0.474  0.557
  23: 0.491  0.492
  overall P(E=0)=0.4970  P(H=0)=0.5057  P(11 | adjacent binary)=0.2569 (coin: 0.25)
  autocorrelation of (1-2E): lag1=+0.0035 lag2=-0.0069 lag3=+0.0176 lag4=+0.0041
  autocorrelation of (1-2H): lag1=-0.0108 lag2=+0.0110 lag3=+0.0050 lag4=+0.0059
  binary run lengths (observed fraction vs geometric 2^-r): 1:0.508/0.500, 2:0.256/0.250, 3:0.115/0.125, 4:0.061/0.062, 5:0.027/0.031, 6:0.018/0.016, 7:0.008/0.008, 8:0.003/0.004

n=12 c=2, L=64, 4096 sources
  j: P(E=0)  P(H=0)   for j = 0..min(L,24)-1
   0: 0.510  0.480
   1: 0.498  0.517
   2: 0.491  0.471
   3: 0.510  0.494
   4: 0.530  0.486
   5: 0.509  0.500
   6: 0.507  0.515
   7: 0.502  0.467
   8: 0.493  0.525
   9: 0.501  0.539
  10: 0.490  0.531
  11: 0.502  0.497
  12: 0.491  0.533
  13: 0.484  0.485
  14: 0.501  0.494
  15: 0.481  0.478
  16: 0.488  0.476
  17: 0.502  0.546
  18: 0.507  0.499
  19: 0.495  0.529
  20: 0.504  0.509
  21: 0.496  0.520
  22: 0.473  0.508
  23: 0.490  0.498
  overall P(E=0)=0.4972  P(H=0)=0.5006  P(11 | adjacent binary)=0.2528 (coin: 0.25)
  autocorrelation of (1-2E): lag1=-0.0063 lag2=+0.0008 lag3=+0.0063 lag4=-0.0052
  autocorrelation of (1-2H): lag1=-0.0005 lag2=-0.0060 lag3=+0.0035 lag4=-0.0046
  binary run lengths (observed fraction vs geometric 2^-r): 1:0.514/0.500, 2:0.250/0.250, 3:0.121/0.125, 4:0.059/0.062, 5:0.027/0.031, 6:0.016/0.016, 7:0.008/0.008, 8:0.003/0.004

n=12 c=3, L=64, 4096 sources
  j: P(E=0)  P(H=0)   for j = 0..min(L,24)-1
   0: 0.490  0.480
   1: 0.499  0.481
   2: 0.498  0.496
   3: 0.478  0.504
   4: 0.503  0.444
   5: 0.500  0.515
   6: 0.520  0.505
   7: 0.522  0.514
   8: 0.484  0.464
   9: 0.497  0.529
  10: 0.516  0.466
  11: 0.488  0.523
  12: 0.531  0.521
  13: 0.511  0.465
  14: 0.481  0.496
  15: 0.487  0.492
  16: 0.498  0.512
  17: 0.493  0.525
  18: 0.490  0.475
  19: 0.487  0.518
  20: 0.515  0.484
  21: 0.490  0.495
  22: 0.510  0.472
  23: 0.508  0.487
  overall P(E=0)=0.4979  P(H=0)=0.4977  P(11 | adjacent binary)=0.2442 (coin: 0.25)
  autocorrelation of (1-2E): lag1=-0.0049 lag2=-0.0023 lag3=-0.0001 lag4=-0.0120
  autocorrelation of (1-2H): lag1=-0.0063 lag2=+0.0024 lag3=-0.0022 lag4=+0.0072
  binary run lengths (observed fraction vs geometric 2^-r): 1:0.508/0.500, 2:0.251/0.250, 3:0.122/0.125, 4:0.063/0.062, 5:0.030/0.031, 6:0.015/0.016, 7:0.006/0.008, 8:0.002/0.004
