n=15, suffix e_5..e_14 = 2211212112; all 32 prefixes:
  11111|2211212112  Q=11212122211112121  Psi=01010010101101000  const-prefix k=0
  11112|2211212112  Q=12211111122111211  Psi=11111111111111110  const-prefix k=15
  11121|2211212112  Q=12211111122111211  Psi=11111111111111110  const-prefix k=15
  11122|2211212112  Q=21221222121221212  Psi=00000111100110001  const-prefix k=4
  11211|2211212112  Q=11121111122121221  Psi=11111100001101111  const-prefix k=5
  11212|2211212112  Q=21221222121221212  Psi=00000111100110001  const-prefix k=4
  11221|2211212112  Q=12211111122111211  Psi=11111111111111110  const-prefix k=15
  11222|2211212112  Q=12211111122111211  Psi=11111111111111110  const-prefix k=15
  12111|2211212112  Q=11212122211112121  Psi=01010010101101000  const-prefix k=0
  12112|2211212112  Q=12211111122111211  Psi=11111111111111110  const-prefix k=15
  12121|2211212112  Q=12211111122111211  Psi=11111111111111110  const-prefix k=15
  12122|2211212112  Q=12211111122111211  Psi=11111111111111110  const-prefix k=15
  12211|2211212112  Q=11121111122121221  Psi=11111100001101111  const-prefix k=5
  12212|2211212112  Q=21221222121221212  Psi=00000111100110001  const-prefix k=4
  12221|2211212112  Q=12211111122111211  Psi=11111111111111110  const-prefix k=15
  12222|2211212112  Q=12211111122111211  Psi=11111111111111110  const-prefix k=15
  21111|2211212112  Q=11212122211112121  Psi=01010010101101000  const-prefix k=0
  21112|2211212112  Q=12211111122111211  Psi=11111111111111110  const-prefix k=15
  21121|2211212112  Q=12211111122111211  Psi=11111111111111110  const-prefix k=15
  21122|2211212112  Q=21221222121221212  Psi=00000111100110001  const-prefix k=4
  21211|2211212112  Q=11121111122121221  Psi=11111100001101111  const-prefix k=5
  21212|2211212112  Q=21221222121221212  Psi=00000111100110001  const-prefix k=4
  21221|2211212112  Q=12211111122111211  Psi=11111111111111110  const-prefix k=15
  21222|2211212112  Q=12211111122111211  Psi=11111111111111110  const-prefix k=15
  22111|2211212112  Q=11212122211112121  Psi=01010010101101000  const-prefix k=0
  22112|2211212112  Q=12211111122111211  Psi=11111111111111110  const-prefix k=15
  22121|2211212112  Q=12211111122111211  Psi=11111111111111110  const-prefix k=15
  22122|2211212112  Q=12211111122111211  Psi=11111111111111110  const-prefix k=15
  22211|2211212112  Q=11121111122121221  Psi=11111100001101111  const-prefix k=5
  22212|2211212112  Q=21221222121221212  Psi=00000111100110001  const-prefix k=4
  22221|2211212112  Q=12211111122111211  Psi=11111111111111110  const-prefix k=15
  22222|2211212112  Q=12211111122111211  Psi=11111111111111110  const-prefix k=15
distinct (Q,Psi) over the 32 prefixes: 4
  x18: Q=12211111122111211 Psi=11111111111111110
  x6: Q=21221222121221212 Psi=00000111100110001
  x4: Q=11212122211112121 Psi=01010010101101000
  x4: Q=11121111122121221 Psi=11111100001101111

n=10: rows s (free prefix length), cols j; entry = fraction of suffix classes with Psi_j constant over all 2^s prefixes
s\j    0    1    2    3    4    5    6    7    8    9   10   11
  1  0.94 0.95 0.93 0.95 0.94 0.94 0.95 0.95 0.95 0.94 0.95 0.94
  2  0.63 0.68 0.60 0.66 0.63 0.68 0.67 0.65 0.69 0.64 0.66 0.66
  3  0.23 0.35 0.23 0.33 0.25 0.33 0.25 0.33 0.36 0.25 0.32 0.32
  4  0.06 0.09 0.02 0.08 0.06 0.08 0.08 0.05 0.05 0.03 0.06 0.08
  5  0.00 0.00 0.00 0.00 0.00 0.00 0.00 0.03 0.00 0.00 0.00 0.00
  6  0.00 0.00 0.00 0.00 0.00 0.00 0.00 0.00 0.00 0.00 0.00 0.00
  7  0.00 0.00 0.00 0.00 0.00 0.00 0.00 0.00 0.00 0.00 0.00 0.00
  8  0.00 0.00 0.00 0.00 0.00 0.00 0.00 0.00 0.00 0.00 0.00 0.00
  9  0.00 0.00 0.00 0.00 0.00 0.00 0.00 0.00 0.00 0.00 0.00 0.00
cone prediction: Psi_j independent of e_0..e_{s-1} when s <= ceil((j-1)/2), i.e. j >= 2s+1... only if the forced symbols also agree

n=12: rows s (free prefix length), cols j; entry = fraction of suffix classes with Psi_j constant over all 2^s prefixes
s\j    0    1    2    3    4    5    6    7    8    9   10   11   12   13
  1  0.96 0.97 0.97 0.97 0.97 0.96 0.97 0.97 0.97 0.96 0.97 0.97 0.96 0.97
  2  0.69 0.75 0.76 0.74 0.77 0.74 0.77 0.75 0.76 0.73 0.77 0.75 0.78 0.74
  3  0.29 0.39 0.44 0.40 0.43 0.44 0.40 0.42 0.41 0.35 0.44 0.38 0.44 0.39
  4  0.06 0.08 0.18 0.11 0.12 0.17 0.12 0.16 0.13 0.09 0.15 0.10 0.14 0.12
  5  0.00 0.01 0.02 0.02 0.01 0.02 0.02 0.03 0.02 0.01 0.02 0.01 0.02 0.01
  6  0.00 0.00 0.00 0.00 0.00 0.02 0.00 0.00 0.00 0.00 0.00 0.00 0.00 0.00
  7  0.00 0.00 0.00 0.00 0.00 0.00 0.00 0.00 0.00 0.00 0.00 0.00 0.00 0.00
  8  0.00 0.00 0.00 0.00 0.00 0.00 0.00 0.00 0.00 0.00 0.00 0.00 0.00 0.00
  9  0.00 0.00 0.00 0.00 0.00 0.00 0.00 0.00 0.00 0.00 0.00 0.00 0.00 0.00
 10  0.00 0.00 0.00 0.00 0.00 0.00 0.00 0.00 0.00 0.00 0.00 0.00 0.00 0.00
 11  0.00 0.00 0.00 0.00 0.00 0.00 0.00 0.00 0.00 0.00 0.00 0.00 0.00 0.00
cone prediction: Psi_j independent of e_0..e_{s-1} when s <= ceil((j-1)/2), i.e. j >= 2s+1... only if the forced symbols also agree
