u  n=u+1   2^n        M(u) full cols   Q(u) quotients   P(u)=2Q(u-1)   b-merge P/M  (bits)   q-merge M/Q  (bits)   total loss bits   log2 M increment
 0   1          2            2            2              -          -       -     1.0000  0.0000          -          -   (0.0s)
 1   2          4            4            4              4     1.0000  0.0000     1.0000  0.0000     0.0000     1.0000   (0.0s)
 2   3          8            8            7              8     1.0000  0.0000     1.1429  0.1926     0.1926     1.0000   (0.0s)
 3   4         16           13           12             14     1.0769  0.1069     1.0833  0.1155     0.2224     0.7004   (0.0s)
 4   5         32           23           20             24     1.0435  0.0614     1.1500  0.2016     0.2630     0.8231   (0.0s)
 5   6         64           39           37             40     1.0256  0.0365     1.0541  0.0759     0.1125     0.7618   (0.0s)
 6   7        128           73           69             74     1.0137  0.0196     1.0580  0.0813     0.1009     0.9044   (0.0s)
 7   8        256          129          123            138     1.0698  0.0973     1.0488  0.0687     0.1660     0.8214   (0.0s)
 8   9        512          232          219            246     1.0603  0.0845     1.0594  0.0832     0.1677     0.8468   (0.0s)
 9  10       1024          410          391            438     1.0683  0.0953     1.0486  0.0685     0.1638     0.8215   (0.0s)
10  11       2048          742          701            782     1.0539  0.0757     1.0585  0.0820     0.1578     0.8558   (0.0s)
11  12       4096         1329         1257           1402     1.0549  0.0771     1.0573  0.0804     0.1575     0.8409   (0.0s)
12  13       8192         2376         2255           2514     1.0581  0.0814     1.0537  0.0754     0.1569     0.8382   (0.0s)
13  14      16384         4265         4009           4510     1.0574  0.0806     1.0639  0.0893     0.1699     0.8440   (0.1s)
14  15      32768         7560         7115           8018     1.0606  0.0849     1.0625  0.0875     0.1724     0.8258   (0.2s)
15  16      65536        13382        12647          14230     1.0634  0.0886     1.0581  0.0815     0.1701     0.8238   (0.3s)
16  17     131072        23803        22437          25294     1.0626  0.0877     1.0609  0.0853     0.1729     0.8308   (0.7s)
17  18     262144        42199        39728          44874     1.0634  0.0887     1.0622  0.0871     0.1757     0.8261   (1.4s)
18  19     524288        74613        70204          79456     1.0649  0.0907     1.0628  0.0879     0.1786     0.8222   (2.8s)
19  20    1048576       131873       123979         140408     1.0647  0.0905     1.0637  0.0891     0.1795     0.8217   (5.6s)
20  21    2097152       233042       219061         247958     1.0640  0.0895     1.0638  0.0893     0.1788     0.8214   (12.9s)
