u  n=u+1   2^n   distinct quotient(col_u) [depths -u..u]   log2(distinct)   2^n/distinct   maxfiber   fiber histogram (size:count)
 0   1        2        2    1.000              1.00     1   1:2
 1   2        4        4    2.000  (+1.000)    1.00     1   1:4
 2   3        8        7    2.807  (+0.807)    1.14     2   1:6, 2:1
 3   4       16       12    3.585  (+0.778)    1.33     3   1:9, 2:2, 3:1
 4   5       32       20    4.322  (+0.737)    1.60     3   1:11, 2:6, 3:3
 5   6       64       37    5.209  (+0.888)    1.73     3   1:17, 2:13, 3:7
 6   7      128       69    6.109  (+0.899)    1.86     6   1:26, 2:30, 3:12, 6:1
 7   8      256      123    6.943  (+0.834)    2.08     8   1:34, 2:60, 3:22, 4:4, 6:2, 8:1
 8   9      512      219    7.775  (+0.832)    2.34     8   1:48, 2:107, 3:37, 4:14, 5:1, 6:9, 8:3
 9  10     1024      391    8.611  (+0.836)    2.62     8   1:61, 2:188, 3:65, 4:42, 5:4, 6:20, 7:4, 8:7
10  11     2048      701    9.453  (+0.842)    2.92    16   1:83, 2:314, 3:107, 4:107, 5:14, 6:47, 7:9, 8:15, 9:3, 10:1
11  12     4096     1257   10.296  (+0.842)    3.26    18   1:124, 2:510, 3:159, 4:242, 5:32, 6:115, 7:16, 8:38, 9:8, 10:3
12  13     8192     2255   11.139  (+0.843)    3.63    24   1:190, 2:822, 3:239, 4:490, 5:65, 6:254, 7:31, 8:90, 9:18, 10:14
13  14    16384     4009   11.969  (+0.830)    4.09    26   1:266, 2:1311, 3:350, 4:946, 5:121, 6:510, 7:55, 8:218, 9:40, 10:45
14  15    32768     7115   12.797  (+0.828)    4.61    46   1:384, 2:2019, 3:508, 4:1796, 5:199, 6:957, 7:107, 8:529, 9:66, 10:131
15  16    65536    12647   13.627  (+0.830)    5.18    60   1:556, 2:3130, 3:742, 4:3283, 5:281, 6:1754, 7:177, 8:1170, 9:122, 10:324
16  17   131072    22437   14.454  (+0.827)    5.84    62   1:787, 2:4811, 3:1038, 4:5830, 5:419, 6:3097, 7:294, 8:2472, 9:219, 10:724
17  18   262144    39728   15.278  (+0.824)    6.60    72   1:1083, 2:7202, 3:1440, 4:10258, 5:637, 6:5326, 7:475, 8:5031, 9:345, 10:1488
18  19   524288    70204   16.099  (+0.821)    7.47   102   1:1483, 2:10715, 3:1955, 4:17557, 5:940, 6:8886, 7:746, 8:9926, 9:556, 10:2882
19  20  1048576   123979   16.920  (+0.820)    8.46   132   1:2025, 2:15816, 3:2661, 4:29475, 5:1376, 6:14477, 7:1109, 8:19127, 9:868, 10:5219

Cross-check against (Q,Psi) classes from psi():
n   distinct quotient(col_{n-1}) incl. top e   distinct (Q,Psi)   distinct Psi   distinct Q
 4        12        10         9        10
 5        20        18        17        16
 6        37        35        33        31
 7        69        58        50        51
 8       123       100        94        87
 9       219       188       175       160
10       391       350       329       288
11       701       599       571       492
12      1257      1079      1047       889
13      2255      1927      1879      1562
14      4009      3398      3315      2736
15      7115      6016      5868      4869
