W=111122211212112 Q=12211111122111211 Psi=11111111111111110 k=15

single flips e_i (1<->2): i -> k, Psi
  i= 0: k=15  Psi=11111111111111110  Q=12211111122111211
  i= 1: k=15  Psi=11111111111111110  Q=12211111122111211
  i= 2: k= 4  Psi=00000111100110001  Q=21221222121221212
  i= 3: k= 4  Psi=00000111100110001  Q=21221222121221212
  i= 4: k= 0  Psi=01010010101101000  Q=11212122211112121
  i= 5: k= 1  Psi=11000101010010010  Q=11111222221111221
  i= 6: k= 1  Psi=00111011011101101  Q=21112112121111222
  i= 7: k= 0  Psi=10001110111010110  Q=22112211112212211
  i= 8: k= 0  Psi=01110100011111111  Q=21112122212211112
  i= 9: k= 0  Psi=01101000101111110  Q=21221121122212111
  i=10: k= 1  Psi=00101100101001100  Q=21112212112221111
  i=11: k= 0  Psi=01001110010011000  Q=22112111222222212
  i=12: k= 3  Psi=11110001110011001  Q=12111111122122211
  i=13: k= 0  Psi=10100101011000110  Q=22222111122212121
  i=14: k= 0  Psi=01100101111011010  Q=11221112121212112

pair flips: (i,j) with k >= 12
  (0,1): k=15  Psi=11111111111111110
  (1,3): k=15  Psi=11111111111111110
  (2,3): k=15  Psi=11111111111111110
  (3,4): k=15  Psi=11111111111111110

last source column T[14][d], d=-15..14: 212031230030300321111112030300
virtual tops from it: 122111111221112103321  first non-binary at 16 (expected 16)

single-cell perturbations of the last source column: depth d, new value -> first non-binary index of virtual tops
  d=-15 (was 2): 0: 0  1: 0  3: 0
  d=-14 (was 1): 0: 1  2:16  3:16
  d=-13 (was 2): 0: 1  1: 0  3: 0
  d=-12 (was 0): 1: 3  2: 0  3: 3
  d=-11 (was 3): 0: 3  1:16  2:16
  d=-10 (was 1): 0: 0  2: 0  3:16
  d= -9 (was 2): 0: 4  1:16  3:16
  d= -8 (was 3): 0: 1  1:16  2: 0
  d= -7 (was 0): 1: 1  2: 0  3: 1
  d= -6 (was 0): 1: 0  2: 1  3: 0
  d= -5 (was 3): 0: 0  1:16  2:16
  d= -4 (was 0): 1: 0  2: 0  3: 0
  d= -3 (was 3): 0: 0  1:16  2: 0
  d= -2 (was 0): 1: 0  2: 1  3: 0
  d= -1 (was 0): 1: 1  2: 0  3: 1
  d=  0 (was 3): 0: 1  1:16  2:16
  d=  1 (was 2): 0: 1  1: 0  3: 0
  d=  2 (was 1): 0: 0  2:16  3:16
  d=  3 (was 1): 0: 2  2: 0  3:16
  d=  4 (was 1): 0: 0  2:16  3:16
  d=  5 (was 1): 0: 1  2: 0  3:16
  d=  6 (was 1): 0: 0  2:16  3:16
  d=  7 (was 1): 0: 2  2: 0  3:16
  d=  8 (was 2): 0: 0  1:16  3:16
  d=  9 (was 0): 1: 1  2: 1  3: 1
  d= 10 (was 3): 0: 1  1:16  2: 0
  d= 11 (was 0): 1: 4  2: 0  3: 4
  d= 12 (was 3): 0: 1  1:16  2:16
  d= 13 (was 0): 1: 1  2: 1  3: 1
  d= 14 (was 0): 1: 0  2: 0  3: 0
histogram of first non-binary index over all 3*2n single-cell perturbations: 0:35, 1:20, 2:2, 3:3, 4:3, 16:27
