n= 3 c=2: S_0=7 (log2 2.81, fit 2.95)  deepest=1 (0.83n+3.3=5.8, need=5)  max S'_k 2^k/S_0 = 0.29 at k=1  [0s]
      N_k/S'_k/ratio: k1:1/1/0.29
n= 3 c=3: S_0=7 (log2 2.81, fit 2.95)  deepest=4 (0.83n+3.3=5.8, need=5)  max S'_k 2^k/S_0 = 4.57 at k=4  [0s]
      N_k/S'_k/ratio: k1:6/5/1.43 k2:2/2/1.14 k3:2/2/2.29 k4:2/2/4.57
n= 4 c=2: S_0=12 (log2 3.58, fit 3.77)  deepest=2 (0.83n+3.3=6.6, need=6)  max S'_k 2^k/S_0 = 1.33 at k=2  [0s]
      N_k/S'_k/ratio: k1:8/5/0.83 k2:7/4/1.33
n= 4 c=3: S_0=12 (log2 3.58, fit 3.77)  deepest=2 (0.83n+3.3=6.6, need=6)  max S'_k 2^k/S_0 = 0.67 at k=2  [0s]
      N_k/S'_k/ratio: k1:3/3/0.50 k2:2/2/0.67
n= 5 c=2: S_0=20 (log2 4.32, fit 4.59)  deepest=2 (0.83n+3.3=7.4, need=7)  max S'_k 2^k/S_0 = 0.70 at k=1  [0s]
      N_k/S'_k/ratio: k1:9/7/0.70 k2:1/1/0.20
n= 5 c=3: S_0=20 (log2 4.32, fit 4.59)  deepest=4 (0.83n+3.3=7.4, need=7)  max S'_k 2^k/S_0 = 0.80 at k=4  [0s]
      N_k/S'_k/ratio: k1:12/7/0.70 k2:6/3/0.60 k3:2/1/0.40 k4:2/1/0.80
n= 6 c=2: S_0=37 (log2 5.21, fit 5.42)  deepest=3 (0.83n+3.3=8.3, need=8)  max S'_k 2^k/S_0 = 0.65 at k=1  [0s]
      N_k/S'_k/ratio: k1:22/12/0.65 k2:6/4/0.43 k3:3/1/0.22
n= 6 c=3: S_0=37 (log2 5.21, fit 5.42)  deepest=3 (0.83n+3.3=8.3, need=8)  max S'_k 2^k/S_0 = 0.86 at k=1  [0s]
      N_k/S'_k/ratio: k1:28/16/0.86 k2:12/8/0.86 k3:4/3/0.65
n= 7 c=2: S_0=69 (log2 6.11, fit 6.24)  deepest=4 (0.83n+3.3=9.1, need=9)  max S'_k 2^k/S_0 = 0.67 at k=1  [0s]
      N_k/S'_k/ratio: k1:41/23/0.67 k2:17/8/0.46 k3:9/4/0.46 k4:5/2/0.46
n= 7 c=3: S_0=69 (log2 6.11, fit 6.24)  deepest=4 (0.83n+3.3=9.1, need=9)  max S'_k 2^k/S_0 = 1.16 at k=4  [0s]
      N_k/S'_k/ratio: k1:58/28/0.81 k2:20/10/0.58 k3:14/7/0.81 k4:10/5/1.16
n= 8 c=2: S_0=123 (log2 6.94, fit 7.06)  deepest=3 (0.83n+3.3=9.9, need=10)  max S'_k 2^k/S_0 = 0.65 at k=1  [0s]
      N_k/S'_k/ratio: k1:87/40/0.65 k2:44/19/0.62 k3:9/2/0.13
n= 8 c=3: S_0=123 (log2 6.94, fit 7.06)  deepest=6 (0.83n+3.3=9.9, need=10)  max S'_k 2^k/S_0 = 0.81 at k=2  [0s]
      N_k/S'_k/ratio: k1:97/48/0.78 k2:49/25/0.81 k3:17/8/0.52 k4:7/4/0.52 k5:4/2/0.52 k6:3/1/0.52
n= 9 c=2: S_0=219 (log2 7.77, fit 7.88)  deepest=4 (0.83n+3.3=10.8, need=11)  max S'_k 2^k/S_0 = 0.60 at k=1  [0s]
      N_k/S'_k/ratio: k1:162/66/0.60 k2:57/24/0.44 k3:17/7/0.26 k4:4/2/0.15
n= 9 c=3: S_0=219 (log2 7.77, fit 7.88)  deepest=8 (0.83n+3.3=10.8, need=11)  max S'_k 2^k/S_0 = 1.17 at k=8  [0s]
      N_k/S'_k/ratio: k1:214/93/0.85 k2:112/45/0.82 k3:53/19/0.69 k4:23/8/0.58 k5:6/1/0.15 k6:6/1/0.29 k7:6/1/0.58 k8:6/1/1.17
n=10 c=2: S_0=391 (log2 8.61, fit 8.70)  deepest=5 (0.83n+3.3=11.6, need=12)  max S'_k 2^k/S_0 = 0.73 at k=1  [0s]
      N_k/S'_k/ratio: k1:396/142/0.73 k2:177/61/0.62 k3:62/21/0.43 k4:26/7/0.29 k5:6/2/0.16
n=10 c=3: S_0=391 (log2 8.61, fit 8.70)  deepest=7 (0.83n+3.3=11.6, need=12)  max S'_k 2^k/S_0 = 0.98 at k=6  [0s]
      N_k/S'_k/ratio: k1:385/156/0.80 k2:159/67/0.69 k3:62/26/0.53 k4:22/10/0.41 k5:14/7/0.57 k6:12/6/0.98 k7:4/2/0.65
n=11 c=2: S_0=701 (log2 9.45, fit 9.52)  deepest=6 (0.83n+3.3=12.4, need=13)  max S'_k 2^k/S_0 = 0.70 at k=1  [0s]
      N_k/S'_k/ratio: k1:728/244/0.70 k2:285/91/0.52 k3:93/33/0.38 k4:36/11/0.25 k5:9/4/0.18 k6:4/1/0.09
n=11 c=3: S_0=701 (log2 9.45, fit 9.52)  deepest=7 (0.83n+3.3=12.4, need=13)  max S'_k 2^k/S_0 = 0.78 at k=1  [0s]
      N_k/S'_k/ratio: k1:805/274/0.78 k2:325/112/0.64 k3:157/54/0.62 k4:79/27/0.62 k5:32/11/0.50 k6:14/5/0.46 k7:12/4/0.73
n=12 c=2: S_0=1257 (log2 10.30, fit 10.34)  deepest=9 (0.83n+3.3=13.3, need=14)  max S'_k 2^k/S_0 = 0.77 at k=1  [0s]
      N_k/S'_k/ratio: k1:1607/484/0.77 k2:752/203/0.65 k3:278/80/0.51 k4:119/33/0.42 k5:33/12/0.31 k6:14/5/0.25 k7:6/2/0.20 k8:2/1/0.20 k9:2/1/0.41
n=12 c=3: S_0=1257 (log2 10.30, fit 10.34)  deepest=8 (0.83n+3.3=13.3, need=14)  max S'_k 2^k/S_0 = 0.75 at k=1  [0s]
      N_k/S'_k/ratio: k1:1487/471/0.75 k2:721/223/0.71 k3:226/79/0.50 k4:87/32/0.41 k5:44/15/0.38 k6:5/2/0.10 k7:1/1/0.10 k8:1/1/0.20
n=13 c=2: S_0=2255 (log2 11.14, fit 11.16)  deepest=7 (0.83n+3.3=14.1, need=15)  max S'_k 2^k/S_0 = 0.75 at k=1  [0s]
      N_k/S'_k/ratio: k1:3068/851/0.75 k2:1146/343/0.61 k3:489/148/0.53 k4:171/53/0.38 k5:81/25/0.35 k6:27/8/0.23 k7:12/2/0.11
n=13 c=3: S_0=2255 (log2 11.14, fit 11.16)  deepest=9 (0.83n+3.3=14.1, need=15)  max S'_k 2^k/S_0 = 0.75 at k=1  [0s]
      N_k/S'_k/ratio: k1:3094/848/0.75 k2:1266/358/0.64 k3:503/136/0.48 k4:176/56/0.40 k5:70/23/0.33 k6:20/7/0.20 k7:9/3/0.17 k8:3/1/0.11 k9:3/1/0.23
n=14 c=2: S_0=4009 (log2 11.97, fit 11.99)  deepest=10 (0.83n+3.3=14.9, need=16)  max S'_k 2^k/S_0 = 0.75 at k=1  [1s]
      N_k/S'_k/ratio: k1:6145/1501/0.75 k2:2685/649/0.65 k3:1099/264/0.53 k4:386/96/0.38 k5:134/35/0.28 k6:57/17/0.27 k7:21/5/0.16 k8:6/2/0.13 k9:4/1/0.13 k10:4/1/0.26
n=14 c=3: S_0=4009 (log2 11.97, fit 11.99)  deepest=8 (0.83n+3.3=14.9, need=16)  max S'_k 2^k/S_0 = 0.75 at k=1  [1s]
      N_k/S'_k/ratio: k1:6145/1505/0.75 k2:2684/649/0.65 k3:1072/263/0.52 k4:407/98/0.39 k5:145/33/0.26 k6:42/11/0.18 k7:25/7/0.22 k8:8/3/0.19
n=15 c=2: S_0=7115 (log2 12.80, fit 12.81)  deepest=9 (0.83n+3.3=15.8, need=17)  max S'_k 2^k/S_0 = 0.74 at k=1  [1s]
      N_k/S'_k/ratio: k1:12134/2650/0.74 k2:4829/1064/0.60 k3:1680/370/0.42 k4:727/154/0.35 k5:272/51/0.23 k6:92/22/0.20 k7:43/13/0.23 k8:18/4/0.14 k9:10/3/0.22
n=15 c=3: S_0=7115 (log2 12.80, fit 12.81)  deepest=8 (0.83n+3.3=15.8, need=17)  max S'_k 2^k/S_0 = 0.76 at k=1  [1s]
      N_k/S'_k/ratio: k1:12533/2697/0.76 k2:5054/1122/0.63 k3:2065/445/0.50 k4:818/181/0.41 k5:333/78/0.35 k6:142/34/0.31 k7:30/10/0.18 k8:9/3/0.11
n=16 c=2: S_0=12647 (log2 13.63, fit 13.63)  deepest=10 (0.83n+3.3=16.6, need=18)  max S'_k 2^k/S_0 = 0.75 at k=1  [3s]
      N_k/S'_k/ratio: k1:24540/4744/0.75 k2:10598/1999/0.63 k3:4332/794/0.50 k4:2017/359/0.45 k5:765/154/0.39 k6:255/51/0.26 k7:124/24/0.24 k8:35/6/0.12 k9:11/3/0.12 k10:3/1/0.08
n=16 c=3: S_0=12647 (log2 13.63, fit 13.63)  deepest=10 (0.83n+3.3=16.6, need=18)  max S'_k 2^k/S_0 = 0.76 at k=1  [3s]
      N_k/S'_k/ratio: k1:24909/4779/0.76 k2:10412/2016/0.64 k3:3977/779/0.49 k4:1698/327/0.41 k5:625/129/0.33 k6:234/51/0.26 k7:99/19/0.19 k8:54/8/0.16 k9:28/5/0.20 k10:18/2/0.16
n=17 c=2: S_0=22437 (log2 14.45, fit 14.45)  deepest=11 (0.83n+3.3=17.4, need=19)  max S'_k 2^k/S_0 = 0.76 at k=1  [5s]
      N_k/S'_k/ratio: k1:49654/8471/0.76 k2:20867/3550/0.63 k3:8447/1437/0.51 k4:3519/604/0.43 k5:1468/242/0.35 k6:655/109/0.31 k7:224/47/0.27 k8:66/17/0.19 k9:23/8/0.18 k10:13/3/0.14 k11:10/1/0.09
n=17 c=3: S_0=22437 (log2 14.45, fit 14.45)  deepest=10 (0.83n+3.3=17.4, need=19)  max S'_k 2^k/S_0 = 0.74 at k=1  [5s]
      N_k/S'_k/ratio: k1:48952/8350/0.74 k2:20763/3526/0.63 k3:8158/1406/0.50 k4:3065/547/0.39 k5:1219/212/0.30 k6:498/87/0.25 k7:158/30/0.17 k8:69/11/0.13 k9:20/4/0.09 k10:6/1/0.05
n=18 c=2: S_0=39728 (log2 15.28, fit 15.27)  deepest=12 (0.83n+3.3=18.2, need=20)  max S'_k 2^k/S_0 = 0.74 at k=1  [10s]
      N_k/S'_k/ratio: k1:97586/14775/0.74 k2:41267/6229/0.63 k3:16374/2495/0.50 k4:6780/1033/0.42 k5:2805/435/0.35 k6:1229/172/0.28 k7:606/81/0.26 k8:249/34/0.22 k9:94/14/0.18 k10:34/6/0.15 k11:32/5/0.26 k12:16/2/0.21
n=18 c=3: S_0=39728 (log2 15.28, fit 15.27)  deepest=11 (0.83n+3.3=18.2, need=20)  max S'_k 2^k/S_0 = 0.76 at k=1  [10s]
      N_k/S'_k/ratio: k1:99182/15039/0.76 k2:41022/6286/0.63 k3:17357/2584/0.52 k4:6772/1032/0.42 k5:2604/412/0.33 k6:1063/171/0.28 k7:444/74/0.24 k8:195/34/0.22 k9:93/15/0.19 k10:26/3/0.08 k11:12/1/0.05
n=19 c=2: S_0=70204 (log2 16.10, fit 16.09)  deepest=11 (0.83n+3.3=19.1, need=21)  max S'_k 2^k/S_0 = 0.75 at k=1  [20s]
      N_k/S'_k/ratio: k1:195767/26233/0.75 k2:81225/10848/0.62 k3:32123/4272/0.49 k4:13658/1813/0.41 k5:6013/786/0.36 k6:2474/318/0.29 k7:837/114/0.21 k8:334/49/0.18 k9:173/27/0.20 k10:42/9/0.13 k11:8/2/0.06
n=19 c=3: S_0=70204 (log2 16.10, fit 16.09)  deepest=13 (0.83n+3.3=19.1, need=21)  max S'_k 2^k/S_0 = 0.75 at k=1  [20s]
      N_k/S'_k/ratio: k1:197717/26398/0.75 k2:81517/10926/0.62 k3:33106/4521/0.52 k4:13526/1841/0.42 k5:5575/746/0.34 k6:2213/311/0.28 k7:891/113/0.21 k8:389/51/0.19 k9:97/13/0.09 k10:42/4/0.06 k11:6/1/0.03 k12:6/1/0.06 k13:6/1/0.12
n=20 c=2: S_0=123979 (log2 16.92, fit 16.91)  deepest=11 (0.83n+3.3=19.9, need=22)  max S'_k 2^k/S_0 = 0.75 at k=1  [47s]
      N_k/S'_k/ratio: k1:392181/46419/0.75 k2:165155/19427/0.63 k3:67462/7946/0.51 k4:28034/3268/0.42 k5:11141/1308/0.34 k6:4534/529/0.27 k7:1917/216/0.22 k8:905/105/0.22 k9:267/30/0.12 k10:88/12/0.10 k11:20/3/0.05
n=20 c=3: S_0=123979 (log2 16.92, fit 16.91)  deepest=14 (0.83n+3.3=19.9, need=22)  max S'_k 2^k/S_0 = 0.75 at k=1  [49s]
      N_k/S'_k/ratio: k1:395031/46572/0.75 k2:164854/19360/0.62 k3:66542/7849/0.51 k4:27226/3206/0.41 k5:11150/1270/0.33 k6:4609/514/0.27 k7:2037/211/0.22 k8:761/87/0.18 k9:266/35/0.14 k10:111/16/0.13 k11:67/9/0.15 k12:47/6/0.20 k13:12/1/0.07 k14:12/1/0.13
bound S'_k <= 4 S_0 2^-k: max ratio 4.57 at (n,c,k)=(3, 3, 4) -> VIOLATED
bound S'_k <= 8 S_0 2^-k: max ratio 4.57 at (n,c,k)=(3, 3, 4) -> HELD
