===== n=15: max constant prefix k=15 (Psi_0..Psi_15 equal), 18 sources
distinct Q among survivors: 1
  Q=12211111122111211 x18
distinct Psi among survivors: 1
  Psi=11111111111111110 x18
common source suffix length 10: 2211212112
sources:
  111122211212112
  111212211212112
  112212211212112
  112222211212112
  121122211212112
  121212211212112
  121222211212112
  122212211212112
  122222211212112
  211122211212112
  211212211212112
  212212211212112
  212222211212112
  221122211212112
  221212211212112
  221222211212112
  222212211212112
  222222211212112

full endpoint (first survivor) = 11112221121211212211111122111211  length 32
death column u*=31, death cell T[31][15] = 2  (E=0)
row at depth n=15 across columns u=n..31: 33333333333333332

columns (u across, d down); '.' = outside triangle
d\u  13 14 15 16 17 18 19 20 21 22 23 24 25 26 27 28 29 30 31
 -32  .  .  .  .  .  .  .  .  .  .  .  .  .  .  .  .  .  .  1
 -31  .  .  .  .  .  .  .  .  .  .  .  .  .  .  .  .  .  1  2
 -30  .  .  .  .  .  .  .  .  .  .  .  .  .  .  .  .  2  2  1
 -29  .  .  .  .  .  .  .  .  .  .  .  .  .  .  .  1  1  0  2
 -28  .  .  .  .  .  .  .  .  .  .  .  .  .  .  1  2  2  3  3
 -27  .  .  .  .  .  .  .  .  .  .  .  .  .  1  2  1  0  1  0
 -26  .  .  .  .  .  .  .  .  .  .  .  .  2  2  1  2  3  1  3
 -25  .  .  .  .  .  .  .  .  .  .  .  2  1  0  2  1  1  2  0
 -24  .  .  .  .  .  .  .  .  .  .  1  1  2  3  3  2  2  1  3
 -23  .  .  .  .  .  .  .  .  .  1  2  2  1  1  0  1  0  2  0
 -22  .  .  .  .  .  .  .  .  1  2  1  0  2  2  3  1  3  3  3
 -21  .  .  .  .  .  .  .  1  2  1  2  3  3  0  1  2  0  0  0
 -20  .  .  .  .  .  .  1  2  1  2  1  1  0  3  1  1  3  0  0
 -19  .  .  .  .  .  1  2  1  2  1  2  2  3  2  2  2  0  3  0
 -18  .  .  .  .  2  2  1  2  1  2  1  0  1  1  0  0  3  2  3
 -17  .  .  .  2  1  0  2  1  2  1  2  3  1  2  3  0  2  1  1
 -16  .  .  1  1  2  3  3  2  1  2  1  1  2  1  1  3  3  2  2
 -15  .  2  2  2  1  1  0  1  2  1  2  2  1  2  2  0  0  1  0
 -14  1  1  0  0  2  2  3  1  1  2  1  0  2  1  0  3  0  1  3
 -13  2  2  3  0  3  0  1  2  2  1  2  3  3  2  3  2  3  1  0
 -12  1  0  1  3  2  3  1  1  0  2  1  1  0  1  1  1  1  2  3
 -11  2  3  1  0  1  1  2  2  3  3  2  2  3  1  2  2  2  1  1
 -10  3  1  2  3  1  2  1  0  1  0  1  0  1  2  1  0  0  2  2
  -9  0  2  1  1  2  1  2  3  1  3  1  3  1  1  2  3  0  3  0
  -8  3  3  2  2  1  2  1  1  2  0  2  0  2  2  1  1  3  2  3
  -7  0  0  1  0  2  1  2  2  1  3  3  3  3  0  2  2  0  1  1
  -6  3  0  1  3  3  2  1  0  2  0  0  0  0  3  3  0  3  1  2
  -5  1  3  1  0  0  1  2  3  3  3  0  0  0  2  0  3  2  2  1
  -4  2  0  2  3  0  1  1  1  0  0  3  0  0  3  3  2  1  0  2
  -3  3  3  3  1  3  1  2  2  3  0  2  3  0  2  0  1  2  3  3
  -2  0  0  0  2  0  2  1  0  1  3  3  1  3  3  3  1  1  1  0
  -1  3  0  0  3  3  3  2  3  1  0  0  2  0  0  0  2  2  2  3
   0  0  3  0  2  0  0  1  1  2  3  0  3  3  0  0  3  0  0  1
   1  3  2  3  3  3  0  1  2  1  1  3  2  0  3  0  2  3  0  1
   2  0  1  1  0  0  3  1  1  2  2  0  1  3  2  3  3  1  3  1
   3  0  1  2  3  0  2  2  2  1  0  3  1  0  1  1  0  2  0  2
   4  0  1  1  1  3  3  0  0  2  3  2  2  3  1  2  3  3  3  3
   5  0  1  2  2  0  0  3  0  3  1  1  0  1  2  1  1  0  0  0
   6  0  1  1  0  3  0  2  3  2  2  2  3  1  1  2  2  3  0  0
   7  3  1  2  3  2  3  3  1  1  0  0  1  2  2  1  0  1  3  0
   8  2  2  1  1  1  1  0  2  2  3  0  1  1  0  2  3  1  0  3
   9  1  0  2  2  2  2  3  3  0  1  3  1  2  3  3  1  2  3  2
  10  1  3  3  0  0  0  1  0  3  1  0  2  1  1  0  2  1  1  1
  11  2  0  0  3  0  0  1  3  2  2  3  3  2  2  3  3  2  2  2
  12  3  3  0  2  3  0  1  0  1  0  1  0  1  0  1  0  1  0  0
  13  0  0  3  3  1  3  1  3  1  3  1  3  1  3  1  3  1  3  0
  14  .  0  2  0  2  0  2  0  2  0  2  0  2  0  2  0  2  0  3
  15  .  .  3  3  3  3  3  3  3  3  3  3  3  3  3  3  3  3  2
  16  .  .  .  0  0  0  0  0  0  0  0  0  0  0  0  0  0  0  1
  17  .  .  .  .  0  0  0  0  0  0  0  0  0  0  0  0  0  0  1

death column and previous column across all survivors (depths -u*-1..n):
distinct column u*-1 words: 1; distinct death-column words: 1

Moore trajectory of column u=30 (reads column 29 letters (a,b)); state (h,F) at depth d, cell:
  d   -30-29-28-27-26-25-24-23-22-21-20-19-18-17-16-15-14-13-12-11-10 -9 -8 -7 -6 -5 -4 -3 -2 -1  0  1  2  3  4  5  6  7  8  9 10 11 12 13 14 15
  ab   01 00 01 11 00 00 01 11 00 11 00 11 00 01 00 11 11 00 00 01 11 11 00 11 00 01 00 01 00 01 11 00 00 01 00 11 00 00 00 01 00 01 00 00 01 --
  hF   10 01 11 00 00 10 00 10 11 01 01 11 10 00 10 00 00 00 10 00 10 11 10 00 00 10 01 11 00 10 01 01 11 01 11 01 01 11 01 11 00 10 01 11 01 11
  T     2  0  3  1  1  2  1  2  3  0  0  3  2  1  2  1  1  1  2  1  2  3  2  1  1  2  0  3  1  2  0  0  3  0  3  0  0  3  0  3  1  2  0  3  0  3

Moore trajectory of column u=31 (reads column 30 letters (a,b)); state (h,F) at depth d, cell:
  d   -31-30-29-28-27-26-25-24-23-22-21-20-19-18-17-16-15-14-13-12-11-10 -9 -8 -7 -6 -5 -4 -3 -2 -1  0  1  2  3  4  5  6  7  8  9 10 11 12 13 14 15
  ab   00 01 11 00 00 00 01 00 01 00 11 11 00 01 00 01 00 00 00 01 00 01 00 01 00 00 01 11 00 00 01 11 11 00 11 00 11 11 00 11 00 00 01 11 00 11 --
  hF   10 00 10 11 01 11 01 11 01 11 01 01 01 11 00 10 01 11 01 11 00 10 01 11 00 10 00 10 11 01 11 00 00 00 10 11 01 01 01 11 10 00 10 01 01 11 10
  T     2  1  2  3  0  3  0  3  0  3  0  0  0  3  1  2  0  3  0  3  1  2  0  3  1  2  1  2  3  0  3  1  1  1  2  3  0  0  0  3  2  1  2  0  0  3  2

===== n=16: max constant prefix k=13 (Psi_0..Psi_13 equal), 20 sources
distinct Q among survivors: 3
  Q=212222221112221112 x4
  Q=211221121221222221 x4
  Q=211111122111211122 x12
distinct Psi among survivors: 3
  Psi=000000000000001110 x4
  Psi=000000000000001101 x4
  Psi=111111111111110110 x12
common source suffix length 0: 
sources:
  1111111112121111
  1111112211121121
  1112221121211212
  1121221121211212
  1122221121211212
  1211111112121111
  1211112211121121
  1212221121211212
  1221221121211212
  1222221121211212
  2111111112121111
  2111112211121121
  2112221121211212
  2121221121211212
  2122221121211212
  2211111112121111
  2211112211121121
  2212221121211212
  2221221121211212
  2222221121211212

full endpoint (first survivor) = 1111111112121111212222221112221112  length 34
death column u*=30, death cell T[30][16] = 3  (E=1)
row at depth n=16 across columns u=n..33: 222222222222223332

columns (u across, d down); '.' = outside triangle
d\u  14 15 16 17 18 19 20 21 22 23 24 25 26 27 28 29 30 31 32 33
 -34  .  .  .  .  .  .  .  .  .  .  .  .  .  .  .  .  .  .  .  2
 -33  .  .  .  .  .  .  .  .  .  .  .  .  .  .  .  .  .  .  1  1
 -32  .  .  .  .  .  .  .  .  .  .  .  .  .  .  .  .  .  1  2  2
 -31  .  .  .  .  .  .  .  .  .  .  .  .  .  .  .  .  1  2  1  0
 -30  .  .  .  .  .  .  .  .  .  .  .  .  .  .  .  2  2  1  2  3
 -29  .  .  .  .  .  .  .  .  .  .  .  .  .  .  2  1  0  2  1  1
 -28  .  .  .  .  .  .  .  .  .  .  .  .  .  2  1  2  3  3  2  2
 -27  .  .  .  .  .  .  .  .  .  .  .  .  1  1  2  1  1  0  1  0
 -26  .  .  .  .  .  .  .  .  .  .  .  1  2  2  1  2  2  3  1  3
 -25  .  .  .  .  .  .  .  .  .  .  1  2  1  0  2  1  0  1  2  0
 -24  .  .  .  .  .  .  .  .  .  2  2  1  2  3  3  2  3  1  1  3
 -23  .  .  .  .  .  .  .  .  2  1  0  2  1  1  0  1  1  2  2  0
 -22  .  .  .  .  .  .  .  2  1  2  3  3  2  2  3  1  2  1  0  3
 -21  .  .  .  .  .  .  2  1  2  1  1  0  1  0  1  2  1  2  3  2
 -20  .  .  .  .  .  2  1  2  1  2  2  3  1  3  1  1  2  1  1  1
 -19  .  .  .  .  2  1  2  1  2  1  0  1  2  0  2  2  1  2  2  2
 -18  .  .  .  1  1  2  1  2  1  2  3  1  1  3  3  0  2  1  0  0
 -17  .  .  2  2  2  1  2  1  2  1  1  2  2  0  0  3  3  2  3  0
 -16  .  1  1  0  0  2  1  2  1  2  2  1  0  3  0  2  0  1  1  3
 -15  1  2  2  3  0  3  2  1  2  1  0  2  3  2  3  3  3  1  2  0
 -14  2  1  0  1  3  2  1  2  1  2  3  3  1  1  1  0  0  2  1  3
 -13  1  2  3  1  0  1  2  1  2  1  1  0  2  2  2  3  0  3  2  0
 -12  2  1  1  2  3  1  1  2  1  2  2  3  3  0  0  1  3  2  1  3
 -11  1  2  2  1  1  2  2  1  2  1  0  1  0  3  0  1  0  1  2  0
 -10  2  1  0  2  2  1  0  2  1  2  3  1  3  2  3  1  3  1  1  3
  -9  1  2  3  3  0  2  3  3  2  1  1  2  0  1  1  2  0  2  2  0
  -8  1  1  1  0  3  3  1  0  1  2  2  1  3  1  2  1  3  3  0  3
  -7  2  2  2  3  2  0  2  3  1  1  0  2  0  2  1  2  0  0  3  2
  -6  3  0  0  1  1  3  3  1  2  2  3  3  3  3  2  1  3  0  2  1
  -5  0  3  0  1  2  0  0  2  1  0  1  0  0  0  1  2  0  3  3  2
  -4  3  2  3  1  1  3  0  3  2  3  1  3  0  0  1  1  3  2  0  1
  -3  1  1  1  2  2  0  3  2  1  1  2  0  3  0  1  2  0  1  3  1
  -2  2  2  2  1  0  3  2  1  2  2  1  3  2  3  1  1  3  1  0  2
  -1  3  0  0  2  3  2  1  2  1  0  2  0  1  1  2  2  0  2  3  3
   0  0  3  0  3  1  1  2  1  2  3  3  3  1  2  1  0  3  3  1  0
   1  0  2  3  2  2  2  1  2  1  1  0  0  2  1  2  3  2  0  2  3
   2  3  3  1  1  0  0  2  1  2  2  3  0  3  2  1  1  1  3  3  1
   3  1  0  2  2  3  0  3  2  1  0  1  3  2  1  2  2  2  0  0  2
   4  2  3  3  0  1  3  2  1  2  3  1  0  1  2  1  0  0  3  0  3
   5  0  1  0  3  1  0  1  2  1  1  2  3  1  1  2  3  0  2  3  2
   6  0  1  3  2  2  3  1  1  2  2  1  1  2  2  1  1  3  3  1  1
   7  0  1  0  1  0  1  2  2  1  0  2  2  1  0  2  2  0  0  2  2
   8  3  1  3  1  3  1  1  0  2  3  3  0  2  3  3  0  3  0  3  0
   9  2  2  0  2  0  2  2  3  3  1  0  3  3  1  0  3  2  3  2  3
  10  1  0  3  3  3  3  0  1  0  2  3  2  0  2  3  2  1  1  1  1
  11  1  3  2  0  0  0  3  1  3  3  1  1  3  3  1  1  2  2  2  2
  12  2  0  1  3  0  0  2  2  0  0  2  2  0  0  2  2  1  0  0  0
  13  3  3  1  0  3  0  3  0  3  0  3  0  3  0  3  0  2  3  0  0
  14  0  0  2  3  2  3  2  3  2  3  2  3  2  3  2  3  3  1  3  0
  15  .  0  3  1  1  1  1  1  1  1  1  1  1  1  1  1  0  2  0  3
  16  .  .  2  2  2  2  2  2  2  2  2  2  2  2  2  2  3  3  3  2
  17  .  .  .  0  0  0  0  0  0  0  0  0  0  0  0  0  1  0  0  1
  18  .  .  .  .  0  0  0  0  0  0  0  0  0  0  0  0  1  3  0  1

death column and previous column across all survivors (depths -u*-1..n):
distinct column u*-1 words: 3; distinct death-column words: 3
death columns agree from d=n upward until index 47 -> depth d=16

Moore trajectory of column u=29 (reads column 28 letters (a,b)); state (h,F) at depth d, cell:
  d   -29-28-27-26-25-24-23-22-21-20-19-18-17-16-15-14-13-12-11-10 -9 -8 -7 -6 -5 -4 -3 -2 -1  0  1  2  3  4  5  6  7  8  9 10 11 12 13 14 15 16
  ab   01 00 01 00 01 00 11 00 00 00 01 00 11 11 00 00 01 11 11 00 00 01 00 01 00 00 00 00 01 00 01 00 01 00 01 00 01 00 11 00 00 01 00 01 00 --
  hF   00 10 00 10 00 10 00 00 10 00 10 01 11 10 11 01 11 00 00 00 10 00 10 00 10 00 10 00 10 01 11 00 10 01 11 00 10 01 11 10 00 10 01 11 00 10
  T     1  2  1  2  1  2  1  1  2  1  2  0  3  2  3  0  3  1  1  1  2  1  2  1  2  1  2  1  2  0  3  1  2  0  3  1  2  0  3  2  1  2  0  3  1  2

Moore trajectory of column u=30 (reads column 29 letters (a,b)); state (h,F) at depth d, cell:
  d   -30-29-28-27-26-25-24-23-22-21-20-19-18-17-16-15-14-13-12-11-10 -9 -8 -7 -6 -5 -4 -3 -2 -1  0  1  2  3  4  5  6  7  8  9 10 11 12 13 14 15 16
  ab   01 00 01 00 01 00 01 00 00 01 00 01 11 00 01 00 11 00 00 00 00 01 00 01 00 01 00 01 00 01 11 00 00 01 11 00 00 01 11 00 01 00 01 11 00 00 --
  hF   10 01 11 00 10 01 11 00 10 00 10 00 10 11 01 11 01 01 11 01 11 01 11 01 11 01 11 01 11 01 11 10 00 10 01 01 11 01 11 10 00 10 00 10 11 01 11
  T     2  0  3  1  2  0  3  1  2  1  2  1  2  3  0  3  0  0  3  0  3  0  3  0  3  0  3  0  3  0  3  2  1  2  0  0  3  0  3  2  1  2  1  2  3  0  3

===== n=18: max constant prefix k=17 (Psi_0..Psi_17 equal), 3 sources
distinct Q among survivors: 1
  Q=22111222222121221112 x3
distinct Psi among survivors: 1
  Psi=11111111111111111100 x3
common source suffix length 16: 2211212112122122
sources:
  122211212112122122
  212211212112122122
  222211212112122122

full endpoint (first survivor) = 12221121211212212222111222222121221112  length 38
death column u*=36, death cell T[36][18] = 2  (E=0)
row at depth n=18 across columns u=n..37: 33333333333333333322

columns (u across, d down); '.' = outside triangle
d\u  16 17 18 19 20 21 22 23 24 25 26 27 28 29 30 31 32 33 34 35 36 37
 -38  .  .  .  .  .  .  .  .  .  .  .  .  .  .  .  .  .  .  .  .  .  2
 -37  .  .  .  .  .  .  .  .  .  .  .  .  .  .  .  .  .  .  .  .  1  1
 -36  .  .  .  .  .  .  .  .  .  .  .  .  .  .  .  .  .  .  .  1  2  2
 -35  .  .  .  .  .  .  .  .  .  .  .  .  .  .  .  .  .  .  1  2  1  0
 -34  .  .  .  .  .  .  .  .  .  .  .  .  .  .  .  .  .  2  2  1  2  3
 -33  .  .  .  .  .  .  .  .  .  .  .  .  .  .  .  .  2  1  0  2  1  1
 -32  .  .  .  .  .  .  .  .  .  .  .  .  .  .  .  1  1  2  3  3  2  2
 -31  .  .  .  .  .  .  .  .  .  .  .  .  .  .  2  2  2  1  1  0  1  0
 -30  .  .  .  .  .  .  .  .  .  .  .  .  .  1  1  0  0  2  2  3  1  3
 -29  .  .  .  .  .  .  .  .  .  .  .  .  2  2  2  3  0  3  0  1  2  0
 -28  .  .  .  .  .  .  .  .  .  .  .  2  1  0  0  1  3  2  3  1  1  3
 -27  .  .  .  .  .  .  .  .  .  .  2  1  2  3  0  1  0  1  1  2  2  0
 -26  .  .  .  .  .  .  .  .  .  2  1  2  1  1  3  1  3  1  2  1  0  3
 -25  .  .  .  .  .  .  .  .  2  1  2  1  2  2  0  2  0  2  1  2  3  2
 -24  .  .  .  .  .  .  .  2  1  2  1  2  1  0  3  3  3  3  2  1  1  1
 -23  .  .  .  .  .  .  1  1  2  1  2  1  2  3  2  0  0  0  1  2  2  2
 -22  .  .  .  .  .  1  2  2  1  2  1  2  1  1  1  3  0  0  1  1  0  0
 -21  .  .  .  .  1  2  1  0  2  1  2  1  2  2  2  0  3  0  1  2  3  0
 -20  .  .  .  2  2  1  2  3  3  2  1  2  1  0  0  3  2  3  1  1  1  3
 -19  .  .  2  1  0  2  1  1  0  1  2  1  2  3  0  2  1  1  2  2  2  0
 -18  .  2  1  2  3  3  2  2  3  1  1  2  1  1  3  3  2  2  1  0  0  3
 -17  2  1  2  1  1  0  1  0  1  2  2  1  2  2  0  0  1  0  2  3  0  2
 -16  1  2  1  2  2  3  1  3  1  1  0  2  1  0  3  0  1  3  3  1  3  3
 -15  2  1  2  1  0  1  2  0  2  2  3  3  2  3  2  3  1  0  0  2  0  0
 -14  0  2  1  2  3  1  1  3  3  0  1  0  1  1  1  1  2  3  0  3  3  0
 -13  0  3  2  1  1  2  2  0  0  3  1  3  1  2  2  2  1  1  3  2  0  3
 -12  3  2  1  2  2  1  0  3  0  2  2  0  2  1  0  0  2  2  0  1  3  2
 -11  0  1  2  1  0  2  3  2  3  3  0  3  3  2  3  0  3  0  3  1  0  1
 -10  3  1  1  2  3  3  1  1  1  0  3  2  0  1  1  3  2  3  2  2  3  1
  -9  2  2  2  1  1  0  2  2  2  3  2  1  3  1  2  0  1  1  1  0  1  2
  -8  1  0  0  2  2  3  3  0  0  1  1  2  0  2  1  3  1  2  2  3  1  1
  -7  2  3  0  3  0  1  0  3  0  1  2  1  3  3  2  0  2  1  0  1  2  2
  -6  0  1  3  2  3  1  3  2  3  1  1  2  0  0  1  3  3  2  3  1  1  0
  -5  3  1  0  1  1  2  0  1  1  2  2  1  3  0  1  0  0  1  1  2  2  3
  -4  1  2  3  1  2  1  3  1  2  1  0  2  0  3  1  3  0  1  2  1  0  1
  -3  2  1  1  2  1  2  0  2  1  2  3  3  3  2  2  0  3  1  1  2  3  1
  -2  0  2  2  1  2  1  3  3  2  1  1  0  0  1  0  3  2  2  2  1  1  2
  -1  3  3  0  2  1  2  0  0  1  2  2  3  0  1  3  2  1  0  0  2  2  1
   0  0  0  3  3  2  1  3  0  1  1  0  1  3  1  0  1  2  3  0  3  0  2
   1  3  0  2  0  1  2  0  3  1  2  3  1  0  2  3  1  1  1  3  2  3  3
   2  1  3  3  3  1  1  3  2  2  1  1  2  3  3  1  2  2  2  0  1  1  0
   3  2  0  0  0  2  2  0  1  0  2  2  1  1  0  2  1  0  0  3  1  2  3
   4  3  3  0  0  3  0  3  1  3  3  0  2  2  3  3  2  3  0  2  2  1  1
   5  2  0  3  0  2  3  2  2  0  0  3  3  0  1  0  1  1  3  3  0  2  2
   6  1  3  2  3  3  1  1  0  3  0  2  0  3  1  3  1  2  0  0  3  3  0
   7  2  0  1  1  0  2  2  3  2  3  3  3  2  2  0  2  1  3  0  2  0  3
   8  1  3  1  2  3  3  0  1  1  1  0  0  1  0  3  3  2  0  3  3  3  2
   9  1  0  2  1  1  0  3  1  2  2  3  0  1  3  2  0  1  3  2  0  0  1
  10  1  3  3  2  2  3  2  2  1  0  1  3  1  0  1  3  1  0  1  3  0  1
  11  2  0  0  1  0  1  1  0  2  3  1  0  2  3  1  0  2  3  1  0  3  1
  12  1  3  0  1  3  1  2  3  3  1  2  3  3  1  2  3  3  1  2  3  2  2
  13  2  0  3  1  0  2  1  1  0  2  1  1  0  2  1  1  0  2  1  1  1  0
  14  3  3  2  2  3  3  2  2  3  3  2  2  3  3  2  2  3  3  2  2  2  3
  15  2  0  1  0  1  0  1  0  1  0  1  0  1  0  1  0  1  0  1  0  0  1
  16  3  3  1  3  1  3  1  3  1  3  1  3  1  3  1  3  1  3  1  3  0  1
  17  .  0  2  0  2  0  2  0  2  0  2  0  2  0  2  0  2  0  2  0  3  1
  18  .  .  3  3  3  3  3  3  3  3  3  3  3  3  3  3  3  3  3  3  2  2
  19  .  .  .  0  0  0  0  0  0  0  0  0  0  0  0  0  0  0  0  0  1  0
  20  .  .  .  .  0  0  0  0  0  0  0  0  0  0  0  0  0  0  0  0  1  3

death column and previous column across all survivors (depths -u*-1..n):
distinct column u*-1 words: 1; distinct death-column words: 1

Moore trajectory of column u=35 (reads column 34 letters (a,b)); state (h,F) at depth d, cell:
  d   -35-34-33-32-31-30-29-28-27-26-25-24-23-22-21-20-19-18-17-16-15-14-13-12-11-10 -9 -8 -7 -6 -5 -4 -3 -2 -1  0  1  2  3  4  5  6  7  8  9 10 11 12 13 14 15 16 17 18
  ab   00 01 11 00 00 01 11 00 00 01 00 01 00 00 00 00 01 00 01 00 11 11 00 11 00 01 00 01 11 00 00 01 00 01 11 11 00 11 00 01 00 11 11 00 01 00 00 01 00 01 00 00 01 --
  hF   10 00 10 11 01 11 00 00 10 00 10 00 10 00 10 00 10 01 11 00 10 11 10 00 00 10 01 11 00 00 10 00 10 00 10 11 10 00 00 10 01 11 10 11 01 11 01 11 00 10 01 11 01 11
  T     2  1  2  3  0  3  1  1  2  1  2  1  2  1  2  1  2  0  3  1  2  3  2  1  1  2  0  3  1  1  2  1  2  1  2  3  2  1  1  2  0  3  2  3  0  3  0  3  1  2  0  3  0  3

Moore trajectory of column u=36 (reads column 35 letters (a,b)); state (h,F) at depth d, cell:
  d   -36-35-34-33-32-31-30-29-28-27-26-25-24-23-22-21-20-19-18-17-16-15-14-13-12-11-10 -9 -8 -7 -6 -5 -4 -3 -2 -1  0  1  2  3  4  5  6  7  8  9 10 11 12 13 14 15 16 17 18
  ab   00 01 00 01 00 11 00 00 00 01 00 01 00 01 00 01 00 01 11 00 00 01 00 01 00 00 01 11 00 00 00 01 00 01 00 01 00 01 00 00 01 11 00 01 00 11 00 11 00 00 01 11 00 11 --
  hF   10 00 10 00 10 00 00 10 00 10 01 11 00 10 01 11 00 10 01 01 11 01 11 01 11 01 11 00 00 10 00 10 01 11 00 10 01 11 00 10 00 10 11 01 11 01 01 11 10 00 10 01 01 11 10
  T     2  1  2  1  2  1  1  2  1  2  0  3  1  2  0  3  1  2  0  0  3  0  3  0  3  0  3  1  1  2  1  2  0  3  1  2  0  3  1  2  1  2  3  0  3  0  0  3  2  1  2  0  0  3  2

