controls C6-C7: PASS
phase 01 d=16 prune=outputs:
  k=  1: prefixes      2  states   2  distinct A>>d 1  B>>d 1
      x1     A 10  B 1
      x1     A 11  B 0
  k=  2: prefixes      4  states   3  distinct A>>d 1  B>>d 1
      x2     A 1010  B 101
      x1     A 1100  B 010
      x1     A 1101  B 010
  k=  3: prefixes      8  states   6  distinct A>>d 1  B>>d 1
      x2     A 101010  B 10101
      x2     A 110011  B 01010
      x1     A 101000  B 10100
      x1     A 110101  B 01011
      x1     A 101001  B 10101
      x1     A 110101  B 01010
  k=  4: prefixes     16  states  10  distinct A>>d 1  B>>d 1
      x2     A 10101010  B 1010101
      x2     A 11001100  B 0101010
      x2     A 10100010  B 1010010
      x2     A 11010101  B 0101101
      x2     A 10100110  B 1010101
      x2     A 11010101  B 0101010
      x1     A 10101010  B 1010111
      x1     A 11001111  B 0101000
      x1     A 10101010  B 1010110
      x1     A 11001110  B 0101001
  k=  5: prefixes     32  states  17  distinct A>>d 1  B>>d 1
      x3     A 1010101010  B 101010101
      x3     A 1100110011  B 010101010
      x2     A 1010001010  B 101001011
      x2     A 1101010111  B 010110100
      x2     A 1010101011  B 101011100
      x2     A 1100111101  B 010100011
      x2     A 1010011010  B 101010110
      x2     A 1101010110  B 010101001
      x2     A 1101010101  B 010110101
      x2     A 1010101011  B 101011010
      x2     A 1100111010  B 010100101
      x2     A 1010011001  B 101010101
      x2     A 1101010101  B 010101010
      x1     A 1010001010  B 101001010
      x1     A 1010101011  B 101010100
      x1     A 1100110010  B 010101011
      x1     A 1010001011  B 101001010
  k=  6: prefixes     64  states  29  distinct A>>d 1  B>>d 1
      x6     A 101010101010  B 10101010101
      x4     A 101000101010  B 10100101101
      x3     A 110011001100  B 01010101010
      x3     A 110101011101  B 01011010010
      x3     A 110011110101  B 01010001101
      x3     A 110011001101  B 01010101010
      x2     A 101010101100  B 10101110010
      x2     A 101001101010  B 10101011010
      x2     A 110101011010  B 01010100101
      x2     A 101000101010  B 10100101010
      x2     A 110101010110  B 01011010101
      x2     A 101010101101  B 10101101011
      x2     A 110011101011  B 01010010100
      x2     A 101001100101  B 10101010101
      x2     A 110101010100  B 01010101010
      x2     A 101001101001  B 10101011001
      x2     A 110101011010  B 01010100110
      x2     A 101010101101  B 10101010010
      x2     A 110011001010  B 01010101101
      x2     A 101000101100  B 10100101010
      x2     A 110101010101  B 01011010101
      x2     A 101010101110  B 10101101001
      x2     A 110011101010  B 01010010110
      x2     A 101001100110  B 10101010101
      x2     A 110101010101  B 01010101010
      x1     A 101010101101  B 10101110011
      x1     A 110011110100  B 01010001100
      x1     A 110101011100  B 01011010010
      x1     A 101010101101  B 10101110010
  k=  7: prefixes    128  states  54  distinct A>>d 1  B>>d 1
  k=  8: prefixes    256  states  99  distinct A>>d 1  B>>d 1
  k=  9: prefixes    128  states  48  distinct A>>d 2  B>>d 1
  k= 10: prefixes     67  states  27  distinct A>>d 3  B>>d 2
      x6     A 1010101011101001|1000  B 1010110100110010|100
      x6     A 1101010101101001|1000  B 0101101010110010|100
      x4     A 1010001010100011|0100  B 1010010101000101|100
      x4     A 1010011001100011|0100  B 1010101010100101|100
      x3     A 1100110011001111|0100  B 0101010101010001|100
      x3     A 1010101010100110|1000  B 1010101010101010|100
      x3     A 1100111101011101|0000  B 0101000110100110|000
      x3     A 1101010101010101|0000  B 0101101010101010|000
      x2     A 1010101011001111|0100  B 1010111001010001|100
      x2     A 1101010101101010|1000  B 0101101010110101|000
      x2     A 1010011001010001|1000  B 1010101010100010|100
      x2     A 1100110011010101|0100  B 0101010101010110|100
      x2     A 1010101010100101|0100  B 1010101010101111|100
      x2     A 1010011010010110|1000  B 1010101100110011|000
      x2     A 1010001011001010|1000  B 1010010101011101|000
      x2     A 1010101011101010|1000  B 1010110100101110|100
      x2     A 1100110011001110|1000  B 0101010101010010|100
      x2     A 1010101010100110|1000  B 1010101010101011|000
      x2     A 1010011010010111|0100  B 1010101100110001|100
      x2     A 1100111010111001|0100  B 0101001010001010|100
      x2     A 1010011001010010|1000  B 1010101010100101|000
      x2     A 1010011001100110|1000  B 1010101010101011|000
      x2     A 1010101011010011|0000  B 1010110101100101|000
      x2     A 1101010101001010|1000  B 0101010101011101|000
      x1     A 1100111101001010|1000  B 0101000110011110|100
      x1     A 1010011001100011|0000  B 1010101010100101|000
      x1     A 1100111010101111|0100  B 0101001011010001|100
  k= 11: prefixes     38  states  15  distinct A>>d 4  B>>d 4
      x6     A 1101010110101101|010000  B 0101010011010111|01000
      x4     A 1010101011010000|101000  B 1010111001100001|01000
      x3     A 1010001010100010|101000  B 1010010110100101|01000
      x3     A 1010101010101010|110000  B 1010101010101101|01000
      x3     A 1101010101101010|100000  B 0101101010110101|00000
      x3     A 1010011010010110|100000  B 1010101100110011|00000
      x2     A 1010101010100010|101000  B 1010101010100101|01000
      x2     A 1100111010100101|010000  B 0101001011001111|01000
      x2     A 1010101010101010|101000  B 1010101010101101|01000
      x2     A 1100111010111001|010000  B 0101001010001010|10000
      x2     A 1010001010100010|110000  B 1010010110100101|01000
      x2     A 1010001011001011|101000  B 1010010101010100|11000
      x2     A 1010011001100011|010000  B 1010101010100101|10000
      x1     A 1010101011101010|100000  B 1010110100101110|10000
      x1     A 1101010101010010|101000  B 0101101010100101|01000
  k= 12: prefixes     24  states   8  distinct A>>d 5  B>>d 4
      x6     A 1101010101001010|01100000  B 0101010101011010|1010000
      x4     A 1100110011010111|11010000  B 0101010101010000|0110000
      x3     A 1100110011001100|10100000  B 0101010101010101|1010000
      x3     A 1100111010111001|01000000  B 0101001010001010|1000000
      x2     A 1010101010101010|11010000  B 1010101010101110|0110000
      x2     A 1010101010101010|11010000  B 1010101010101010|0110000
      x2     A 1010001011001011|10100000  B 1010010101010100|1100000
      x2     A 1100111101011101|01010000  B 0101000110100110|1010000
  k= 13: prefixes     11  states   3  distinct A>>d 2  B>>d 3
      x6     A 1101010101010101|0101000000  B 0101010101011010|110100000
      x3     A 1010001011001011|1010000000  B 1010010101010100|110000000
      x2     A 1100111101011101|0101000000  B 0101000110100110|101000000
  k= 14: prefixes      9  states   2  distinct A>>d 2  B>>d 2
      x6     A 1010011001100110|100110000000  B 1010101010101011|00101000000
      x3     A 1100111101011101|010100000000  B 0101000110100110|10100000000
  k= 15: prefixes      6  states   1  distinct A>>d 1  B>>d 1  forced tail A 11010100000000
      x6     A 1010101011101010|11010100000000  B 1010110100101101|0111010000000
  k= 16: prefixes      0  states   0  distinct A>>d 0  B>>d 0
  certified at level 16
  window w= 4: quotient states 16, transition collisions 169
  window w= 6: quotient states 30, transition collisions 166
  window w= 8: quotient states 54, transition collisions 155
  window w=10: quotient states 98, transition collisions 163
  window w=12: quotient states 170, transition collisions 181
  window w=16: quotient states 496, transition collisions 55
phase 10 d=16 prune=outputs:
  k=  1: prefixes      2  states   2  distinct A>>d 1  B>>d 1
      x1     A 101  B 10
      x1     A 110  B 01
  k=  2: prefixes      4  states   4  distinct A>>d 1  B>>d 1
      x1     A 10101  B 1010
      x1     A 11001  B 0101
      x1     A 10100  B 1010
      x1     A 11010  B 0101
  k=  3: prefixes      8  states   8  distinct A>>d 1  B>>d 1
      x1     A 1010101  B 101010
      x1     A 1100110  B 010101
      x1     A 1010001  B 101001
      x1     A 1101010  B 010110
      x1     A 1010101  B 101011
      x1     A 1100111  B 010100
      x1     A 1010011  B 101010
      x1     A 1101010  B 010101
  k=  4: prefixes     16  states  13  distinct A>>d 1  B>>d 1
      x2     A 101010101  B 10101010
      x2     A 110011001  B 01010101
      x2     A 101000101  B 10100101
      x1     A 110101011  B 01011010
      x1     A 101010101  B 10101110
      x1     A 110011110  B 01010001
      x1     A 101001101  B 10101011
      x1     A 110101011  B 01010100
      x1     A 110101010  B 01011010
      x1     A 101010101  B 10101101
      x1     A 110011101  B 01010010
      x1     A 101001100  B 10101010
      x1     A 110101010  B 01010101
  k=  5: prefixes     32  states  23  distinct A>>d 1  B>>d 1
      x3     A 10101010101  B 1010101010
      x3     A 11001100110  B 0101010101
      x2     A 10100010101  B 1010010110
      x2     A 11010101110  B 0101101001
      x2     A 10101010110  B 1010111001
      x2     A 11001111010  B 0101000110
      x2     A 11010101010  B 0101010101
      x1     A 10100110101  B 1010101101
      x1     A 11010101101  B 0101010010
      x1     A 10100010101  B 1010010101
      x1     A 11010101011  B 0101101010
      x1     A 10101010110  B 1010110101
      x1     A 11001110101  B 0101001010
      x1     A 10100110010  B 1010101010
      x1     A 10100110100  B 1010101100
      x1     A 11010101101  B 0101010011
      x1     A 10101010110  B 1010101001
      x1     A 11001100101  B 0101010110
      x1     A 10100010110  B 1010010101
      x1     A 11010101010  B 0101101010
      x1     A 10101010111  B 1010110100
      x1     A 11001110101  B 0101001011
      x1     A 10100110011  B 1010101010
  k=  6: prefixes     64  states  39  distinct A>>d 1  B>>d 1
  k=  7: prefixes    128  states  73  distinct A>>d 1  B>>d 1
  k=  8: prefixes    112  states  61  distinct A>>d 1  B>>d 1  forced tail A 0
  k=  9: prefixes     63  states  31  distinct A>>d 2  B>>d 2
      x4     A 1010011001100110|100  B 1010101010101011|00
      x3     A 1010001010100110|100  B 1010010110101011|00
      x3     A 1010101011010001|100  B 1010111001100010|10
      x3     A 1010101011101001|100  B 1010110100110010|10
      x3     A 1101010101010001|100  B 0101101010100010|10
      x3     A 1101010110100110|100  B 0101010010101011|00
      x3     A 1101010101101001|100  B 0101101010110010|10
      x3     A 1010011001010101|000  B 1010101010101101|00
      x3     A 1100111101010101|000  B 0101000110101101|00
      x2     A 1100111010111010|000  B 0101001010001100|00
      x2     A 1010101010100110|100  B 1010101010101010|10
      x2     A 1010001010101010|100  B 1010010110101101|00
      x2     A 1100111101011101|000  B 0101000110100110|00
      x2     A 1100111101001010|100  B 0101000110011110|10
      x2     A 1101010101010101|000  B 0101101010101010|00
      x2     A 1010011001100011|000  B 1010101010100101|00
      x2     A 1101010101101010|100  B 0101101010110101|00
      x2     A 1010011001010001|100  B 1010101010100010|10
      x2     A 1010001011001010|100  B 1010010101011010|10
      x2     A 1010101011101010|100  B 1010110100101110|10
      x2     A 1100110011001110|100  B 0101010101010010|10
      x2     A 1010101010100110|100  B 1010101010101011|00
      x1     A 1010101011010110|100  B 1010110101110011|00
      x1     A 1010011010010110|100  B 1010101100110011|00
      x1     A 1010001011001010|100  B 1010010101011101|00
      x1     A 1101010101010110|100  B 0101101010101011|00
      x1     A 1100110011010111|100  B 0101010101010000|10
      x1     A 1010011001010010|100  B 1010101010100101|00
      x1     A 1101010110100101|100  B 0101010011001100|10
      x1     A 1010101011010011|000  B 1010110101100101|00
      x1     A 1101010101001010|100  B 0101010101011101|00
  k= 10: prefixes     34  states  16  distinct A>>d 4  B>>d 3
      x3     A 1010101010100101|01000  B 1010101010101111|0100
      x3     A 1101010110100101|01000  B 0101010011001111|0100
      x3     A 1101010110101101|01000  B 0101010011010111|0100
      x3     A 1010101011101001|10000  B 1010110100110010|1000
      x3     A 1101010101101001|10000  B 0101101010110010|1000
      x2     A 1101010101010101|00000  B 0101101010101010|0000
      x2     A 1010101010101010|11000  B 1010101010101101|0100
      x2     A 1101010101101010|10000  B 0101101010110101|0000
      x2     A 1010011010010110|10000  B 1010101100110011|0000
      x2     A 1010101011101010|10000  B 1010110100101110|1000
      x2     A 1100111010100101|01000  B 0101001011001111|0100
      x2     A 1100111101011100|11000  B 0101000110100101|0100
      x2     A 1010001010100010|11000  B 1010010110100101|0100
      x1     A 1100111010111001|01000  B 0101001010001010|1000
      x1     A 1101010111010101|01000  B 0101101001010101|0100
      x1     A 1010011001100011|01000  B 1010101010100101|1000
  k= 11: prefixes     19  states   9  distinct A>>d 4  B>>d 5
      x3     A 1100110011001110|0110000  B 0101010101010010|101000
      x3     A 1101010101001010|0110000  B 0101010101011010|101000
      x3     A 1101010110101101|0100000  B 0101010011010111|010000
      x2     A 1010011010010110|1000000  B 1010101100110011|000000
      x2     A 1100110011001100|1010000  B 0101010101010101|101000
      x2     A 1100111010111001|0100000  B 0101001010001010|100000
      x2     A 1101010101101010|1010000  B 0101101010110101|101000
      x1     A 1010001011001011|1010000  B 1010010101010100|110000
      x1     A 1101010110100110|0110000  B 0101010010101010|101000
  k= 12: prefixes     16  states   7  distinct A>>d 5  B>>d 5
      x3     A 1101010111010101|010100000  B 0101101001011010|11010000
      x3     A 1101010101010101|010100000  B 0101010101011010|11010000
      x3     A 1101010101001010|011000000  B 0101010101011010|10100000
      x2     A 1100111010111001|010000000  B 0101001010001010|10000000
      x2     A 1010001011001011|101000000  B 1010010101010100|11000000
      x2     A 1101010110101101|001100000  B 0101010011010110|01010000
      x1     A 1100111101011101|010100000  B 0101000110100110|10100000
  k= 13: prefixes     13  states   5  distinct A>>d 3  B>>d 4
      x3     A 1101010110100110|10011000000  B 0101010010101011|0010100000
      x3     A 1010011001100110|10011000000  B 1010101010101011|0010100000
      x3     A 1101010101010101|01010000000  B 0101010101011010|1101000000
      x2     A 1010001011001011|10100000000  B 1010010101010100|1100000000
      x2     A 1100111101011101|01010000000  B 0101000110100110|1010000000
  k= 14: prefixes      8  states   3  distinct A>>d 3  B>>d 3
      x3     A 1010101011101010|1101010000000  B 1010110100101101|011101000000
      x3     A 1010011001100110|1001100000000  B 1010101010101011|001010000000
      x2     A 1100111101011101|0101000000000  B 0101000110100110|101000000000
  k= 15: prefixes      3  states   1  distinct A>>d 1  B>>d 1  forced tail A 110101000000000
      x3     A 1010101011101010|110101000000000  B 1010110100101101|01110100000000
  k= 16: prefixes      0  states   0  distinct A>>d 0  B>>d 0
  certified at level 16
  window w= 4: quotient states 12, transition collisions 181
  window w= 6: quotient states 30, transition collisions 165
  window w= 8: quotient states 54, transition collisions 160
  window w=10: quotient states 96, transition collisions 167
  window w=12: quotient states 164, transition collisions 188
  window w=16: quotient states 474, transition collisions 33
dumped ../../runs/alt-trace-automaton/d16-outputs.json
