controls C6-C7: PASS
phase 01 d=20 prune=outputs:
  k=  1: prefixes      2  states   2  distinct A>>d 1  B>>d 1
      x1     A 10  B 1
      x1     A 11  B 0
  k=  2: prefixes      4  states   3  distinct A>>d 1  B>>d 1
      x2     A 1010  B 101
      x1     A 1100  B 010
      x1     A 1101  B 010
  k=  3: prefixes      8  states   6  distinct A>>d 1  B>>d 1
      x2     A 101010  B 10101
      x2     A 110011  B 01010
      x1     A 101000  B 10100
      x1     A 110101  B 01011
      x1     A 101001  B 10101
      x1     A 110101  B 01010
  k=  4: prefixes     16  states  10  distinct A>>d 1  B>>d 1
      x2     A 10101010  B 1010101
      x2     A 11001100  B 0101010
      x2     A 10100010  B 1010010
      x2     A 11010101  B 0101101
      x2     A 10100110  B 1010101
      x2     A 11010101  B 0101010
      x1     A 10101010  B 1010111
      x1     A 11001111  B 0101000
      x1     A 10101010  B 1010110
      x1     A 11001110  B 0101001
  k=  5: prefixes     32  states  17  distinct A>>d 1  B>>d 1
      x3     A 1010101010  B 101010101
      x3     A 1100110011  B 010101010
      x2     A 1010001010  B 101001011
      x2     A 1101010111  B 010110100
      x2     A 1010101011  B 101011100
      x2     A 1100111101  B 010100011
      x2     A 1010011010  B 101010110
      x2     A 1101010110  B 010101001
      x2     A 1101010101  B 010110101
      x2     A 1010101011  B 101011010
      x2     A 1100111010  B 010100101
      x2     A 1010011001  B 101010101
      x2     A 1101010101  B 010101010
      x1     A 1010001010  B 101001010
      x1     A 1010101011  B 101010100
      x1     A 1100110010  B 010101011
      x1     A 1010001011  B 101001010
  k=  6: prefixes     64  states  29  distinct A>>d 1  B>>d 1
      x6     A 101010101010  B 10101010101
      x4     A 101000101010  B 10100101101
      x3     A 110011001100  B 01010101010
      x3     A 110101011101  B 01011010010
      x3     A 110011110101  B 01010001101
      x3     A 110011001101  B 01010101010
      x2     A 101010101100  B 10101110010
      x2     A 101001101010  B 10101011010
      x2     A 110101011010  B 01010100101
      x2     A 101000101010  B 10100101010
      x2     A 110101010110  B 01011010101
      x2     A 101010101101  B 10101101011
      x2     A 110011101011  B 01010010100
      x2     A 101001100101  B 10101010101
      x2     A 110101010100  B 01010101010
      x2     A 101001101001  B 10101011001
      x2     A 110101011010  B 01010100110
      x2     A 101010101101  B 10101010010
      x2     A 110011001010  B 01010101101
      x2     A 101000101100  B 10100101010
      x2     A 110101010101  B 01011010101
      x2     A 101010101110  B 10101101001
      x2     A 110011101010  B 01010010110
      x2     A 101001100110  B 10101010101
      x2     A 110101010101  B 01010101010
      x1     A 101010101101  B 10101110011
      x1     A 110011110100  B 01010001100
      x1     A 110101011100  B 01011010010
      x1     A 101010101101  B 10101110010
  k=  7: prefixes    128  states  54  distinct A>>d 1  B>>d 1
  k=  8: prefixes    256  states  99  distinct A>>d 1  B>>d 1
  k=  9: prefixes    512  states 173  distinct A>>d 1  B>>d 1
  k= 10: prefixes   1024  states 314  distinct A>>d 1  B>>d 1
  k= 11: prefixes    512  states 149  distinct A>>d 2  B>>d 1
  k= 12: prefixes    268  states  71  distinct A>>d 3  B>>d 2
  k= 13: prefixes    187  states  45  distinct A>>d 5  B>>d 4
  k= 14: prefixes    115  states  24  distinct A>>d 7  B>>d 6
      x12    A 10100110010100101010|10100000  B 10101010101001010101|1010000
      x10    A 11001100110101010101|01010000  B 01010101010110101010|1010000
      x8     A 11010101101011010100|11000000  B 01010100110101110101|0100000
      x8     A 11001110101011110101|11010000  B 01010010110100011010|0110000
      x8     A 11001111010010100101|11010000  B 01010001100111001010|0110000
      x6     A 11010101101000101110|01010000  B 01010100101001010010|1010000
      x6     A 10101010101001010100|01010000  B 10101010101011110100|1010000
      x6     A 10101010111010101101|01000000  B 10101101001011010111|0100000
      x6     A 10101010101001110101|10100000  B 10101010101010010100|1100000
      x6     A 11010101101001010100|01010000  B 01010100110011110100|1010000
      x6     A 10100110011001101001|10000000  B 10101010101010110010|1000000
      x6     A 10100110101010100101|11010000  B 10101011010101001010|0110000
      x5     A 11010101010101010101|01010000  B 01010101010110101010|1010000
      x3     A 11010101110011001010|11010000  B 01011010010101010101|0110000
      x3     A 11001111010111010101|00000000  B 01010001101001101010|0000000
      x2     A 11010101110101011100|10100000  B 01011010010110100101|0100000
      x2     A 11010101010010101010|10100000  B 01010101010111010101|1010000
      x2     A 11001110101110100101|10100000  B 01010010100011001100|1100000
      x2     A 10101010111010101000|01010000  B 10101101001011101000|1010000
      x2     A 11010101110011001100|11010000  B 01011010010101010101|0110000
      x2     A 11010101101011001100|11010000  B 01010100110101010101|0110000
      x2     A 11001100110011110101|11010000  B 01010101010100011010|0110000
      x1     A 11010101101001010100|11000000  B 01010100110011110101|0100000
      x1     A 10101010110100101110|01010000  B 10101101011001100010|1010000
  k= 15: prefixes     67  states  15  distinct A>>d 7  B>>d 5
      x10    A 10100010101001101001|0110100000  B 10100101101010110011|001100000
      x8     A 10100110010100101010|1010000000  B 10101010101001010101|101000000
      x8     A 11010101011010101110|1010100000  B 01011010101110100011|010100000
      x6     A 10100110010101010010|1110100000  B 10101010101011100101|001100000
      x6     A 10100110010100011001|1110100000  B 10101010101000101010|001100000
      x6     A 10101010111010101101|0100000000  B 10101101001011010111|010000000
      x6     A 10101010110100101110|1010100000  B 10101101011001100011|010100000
      x5     A 10100110011001101001|0110100000  B 10101010101010110011|001100000
      x2     A 10100110101010100101|1101000000  B 10101011010101001010|011000000
      x2     A 10101010110100110011|1110100000  B 10101010010101010100|001100000
      x2     A 11010101101000101010|0010100000  B 01010100101001011010|010100000
      x2     A 10100110010100101010|0010100000  B 10101010101001011010|010100000
      x2     A 11010101110101010110|1010100000  B 01011010010110101011|010100000
      x1     A 11010101010010101010|1010000000  B 01010101010111010101|101000000
      x1     A 10101010110101110010|1110100000  B 10101010010100010101|001100000
  k= 16: prefixes     31  states   6  distinct A>>d 3  B>>d 2
      x10    A 10101010110011101011|100101000000  B 10101110010100101000|10101000000
      x6     A 11001110101001010111|010101000000  B 01010010110011010001|10101000000
      x6     A 11001110101001010100|010101000000  B 01010010110011110100|10101000000
      x5     A 11001110101011101011|100101000000  B 01010010110100101000|10101000000
      x2     A 10101010110100101110|101010000000  B 10101101011001100011|01010000000
      x2     A 10101010101001110101|010101000000  B 10101010101010010110|10101000000
  k= 17: prefixes     15  states   2  distinct A>>d 1  B>>d 1  forced tail A 10111010000000
      x10    A 10101010101000101100|10111010000000  B 10101010101001010101|0100110000000
      x5     A 11010101010100101100|10111010000000  B 01011010101001010101|0100110000000
  k= 18: prefixes     15  states   2  distinct A>>d 1  B>>d 1  forced tail A 1101010100000000
      x10    A 11001100110011110101|1101010100000000  B 01010101010100011010|011010100000000
      x5     A 10100110100101110101|1101010100000000  B 10101011001100011010|011010100000000
  k= 19: prefixes      0  states   0  distinct A>>d 0  B>>d 0
  certified at level 19
  window w= 4: quotient states 16, transition collisions 461
  window w= 6: quotient states 30, transition collisions 469
  window w= 8: quotient states 54, transition collisions 475
  window w=10: quotient states 98, transition collisions 496
  window w=12: quotient states 170, transition collisions 493
  window w=16: quotient states 532, transition collisions 613
phase 10 d=20 prune=outputs:
  k=  1: prefixes      2  states   2  distinct A>>d 1  B>>d 1
      x1     A 101  B 10
      x1     A 110  B 01
  k=  2: prefixes      4  states   4  distinct A>>d 1  B>>d 1
      x1     A 10101  B 1010
      x1     A 11001  B 0101
      x1     A 10100  B 1010
      x1     A 11010  B 0101
  k=  3: prefixes      8  states   8  distinct A>>d 1  B>>d 1
      x1     A 1010101  B 101010
      x1     A 1100110  B 010101
      x1     A 1010001  B 101001
      x1     A 1101010  B 010110
      x1     A 1010101  B 101011
      x1     A 1100111  B 010100
      x1     A 1010011  B 101010
      x1     A 1101010  B 010101
  k=  4: prefixes     16  states  13  distinct A>>d 1  B>>d 1
      x2     A 101010101  B 10101010
      x2     A 110011001  B 01010101
      x2     A 101000101  B 10100101
      x1     A 110101011  B 01011010
      x1     A 101010101  B 10101110
      x1     A 110011110  B 01010001
      x1     A 101001101  B 10101011
      x1     A 110101011  B 01010100
      x1     A 110101010  B 01011010
      x1     A 101010101  B 10101101
      x1     A 110011101  B 01010010
      x1     A 101001100  B 10101010
      x1     A 110101010  B 01010101
  k=  5: prefixes     32  states  23  distinct A>>d 1  B>>d 1
      x3     A 10101010101  B 1010101010
      x3     A 11001100110  B 0101010101
      x2     A 10100010101  B 1010010110
      x2     A 11010101110  B 0101101001
      x2     A 10101010110  B 1010111001
      x2     A 11001111010  B 0101000110
      x2     A 11010101010  B 0101010101
      x1     A 10100110101  B 1010101101
      x1     A 11010101101  B 0101010010
      x1     A 10100010101  B 1010010101
      x1     A 11010101011  B 0101101010
      x1     A 10101010110  B 1010110101
      x1     A 11001110101  B 0101001010
      x1     A 10100110010  B 1010101010
      x1     A 10100110100  B 1010101100
      x1     A 11010101101  B 0101010011
      x1     A 10101010110  B 1010101001
      x1     A 11001100101  B 0101010110
      x1     A 10100010110  B 1010010101
      x1     A 11010101010  B 0101101010
      x1     A 10101010111  B 1010110100
      x1     A 11001110101  B 0101001011
      x1     A 10100110011  B 1010101010
  k=  6: prefixes     64  states  39  distinct A>>d 1  B>>d 1
  k=  7: prefixes    128  states  73  distinct A>>d 1  B>>d 1
  k=  8: prefixes    256  states 129  distinct A>>d 1  B>>d 1
  k=  9: prefixes    512  states 232  distinct A>>d 1  B>>d 1
  k= 10: prefixes    498  states 188  distinct A>>d 1  B>>d 1  forced tail A 0
  k= 11: prefixes    240  states  94  distinct A>>d 2  B>>d 2
  k= 12: prefixes    120  states  48  distinct A>>d 4  B>>d 3
  k= 13: prefixes     80  states  29  distinct A>>d 6  B>>d 5
      x8     A 11010101101011010100|1100000  B 01010100110101110101|010000
      x7     A 10101010110011101011|1010000  B 10101110010100101000|110000
      x6     A 10100110010100101010|1010000  B 10101010101001010101|101000
      x4     A 10101010111010101101|0100000  B 10101101001011010111|010000
      x4     A 11010101010010101011|1010000  B 01010101010111010100|110000
      x4     A 10101010101001110101|1010000  B 10101010101010010100|110000
      x3     A 10101010110100011001|1010000  B 10101110011000101010|110000
      x3     A 10100010101001011100|1010000  B 10100101010010100101|010000
      x3     A 11010101101001101001|1000000  B 01010100101010110010|100000
      x3     A 10101010110100110101|0100000  B 10101010010101011010|100000
      x3     A 10100110011001101001|1000000  B 10101010101010110010|100000
      x3     A 11001110101011101011|1010000  B 01010010110100101000|110000
      x3     A 11010101010101010101|0000000  B 01010101010110101101|000000
      x2     A 11010101010100011001|1010000  B 01011010101000101010|110000
      x2     A 10100010110010111010|0000000  B 10100101010101001100|000000
      x2     A 11010101101001010100|1100000  B 01010100110011110101|010000
      x2     A 11001111010111010101|0000000  B 01010001101001101010|000000
      x2     A 11001100110101011010|0110000  B 01010101010101001100|101000
      x2     A 11001110101110100101|1010000  B 01010010100011001100|110000
      x2     A 11010101110101011100|1010000  B 01011010010110100101|010000
      x2     A 11001111010101010010|1010000  B 01010001101011100101|101000
      x2     A 11010101010011101011|1010000  B 01010101010100101000|110000
      x2     A 11001100110101010111|0100000  B 01010101010101101001|100000
      x1     A 11010101010010101010|1010000  B 01010101010111010101|101000
      x1     A 10100110011000110001|1010000  B 10101010101001010010|110000
      x1     A 10101010110101010101|0110000  B 10101010010101010110|101000
      x1     A 10101010101010101100|1010000  B 10101010101011010101|010000
      x1     A 10100110100101010101|0100000  B 10101011001010101010|100000
      x1     A 10100010110010110101|0110000  B 10100101010101011110|101000
  k= 14: prefixes     44  states  16  distinct A>>d 6  B>>d 7
      x8     A 10100110010100101010|101000000  B 10101010101001010101|10100000
      x7     A 11001100110101010101|010100000  B 01010101010110101010|10100000
      x3     A 10101010101001010100|010100000  B 10101010101011110100|10100000
      x3     A 11001111010010100101|110100000  B 01010001100111001010|01100000
      x3     A 10101010101001110101|101000000  B 10101010101010010100|11000000
      x3     A 10101010111010101101|010000000  B 10101101001011010111|01000000
      x3     A 10100110011001101001|100000000  B 10101010101010110010|10000000
      x2     A 11010101101001010100|010100000  B 01010100110011110100|10100000
      x2     A 11001111010111010101|000000000  B 01010001101001101010|00000000
      x2     A 11010101010010101010|101000000  B 01010101010111010101|10100000
      x2     A 10100110101010100101|110100000  B 10101011010101001010|01100000
      x2     A 11010101010101010101|010100000  B 01010101010110101010|10100000
      x1     A 10101010111010101000|010100000  B 10101101001011101000|10100000
      x1     A 10101010101001100110|010100000  B 10101010101010101010|11010000
      x1     A 11001110101110100101|101000000  B 01010010100011001100|11000000
      x1     A 11001111010111010110|010100000  B 01010001101001101010|11010000
  k= 15: prefixes     20  states   7  distinct A>>d 4  B>>d 3
      x7     A 10100010101001101001|01101000000  B 10100101101010110011|0011000000
      x3     A 11010101011010101110|10101000000  B 01011010101110100011|0101000000
      x3     A 10101010111010101101|01000000000  B 10101101001011010111|0100000000
      x2     A 10100110010100011001|11101000000  B 10101010101000101010|0011000000
      x2     A 10101010110100101110|10101000000  B 10101101011001100011|0101000000
      x2     A 10100110011001101001|01101000000  B 10101010101010110011|0011000000
      x1     A 10101010110100110011|11101000000  B 10101010010101010100|0011000000
  k= 16: prefixes     12  states   4  distinct A>>d 2  B>>d 1
      x7     A 10101010110011101011|1001010000000  B 10101110010100101000|101010000000
      x2     A 11001110101001010100|0101010000000  B 01010010110011110100|101010000000
      x2     A 11001110101011101011|1001010000000  B 01010010110100101000|101010000000
      x1     A 10101010101001110101|0101010000000  B 10101010101010010110|101010000000
  k= 17: prefixes      9  states   2  distinct A>>d 1  B>>d 1  forced tail A 101110100000000
      x7     A 10101010101000101100|101110100000000  B 10101010101001010101|01001100000000
      x2     A 11010101010100101100|101110100000000  B 01011010101001010101|01001100000000
  k= 18: prefixes      9  states   2  distinct A>>d 1  B>>d 1  forced tail A 11010101000000000
      x7     A 11001100110011110101|11010101000000000  B 01010101010100011010|0110101000000000
      x2     A 10100110100101110101|11010101000000000  B 10101011001100011010|0110101000000000
  k= 19: prefixes      0  states   0  distinct A>>d 0  B>>d 0
  certified at level 19
  window w= 4: quotient states 12, transition collisions 519
  window w= 6: quotient states 30, transition collisions 518
  window w= 8: quotient states 54, transition collisions 506
  window w=10: quotient states 96, transition collisions 531
  window w=12: quotient states 164, transition collisions 537
  window w=16: quotient states 538, transition collisions 565
dumped ../../runs/alt-trace-automaton/d20-outputs.json
