controls C6-C7: PASS
phase 01 d=24 prune=outputs:
  k=  1: prefixes      2  states   2  distinct A>>d 1  B>>d 1
      x1     A 10  B 1
      x1     A 11  B 0
  k=  2: prefixes      4  states   3  distinct A>>d 1  B>>d 1
      x2     A 1010  B 101
      x1     A 1100  B 010
      x1     A 1101  B 010
  k=  3: prefixes      8  states   6  distinct A>>d 1  B>>d 1
      x2     A 101010  B 10101
      x2     A 110011  B 01010
      x1     A 101000  B 10100
      x1     A 110101  B 01011
      x1     A 101001  B 10101
      x1     A 110101  B 01010
  k=  4: prefixes     16  states  10  distinct A>>d 1  B>>d 1
      x2     A 10101010  B 1010101
      x2     A 11001100  B 0101010
      x2     A 10100010  B 1010010
      x2     A 11010101  B 0101101
      x2     A 10100110  B 1010101
      x2     A 11010101  B 0101010
      x1     A 10101010  B 1010111
      x1     A 11001111  B 0101000
      x1     A 10101010  B 1010110
      x1     A 11001110  B 0101001
  k=  5: prefixes     32  states  17  distinct A>>d 1  B>>d 1
      x3     A 1010101010  B 101010101
      x3     A 1100110011  B 010101010
      x2     A 1010001010  B 101001011
      x2     A 1101010111  B 010110100
      x2     A 1010101011  B 101011100
      x2     A 1100111101  B 010100011
      x2     A 1010011010  B 101010110
      x2     A 1101010110  B 010101001
      x2     A 1101010101  B 010110101
      x2     A 1010101011  B 101011010
      x2     A 1100111010  B 010100101
      x2     A 1010011001  B 101010101
      x2     A 1101010101  B 010101010
      x1     A 1010001010  B 101001010
      x1     A 1010101011  B 101010100
      x1     A 1100110010  B 010101011
      x1     A 1010001011  B 101001010
  k=  6: prefixes     64  states  29  distinct A>>d 1  B>>d 1
      x6     A 101010101010  B 10101010101
      x4     A 101000101010  B 10100101101
      x3     A 110011001100  B 01010101010
      x3     A 110101011101  B 01011010010
      x3     A 110011110101  B 01010001101
      x3     A 110011001101  B 01010101010
      x2     A 101010101100  B 10101110010
      x2     A 101001101010  B 10101011010
      x2     A 110101011010  B 01010100101
      x2     A 101000101010  B 10100101010
      x2     A 110101010110  B 01011010101
      x2     A 101010101101  B 10101101011
      x2     A 110011101011  B 01010010100
      x2     A 101001100101  B 10101010101
      x2     A 110101010100  B 01010101010
      x2     A 101001101001  B 10101011001
      x2     A 110101011010  B 01010100110
      x2     A 101010101101  B 10101010010
      x2     A 110011001010  B 01010101101
      x2     A 101000101100  B 10100101010
      x2     A 110101010101  B 01011010101
      x2     A 101010101110  B 10101101001
      x2     A 110011101010  B 01010010110
      x2     A 101001100110  B 10101010101
      x2     A 110101010101  B 01010101010
      x1     A 101010101101  B 10101110011
      x1     A 110011110100  B 01010001100
      x1     A 110101011100  B 01011010010
      x1     A 101010101101  B 10101110010
  k=  7: prefixes    128  states  54  distinct A>>d 1  B>>d 1
  k=  8: prefixes    256  states  99  distinct A>>d 1  B>>d 1
  k=  9: prefixes    512  states 173  distinct A>>d 1  B>>d 1
  k= 10: prefixes   1024  states 314  distinct A>>d 1  B>>d 1
  k= 11: prefixes   2048  states 570  distinct A>>d 1  B>>d 1
  k= 12: prefixes   4096  states 1009  distinct A>>d 1  B>>d 1
  k= 13: prefixes   2082  states 482  distinct A>>d 2  B>>d 1
  k= 14: prefixes   1044  states 239  distinct A>>d 3  B>>d 2
  k= 15: prefixes    599  states 135  distinct A>>d 5  B>>d 4
  k= 16: prefixes    341  states  73  distinct A>>d 7  B>>d 6
  k= 17: prefixes    180  states  35  distinct A>>d 9  B>>d 6
  k= 18: prefixes     92  states  19  distinct A>>d 7  B>>d 7
      x10    A 110011001100111101011101|010100000000  B 010101010101000110100110|10100000000
      x8     A 101010101010101011001101|011101000000  B 101010101010110101010101|00011000000
      x8     A 110101010110100110101010|101101000000  B 010110101011001011101010|10011000000
      x6     A 101010101010011010010110|100110000000  B 101010101010101100110011|00101000000
      x6     A 101010101101000110010111|010101000000  B 101011100110001010101001|10101000000
      x6     A 110011110100101010101001|011101000000  B 010100011001110101010010|10011000000
      x6     A 110011110101010100101110|101010000000  B 010100011010111001100011|01010000000
      x6     A 110101011010001011001010|101101000000  B 010101001010010101011010|10011000000
      x6     A 101001100110011001100110|100110000000  B 101010101010101010101011|00101000000
      x5     A 101001101001011101011101|010100000000  B 101010110011000110100110|10100000000
      x4     A 110101011010011010010111|010101000000  B 010101001010101100110001|10101000000
      x4     A 110101011101010101000101|100101000000  B 010110100101010101001010|10101000000
      x4     A 110101010101010100000110|101101000000  B 010110101010101000001010|10011000000
      x4     A 110101011101010101101011|010101000000  B 010110100101010100111001|10101000000
      x2     A 110011001100110011001110|101101000000  B 010101010101010101010010|10011000000
      x2     A 110101011101010110100110|101010000000  B 010110100101010010101011|01010000000
      x2     A 101001100110011001010001|101010000000  B 101010101010101010100010|11101000000
      x2     A 101001101001011010111001|011101000000  B 101010110011001010001010|10011000000
      x1     A 110101010101010101101001|101010000000  B 010101010101101010110010|11101000000
  k= 19: prefixes     55  states  11  distinct A>>d 6  B>>d 5
      x8     A 110011001100110010100010|10101010000000  B 010101010101010110100101|0101010000000
      x8     A 110101011010110101001100|11001010000000  B 010101001101011101010101|0101010000000
      x6     A 101010101010010101000101|01011010000000  B 101010101010111101001101|0100110000000
      x6     A 101000101010001101001011|10101010000000  B 101001010100010110011000|1101010000000
      x6     A 110101010110100110101010|10110100000000  B 010110101011001011101010|1001100000000
      x6     A 110101010100111101011100|11001010000000  B 010101010101000110100101|0101010000000
      x6     A 101010101110101011101010|11010100000000  B 101011010010110100101101|0111010000000
      x4     A 110101011010010110101010|11001010000000  B 010101001100110011111101|0101010000000
      x2     A 101000101010001010100010|11001010000000  B 101001011010010110100101|0101010000000
      x2     A 110011101010111010100101|01001100000000  B 010100101101001011001111|0101010000000
      x1     A 110101010101010110101101|01001100000000  B 010101010101010011010111|0101010000000
  k= 20: prefixes     13  states   4  distinct A>>d 3  B>>d 3
      x6     A 110101011010110101001100|1100101000000000  B 010101001101011101010101|010101000000000
      x4     A 110101010100101010110011|0101110100000000  B 010101010101110101010101|101001100000000
      x2     A 110101010101001011001010|1010101000000000  B 010110101010010101011101|010110100000000
      x1     A 101001100110011001010010|1010101000000000  B 101010101010101010100101|010110100000000
  k= 21: prefixes      2  states   1  distinct A>>d 1  B>>d 1  forced tail A 110100110000000000
      x2     A 110101011010010100101010|110100110000000000  B 010101001100111001011010|01100101000000000
  k= 22: prefixes      0  states   0  distinct A>>d 0  B>>d 0
  certified at level 22
  window w= 4: quotient states 16, transition collisions 1527
  window w= 6: quotient states 30, transition collisions 1575
  window w= 8: quotient states 54, transition collisions 1558
  window w=10: quotient states 98, transition collisions 1568
  window w=12: quotient states 170, transition collisions 1590
  window w=16: quotient states 532, transition collisions 1658
phase 10 d=24 prune=outputs:
  k=  1: prefixes      2  states   2  distinct A>>d 1  B>>d 1
      x1     A 101  B 10
      x1     A 110  B 01
  k=  2: prefixes      4  states   4  distinct A>>d 1  B>>d 1
      x1     A 10101  B 1010
      x1     A 11001  B 0101
      x1     A 10100  B 1010
      x1     A 11010  B 0101
  k=  3: prefixes      8  states   8  distinct A>>d 1  B>>d 1
      x1     A 1010101  B 101010
      x1     A 1100110  B 010101
      x1     A 1010001  B 101001
      x1     A 1101010  B 010110
      x1     A 1010101  B 101011
      x1     A 1100111  B 010100
      x1     A 1010011  B 101010
      x1     A 1101010  B 010101
  k=  4: prefixes     16  states  13  distinct A>>d 1  B>>d 1
      x2     A 101010101  B 10101010
      x2     A 110011001  B 01010101
      x2     A 101000101  B 10100101
      x1     A 110101011  B 01011010
      x1     A 101010101  B 10101110
      x1     A 110011110  B 01010001
      x1     A 101001101  B 10101011
      x1     A 110101011  B 01010100
      x1     A 110101010  B 01011010
      x1     A 101010101  B 10101101
      x1     A 110011101  B 01010010
      x1     A 101001100  B 10101010
      x1     A 110101010  B 01010101
  k=  5: prefixes     32  states  23  distinct A>>d 1  B>>d 1
      x3     A 10101010101  B 1010101010
      x3     A 11001100110  B 0101010101
      x2     A 10100010101  B 1010010110
      x2     A 11010101110  B 0101101001
      x2     A 10101010110  B 1010111001
      x2     A 11001111010  B 0101000110
      x2     A 11010101010  B 0101010101
      x1     A 10100110101  B 1010101101
      x1     A 11010101101  B 0101010010
      x1     A 10100010101  B 1010010101
      x1     A 11010101011  B 0101101010
      x1     A 10101010110  B 1010110101
      x1     A 11001110101  B 0101001010
      x1     A 10100110010  B 1010101010
      x1     A 10100110100  B 1010101100
      x1     A 11010101101  B 0101010011
      x1     A 10101010110  B 1010101001
      x1     A 11001100101  B 0101010110
      x1     A 10100010110  B 1010010101
      x1     A 11010101010  B 0101101010
      x1     A 10101010111  B 1010110100
      x1     A 11001110101  B 0101001011
      x1     A 10100110011  B 1010101010
  k=  6: prefixes     64  states  39  distinct A>>d 1  B>>d 1
  k=  7: prefixes    128  states  73  distinct A>>d 1  B>>d 1
  k=  8: prefixes    256  states 129  distinct A>>d 1  B>>d 1
  k=  9: prefixes    512  states 232  distinct A>>d 1  B>>d 1
  k= 10: prefixes   1024  states 410  distinct A>>d 1  B>>d 1
  k= 11: prefixes   2048  states 742  distinct A>>d 1  B>>d 1
  k= 12: prefixes   2008  states 653  distinct A>>d 1  B>>d 1  forced tail A 0
  k= 13: prefixes   1030  states 325  distinct A>>d 2  B>>d 2
  k= 14: prefixes    555  states 173  distinct A>>d 4  B>>d 3
  k= 15: prefixes    286  states  84  distinct A>>d 6  B>>d 5
  k= 16: prefixes    179  states  49  distinct A>>d 6  B>>d 6
  k= 17: prefixes     77  states  21  distinct A>>d 6  B>>d 8
      x7     A 101010101010001011001011|10100000000  B 101010101010010101010100|1100000000
      x6     A 110011001100111101011101|01010000000  B 010101010101000110100110|1010000000
      x6     A 101001100110011001010001|10101000000  B 101010101010101010100010|1110100000
      x6     A 110101010101010101010101|01010000000  B 010101010101010101011010|1101000000
      x5     A 101010101010011010010110|10011000000  B 101010101010101100110011|0010100000
      x5     A 101000101100101010010101|01101000000  B 101001010101101010110101|0011000000
      x4     A 101001101001011101011101|01010000000  B 101010110011000110100110|1010000000
      x4     A 110011110101010100101110|10101000000  B 010100011010111001100011|0101000000
      x4     A 101010101101010010110101|10101000000  B 101011100101100101011010|1110100000
      x4     A 110011110100101001010001|10101000000  B 010100011001110010100010|1110100000
      x3     A 101000101010010101110010|11101000000  B 101001010100110100010101|0011000000
      x3     A 110101011101010101010010|11101000000  B 010110100101101010100101|0011000000
      x3     A 110011001101010101010010|10011000000  B 010101010101010101100111|0010100000
      x3     A 101001100110011001100110|10011000000  B 101010101010101010101011|0010100000
      x2     A 110101010101010101101001|10101000000  B 010101010101101010110010|1110100000
      x2     A 110011001010010101011010|10011000000  B 010101011010111010101110|1010100000
      x2     A 110101011100111010101110|10101000000  B 010110100101001011010011|0101000000
      x2     A 110101010101001011001011|10100000000  B 010110101010010101010100|1100000000
      x2     A 101000101100101001010110|10101000000  B 101001010101010011010011|0101000000
      x2     A 101010101101010100101010|10011000000  B 101011010111010101111111|0010100000
      x2     A 110101011101010110100110|10101000000  B 010110100101010010101011|0101000000
  k= 18: prefixes     38  states  10  distinct A>>d 6  B>>d 6
      x7     A 110011001100111101011101|0101000000000  B 010101010101000110100110|101000000000
      x6     A 110011101010111010100101|0100110000000  B 010100101101001011001111|010101000000
      x6     A 101001100110011001100110|1001100000000  B 101010101010101010101011|001010000000
      x4     A 110101010110100110101010|1011010000000  B 010110101011001011101010|100110000000
      x3     A 101010101101000110010111|0101010000000  B 101011100110001010101001|101010000000
      x3     A 110101011010011010010111|0101010000000  B 010101001010101100110001|101010000000
      x3     A 101010101110101011101010|1101010000000  B 101011010010110100101101|011101000000
      x2     A 110101010101010110101101|0100110000000  B 010101010101010011010111|010101000000
      x2     A 110101011010001011001010|1011010000000  B 010101001010010101011010|100110000000
      x2     A 101001101001011101011101|0101000000000  B 101010110011000110100110|101000000000
  k= 19: prefixes     23  states   6  distinct A>>d 4  B>>d 4
      x6     A 110101010101001011001010|101010100000000  B 010110101010010101011101|01011010000000
      x6     A 101010101110101011101010|110101000000000  B 101011010010110100101101|01110100000000
      x4     A 110101011010110101001100|110010100000000  B 010101001101011101010101|01010100000000
      x3     A 101010101010010101000101|010110100000000  B 101010101010111101001101|01001100000000
      x2     A 101001100110011001010010|101010100000000  B 101010101010101010100101|01011010000000
      x2     A 110101010100111101011100|110010100000000  B 010101010101000110100101|01010100000000
  k= 20: prefixes      6  states   1  distinct A>>d 1  B>>d 1  forced tail A 11010011000000000
      x6     A 110101011010010100101010|11010011000000000  B 010101001100111001011010|0110010100000000
  k= 21: prefixes      0  states   0  distinct A>>d 0  B>>d 0
  certified at level 21
  window w= 4: quotient states 12, transition collisions 1747
  window w= 6: quotient states 30, transition collisions 1716
  window w= 8: quotient states 54, transition collisions 1745
  window w=10: quotient states 96, transition collisions 1789
  window w=12: quotient states 164, transition collisions 1775
  window w=16: quotient states 538, transition collisions 1789
dumped ../../runs/alt-trace-automaton/d24-outputs.json
