=== n=37 c=2 |R13_n|=46344 need=39
deepest: E-only 12  E+HC 8  E+R5 8  E+LANG 7   attained by 8 prefixes, longest common suffix of attainers: '' (len 0)
   W=0001010000101000100001000010101010100  Q=21222211  Psi=00000001
   W=0100010000101000100001000010101010100  Q=21222211  Psi=00000001
   W=0100010100001000100001000010101010100  Q=21222211  Psi=00000001
   W=0100010101010101010001000010000100001  Q=21222121  Psi=00000001
   W=1000010000101000100001000010101010100  Q=21222211  Psi=00000001
   W=1000010100001000100001000010101010100  Q=21222211  Psi=00000001
   W=1000010101010101010001000010000100001  Q=21222121  Psi=00000001
   W=1001010000101000100001000010101010100  Q=21222211  Psi=00000001
prefixes with E-only run >= n/2: 0; first kill index (LANG or E) histogram: []
E-only survivors with run >= 0.4n (0): W, Q (through first E fail), Psi, first 11 index, first LANG fail index
=== n=37 c=3 |R13_n|=46344 need=39
deepest: E-only 13  E+HC 9  E+R5 9  E+LANG 7   attained by 31 prefixes, longest common suffix of attainers: '' (len 0)
   W=0000100001000010010000100001010000100  Q=21222121  Psi=11111110
   W=0000100001010000100010001010100010000  Q=12212222  Psi=11111110
   W=0000100010001000100001010000101010101  Q=21212222  Psi=11111110
   W=0001001001000010010000100001010000100  Q=21222121  Psi=11111110
   W=0001010001000010010000100001010000100  Q=21222121  Psi=11111110
   W=0010001000100010000101000010100001000  Q=12122222  Psi=11111110
   W=0010001001000010010000100001010000100  Q=21222121  Psi=11111110
   W=0010100001000010010000100001010000100  Q=21222121  Psi=11111110
   W=0010100001000100010000100001010001000  Q=21221221  Psi=11111110
   W=0010100001010000100010001010100010000  Q=12212222  Psi=11111110
   W=0100001000100010000101000010100001000  Q=12122222  Psi=11111110
   W=0100001001000010010000100001010000100  Q=21222121  Psi=11111110
prefixes with E-only run >= n/2: 0; first kill index (LANG or E) histogram: []
E-only survivors with run >= 0.4n (0): W, Q (through first E fail), Psi, first 11 index, first LANG fail index
=== n=38 c=2 |R13_n|=58427 need=40
deepest: E-only 12  E+HC 9  E+R5 9  E+LANG 8   attained by 10 prefixes, longest common suffix of attainers: '' (len 0)
   W=00001000100100001000010000100001010001  Q=222212221  Psi=000000001
   W=00010000100100001000010000100001010001  Q=222212221  Psi=000000001
   W=00100100100100001000010000100001010001  Q=222212221  Psi=000000001
   W=00101000010001000100001010000100001010  Q=222122121  Psi=000000000
   W=01000100100100001000010000100001010001  Q=222212221  Psi=000000001
   W=01010000100100001000010000100001010001  Q=222212221  Psi=000000001
   W=10000100100100001000010000100001010001  Q=222212221  Psi=000000001
   W=10001000100100001000010000100001010001  Q=222212221  Psi=000000001
   W=10010000100100001000010000100001010001  Q=222212221  Psi=000000001
   W=10101000010001000100001010000100001010  Q=222122121  Psi=000000000
prefixes with E-only run >= n/2: 0; first kill index (LANG or E) histogram: []
E-only survivors with run >= 0.4n (0): W, Q (through first E fail), Psi, first 11 index, first LANG fail index
=== n=38 c=3 |R13_n|=58427 need=40
deepest: E-only 14  E+HC 11  E+R5 8  E+LANG 8   attained by 2 prefixes, longest common suffix of attainers: '000101000010001000100010100001000101' (len 36)
   W=01000101000010001000100010100001000101  Q=212122212  Psi=111111110
   W=10000101000010001000100010100001000101  Q=212122212  Psi=111111110
prefixes with E-only run >= n/2: 0; first kill index (LANG or E) histogram: []
E-only survivors with run >= 0.4n (0): W, Q (through first E fail), Psi, first 11 index, first LANG fail index
=== n=39 c=2 |R13_n|=73636 need=41
deepest: E-only 12  E+HC 9  E+R5 9  E+LANG 9   attained by 6 prefixes, longest common suffix of attainers: '000101000010100001000010010000100' (len 33)
   W=000010000101000010100001000010010000100  Q=2212212211  Psi=0000000000
   W=001010000101000010100001000010010000100  Q=2212212211  Psi=0000000000
   W=010001000101000010100001000010010000100  Q=2212212211  Psi=0000000000
   W=100001000101000010100001000010010000100  Q=2212212211  Psi=0000000000
   W=100010000101000010100001000010010000100  Q=2212212211  Psi=0000000000
   W=101010000101000010100001000010010000100  Q=2212212211  Psi=0000000000
prefixes with E-only run >= n/2: 0; first kill index (LANG or E) histogram: []
E-only survivors with run >= 0.4n (0): W, Q (through first E fail), Psi, first 11 index, first LANG fail index
=== n=39 c=3 |R13_n|=73636 need=41
deepest: E-only 12  E+HC 11  E+R5 10  E+LANG 8   attained by 8 prefixes, longest common suffix of attainers: '' (len 0)
   W=000010001010101010001000010000100100001  Q=221222211  Psi=111111110
   W=000100001010101010001000010000100100001  Q=221222211  Psi=111111110
   W=001000100010000101010001000010100001010  Q=121212222  Psi=111111110
   W=010000100010000101010001000010100001010  Q=121212222  Psi=111111110
   W=010100001010101010001000010000100100001  Q=221222211  Psi=111111110
   W=100010001010101010001000010000100100001  Q=221222211  Psi=111111110
   W=100100001010101010001000010000100100001  Q=221222211  Psi=111111110
   W=101000100010000101010001000010100001010  Q=121212222  Psi=111111110
prefixes with E-only run >= n/2: 0; first kill index (LANG or E) histogram: []
E-only survivors with run >= 0.4n (0): W, Q (through first E fail), Psi, first 11 index, first LANG fail index
=== n=40 c=2 |R13_n|=92831 need=42
deepest: E-only 12  E+HC 9  E+R5 8  E+LANG 7   attained by 23 prefixes, longest common suffix of attainers: '' (len 0)
   W=0000100010100001010000100001001000010000  Q=12212211  Psi=00000000
   W=0001000010100001010000100001001000010000  Q=12212211  Psi=00000000
   W=0001000010100001010101000100001000010101  Q=21222121  Psi=00000000
   W=0001000101000100001000010000101000010000  Q=12212212  Psi=00000001
   W=0001010101000100001000010000101000010000  Q=12212212  Psi=00000001
   W=0010000101000100001000010000101000010000  Q=12212212  Psi=00000001
   W=0010001010000100001000010000101000010000  Q=12212212  Psi=00000001
   W=0100001010000100001000010000101000010000  Q=12212212  Psi=00000001
   W=0100010100001000100001010000100010100001  Q=22212211  Psi=00000000
   W=0100010101000100001000010000101000010000  Q=12212212  Psi=00000001
   W=0101000010001000100010001000101000010000  Q=12121211  Psi=00000001
   W=0101000010100001010000100001001000010000  Q=12212211  Psi=00000000
prefixes with E-only run >= n/2: 0; first kill index (LANG or E) histogram: []
E-only survivors with run >= 0.4n (0): W, Q (through first E fail), Psi, first 11 index, first LANG fail index
=== n=40 c=3 |R13_n|=92831 need=42
deepest: E-only 17  E+HC 10  E+R5 10  E+LANG 9   attained by 11 prefixes, longest common suffix of attainers: '01' (len 2)
   W=0000100010100010000101000010101000100001  Q=2212222121  Psi=1111111110
   W=0000101000010001000010000101000010000101  Q=2222121212  Psi=1111111110
   W=0001000010100010000101000010101000100001  Q=2212222121  Psi=1111111110
   W=0001000101000010000101000010101000100001  Q=2212222121  Psi=1111111110
   W=0010000101000010000101000010101000100001  Q=2212222121  Psi=1111111110
   W=0101000010100010000101000010101000100001  Q=2212222121  Psi=1111111110
   W=1000100010100010000101000010101000100001  Q=2212222121  Psi=1111111110
   W=1000101000010001000010000101000010000101  Q=2222121212  Psi=1111111110
   W=1001000010100010000101000010101000100001  Q=2212222121  Psi=1111111110
   W=1001000101000010000101000010101000100001  Q=2212222121  Psi=1111111110
   W=1010000101000010000101000010101000100001  Q=2212222121  Psi=1111111110
prefixes with E-only run >= n/2: 0; first kill index (LANG or E) histogram: []
E-only survivors with run >= 0.4n (3): W, Q (through first E fail), Psi, first 11 index, first LANG fail index
   W=0000100010001010000100010010010010010010 Q=221222211222222222 Psi=111111111111111110 hc_fail=8 lang_fail=2
   W=0101000010001010000100010010010010010010 Q=221222211222222222 Psi=111111111111111110 hc_fail=8 lang_fail=2
   W=1000100010001010000100010010010010010010 Q=221222211222222222 Psi=111111111111111110 hc_fail=8 lang_fail=2
=== n=41 c=2 |R13_n|=117015 need=43
deepest: E-only 13  E+HC 12  E+R5 12  E+LANG 9   attained by 6 prefixes, longest common suffix of attainers: '0' (len 1)
   W=00010001001001000010000101000010000101000  Q=2121222211  Psi=0000000001
   W=00100001001001000010000101000010000101000  Q=2121222211  Psi=0000000001
   W=00100010001000100010001010001000010101010  Q=1212221221  Psi=0000000001
   W=01000010001000100010001010001000010101010  Q=1212221221  Psi=0000000001
   W=10100001001001000010000101000010000101000  Q=2121222211  Psi=0000000001
   W=10100010001000100010001010001000010101010  Q=1212221221  Psi=0000000001
prefixes with E-only run >= n/2: 0; first kill index (LANG or E) histogram: []
E-only survivors with run >= 0.4n (0): W, Q (through first E fail), Psi, first 11 index, first LANG fail index
=== n=41 c=3 |R13_n|=117015 need=43
deepest: E-only 15  E+HC 9  E+R5 9  E+LANG 9   attained by 3 prefixes, longest common suffix of attainers: '00010100001000100010100001000100010000' (len 38)
   W=00100010100001000100010100001000100010000  Q=1212121211  Psi=1111111111
   W=01000010100001000100010100001000100010000  Q=1212121211  Psi=1111111111
   W=10100010100001000100010100001000100010000  Q=1212121211  Psi=1111111111
prefixes with E-only run >= n/2: 0; first kill index (LANG or E) histogram: []
E-only survivors with run >= 0.4n (0): W, Q (through first E fail), Psi, first 11 index, first LANG fail index
=== n=42 c=2 |R13_n|=147494 need=44
deepest: E-only 13  E+HC 11  E+R5 11  E+LANG 10   attained by 3 prefixes, longest common suffix of attainers: '000101010101000100001010000100010101010' (len 39)
   W=001000101010101000100001010000100010101010  Q=12121212222  Psi=00000000000
   W=010000101010101000100001010000100010101010  Q=12121212222  Psi=00000000000
   W=101000101010101000100001010000100010101010  Q=12121212222  Psi=00000000000
prefixes with E-only run >= n/2: 0; first kill index (LANG or E) histogram: []
E-only survivors with run >= 0.4n (0): W, Q (through first E fail), Psi, first 11 index, first LANG fail index
=== n=42 c=3 |R13_n|=147494 need=44
deepest: E-only 13  E+HC 10  E+R5 10  E+LANG 9   attained by 4 prefixes, longest common suffix of attainers: '01000010100001001000010000100100100100' (len 38)
   W=000101000010100001001000010000100100100100  Q=2212212222  Psi=1111111110
   W=010001000010100001001000010000100100100100  Q=2212212222  Psi=1111111110
   W=100001000010100001001000010000100100100100  Q=2212212222  Psi=1111111110
   W=100101000010100001001000010000100100100100  Q=2212212222  Psi=1111111110
prefixes with E-only run >= n/2: 0; first kill index (LANG or E) histogram: []
E-only survivors with run >= 0.4n (0): W, Q (through first E fail), Psi, first 11 index, first LANG fail index
