=== n=26 c=2 |R13_n|=3599 need=28
deepest: E-only 11  E+HC 7  E+R5 7  E+LANG 5   attained by 4 prefixes, longest common suffix of attainers: '0001010100010000101000' (len 22)
   W=00010001010100010000101000  Q=122221  Psi=000001
   W=00100001010100010000101000  Q=122221  Psi=000001
   W=10010001010100010000101000  Q=122221  Psi=000001
   W=10100001010100010000101000  Q=122221  Psi=000001
prefixes with E-only run >= n/2: 0; first kill index (LANG or E) histogram: []
E-only survivors with run >= 0.4n (3): W, Q (through first E fail), Psi, first 11 index, first LANG fail index
   W=00001000100010100001010101 Q=112212121222 Psi=000000000001 hc_fail=0 lang_fail=0
   W=01010000100010100001010101 Q=112212121222 Psi=000000000001 hc_fail=0 lang_fail=0
   W=10001000100010100001010101 Q=112212121222 Psi=000000000001 hc_fail=0 lang_fail=0
=== n=26 c=3 |R13_n|=3599 need=28
deepest: E-only 9  E+HC 8  E+R5 8  E+LANG 5   attained by 8 prefixes, longest common suffix of attainers: '' (len 0)
   W=00001000100010100001001000  Q=212222  Psi=111110
   W=00001001000010000100001000  Q=212122  Psi=111110
   W=01000100010000101000100001  Q=212122  Psi=111110
   W=01001001000010000100001000  Q=212122  Psi=111110
   W=01010000100010100001001000  Q=212222  Psi=111110
   W=10000100010000101000100001  Q=212122  Psi=111110
   W=10001000100010100001001000  Q=212222  Psi=111110
   W=10001001000010000100001000  Q=212122  Psi=111110
prefixes with E-only run >= n/2: 0; first kill index (LANG or E) histogram: []
E-only survivors with run >= 0.4n (0): W, Q (through first E fail), Psi, first 11 index, first LANG fail index
=== n=27 c=2 |R13_n|=4544 need=29
deepest: E-only 12  E+HC 5  E+R5 5  E+LANG 5   attained by 7 prefixes, longest common suffix of attainers: '' (len 0)
   W=000010001001000010000100001  Q=222211  Psi=000000
   W=000010001010000100001000010  Q=122211  Psi=000001
   W=000100001001000010000100001  Q=222211  Psi=000000
   W=010100001001000010000100001  Q=222211  Psi=000000
   W=100010001001000010000100001  Q=222211  Psi=000000
   W=100010001010000100001000010  Q=122211  Psi=000001
   W=100100001001000010000100001  Q=222211  Psi=000000
prefixes with E-only run >= n/2: 0; first kill index (LANG or E) histogram: []
E-only survivors with run >= 0.4n (1): W, Q (through first E fail), Psi, first 11 index, first LANG fail index
   W=010100001000100010000101010 Q=1122222211211 Psi=0000000000001 hc_fail=1 lang_fail=1
=== n=27 c=3 |R13_n|=4544 need=29
deepest: E-only 12  E+HC 8  E+R5 6  E+LANG 5   attained by 10 prefixes, longest common suffix of attainers: '' (len 0)
   W=000100010001000100010100001  Q=212121  Psi=111110
   W=000100010100001010000100001  Q=222211  Psi=111111
   W=001000010100001010000100001  Q=222211  Psi=111111
   W=001001001001001000010000100  Q=122121  Psi=111111
   W=010001001001001000010000100  Q=122121  Psi=111111
   W=010100001000100010100001001  Q=222212  Psi=111110
   W=100001001001001000010000100  Q=122121  Psi=111111
   W=100100010001000100010100001  Q=212121  Psi=111110
   W=100100010100001010000100001  Q=222211  Psi=111111
   W=101000010100001010000100001  Q=222211  Psi=111111
prefixes with E-only run >= n/2: 0; first kill index (LANG or E) histogram: []
E-only survivors with run >= 0.4n (8): W, Q (through first E fail), Psi, first 11 index, first LANG fail index
   W=000010000100001000010000101 Q=2112221111221 Psi=1111111111110 hc_fail=2 lang_fail=2
   W=000101000100001000010000101 Q=2112221111221 Psi=1111111111110 hc_fail=2 lang_fail=2
   W=001010000100001000010000101 Q=2112221111221 Psi=1111111111110 hc_fail=2 lang_fail=2
   W=010010000100001000010000101 Q=2112221111221 Psi=1111111111110 hc_fail=2 lang_fail=2
   W=010101000100001000010000101 Q=2112221111221 Psi=1111111111110 hc_fail=2 lang_fail=2
   W=100010000100001000010000101 Q=2112221111221 Psi=1111111111110 hc_fail=2 lang_fail=2
   W=100101000100001000010000101 Q=2112221111221 Psi=1111111111110 hc_fail=2 lang_fail=2
   W=101010000100001000010000101 Q=2112221111221 Psi=1111111111110 hc_fail=2 lang_fail=2
=== n=28 c=2 |R13_n|=5731 need=30
deepest: E-only 8  E+HC 6  E+R5 6  E+LANG 5   attained by 7 prefixes, longest common suffix of attainers: '' (len 0)
   W=0010100001000100100001000010  Q=222122  Psi=000001
   W=0100010100001000101000010010  Q=212222  Psi=000001
   W=0100010100001001001000010000  Q=122222  Psi=000001
   W=0101000010001000010000100001  Q=212222  Psi=000001
   W=1000010100001000101000010010  Q=212222  Psi=000001
   W=1000010100001001001000010000  Q=122222  Psi=000001
   W=1010100001000100100001000010  Q=222122  Psi=000001
prefixes with E-only run >= n/2: 0; first kill index (LANG or E) histogram: []
E-only survivors with run >= 0.4n (0): W, Q (through first E fail), Psi, first 11 index, first LANG fail index
=== n=28 c=3 |R13_n|=5731 need=30
deepest: E-only 12  E+HC 8  E+R5 7  E+LANG 6   attained by 5 prefixes, longest common suffix of attainers: '' (len 0)
   W=0010001010000100001000010010  Q=2122222  Psi=1111111
   W=0100001010000100001000010010  Q=2122222  Psi=1111111
   W=0100010100001000100010100001  Q=2122212  Psi=1111110
   W=1000010100001000100010100001  Q=2122212  Psi=1111110
   W=1010001010000100001000010010  Q=2122222  Psi=1111111
prefixes with E-only run >= n/2: 0; first kill index (LANG or E) histogram: []
E-only survivors with run >= 0.4n (7): W, Q (through first E fail), Psi, first 11 index, first LANG fail index
   W=0001001000010010000100001010 Q=1122212221121 Psi=1111111111110 hc_fail=1 lang_fail=1
   W=0010000100010010000100001010 Q=1122212221121 Psi=1111111111110 hc_fail=1 lang_fail=1
   W=0010001000010010000100001010 Q=1122212221121 Psi=1111111111110 hc_fail=1 lang_fail=1
   W=0100001000010010000100001010 Q=1122212221121 Psi=1111111111110 hc_fail=1 lang_fail=1
   W=1001001000010010000100001010 Q=1122212221121 Psi=1111111111110 hc_fail=1 lang_fail=1
   W=1010000100010010000100001010 Q=1122212221121 Psi=1111111111110 hc_fail=1 lang_fail=1
   W=1010001000010010000100001010 Q=1122212221121 Psi=1111111111110 hc_fail=1 lang_fail=1
=== n=29 c=2 |R13_n|=7242 need=31
deepest: E-only 9  E+HC 8  E+R5 8  E+LANG 7   attained by 1 prefixes, longest common suffix of attainers: '01010000100010001000100001010' (len 29)
   W=01010000100010001000100001010  Q=12121221  Psi=00000001
prefixes with E-only run >= n/2: 0; first kill index (LANG or E) histogram: []
E-only survivors with run >= 0.4n (0): W, Q (through first E fail), Psi, first 11 index, first LANG fail index
=== n=29 c=3 |R13_n|=7242 need=31
deepest: E-only 12  E+HC 11  E+R5 11  E+LANG 5   attained by 15 prefixes, longest common suffix of attainers: '' (len 0)
   W=00001010000100001010000101010  Q=221221  Psi=111111
   W=00010001010000100100001001000  Q=212211  Psi=111110
   W=00010100001000101000010100001  Q=222211  Psi=111111
   W=00010101000100001010000101010  Q=221221  Psi=111111
   W=00100001000100010001000100010  Q=121221  Psi=111111
   W=00100001010000100100001001000  Q=212211  Psi=111110
   W=01000101000100001010000101010  Q=221221  Psi=111111
   W=01010101000100001010000101010  Q=221221  Psi=111111
   W=10000101000100001010000101010  Q=221221  Psi=111111
   W=10001010000100001010000101010  Q=221221  Psi=111111
   W=10010001010000100100001001000  Q=212211  Psi=111110
   W=10010100001000101000010100001  Q=222211  Psi=111111
prefixes with E-only run >= n/2: 0; first kill index (LANG or E) histogram: []
E-only survivors with run >= 0.4n (7): W, Q (through first E fail), Psi, first 11 index, first LANG fail index
   W=00001010000100001010000101010 Q=2212212212111 Psi=1111111111110 hc_fail=11 lang_fail=5
   W=00010101000100001010000101010 Q=2212212212111 Psi=1111111111110 hc_fail=11 lang_fail=5
   W=01000101000100001010000101010 Q=2212212212111 Psi=1111111111110 hc_fail=11 lang_fail=5
   W=01010101000100001010000101010 Q=2212212212111 Psi=1111111111110 hc_fail=11 lang_fail=5
   W=10000101000100001010000101010 Q=2212212212111 Psi=1111111111110 hc_fail=11 lang_fail=5
   W=10001010000100001010000101010 Q=2212212212111 Psi=1111111111110 hc_fail=11 lang_fail=5
   W=10010101000100001010000101010 Q=2212212212111 Psi=1111111111110 hc_fail=11 lang_fail=5
=== n=30 c=2 |R13_n|=9136 need=32
deepest: E-only 10  E+HC 7  E+R5 7  E+LANG 5   attained by 16 prefixes, longest common suffix of attainers: '' (len 0)
   W=000010100010000100100100001001  Q=222212  Psi=000001
   W=000100010001000100010000101010  Q=121221  Psi=000001
   W=000101000010000100100100001001  Q=222212  Psi=000001
   W=001000010001000100010000101010  Q=121221  Psi=000001
   W=001010000100010000100001010000  Q=122222  Psi=000001
   W=001010100010000100100100001001  Q=222212  Psi=000001
   W=010001000100001010001000010010  Q=212221  Psi=000000
   W=010001010000100001000010101000  Q=122222  Psi=000000
   W=100001000100001010001000010010  Q=212221  Psi=000000
   W=100001010000100001000010101000  Q=122222  Psi=000000
   W=100010100010000100100100001001  Q=222212  Psi=000001
   W=100100010001000100010000101010  Q=121221  Psi=000001
prefixes with E-only run >= n/2: 0; first kill index (LANG or E) histogram: []
E-only survivors with run >= 0.4n (0): W, Q (through first E fail), Psi, first 11 index, first LANG fail index
=== n=30 c=3 |R13_n|=9136 need=32
deepest: E-only 12  E+HC 9  E+R5 9  E+LANG 5   attained by 38 prefixes, longest common suffix of attainers: '' (len 0)
   W=000010000100001000010010000100  Q=122121  Psi=111111
   W=000010100001000100100001000010  Q=121211  Psi=111111
   W=000010100001010000100010001001  Q=222211  Psi=111110
   W=000100010000101000010000100100  Q=221222  Psi=111110
   W=000100010100010000101010101010  Q=122212  Psi=111110
   W=000100100100001000010010000100  Q=122121  Psi=111111
   W=000101000010001000100100001000  Q=212221  Psi=111110
   W=000101000100001000010010000100  Q=122121  Psi=111111
   W=000101010100010000101010101010  Q=122212  Psi=111110
   W=001000010000101000010000100100  Q=221222  Psi=111110
   W=001000010100010000101010101010  Q=122212  Psi=111110
   W=001000100001010000100010001001  Q=222211  Psi=111110
prefixes with E-only run >= n/2: 0; first kill index (LANG or E) histogram: []
E-only survivors with run >= 0.4n (3): W, Q (through first E fail), Psi, first 11 index, first LANG fail index
   W=001000100010000100001001000010 Q=2212112112221 Psi=1111111111110 hc_fail=5 lang_fail=2
   W=010000100010000100001001000010 Q=2212112112221 Psi=1111111111110 hc_fail=5 lang_fail=2
   W=101000100010000100001001000010 Q=2212112112221 Psi=1111111111110 hc_fail=5 lang_fail=2
=== n=31 c=2 |R13_n|=11523 need=33
deepest: E-only 10  E+HC 9  E+R5 9  E+LANG 9   attained by 4 prefixes, longest common suffix of attainers: '0100001010000100010001010000' (len 28)
   W=0000100001010000100010001010000  Q=1212222121  Psi=0000000001
   W=0010100001010000100010001010000  Q=1212222121  Psi=0000000001
   W=1000100001010000100010001010000  Q=1212222121  Psi=0000000001
   W=1010100001010000100010001010000  Q=1212222121  Psi=0000000001
prefixes with E-only run >= n/2: 0; first kill index (LANG or E) histogram: []
E-only survivors with run >= 0.4n (0): W, Q (through first E fail), Psi, first 11 index, first LANG fail index
=== n=31 c=3 |R13_n|=11523 need=33
deepest: E-only 14  E+HC 11  E+R5 11  E+LANG 6   attained by 10 prefixes, longest common suffix of attainers: '' (len 0)
   W=0000100010001000100010000100001  Q=2122211  Psi=1111110
   W=0010001000010101000100001000010  Q=2122122  Psi=1111110
   W=0010010000100001000010010010000  Q=1222212  Psi=1111110
   W=0100001000010101000100001000010  Q=2122122  Psi=1111110
   W=0100010000100001000010010010000  Q=1222212  Psi=1111110
   W=0100010100001000100010001001001  Q=2222122  Psi=1111110
   W=1000010000100001000010010010000  Q=1222212  Psi=1111110
   W=1000010100001000100010001001001  Q=2222122  Psi=1111110
   W=1000100010001000100010000100001  Q=2122211  Psi=1111110
   W=1010001000010101000100001000010  Q=2122122  Psi=1111110
prefixes with E-only run >= n/2: 0; first kill index (LANG or E) histogram: []
E-only survivors with run >= 0.4n (4): W, Q (through first E fail), Psi, first 11 index, first LANG fail index
   W=0001000100010100001010000101010 Q=112222111222111 Psi=111111111111110 hc_fail=1 lang_fail=1
   W=0010000100010100001010000101010 Q=112222111222111 Psi=111111111111110 hc_fail=1 lang_fail=1
   W=1001000100010100001010000101010 Q=112222111222111 Psi=111111111111110 hc_fail=1 lang_fail=1
   W=1010000100010100001010000101010 Q=112222111222111 Psi=111111111111110 hc_fail=1 lang_fail=1
=== n=32 c=2 |R13_n|=14533 need=34
deepest: E-only 12  E+HC 8  E+R5 8  E+LANG 7   attained by 5 prefixes, longest common suffix of attainers: '000101000010001000101000010' (len 27)
   W=00001000101000010001000101000010  Q=12222121  Psi=00000001
   W=00010000101000010001000101000010  Q=12222121  Psi=00000001
   W=01010000101000010001000101000010  Q=12222121  Psi=00000001
   W=10001000101000010001000101000010  Q=12222121  Psi=00000001
   W=10010000101000010001000101000010  Q=12222121  Psi=00000001
prefixes with E-only run >= n/2: 0; first kill index (LANG or E) histogram: []
E-only survivors with run >= 0.4n (0): W, Q (through first E fail), Psi, first 11 index, first LANG fail index
=== n=32 c=3 |R13_n|=14533 need=34
deepest: E-only 16  E+HC 13  E+R5 13  E+LANG 6   attained by 15 prefixes, longest common suffix of attainers: '0' (len 1)
   W=00001001001000010000101010101010  Q=2212221  Psi=1111110
   W=00010001001000010000101010101010  Q=2212221  Psi=1111110
   W=00100001001000010000101010101010  Q=2212221  Psi=1111110
   W=00100010100001000010100001000100  Q=1221221  Psi=1111110
   W=00101000010001000100010000101000  Q=2122222  Psi=1111111
   W=00101000010001010000100001010000  Q=1221221  Psi=1111110
   W=01000010100001000010100001000100  Q=1221221  Psi=1111110
   W=01000100010001010000100001010000  Q=1221221  Psi=1111110
   W=01001001001000010000101010101010  Q=2212221  Psi=1111110
   W=10000100010001010000100001010000  Q=1221221  Psi=1111110
   W=10001001001000010000101010101010  Q=2212221  Psi=1111110
   W=10100001001000010000101010101010  Q=2212221  Psi=1111110
prefixes with E-only run >= n/2: 4; first kill index (LANG or E) histogram: [(1, 4)]
E-only survivors with run >= 0.4n (9): W, Q (through first E fail), Psi, first 11 index, first LANG fail index
   W=00010100001000101000100001010100 Q=12121221212121 Psi=11111111111110 hc_fail=31 lang_fail=0
   W=00010100001010000100010100001010 Q=11122211121211111 Psi=11111111111111110 hc_fail=1 lang_fail=1
   W=00100010001000101000100001010100 Q=12121221212121 Psi=11111111111110 hc_fail=31 lang_fail=0
   W=01000010001000101000100001010100 Q=12121221212121 Psi=11111111111110 hc_fail=31 lang_fail=0
   W=01000100001010000100010100001010 Q=11122211121211111 Psi=11111111111111110 hc_fail=1 lang_fail=1
   W=10000100001010000100010100001010 Q=11122211121211111 Psi=11111111111111110 hc_fail=1 lang_fail=1
   W=10010100001000101000100001010100 Q=12121221212121 Psi=11111111111110 hc_fail=31 lang_fail=0
   W=10010100001010000100010100001010 Q=11122211121211111 Psi=11111111111111110 hc_fail=1 lang_fail=1
   W=10100010001000101000100001010100 Q=12121221212121 Psi=11111111111110 hc_fail=31 lang_fail=0
=== n=33 c=2 |R13_n|=18333 need=35
deepest: E-only 16  E+HC 13  E+R5 13  E+LANG 8   attained by 6 prefixes, longest common suffix of attainers: '0010010000100001010000100010' (len 28)
   W=000010010010000100001010000100010  Q=222121212  Psi=000000001
   W=000100010010000100001010000100010  Q=222121212  Psi=000000001
   W=001000010010000100001010000100010  Q=222121212  Psi=000000001
   W=010010010010000100001010000100010  Q=222121212  Psi=000000001
   W=100010010010000100001010000100010  Q=222121212  Psi=000000001
   W=101000010010000100001010000100010  Q=222121212  Psi=000000001
prefixes with E-only run >= n/2: 0; first kill index (LANG or E) histogram: []
E-only survivors with run >= 0.4n (2): W, Q (through first E fail), Psi, first 11 index, first LANG fail index
   W=000010100001000100001010000101010 Q=12211222112121112 Psi=00000000000000001 hc_fail=4 lang_fail=3
   W=100010100001000100001010000101010 Q=12211222112121112 Psi=00000000000000001 hc_fail=4 lang_fail=3
=== n=33 c=3 |R13_n|=18333 need=35
deepest: E-only 19  E+HC 13  E+R5 13  E+LANG 8   attained by 4 prefixes, longest common suffix of attainers: '00010001000010010010000100001' (len 29)
   W=000100010001000010010010000100001  Q=212121221  Psi=111111111
   W=001000010001000010010010000100001  Q=212121221  Psi=111111111
   W=100100010001000010010010000100001  Q=212121221  Psi=111111111
   W=101000010001000010010010000100001  Q=212121221  Psi=111111111
prefixes with E-only run >= n/2: 7; first kill index (LANG or E) histogram: [(5, 7)]
E-only survivors with run >= 0.4n (11): W, Q (through first E fail), Psi, first 11 index, first LANG fail index
   W=000100010100001000010000101010101 Q=11122122111121211 Psi=11111111111111110 hc_fail=0 lang_fail=0
   W=000101010101000100001010001000010 Q=21222122121211221111 Psi=11111111111111111110 hc_fail=13 lang_fail=5
   W=001000010100001000010000101010101 Q=11122122111121211 Psi=11111111111111110 hc_fail=0 lang_fail=0
   W=010001000101000100001010001000010 Q=21222122121211221111 Psi=11111111111111111110 hc_fail=13 lang_fail=5
   W=010001010101000100001010001000010 Q=21222122121211221111 Psi=11111111111111111110 hc_fail=13 lang_fail=5
   W=010101010101000100001010001000010 Q=21222122121211221111 Psi=11111111111111111110 hc_fail=13 lang_fail=5
   W=100001000101000100001010001000010 Q=21222122121211221111 Psi=11111111111111111110 hc_fail=13 lang_fail=5
   W=100001010101000100001010001000010 Q=21222122121211221111 Psi=11111111111111111110 hc_fail=13 lang_fail=5
   W=100100010100001000010000101010101 Q=11122122111121211 Psi=11111111111111110 hc_fail=0 lang_fail=0
   W=100101010101000100001010001000010 Q=21222122121211221111 Psi=11111111111111111110 hc_fail=13 lang_fail=5
   W=101000010100001000010000101010101 Q=11122122111121211 Psi=11111111111111110 hc_fail=0 lang_fail=0
=== n=34 c=2 |R13_n|=23125 need=36
deepest: E-only 14  E+HC 9  E+R5 8  E+LANG 7   attained by 14 prefixes, longest common suffix of attainers: '01' (len 2)
   W=0000100001010000101010101000100001  Q=21212221  Psi=00000001
   W=0000100010000101000010001000010101  Q=21212122  Psi=00000001
   W=0001000010000101000010001000010101  Q=21212122  Psi=00000001
   W=0010001010000101000010001000010101  Q=21212122  Psi=00000001
   W=0010100001010000101010101000100001  Q=21212221  Psi=00000001
   W=0010100010000101000010001000010101  Q=21212122  Psi=00000001
   W=0100001010000101000010001000010101  Q=21212122  Psi=00000001
   W=0101000010000101000010001000010101  Q=21212122  Psi=00000001
   W=1000100001010000101010101000100001  Q=21212221  Psi=00000001
   W=1000100010000101000010001000010101  Q=21212122  Psi=00000001
   W=1001000010000101000010001000010101  Q=21212122  Psi=00000001
   W=1010001010000101000010001000010101  Q=21212122  Psi=00000001
prefixes with E-only run >= n/2: 0; first kill index (LANG or E) histogram: []
E-only survivors with run >= 0.4n (2): W, Q (through first E fail), Psi, first 11 index, first LANG fail index
   W=0001010000100010000101000010101010 Q=211222112121112 Psi=000000000000001 hc_fail=2 lang_fail=1
   W=1001010000100010000101000010101010 Q=211222112121112 Psi=000000000000001 hc_fail=2 lang_fail=1
=== n=34 c=3 |R13_n|=23125 need=36
deepest: E-only 17  E+HC 11  E+R5 11  E+LANG 7   attained by 2 prefixes, longest common suffix of attainers: '00010001000010101010100010000100' (len 32)
   W=0100010001000010101010100010000100  Q=12212211  Psi=11111110
   W=1000010001000010101010100010000100  Q=12212211  Psi=11111110
prefixes with E-only run >= n/2: 12; first kill index (LANG or E) histogram: [(3, 12)]
E-only survivors with run >= 0.4n (16): W, Q (through first E fail), Psi, first 11 index, first LANG fail index
   W=0000100010100010000101000100001001 Q=222122121211221111 Psi=111111111111111110 hc_fail=11 lang_fail=3
   W=0000101010100010000101000100001001 Q=222122121211221111 Psi=111111111111111110 hc_fail=11 lang_fail=3
   W=0001000010100010000101000100001001 Q=222122121211221111 Psi=111111111111111110 hc_fail=11 lang_fail=3
   W=0001000101000010010000100001001000 Q=112121212121222 Psi=111111111111110 hc_fail=1 lang_fail=0
   W=0010000101000010010000100001001000 Q=112121212121222 Psi=111111111111110 hc_fail=1 lang_fail=0
   W=0010001010100010000101000100001001 Q=222122121211221111 Psi=111111111111111110 hc_fail=11 lang_fail=3
   W=0010101010100010000101000100001001 Q=222122121211221111 Psi=111111111111111110 hc_fail=11 lang_fail=3
   W=0100001010100010000101000100001001 Q=222122121211221111 Psi=111111111111111110 hc_fail=11 lang_fail=3
   W=0101000010100010000101000100001001 Q=222122121211221111 Psi=111111111111111110 hc_fail=11 lang_fail=3
   W=1000100010100010000101000100001001 Q=222122121211221111 Psi=111111111111111110 hc_fail=11 lang_fail=3
   W=1000101010100010000101000100001001 Q=222122121211221111 Psi=111111111111111110 hc_fail=11 lang_fail=3
   W=1001000010100010000101000100001001 Q=222122121211221111 Psi=111111111111111110 hc_fail=11 lang_fail=3
   W=1001000101000010010000100001001000 Q=112121212121222 Psi=111111111111110 hc_fail=1 lang_fail=0
   W=1010000101000010010000100001001000 Q=112121212121222 Psi=111111111111110 hc_fail=1 lang_fail=0
   W=1010001010100010000101000100001001 Q=222122121211221111 Psi=111111111111111110 hc_fail=11 lang_fail=3
   W=1010101010100010000101000100001001 Q=222122121211221111 Psi=111111111111111110 hc_fail=11 lang_fail=3
=== n=35 c=2 |R13_n|=29150 need=37
deepest: E-only 11  E+HC 10  E+R5 10  E+LANG 8   attained by 4 prefixes, longest common suffix of attainers: '0001010000101000100001000010000' (len 31)
   W=00010001010000101000100001000010000  Q=121212122  Psi=000000001
   W=00100001010000101000100001000010000  Q=121212122  Psi=000000001
   W=10010001010000101000100001000010000  Q=121212122  Psi=000000001
   W=10100001010000101000100001000010000  Q=121212122  Psi=000000001
prefixes with E-only run >= n/2: 0; first kill index (LANG or E) histogram: []
E-only survivors with run >= 0.4n (0): W, Q (through first E fail), Psi, first 11 index, first LANG fail index
=== n=35 c=3 |R13_n|=29150 need=37
deepest: E-only 15  E+HC 9  E+R5 9  E+LANG 8   attained by 2 prefixes, longest common suffix of attainers: '0010100001001000010000101010001000' (len 34)
   W=00010100001001000010000101010001000  Q=212212211  Psi=111111111
   W=10010100001001000010000101010001000  Q=212212211  Psi=111111111
prefixes with E-only run >= n/2: 0; first kill index (LANG or E) histogram: []
E-only survivors with run >= 0.4n (9): W, Q (through first E fail), Psi, first 11 index, first LANG fail index
   W=00010001010001000010100010000100100 Q=2122121211221111 Psi=1111111111111110 hc_fail=9 lang_fail=1
   W=00010101010001000010100010000100100 Q=2122121211221111 Psi=1111111111111110 hc_fail=9 lang_fail=1
   W=00100001010001000010100010000100100 Q=2122121211221111 Psi=1111111111111110 hc_fail=9 lang_fail=1
   W=01000101010001000010100010000100100 Q=2122121211221111 Psi=1111111111111110 hc_fail=9 lang_fail=1
   W=01010101010001000010100010000100100 Q=2122121211221111 Psi=1111111111111110 hc_fail=9 lang_fail=1
   W=10000101010001000010100010000100100 Q=2122121211221111 Psi=1111111111111110 hc_fail=9 lang_fail=1
   W=10010001010001000010100010000100100 Q=2122121211221111 Psi=1111111111111110 hc_fail=9 lang_fail=1
   W=10010101010001000010100010000100100 Q=2122121211221111 Psi=1111111111111110 hc_fail=9 lang_fail=1
   W=10100001010001000010100010000100100 Q=2122121211221111 Psi=1111111111111110 hc_fail=9 lang_fail=1
=== n=36 c=2 |R13_n|=36752 need=38
deepest: E-only 11  E+HC 8  E+R5 8  E+LANG 7   attained by 7 prefixes, longest common suffix of attainers: '0' (len 1)
   W=000101010001000010000101000010001000  Q=12221222  Psi=00000001
   W=010001010000101000100001000010010010  Q=22212211  Psi=00000001
   W=010001010001000010000101000010001000  Q=12221222  Psi=00000001
   W=010101010001000010000101000010001000  Q=12221222  Psi=00000001
   W=100001010000101000100001000010010010  Q=22212211  Psi=00000001
   W=100001010001000010000101000010001000  Q=12221222  Psi=00000001
   W=100101010001000010000101000010001000  Q=12221222  Psi=00000001
prefixes with E-only run >= n/2: 0; first kill index (LANG or E) histogram: []
E-only survivors with run >= 0.4n (0): W, Q (through first E fail), Psi, first 11 index, first LANG fail index
=== n=36 c=3 |R13_n|=36752 need=38
deepest: E-only 13  E+HC 9  E+R5 9  E+LANG 9   attained by 7 prefixes, longest common suffix of attainers: '00010100001000100010101000100' (len 29)
   W=000101000010100001000100010101000100  Q=2212212222  Psi=1111111110
   W=001000100010100001000100010101000100  Q=2212212222  Psi=1111111110
   W=010000100010100001000100010101000100  Q=2212212222  Psi=1111111110
   W=010001000010100001000100010101000100  Q=2212212222  Psi=1111111110
   W=100001000010100001000100010101000100  Q=2212212222  Psi=1111111110
   W=100101000010100001000100010101000100  Q=2212212222  Psi=1111111110
   W=101000100010100001000100010101000100  Q=2212212222  Psi=1111111110
prefixes with E-only run >= n/2: 0; first kill index (LANG or E) histogram: []
E-only survivors with run >= 0.4n (0): W, Q (through first E fail), Psi, first 11 index, first LANG fail index
