=== n=28 c=2 |R13_n|=5731 need=30
deepest: E-only 8  E+HC 6  E+LANG 5   attained by 7 prefixes, longest common suffix of attainers: '' (len 0)
   W=0010100001000100100001000010  Q=222122  Psi=000001
   W=0100010100001000101000010010  Q=212222  Psi=000001
   W=0100010100001001001000010000  Q=122222  Psi=000001
   W=0101000010001000010000100001  Q=212222  Psi=000001
   W=1000010100001000101000010010  Q=212222  Psi=000001
   W=1000010100001001001000010000  Q=122222  Psi=000001
   W=1010100001000100100001000010  Q=222122  Psi=000001
prefixes with E-only run >= n/2: 0; first kill index (LANG or E) histogram: []
=== n=28 c=3 |R13_n|=5731 need=30
deepest: E-only 12  E+HC 8  E+LANG 6   attained by 5 prefixes, longest common suffix of attainers: '' (len 0)
   W=0010001010000100001000010010  Q=2122222  Psi=1111111
   W=0100001010000100001000010010  Q=2122222  Psi=1111111
   W=0100010100001000100010100001  Q=2122212  Psi=1111110
   W=1000010100001000100010100001  Q=2122212  Psi=1111110
   W=1010001010000100001000010010  Q=2122222  Psi=1111111
prefixes with E-only run >= n/2: 0; first kill index (LANG or E) histogram: []
=== n=29 c=2 |R13_n|=7242 need=31
deepest: E-only 9  E+HC 8  E+LANG 7   attained by 1 prefixes, longest common suffix of attainers: '01010000100010001000100001010' (len 29)
   W=01010000100010001000100001010  Q=12121221  Psi=00000001
prefixes with E-only run >= n/2: 0; first kill index (LANG or E) histogram: []
=== n=29 c=3 |R13_n|=7242 need=31
deepest: E-only 12  E+HC 11  E+LANG 5   attained by 15 prefixes, longest common suffix of attainers: '' (len 0)
   W=00001010000100001010000101010  Q=221221  Psi=111111
   W=00010001010000100100001001000  Q=212211  Psi=111110
   W=00010100001000101000010100001  Q=222211  Psi=111111
   W=00010101000100001010000101010  Q=221221  Psi=111111
   W=00100001000100010001000100010  Q=121221  Psi=111111
   W=00100001010000100100001001000  Q=212211  Psi=111110
   W=01000101000100001010000101010  Q=221221  Psi=111111
   W=01010101000100001010000101010  Q=221221  Psi=111111
   W=10000101000100001010000101010  Q=221221  Psi=111111
   W=10001010000100001010000101010  Q=221221  Psi=111111
   W=10010001010000100100001001000  Q=212211  Psi=111110
   W=10010100001000101000010100001  Q=222211  Psi=111111
prefixes with E-only run >= n/2: 0; first kill index (LANG or E) histogram: []
=== n=30 c=2 |R13_n|=9136 need=32
deepest: E-only 10  E+HC 7  E+LANG 5   attained by 16 prefixes, longest common suffix of attainers: '' (len 0)
   W=000010100010000100100100001001  Q=222212  Psi=000001
   W=000100010001000100010000101010  Q=121221  Psi=000001
   W=000101000010000100100100001001  Q=222212  Psi=000001
   W=001000010001000100010000101010  Q=121221  Psi=000001
   W=001010000100010000100001010000  Q=122222  Psi=000001
   W=001010100010000100100100001001  Q=222212  Psi=000001
   W=010001000100001010001000010010  Q=212221  Psi=000000
   W=010001010000100001000010101000  Q=122222  Psi=000000
   W=100001000100001010001000010010  Q=212221  Psi=000000
   W=100001010000100001000010101000  Q=122222  Psi=000000
   W=100010100010000100100100001001  Q=222212  Psi=000001
   W=100100010001000100010000101010  Q=121221  Psi=000001
prefixes with E-only run >= n/2: 0; first kill index (LANG or E) histogram: []
=== n=30 c=3 |R13_n|=9136 need=32
deepest: E-only 12  E+HC 9  E+LANG 5   attained by 38 prefixes, longest common suffix of attainers: '' (len 0)
   W=000010000100001000010010000100  Q=122121  Psi=111111
   W=000010100001000100100001000010  Q=121211  Psi=111111
   W=000010100001010000100010001001  Q=222211  Psi=111110
   W=000100010000101000010000100100  Q=221222  Psi=111110
   W=000100010100010000101010101010  Q=122212  Psi=111110
   W=000100100100001000010010000100  Q=122121  Psi=111111
   W=000101000010001000100100001000  Q=212221  Psi=111110
   W=000101000100001000010010000100  Q=122121  Psi=111111
   W=000101010100010000101010101010  Q=122212  Psi=111110
   W=001000010000101000010000100100  Q=221222  Psi=111110
   W=001000010100010000101010101010  Q=122212  Psi=111110
   W=001000100001010000100010001001  Q=222211  Psi=111110
prefixes with E-only run >= n/2: 0; first kill index (LANG or E) histogram: []
=== n=31 c=2 |R13_n|=11523 need=33
deepest: E-only 10  E+HC 9  E+LANG 9   attained by 4 prefixes, longest common suffix of attainers: '0100001010000100010001010000' (len 28)
   W=0000100001010000100010001010000  Q=1212222121  Psi=0000000001
   W=0010100001010000100010001010000  Q=1212222121  Psi=0000000001
   W=1000100001010000100010001010000  Q=1212222121  Psi=0000000001
   W=1010100001010000100010001010000  Q=1212222121  Psi=0000000001
prefixes with E-only run >= n/2: 0; first kill index (LANG or E) histogram: []
=== n=31 c=3 |R13_n|=11523 need=33
deepest: E-only 14  E+HC 11  E+LANG 6   attained by 10 prefixes, longest common suffix of attainers: '' (len 0)
   W=0000100010001000100010000100001  Q=2122211  Psi=1111110
   W=0010001000010101000100001000010  Q=2122122  Psi=1111110
   W=0010010000100001000010010010000  Q=1222212  Psi=1111110
   W=0100001000010101000100001000010  Q=2122122  Psi=1111110
   W=0100010000100001000010010010000  Q=1222212  Psi=1111110
   W=0100010100001000100010001001001  Q=2222122  Psi=1111110
   W=1000010000100001000010010010000  Q=1222212  Psi=1111110
   W=1000010100001000100010001001001  Q=2222122  Psi=1111110
   W=1000100010001000100010000100001  Q=2122211  Psi=1111110
   W=1010001000010101000100001000010  Q=2122122  Psi=1111110
prefixes with E-only run >= n/2: 0; first kill index (LANG or E) histogram: []
=== n=32 c=2 |R13_n|=14533 need=34
deepest: E-only 12  E+HC 8  E+LANG 7   attained by 5 prefixes, longest common suffix of attainers: '000101000010001000101000010' (len 27)
   W=00001000101000010001000101000010  Q=12222121  Psi=00000001
   W=00010000101000010001000101000010  Q=12222121  Psi=00000001
   W=01010000101000010001000101000010  Q=12222121  Psi=00000001
   W=10001000101000010001000101000010  Q=12222121  Psi=00000001
   W=10010000101000010001000101000010  Q=12222121  Psi=00000001
prefixes with E-only run >= n/2: 0; first kill index (LANG or E) histogram: []
=== n=32 c=3 |R13_n|=14533 need=34
deepest: E-only 16  E+HC 13  E+LANG 6   attained by 15 prefixes, longest common suffix of attainers: '0' (len 1)
   W=00001001001000010000101010101010  Q=2212221  Psi=1111110
   W=00010001001000010000101010101010  Q=2212221  Psi=1111110
   W=00100001001000010000101010101010  Q=2212221  Psi=1111110
   W=00100010100001000010100001000100  Q=1221221  Psi=1111110
   W=00101000010001000100010000101000  Q=2122222  Psi=1111111
   W=00101000010001010000100001010000  Q=1221221  Psi=1111110
   W=01000010100001000010100001000100  Q=1221221  Psi=1111110
   W=01000100010001010000100001010000  Q=1221221  Psi=1111110
   W=01001001001000010000101010101010  Q=2212221  Psi=1111110
   W=10000100010001010000100001010000  Q=1221221  Psi=1111110
   W=10001001001000010000101010101010  Q=2212221  Psi=1111110
   W=10100001001000010000101010101010  Q=2212221  Psi=1111110
prefixes with E-only run >= n/2: 4; first kill index (LANG or E) histogram: [(1, 4)]
=== n=33 c=2 |R13_n|=18333 need=35
deepest: E-only 16  E+HC 13  E+LANG 8   attained by 6 prefixes, longest common suffix of attainers: '0010010000100001010000100010' (len 28)
   W=000010010010000100001010000100010  Q=222121212  Psi=000000001
   W=000100010010000100001010000100010  Q=222121212  Psi=000000001
   W=001000010010000100001010000100010  Q=222121212  Psi=000000001
   W=010010010010000100001010000100010  Q=222121212  Psi=000000001
   W=100010010010000100001010000100010  Q=222121212  Psi=000000001
   W=101000010010000100001010000100010  Q=222121212  Psi=000000001
prefixes with E-only run >= n/2: 0; first kill index (LANG or E) histogram: []
=== n=33 c=3 |R13_n|=18333 need=35
deepest: E-only 19  E+HC 13  E+LANG 8   attained by 4 prefixes, longest common suffix of attainers: '00010001000010010010000100001' (len 29)
   W=000100010001000010010010000100001  Q=212121221  Psi=111111111
   W=001000010001000010010010000100001  Q=212121221  Psi=111111111
   W=100100010001000010010010000100001  Q=212121221  Psi=111111111
   W=101000010001000010010010000100001  Q=212121221  Psi=111111111
prefixes with E-only run >= n/2: 7; first kill index (LANG or E) histogram: [(5, 7)]
=== n=34 c=2 |R13_n|=23125 need=36
deepest: E-only 14  E+HC 9  E+LANG 7   attained by 14 prefixes, longest common suffix of attainers: '01' (len 2)
   W=0000100001010000101010101000100001  Q=21212221  Psi=00000001
   W=0000100010000101000010001000010101  Q=21212122  Psi=00000001
   W=0001000010000101000010001000010101  Q=21212122  Psi=00000001
   W=0010001010000101000010001000010101  Q=21212122  Psi=00000001
   W=0010100001010000101010101000100001  Q=21212221  Psi=00000001
   W=0010100010000101000010001000010101  Q=21212122  Psi=00000001
   W=0100001010000101000010001000010101  Q=21212122  Psi=00000001
   W=0101000010000101000010001000010101  Q=21212122  Psi=00000001
   W=1000100001010000101010101000100001  Q=21212221  Psi=00000001
   W=1000100010000101000010001000010101  Q=21212122  Psi=00000001
   W=1001000010000101000010001000010101  Q=21212122  Psi=00000001
   W=1010001010000101000010001000010101  Q=21212122  Psi=00000001
prefixes with E-only run >= n/2: 0; first kill index (LANG or E) histogram: []
=== n=34 c=3 |R13_n|=23125 need=36
deepest: E-only 17  E+HC 11  E+LANG 7   attained by 2 prefixes, longest common suffix of attainers: '00010001000010101010100010000100' (len 32)
   W=0100010001000010101010100010000100  Q=12212211  Psi=11111110
   W=1000010001000010101010100010000100  Q=12212211  Psi=11111110
prefixes with E-only run >= n/2: 12; first kill index (LANG or E) histogram: [(3, 12)]
=== n=35 c=2 |R13_n|=29150 need=37
deepest: E-only 11  E+HC 10  E+LANG 8   attained by 4 prefixes, longest common suffix of attainers: '0001010000101000100001000010000' (len 31)
   W=00010001010000101000100001000010000  Q=121212122  Psi=000000001
   W=00100001010000101000100001000010000  Q=121212122  Psi=000000001
   W=10010001010000101000100001000010000  Q=121212122  Psi=000000001
   W=10100001010000101000100001000010000  Q=121212122  Psi=000000001
prefixes with E-only run >= n/2: 0; first kill index (LANG or E) histogram: []
=== n=35 c=3 |R13_n|=29150 need=37
deepest: E-only 15  E+HC 9  E+LANG 8   attained by 2 prefixes, longest common suffix of attainers: '0010100001001000010000101010001000' (len 34)
   W=00010100001001000010000101010001000  Q=212212211  Psi=111111111
   W=10010100001001000010000101010001000  Q=212212211  Psi=111111111
prefixes with E-only run >= n/2: 0; first kill index (LANG or E) histogram: []
=== n=36 c=2 |R13_n|=36752 need=38
deepest: E-only 11  E+HC 8  E+LANG 7   attained by 7 prefixes, longest common suffix of attainers: '0' (len 1)
   W=000101010001000010000101000010001000  Q=12221222  Psi=00000001
   W=010001010000101000100001000010010010  Q=22212211  Psi=00000001
   W=010001010001000010000101000010001000  Q=12221222  Psi=00000001
   W=010101010001000010000101000010001000  Q=12221222  Psi=00000001
   W=100001010000101000100001000010010010  Q=22212211  Psi=00000001
   W=100001010001000010000101000010001000  Q=12221222  Psi=00000001
   W=100101010001000010000101000010001000  Q=12221222  Psi=00000001
prefixes with E-only run >= n/2: 0; first kill index (LANG or E) histogram: []
=== n=36 c=3 |R13_n|=36752 need=38
deepest: E-only 13  E+HC 9  E+LANG 9   attained by 7 prefixes, longest common suffix of attainers: '00010100001000100010101000100' (len 29)
   W=000101000010100001000100010101000100  Q=2212212222  Psi=1111111110
   W=001000100010100001000100010101000100  Q=2212212222  Psi=1111111110
   W=010000100010100001000100010101000100  Q=2212212222  Psi=1111111110
   W=010001000010100001000100010101000100  Q=2212212222  Psi=1111111110
   W=100001000010100001000100010101000100  Q=2212212222  Psi=1111111110
   W=100101000010100001000100010101000100  Q=2212212222  Psi=1111111110
   W=101000100010100001000100010101000100  Q=2212212222  Psi=1111111110
prefixes with E-only run >= n/2: 0; first kill index (LANG or E) histogram: []
