gate: 1022 prefixes agree with psi_kernel.psi through n=9
=== n=8 c=2 steps=10 need=10 ===
deepest RW run 3  deepest E-only run 6  witness 11222222121
 k     N_E    N_HC    N_RW  N_RW+AR N_HC+AR   E/prev   RW/prev
 0     256     256     256      256     256      nan      nan
 1     124     184      87       82     177    0.484    0.340
 2      68     157      44       35     142    0.548    0.506
 3      24     120       9        9     104    0.353    0.205
 4      19      90       0        0      80    0.792    0.000
 5      14      83       0        0      61    0.737      nan
 6      10      70       0        0      48    0.714      nan
 7       0      48       0        0      28    0.000      nan
 8       0      39       0        0      19      nan      nan
 9       0      27       0        0      14      nan      nan
10       0      27       0        0      14      nan      nan
joint law over E survivors: level, (prev,sym) -> [#E ok, #E fail]  and density of forced 1s so far
  j= 0 (11):    37/    35  (12):    21/    35  (21):    31/    26  (22):    35/    36   ones density nan
  j= 1 (11):    18/     9  (12):    22/    19  (21):    12/    19  (22):    16/     9   ones density 0.548
  j= 2 (11):     9/    13  (12):     4/     4  (21):    11/    15  (22):     0/    12   ones density 0.515
  j= 3 (11):    13/     2  (12):     4/     1  (21):     0/     0  (22):     2/     2   ones density 0.750
  j= 4 (11):    10/     0  (12):     0/     3  (21):     0/     0  (22):     4/     2   ones density 0.724
  j= 5 (11):     2/     0  (12):     8/     0  (21):     0/     0  (22):     0/     4   ones density 0.743
  j= 6 (11):     0/     2  (12):     0/     0  (21):     0/     8  (22):     0/     0   ones density 0.700
  j= 7 (11):     0/     0  (12):     0/     0  (21):     0/     0  (22):     0/     0   ones density nan
  j= 8 (11):     0/     0  (12):     0/     0  (21):     0/     0  (22):     0/     0   ones density nan
  j= 9 (11):     0/     0  (12):     0/     0  (21):     0/     0  (22):     0/     0   ones density nan
joint law over RW survivors: level, (prev,sym) -> [#E ok, #E fail]
  j= 0 (11):    37/    35  (12):    21/    35  (21):    31/    26  (22):    35/    36
  j= 1 (11):     4/     7  (12):    16/     4  (21):    12/    19  (22):    16/     9
  j= 2 (11):     3/     7  (12):     0/     2  (21):     9/    11  (22):     0/    12
  j= 3 (11):     8/     0  (12):     0/     1  (21):     0/     0  (22):     0/     0
  j= 4 (11):     0/     0  (12):     0/     0  (21):     0/     0  (22):     0/     0
  j= 5 (11):     0/     0  (12):     0/     0  (21):     0/     0  (22):     0/     0
  j= 6 (11):     0/     0  (12):     0/     0  (21):     0/     0  (22):     0/     0
  j= 7 (11):     0/     0  (12):     0/     0  (21):     0/     0  (22):     0/     0
  j= 8 (11):     0/     0  (12):     0/     0  (21):     0/     0  (22):     0/     0
  j= 9 (11):     0/     0  (12):     0/     0  (21):     0/     0  (22):     0/     0
=== n=8 c=3 steps=10 need=10 ===
deepest RW run 6  deepest E-only run 7  witness 12222111212121
 k     N_E    N_HC    N_RW  N_RW+AR N_HC+AR   E/prev   RW/prev
 0     256     256     256      256     256      nan      nan
 1     132     184      97       95     177    0.516    0.379
 2      70     157      49       45     142    0.530    0.505
 3      25     120      17       15     104    0.357    0.347
 4      13      90       7        5      80    0.520    0.412
 5      12      83       4        4      61    0.923    0.571
 6       5      70       3        3      48    0.417    0.750
 7       5      48       0        0      28    1.000    0.000
 8       0      39       0        0      19    0.000      nan
 9       0      27       0        0      14      nan      nan
10       0      27       0        0      14      nan      nan
joint law over E survivors: level, (prev,sym) -> [#E ok, #E fail]  and density of forced 1s so far
  j= 0 (11):    35/    37  (12):    35/    21  (21):    26/    31  (22):    36/    35   ones density nan
  j= 1 (11):    14/    20  (12):    13/    14  (21):    23/    10  (22):    20/    18   ones density 0.462
  j= 2 (11):     4/    19  (12):     3/    11  (21):     4/    15  (22):    14/     0   ones density 0.457
  j= 3 (11):     0/     2  (12):     2/     4  (21):     6/     0  (22):     5/     6   ones density 0.320
  j= 4 (11):     2/     0  (12):     3/     1  (21):     2/     0  (22):     5/     0   ones density 0.346
  j= 5 (11):     0/     2  (12):     2/     0  (21):     3/     5  (22):     0/     0   ones density 0.350
  j= 6 (11):     3/     0  (12):     0/     0  (21):     0/     0  (22):     2/     0   ones density 0.433
  j= 7 (11):     0/     0  (12):     0/     3  (21):     0/     2  (22):     0/     0   ones density 0.457
  j= 8 (11):     0/     0  (12):     0/     0  (21):     0/     0  (22):     0/     0   ones density nan
  j= 9 (11):     0/     0  (12):     0/     0  (21):     0/     0  (22):     0/     0   ones density nan
joint law over RW survivors: level, (prev,sym) -> [#E ok, #E fail]
  j= 0 (11):    35/    37  (12):    35/    21  (21):    26/    31  (22):    36/    35
  j= 1 (11):     5/    11  (12):     6/     4  (21):    23/    10  (22):    20/    18
  j= 2 (11):     3/    12  (12):     3/     5  (21):     4/    12  (22):    10/     0
  j= 3 (11):     0/     0  (12):     0/     4  (21):     6/     0  (22):     1/     6
  j= 4 (11):     2/     0  (12):     3/     1  (21):     0/     0  (22):     1/     0
  j= 5 (11):     0/     0  (12):     0/     0  (21):     3/     1  (22):     0/     0
  j= 6 (11):     3/     0  (12):     0/     0  (21):     0/     0  (22):     0/     0
  j= 7 (11):     0/     0  (12):     0/     0  (21):     0/     0  (22):     0/     0
  j= 8 (11):     0/     0  (12):     0/     0  (21):     0/     0  (22):     0/     0
  j= 9 (11):     0/     0  (12):     0/     0  (21):     0/     0  (22):     0/     0
=== n=9 c=2 steps=11 need=11 ===
deepest RW run 4  deepest E-only run 5  witness 1121121222121
 k     N_E    N_HC    N_RW  N_RW+AR N_HC+AR   E/prev   RW/prev
 0     512     512     512      512     512      nan      nan
 1     216     376     162      158     370    0.422    0.316
 2     106     312      57       53     297    0.491    0.352
 3      39     271      17       17     247    0.368    0.298
 4      13     228       4        4     199    0.333    0.235
 5       2     162       0        0     130    0.154    0.000
 6       0     133       0        0     102    0.000      nan
 7       0     116       0        0      88      nan      nan
 8       0      98       0        0      77      nan      nan
 9       0      75       0        0      53      nan      nan
10       0      66       0        0      43      nan      nan
11       0      61       0        0      29      nan      nan
joint law over E survivors: level, (prev,sym) -> [#E ok, #E fail]  and density of forced 1s so far
  j= 0 (11):    54/    82  (12):    48/    72  (21):    62/    79  (22):    52/    63   ones density nan
  j= 1 (11):    30/    30  (12):    29/    27  (21):    16/    20  (22):    31/    33   ones density 0.537
  j= 2 (11):     7/    14  (12):    10/    15  (21):    12/    21  (22):    10/    17   ones density 0.495
  j= 3 (11):     1/    11  (12):     7/     0  (21):     4/     2  (22):     1/    13   ones density 0.530
  j= 4 (11):     0/     5  (12):     0/     0  (21):     1/     6  (22):     1/     0   ones density 0.635
  j= 5 (11):     0/     0  (12):     0/     1  (21):     0/     1  (22):     0/     0   ones density 0.400
  j= 6 (11):     0/     0  (12):     0/     0  (21):     0/     0  (22):     0/     0   ones density nan
  j= 7 (11):     0/     0  (12):     0/     0  (21):     0/     0  (22):     0/     0   ones density nan
  j= 8 (11):     0/     0  (12):     0/     0  (21):     0/     0  (22):     0/     0   ones density nan
  j= 9 (11):     0/     0  (12):     0/     0  (21):     0/     0  (22):     0/     0   ones density nan
  j=10 (11):     0/     0  (12):     0/     0  (21):     0/     0  (22):     0/     0   ones density nan
joint law over RW survivors: level, (prev,sym) -> [#E ok, #E fail]
  j= 0 (11):    54/    82  (12):    48/    72  (21):    62/    79  (22):    52/    63
  j= 1 (11):    21/    11  (12):    10/    20  (21):    16/    20  (22):    31/    33
  j= 2 (11):     0/     5  (12):     4/     7  (21):    11/    19  (22):     2/     9
  j= 3 (11):     0/    11  (12):     0/     0  (21):     4/     0  (22):     0/     2
  j= 4 (11):     0/     4  (12):     0/     0  (21):     0/     0  (22):     0/     0
  j= 5 (11):     0/     0  (12):     0/     0  (21):     0/     0  (22):     0/     0
  j= 6 (11):     0/     0  (12):     0/     0  (21):     0/     0  (22):     0/     0
  j= 7 (11):     0/     0  (12):     0/     0  (21):     0/     0  (22):     0/     0
  j= 8 (11):     0/     0  (12):     0/     0  (21):     0/     0  (22):     0/     0
  j= 9 (11):     0/     0  (12):     0/     0  (21):     0/     0  (22):     0/     0
  j=10 (11):     0/     0  (12):     0/     0  (21):     0/     0  (22):     0/     0
=== n=9 c=3 steps=11 need=11 ===
deepest RW run 8  deepest E-only run 8  witness 11222212212212221
 k     N_E    N_HC    N_RW  N_RW+AR N_HC+AR   E/prev   RW/prev
 0     512     512     512      512     512      nan      nan
 1     296     376     214      212     370    0.578    0.418
 2     161     312     112      108     297    0.544    0.523
 3     102     271      53       53     247    0.634    0.473
 4      66     228      23       23     199    0.647    0.434
 5      40     162       6        6     130    0.606    0.261
 6      18     133       6        6     102    0.450    1.000
 7      10     116       6        6      88    0.556    1.000
 8      10      98       6        6      77    1.000    1.000
 9       0      75       0        0      53    0.000    0.000
10       0      66       0        0      43      nan      nan
11       0      61       0        0      29      nan      nan
joint law over E survivors: level, (prev,sym) -> [#E ok, #E fail]  and density of forced 1s so far
  j= 0 (11):    82/    54  (12):    72/    48  (21):    79/    62  (22):    63/    52   ones density nan
  j= 1 (11):    37/    40  (12):    31/    53  (21):    46/    24  (22):    47/    18   ones density 0.544
  j= 2 (11):    31/    10  (12):    26/    16  (21):    22/    22  (22):    23/    11   ones density 0.469
  j= 3 (11):    20/    14  (12):    13/     6  (21):    24/     6  (22):     9/    10   ones density 0.520
  j= 4 (11):    11/     5  (12):    20/     8  (21):     0/     3  (22):     9/    10   ones density 0.598
  j= 5 (11):     0/     2  (12):     0/     9  (21):    10/     9  (22):     8/     2   ones density 0.535
  j= 6 (11):     4/     0  (12):     0/     6  (21):     0/     2  (22):     6/     0   ones density 0.556
  j= 7 (11):     0/     0  (12):     4/     0  (21):     6/     0  (22):     0/     0   ones density 0.514
  j= 8 (11):     0/     6  (12):     0/     0  (21):     0/     4  (22):     0/     0   ones density 0.525
  j= 9 (11):     0/     0  (12):     0/     0  (21):     0/     0  (22):     0/     0   ones density nan
  j=10 (11):     0/     0  (12):     0/     0  (21):     0/     0  (22):     0/     0   ones density nan
joint law over RW survivors: level, (prev,sym) -> [#E ok, #E fail]
  j= 0 (11):    82/    54  (12):    72/    48  (21):    79/    62  (22):    63/    52
  j= 1 (11):    16/    16  (12):    19/    28  (21):    46/    24  (22):    47/    18
  j= 2 (11):    16/     2  (12):    14/    14  (21):    16/    16  (22):    23/    11
  j= 3 (11):     5/     7  (12):     0/     4  (21):    18/     6  (22):     5/     8
  j= 4 (11):     8/     4  (12):     6/     0  (21):     0/     3  (22):     0/     2
  j= 5 (11):     0/     0  (12):     0/     0  (21):     0/     0  (22):     6/     0
  j= 6 (11):     0/     0  (12):     0/     0  (21):     0/     0  (22):     6/     0
  j= 7 (11):     0/     0  (12):     0/     0  (21):     6/     0  (22):     0/     0
  j= 8 (11):     0/     6  (12):     0/     0  (21):     0/     0  (22):     0/     0
  j= 9 (11):     0/     0  (12):     0/     0  (21):     0/     0  (22):     0/     0
  j=10 (11):     0/     0  (12):     0/     0  (21):     0/     0  (22):     0/     0
=== n=10 c=2 steps=12 need=12 ===
deepest RW run 5  deepest E-only run 9  witness 112111111212121
 k     N_E    N_HC    N_RW  N_RW+AR N_HC+AR   E/prev   RW/prev
 0    1024    1024    1024     1024    1024      nan      nan
 1     509     781     396      385     746    0.497    0.387
 2     249     651     177      166     606    0.489    0.447
 3     113     511      62       57     447    0.454    0.350
 4      61     432      26       24     362    0.540    0.419
 5      38     306       6        4     235    0.623    0.231
 6      21     262       0        0     195    0.553    0.000
 7       6     207       0        0     152    0.286      nan
 8       6     165       0        0     111    1.000      nan
 9       6     135       0        0      66    1.000      nan
10       0     112       0        0      47    0.000      nan
11       0     101       0        0      41      nan      nan
12       0      77       0        0      24      nan      nan
joint law over E survivors: level, (prev,sym) -> [#E ok, #E fail]  and density of forced 1s so far
  j= 0 (11):   113/   130  (12):   135/   134  (21):   120/   128  (22):   141/   123   ones density nan
  j= 1 (11):    42/    64  (12):    72/    55  (21):    77/    63  (22):    58/    78   ones density 0.458
  j= 2 (11):    26/    33  (12):    24/    36  (21):    21/    36  (22):    42/    31   ones density 0.468
  j= 3 (11):    21/     8  (12):     8/    10  (21):    26/    15  (22):     6/    19   ones density 0.460
  j= 4 (11):    17/    10  (12):    11/     9  (21):     6/     4  (22):     4/     0   ones density 0.570
  j= 5 (11):    10/     4  (12):     0/     9  (21):    11/     2  (22):     0/     2   ones density 0.600
  j= 6 (11):     6/    13  (12):     0/     2  (21):     0/     0  (22):     0/     0   ones density 0.730
  j= 7 (11):     0/     0  (12):     6/     0  (21):     0/     0  (22):     0/     0   ones density 1.000
  j= 8 (11):     0/     0  (12):     0/     0  (21):     0/     0  (22):     6/     0   ones density 0.875
  j= 9 (11):     0/     0  (12):     0/     0  (21):     0/     6  (22):     0/     0   ones density 0.778
  j=10 (11):     0/     0  (12):     0/     0  (21):     0/     0  (22):     0/     0   ones density nan
  j=11 (11):     0/     0  (12):     0/     0  (21):     0/     0  (22):     0/     0   ones density nan
joint law over RW survivors: level, (prev,sym) -> [#E ok, #E fail]
  j= 0 (11):   113/   130  (12):   135/   134  (21):   120/   128  (22):   141/   123
  j= 1 (11):    18/    38  (12):    42/    22  (21):    77/    63  (22):    58/    78
  j= 2 (11):    14/    20  (12):    13/    30  (21):    17/    26  (22):    32/    25
  j= 3 (11):     6/     0  (12):     4/     7  (21):    20/     7  (22):     2/    16
  j= 4 (11):     9/     2  (12):     0/     9  (21):     4/     0  (22):     2/     0
  j= 5 (11):     0/     4  (12):     0/     0  (21):     0/     0  (22):     0/     2
  j= 6 (11):     0/     0  (12):     0/     0  (21):     0/     0  (22):     0/     0
  j= 7 (11):     0/     0  (12):     0/     0  (21):     0/     0  (22):     0/     0
  j= 8 (11):     0/     0  (12):     0/     0  (21):     0/     0  (22):     0/     0
  j= 9 (11):     0/     0  (12):     0/     0  (21):     0/     0  (22):     0/     0
  j=10 (11):     0/     0  (12):     0/     0  (21):     0/     0  (22):     0/     0
  j=11 (11):     0/     0  (12):     0/     0  (21):     0/     0  (22):     0/     0
=== n=10 c=3 steps=12 need=12 ===
deepest RW run 7  deepest E-only run 9  witness 11221112221222121
 k     N_E    N_HC    N_RW  N_RW+AR N_HC+AR   E/prev   RW/prev
 0    1024    1024    1024     1024    1024      nan      nan
 1     515     781     385      361     746    0.503    0.376
 2     254     651     159      148     606    0.493    0.413
 3     140     511      62       55     447    0.551    0.390
 4      81     432      22       22     362    0.579    0.355
 5      50     306      14       14     235    0.617    0.636
 6      33     262      12       12     195    0.660    0.857
 7      10     207       4        4     152    0.303    0.333
 8       6     165       0        0     111    0.600    0.000
 9       6     135       0        0      66    1.000      nan
10       0     112       0        0      47    0.000      nan
11       0     101       0        0      41      nan      nan
12       0      77       0        0      24      nan      nan
joint law over E survivors: level, (prev,sym) -> [#E ok, #E fail]  and density of forced 1s so far
  j= 0 (11):   130/   113  (12):   134/   135  (21):   128/   120  (22):   123/   141   ones density nan
  j= 1 (11):    66/    64  (12):    56/    72  (21):    52/    71  (22):    80/    54   ones density 0.501
  j= 2 (11):    41/    18  (12):    29/    30  (21):    41/    26  (22):    29/    40   ones density 0.472
  j= 3 (11):    34/    15  (12):    19/    14  (21):    10/    21  (22):    18/     9   ones density 0.552
  j= 4 (11):    12/     3  (12):    18/    11  (21):     8/    11  (22):    12/     6   ones density 0.562
  j= 5 (11):     0/     5  (12):    13/     2  (21):    12/     4  (22):     8/     6   ones density 0.516
  j= 6 (11):     4/     4  (12):     2/     2  (21):     4/     6  (22):     0/    11   ones density 0.434
  j= 7 (11):     6/     0  (12):     0/     2  (21):     0/     2  (22):     0/     0   ones density 0.457
  j= 8 (11):     6/     0  (12):     0/     0  (21):     0/     0  (22):     0/     0   ones density 0.542
  j= 9 (11):     0/     6  (12):     0/     0  (21):     0/     0  (22):     0/     0   ones density 0.593
  j=10 (11):     0/     0  (12):     0/     0  (21):     0/     0  (22):     0/     0   ones density nan
  j=11 (11):     0/     0  (12):     0/     0  (21):     0/     0  (22):     0/     0   ones density nan
joint law over RW survivors: level, (prev,sym) -> [#E ok, #E fail]
  j= 0 (11):   130/   113  (12):   134/   135  (21):   128/   120  (22):   123/   141
  j= 1 (11):    27/    47  (12):    27/    27  (21):    52/    71  (22):    80/    54
  j= 2 (11):    18/    12  (12):     5/    17  (21):    34/    26  (22):    23/    24
  j= 3 (11):    20/     2  (12):     8/     4  (21):     2/     8  (22):    12/     6
  j= 4 (11):     0/     0  (12):     2/     0  (21):     4/     4  (22):     8/     4
  j= 5 (11):     0/     0  (12):     4/     0  (21):     6/     0  (22):     2/     2
  j= 6 (11):     2/     4  (12):     0/     0  (21):     4/     0  (22):     0/     2
  j= 7 (11):     4/     0  (12):     0/     0  (21):     0/     0  (22):     0/     0
  j= 8 (11):     0/     0  (12):     0/     0  (21):     0/     0  (22):     0/     0
  j= 9 (11):     0/     0  (12):     0/     0  (21):     0/     0  (22):     0/     0
  j=10 (11):     0/     0  (12):     0/     0  (21):     0/     0  (22):     0/     0
  j=11 (11):     0/     0  (12):     0/     0  (21):     0/     0  (22):     0/     0
=== n=11 c=2 steps=13 need=13 ===
deepest RW run 6  deepest E-only run 9  witness 11121111211212121
 k     N_E    N_HC    N_RW  N_RW+AR N_HC+AR   E/prev   RW/prev
 0    2048    2048    2048     2048    2048      nan      nan
 1     977    1533     728      696    1459    0.477    0.355
 2     487    1301     285      268    1201    0.498    0.391
 3     243     999      93       78     885    0.499    0.326
 4     112     830      36       25     696    0.461    0.387
 5      73     653       9        4     505    0.652    0.250
 6      31     530       4        4     385    0.425    0.444
 7      11     453       0        0     307    0.355    0.000
 8       8     387       0        0     244    0.727      nan
 9       6     318       0        0     194    0.750      nan
10       0     258       0        0     135    0.000      nan
11       0     217       0        0     114      nan      nan
12       0     192       0        0      80      nan      nan
13       0     127       0        0      65      nan      nan
joint law over E survivors: level, (prev,sym) -> [#E ok, #E fail]  and density of forced 1s so far
  j= 0 (11):   249/   266  (12):   255/   254  (21):   209/   288  (22):   264/   263   ones density nan
  j= 1 (11):   138/   108  (12):   108/   104  (21):   110/   162  (22):   131/   116   ones density 0.469
  j= 2 (11):    83/    75  (12):    37/    53  (21):    56/    52  (22):    67/    64   ones density 0.507
  j= 3 (11):    31/    39  (12):    19/    50  (21):    47/    18  (22):    15/    24   ones density 0.538
  j= 4 (11):    29/    24  (12):    14/    11  (21):    12/     2  (22):    18/     2   ones density 0.556
  j= 5 (11):     2/    19  (12):     9/    11  (21):     9/     4  (22):    11/     8   ones density 0.567
  j= 6 (11):     2/     5  (12):     0/     4  (21):     6/     6  (22):     3/     5   ones density 0.591
  j= 7 (11):     6/     0  (12):     2/     0  (21):     0/     3  (22):     0/     0   ones density 0.818
  j= 8 (11):     6/     0  (12):     0/     0  (21):     0/     2  (22):     0/     0   ones density 0.844
  j= 9 (11):     0/     6  (12):     0/     0  (21):     0/     0  (22):     0/     0   ones density 0.889
  j=10 (11):     0/     0  (12):     0/     0  (21):     0/     0  (22):     0/     0   ones density nan
  j=11 (11):     0/     0  (12):     0/     0  (21):     0/     0  (22):     0/     0   ones density nan
  j=12 (11):     0/     0  (12):     0/     0  (21):     0/     0  (22):     0/     0   ones density nan
joint law over RW survivors: level, (prev,sym) -> [#E ok, #E fail]
  j= 0 (11):   249/   266  (12):   255/   254  (21):   209/   288  (22):   264/   263
  j= 1 (11):    59/    41  (12):    44/    65  (21):   110/   162  (22):   131/   116
  j= 2 (11):    39/    36  (12):    14/    21  (21):    28/    49  (22):    51/    47
  j= 3 (11):     6/    13  (12):     1/     8  (21):    31/    13  (22):     4/    17
  j= 4 (11):    10/    14  (12):     4/     3  (21):     1/     0  (22):     4/     0
  j= 5 (11):     0/     0  (12):     0/     1  (21):     4/     0  (22):     0/     4
  j= 6 (11):     0/     0  (12):     0/     4  (21):     0/     0  (22):     0/     0
  j= 7 (11):     0/     0  (12):     0/     0  (21):     0/     0  (22):     0/     0
  j= 8 (11):     0/     0  (12):     0/     0  (21):     0/     0  (22):     0/     0
  j= 9 (11):     0/     0  (12):     0/     0  (21):     0/     0  (22):     0/     0
  j=10 (11):     0/     0  (12):     0/     0  (21):     0/     0  (22):     0/     0
  j=11 (11):     0/     0  (12):     0/     0  (21):     0/     0  (22):     0/     0
  j=12 (11):     0/     0  (12):     0/     0  (21):     0/     0  (22):     0/     0
=== n=11 c=3 steps=13 need=13 ===
deepest RW run 7  deepest E-only run 8  witness 112211122112122221
 k     N_E    N_HC    N_RW  N_RW+AR N_HC+AR   E/prev   RW/prev
 0    2048    2048    2048     2048    2048      nan      nan
 1    1071    1533     805      763    1459    0.523    0.393
 2     533    1301     325      305    1201    0.498    0.404
 3     306     999     157      138     885    0.574    0.483
 4     157     830      79       66     696    0.513    0.503
 5      79     653      32       29     505    0.503    0.405
 6      38     530      14       12     385    0.481    0.438
 7      25     453      12       10     307    0.658    0.857
 8       2     387       0        0     244    0.080    0.000
 9       0     318       0        0     194    0.000      nan
10       0     258       0        0     135      nan      nan
11       0     217       0        0     114      nan      nan
12       0     192       0        0      80      nan      nan
13       0     127       0        0      65      nan      nan
joint law over E survivors: level, (prev,sym) -> [#E ok, #E fail]  and density of forced 1s so far
  j= 0 (11):   266/   249  (12):   254/   255  (21):   288/   209  (22):   263/   264   ones density nan
  j= 1 (11):   139/   139  (12):   158/   118  (21):   121/   178  (22):   115/   103   ones density 0.517
  j= 2 (11):    61/    50  (12):   111/    38  (21):    53/    62  (22):    81/    77   ones density 0.523
  j= 3 (11):    17/    39  (12):    26/    32  (21):    48/    28  (22):    66/    50   ones density 0.485
  j= 4 (11):    28/    16  (12):    18/     3  (21):    21/    40  (22):    12/    19   ones density 0.412
  j= 5 (11):    19/    11  (12):     2/    17  (21):    10/     9  (22):     7/     4   ones density 0.509
  j= 6 (11):    13/     5  (12):     5/     6  (21):     4/     0  (22):     3/     2   ones density 0.500
  j= 7 (11):     2/    11  (12):     0/     4  (21):     0/     8  (22):     0/     0   ones density 0.491
  j= 8 (11):     0/     0  (12):     0/     2  (21):     0/     0  (22):     0/     0   ones density 0.750
  j= 9 (11):     0/     0  (12):     0/     0  (21):     0/     0  (22):     0/     0   ones density nan
  j=10 (11):     0/     0  (12):     0/     0  (21):     0/     0  (22):     0/     0   ones density nan
  j=11 (11):     0/     0  (12):     0/     0  (21):     0/     0  (22):     0/     0   ones density nan
  j=12 (11):     0/     0  (12):     0/     0  (21):     0/     0  (22):     0/     0   ones density nan
joint law over RW survivors: level, (prev,sym) -> [#E ok, #E fail]
  j= 0 (11):   266/   249  (12):   254/   255  (21):   288/   209  (22):   263/   264
  j= 1 (11):    83/    49  (12):    89/    67  (21):   121/   178  (22):   115/   103
  j= 2 (11):    28/    23  (12):    47/    23  (21):    47/    44  (22):    63/    50
  j= 3 (11):    14/    16  (12):    12/     5  (21):    19/    19  (22):    48/    24
  j= 4 (11):     5/     7  (12):     7/     0  (21):    17/    26  (22):     8/     9
  j= 5 (11):     6/    11  (12):     0/     0  (21):     7/     1  (22):     7/     0
  j= 6 (11):     0/     0  (12):     5/     2  (21):     4/     0  (22):     3/     0
  j= 7 (11):     0/     0  (12):     0/     4  (21):     0/     8  (22):     0/     0
  j= 8 (11):     0/     0  (12):     0/     0  (21):     0/     0  (22):     0/     0
  j= 9 (11):     0/     0  (12):     0/     0  (21):     0/     0  (22):     0/     0
  j=10 (11):     0/     0  (12):     0/     0  (21):     0/     0  (22):     0/     0
  j=11 (11):     0/     0  (12):     0/     0  (21):     0/     0  (22):     0/     0
  j=12 (11):     0/     0  (12):     0/     0  (21):     0/     0  (22):     0/     0
=== n=12 c=2 steps=14 need=14 ===
deepest RW run 9  deepest E-only run 9  witness 111122211121212222222
 k     N_E    N_HC    N_RW  N_RW+AR N_HC+AR   E/prev   RW/prev
 0    4096    4096    4096     4096    4096      nan      nan
 1    2087    3094    1607     1527    2963    0.510    0.392
 2    1090    2638     752      675    2441    0.522    0.468
 3     525    2111     278      250    1868    0.482    0.370
 4     258    1754     119      111    1492    0.491    0.428
 5     105    1424      33       25    1102    0.407    0.277
 6      60    1197      14        8     870    0.571    0.424
 7      21     956       6        0     635    0.350    0.429
 8       6     757       2        0     474    0.286    0.333
 9       2     594       2        0     356    0.333    1.000
10       0     489       0        0     269    0.000    0.000
11       0     320       0        0     189      nan      nan
12       0     255       0        0     135      nan      nan
13       0     200       0        0      95      nan      nan
14       0     181       0        0      80      nan      nan
joint law over E survivors: level, (prev,sym) -> [#E ok, #E fail]  and density of forced 1s so far
  j= 0 (11):   480/   522  (12):   518/   528  (21):   532/   432  (22):   557/   527   ones density nan
  j= 1 (11):   260/   280  (12):   238/   234  (21):   330/   212  (22):   262/   271   ones density 0.485
  j= 2 (11):   119/   137  (12):   144/   190  (21):   112/   100  (22):   150/   138   ones density 0.499
  j= 3 (11):    47/    59  (12):    66/    59  (21):    83/    70  (22):    62/    79   ones density 0.488
  j= 4 (11):    35/    36  (12):    14/    45  (21):    25/    27  (22):    31/    45   ones density 0.499
  j= 5 (11):    36/    13  (12):     5/     6  (21):    13/    13  (22):     6/    13   ones density 0.550
  j= 6 (11):    12/    28  (12):     3/     6  (21):     4/     5  (22):     2/     0   ones density 0.628
  j= 7 (11):     4/     8  (12):     0/     4  (21):     0/     3  (22):     2/     0   ones density 0.565
  j= 8 (11):     0/     4  (12):     0/     0  (21):     0/     0  (22):     2/     0   ones density 0.292
  j= 9 (11):     0/     0  (12):     0/     0  (21):     0/     0  (22):     0/     2   ones density 0.111
  j=10 (11):     0/     0  (12):     0/     0  (21):     0/     0  (22):     0/     0   ones density nan
  j=11 (11):     0/     0  (12):     0/     0  (21):     0/     0  (22):     0/     0   ones density nan
  j=12 (11):     0/     0  (12):     0/     0  (21):     0/     0  (22):     0/     0   ones density nan
  j=13 (11):     0/     0  (12):     0/     0  (21):     0/     0  (22):     0/     0   ones density nan
joint law over RW survivors: level, (prev,sym) -> [#E ok, #E fail]
  j= 0 (11):   480/   522  (12):   518/   528  (21):   532/   432  (22):   557/   527
  j= 1 (11):   135/   116  (12):   160/   121  (21):   330/   212  (22):   262/   271
  j= 2 (11):    75/    89  (12):    54/   112  (21):    85/    88  (22):   139/   110
  j= 3 (11):    17/    28  (12):    20/    20  (21):    63/    37  (22):    36/    57
  j= 4 (11):    22/    23  (12):     4/    14  (21):    16/     8  (22):    13/    19
  j= 5 (11):     0/     9  (12):     4/     3  (21):     4/     3  (22):     6/     4
  j= 6 (11):     2/     2  (12):     0/     0  (21):     4/     4  (22):     2/     0
  j= 7 (11):     4/     0  (12):     0/     0  (21):     0/     0  (22):     2/     0
  j= 8 (11):     0/     0  (12):     0/     0  (21):     0/     0  (22):     2/     0
  j= 9 (11):     0/     0  (12):     0/     0  (21):     0/     0  (22):     0/     2
  j=10 (11):     0/     0  (12):     0/     0  (21):     0/     0  (22):     0/     0
  j=11 (11):     0/     0  (12):     0/     0  (21):     0/     0  (22):     0/     0
  j=12 (11):     0/     0  (12):     0/     0  (21):     0/     0  (22):     0/     0
  j=13 (11):     0/     0  (12):     0/     0  (21):     0/     0  (22):     0/     0
=== n=12 c=3 steps=14 need=14 ===
deepest RW run 8  deepest E-only run 11  witness 11221121212222221222
 k     N_E    N_HC    N_RW  N_RW+AR N_HC+AR   E/prev   RW/prev
 0    4096    4096    4096     4096    4096      nan      nan
 1    2009    3094    1487     1436    2963    0.490    0.363
 2    1043    2638     721      673    2441    0.519    0.485
 3     515    2111     226      212    1868    0.494    0.313
 4     223    1754      87       81    1492    0.433    0.385
 5     142    1424      44       34    1102    0.637    0.506
 6      46    1197       5        0     870    0.324    0.114
 7      12     956       1        0     635    0.261    0.200
 8      11     757       1        0     474    0.917    1.000
 9      10     594       0        0     356    0.909    0.000
10       6     489       0        0     269    0.600      nan
11       6     320       0        0     189    1.000      nan
12       0     255       0        0     135    0.000      nan
13       0     200       0        0      95      nan      nan
14       0     181       0        0      80      nan      nan
joint law over E survivors: level, (prev,sym) -> [#E ok, #E fail]  and density of forced 1s so far
  j= 0 (11):   522/   480  (12):   528/   518  (21):   432/   532  (22):   527/   557   ones density nan
  j= 1 (11):   201/   248  (12):   257/   248  (21):   309/   186  (22):   276/   284   ones density 0.475
  j= 2 (11):   130/   122  (12):   152/   106  (21):   123/   141  (22):   110/   159   ones density 0.464
  j= 3 (11):    69/    75  (12):    32/    77  (21):    62/    78  (22):    60/    62   ones density 0.509
  j= 4 (11):    40/    25  (12):    43/    23  (21):    24/    17  (22):    35/    16   ones density 0.513
  j= 5 (11):    10/    22  (12):    18/    14  (21):     6/    31  (22):    12/    29   ones density 0.492
  j= 6 (11):     0/     0  (12):     6/    10  (21):     4/    12  (22):     2/    12   ones density 0.475
  j= 7 (11):     4/     0  (12):     0/     0  (21):     0/     1  (22):     7/     0   ones density 0.417
  j= 8 (11):     0/     0  (12):     4/     0  (21):     6/     1  (22):     0/     0   ones density 0.420
  j= 9 (11):     0/     0  (12):     6/     0  (21):     0/     4  (22):     0/     0   ones density 0.467
  j=10 (11):     0/     0  (12):     0/     0  (21):     6/     0  (22):     0/     0   ones density 0.300
  j=11 (11):     0/     0  (12):     0/     6  (21):     0/     0  (22):     0/     0   ones density 0.364
  j=12 (11):     0/     0  (12):     0/     0  (21):     0/     0  (22):     0/     0   ones density nan
  j=13 (11):     0/     0  (12):     0/     0  (21):     0/     0  (22):     0/     0   ones density nan
joint law over RW survivors: level, (prev,sym) -> [#E ok, #E fail]
  j= 0 (11):   522/   480  (12):   528/   518  (21):   432/   532  (22):   527/   557
  j= 1 (11):   125/    80  (12):   136/    91  (21):   309/   186  (22):   276/   284
  j= 2 (11):    93/    85  (12):    64/    67  (21):    88/   109  (22):    74/   141
  j= 3 (11):    23/    23  (12):     9/    33  (21):    37/    36  (22):    41/    24
  j= 4 (11):     2/    15  (12):    16/     4  (21):     9/    14  (22):    19/     8
  j= 5 (11):     0/     0  (12):     1/     8  (21):     0/    21  (22):     4/    10
  j= 6 (11):     0/     0  (12):     0/     0  (21):     0/     0  (22):     1/     4
  j= 7 (11):     0/     0  (12):     0/     0  (21):     0/     0  (22):     1/     0
  j= 8 (11):     0/     0  (12):     0/     0  (21):     0/     1  (22):     0/     0
  j= 9 (11):     0/     0  (12):     0/     0  (21):     0/     0  (22):     0/     0
  j=10 (11):     0/     0  (12):     0/     0  (21):     0/     0  (22):     0/     0
  j=11 (11):     0/     0  (12):     0/     0  (21):     0/     0  (22):     0/     0
  j=12 (11):     0/     0  (12):     0/     0  (21):     0/     0  (22):     0/     0
  j=13 (11):     0/     0  (12):     0/     0  (21):     0/     0  (22):     0/     0
