##### prefix language R11, continuation language R11
n=13 |L_n|=    164 h=0.427 null_lang=  9.7 null_joint=  3.5 | LANG-only deepest= 15 (1.154 n) full(n+2)=     1 | E-only deepest c2=  5 c3=  5 | joint deepest c2=  3 c3=  3 need=15  (0.0s)
    LANG-only N_k: 0:164 1:100 2:70 3:50 4:30 5:18 6:10 7:1 8:1 9:1 10:1 11:1 12:1 13:1 14:1 15:1
    killing factor at first LANG failure: 11:80, 101001:26, 00000:25, 0100101:14, 01010001001:8, 0101000101:5, 010010001:3, 0101010000:2
    LANG-only deepest witnesses: 0010010010010|010000101010100  1010101010101|0001001
n=14 |L_n|=    220 h=0.424 null_lang= 10.3 null_joint=  3.8 | LANG-only deepest= 15 (1.071 n) full(n+2)=     0 | E-only deepest c2=  5 c3=  8 | joint deepest c2=  4 c3=  5 need=16  (0.0s)
    LANG-only N_k: 0:220 1:140 2:92 3:65 4:39 5:21 6:15 7:8 8:6 9:3 10:3 11:3 12:3 13:3 14:3 15:3
    killing factor at first LANG failure: 11:132, 00000:26, 101001:19, 0100101:16, 0101010000:9, 010010001:8, 01010001001:6, 0101000101:4
    LANG-only deepest witnesses: 01001001001001|0000101010100011  00001001001001|0000101010100011
n=15 |L_n|=    294 h=0.418 null_lang= 10.8 null_joint=  4.0 | LANG-only deepest= 13 (0.867 n) full(n+2)=     0 | E-only deepest c2=  7 c3=  6 | joint deepest c2=  4 c3=  3 need=17  (0.0s)
    LANG-only N_k: 0:294 1:197 2:131 3:82 4:50 5:30 6:23 7:8 8:8 9:4 10:2 11:2 12:2 13:2
    killing factor at first LANG failure: 11:146, 00000:44, 0100101:34, 101001:32, 01010001001:13, 0101000101:10, 010010001:10, 0101010000:5
    LANG-only deepest witnesses: 000100100100100|00101010100011  100100100100100|00101010100011
n=16 |L_n|=    398 h=0.437 null_lang= 12.4 null_joint=  4.5 | LANG-only deepest= 13 (0.812 n) full(n+2)=     0 | E-only deepest c2=  5 c3=  9 | joint deepest c2=  5 c3=  4 need=18  (0.0s)
    LANG-only N_k: 0:398 1:263 2:171 3:123 4:80 5:52 6:42 7:28 8:24 9:22 10:8 11:4 12:3 13:3
    killing factor at first LANG failure: 11:198, 00000:46, 101001:38, 0100101:34, 0101000101:33, 0101010000:18, 010010001:17, 01010001001:14
    LANG-only deepest witnesses: 1001010100010000|10001000100000  0001010100010000|10001000100000
n=17 |L_n|=    535 h=0.427 null_lang= 12.7 null_joint=  4.6 | LANG-only deepest= 11 (0.647 n) full(n+2)=     0 | E-only deepest c2= 13 c3= 11 | joint deepest c2=  4 c3=  3 need=19  (0.0s)
    LANG-only N_k: 0:535 1:380 2:252 3:180 4:124 5:85 6:66 7:49 8:26 9:14 10:7 11:7
    killing factor at first LANG failure: 11:272, 101001:68, 00000:55, 0100101:41, 0101010000:31, 0101000101:28, 010010001:27, 01010001001:13
    LANG-only deepest witnesses: 10001010001000010|001000100000  00001010001000010|001000100000
n=18 |L_n|=    721 h=0.430 null_lang= 13.6 null_joint=  4.9 | LANG-only deepest= 12 (0.667 n) full(n+2)=     0 | E-only deepest c2= 10 c3=  6 | joint deepest c2=  6 c3=  5 need=20  (0.0s)
    LANG-only N_k: 0:721 1:505 2:323 3:220 4:148 5:103 6:63 7:36 8:15 9:15 10:5 11:5 12:2
    killing factor at first LANG failure: 11:387, 101001:84, 0100101:73, 00000:70, 010010001:33, 0101000101:32, 0101010000:24, 01010001001:18
    LANG-only deepest witnesses: 100101010101010100|0100010001011  000101010101010100|0100010001011
n=19 |L_n|=    974 h=0.434 null_lang= 14.6 null_joint=  5.3 | LANG-only deepest= 10 (0.526 n) full(n+2)=     0 | E-only deepest c2=  8 c3=  7 | joint deepest c2=  5 c3=  6 need=21  (0.0s)
    LANG-only N_k: 0:974 1:685 2:458 3:308 4:208 5:130 6:64 7:42 8:25 9:20 10:2
    killing factor at first LANG failure: 11:543, 00000:126, 101001:86, 0100101:67, 0101010000:43, 010010001:39, 0101000101:38, 01010001001:32
    LANG-only deepest witnesses: 1010101010101010001|00010001011  0010101010101010001|00010001011
n=20 |L_n|=   1313 h=0.431 null_lang= 15.1 null_joint=  5.5 | LANG-only deepest= 13 (0.650 n) full(n+2)=     0 | E-only deepest c2= 12 c3= 11 | joint deepest c2=  5 c3=  6 need=22  (0.0s)
    LANG-only N_k: 0:1313 1:870 2:594 3:406 4:237 5:164 6:107 7:74 8:37 9:27 10:19 11:15 12:5 13:2
    killing factor at first LANG failure: 11:704, 00000:161, 101001:144, 0100101:88, 0101010000:64, 01010001001:52, 010010001:51, 0101000101:49
    LANG-only deepest witnesses: 10000100010100010001|00010000101001  01000100010100010001|00010000101001
n=21 |L_n|=   1772 h=0.433 null_lang= 16.0 null_joint=  5.8 | LANG-only deepest= 11 (0.524 n) full(n+2)=     0 | E-only deepest c2= 12 c3= 10 | joint deepest c2=  6 c3=  8 need=23  (0.0s)
    LANG-only N_k: 0:1772 1:1157 2:724 3:496 4:328 5:241 6:127 7:71 8:50 9:33 10:8 11:2
    killing factor at first LANG failure: 11:971, 00000:248, 101001:165, 0100101:124, 0101010000:89, 010010001:72, 01010001001:61, 0101000101:42
    LANG-only deepest witnesses: 000010001010001000100|010000101001  100010001010001000100|010000101001
n=22 |L_n|=   2389 h=0.431 null_lang= 16.7 null_joint=  6.0 | LANG-only deepest= 19 (0.864 n) full(n+2)=     0 | E-only deepest c2=  9 c3= 12 | joint deepest c2=  5 c3=  6 need=24  (0.0s)
    LANG-only N_k: 0:2389 1:1663 2:1128 3:818 4:508 5:333 6:238 7:154 8:85 9:56 10:30 11:27 12:18 13:2 14:2 15:2 16:2 17:2 18:2 19:2
    killing factor at first LANG failure: 11:1209, 00000:347, 101001:254, 0100101:202, 0101000101:123, 010010001:103, 0101010000:76, 01010001001:75
    LANG-only deepest witnesses: 1000100010100010001000|01000101010001000011  0000100010100010001000|01000101010001000011
n=23 |L_n|=   3221 h=0.431 null_lang= 17.4 null_joint=  6.3 | LANG-only deepest= 17 (0.739 n) full(n+2)=     0 | E-only deepest c2= 11 c3= 10 | joint deepest c2=  6 c3=  7 need=25  (0.0s)
    LANG-only N_k: 0:3221 1:2178 2:1431 3:900 4:647 5:444 6:238 7:176 8:123 9:95 10:61 11:29 12:21 13:15 14:15 15:9 16:6 17:6
    killing factor at first LANG failure: 11:1650, 00000:405, 101001:382, 0100101:257, 0101000101:156, 010010001:136, 01010001001:128, 0101010000:107
    LANG-only deepest witnesses: 00010001010001000100001|000101010001000011  10010001010001000100001|000101010001000011
n=24 |L_n|=   4346 h=0.432 null_lang= 18.3 null_joint=  6.6 | LANG-only deepest= 16 (0.667 n) full(n+2)=     0 | E-only deepest c2= 10 c3= 10 | joint deepest c2=  6 c3=  8 need=26  (0.0s)
    LANG-only N_k: 0:4346 1:2942 2:2050 3:1376 4:849 5:601 6:380 7:269 8:170 9:110 10:81 11:62 12:42 13:28 14:15 15:11 16:5
    killing factor at first LANG failure: 11:2307, 00000:581, 101001:476, 0100101:347, 0101000101:200, 010010001:153, 0101010000:143, 01010001001:139
    LANG-only deepest witnesses: 101000100100100100001000|01000010101010000  100100100100100100001000|01000010101010000
n=25 |L_n|=   5859 h=0.431 null_lang= 18.9 null_joint=  6.9 | LANG-only deepest= 16 (0.640 n) full(n+2)=     0 | E-only deepest c2= 11 c3= 10 | joint deepest c2=  6 c3=  7 need=27  (0.0s)
    LANG-only N_k: 0:5859 1:3960 2:2601 3:1718 4:1187 5:782 6:498 7:365 8:266 9:190 10:132 11:84 12:58 13:31 14:14 15:10 16:6
    killing factor at first LANG failure: 11:3164, 101001:669, 00000:655, 0100101:507, 010010001:238, 0101000101:219, 0101010000:215, 01010001001:192
    LANG-only deepest witnesses: 1000101000100010101000100|01001001000010011  0001010000100010101000100|01001001000010011
n=26 |L_n|=   7897 h=0.431 null_lang= 19.7 null_joint=  7.1 | LANG-only deepest= 14 (0.538 n) full(n+2)=     0 | E-only deepest c2= 11 c3= 10 | joint deepest c2=  7 c3=  5 need=28  (0.1s)
    LANG-only N_k: 0:7897 1:5345 2:3671 3:2540 4:1646 5:1173 6:818 7:589 8:386 9:250 10:173 11:97 12:63 13:51 14:23
    killing factor at first LANG failure: 11:4205, 101001:907, 00000:874, 0100101:692, 0101000101:359, 010010001:311, 0101010000:302, 01010001001:247
    LANG-only deepest witnesses: 01000100100001010100010000|100100001000011  10000101000010001010101000|100010100001011
##### prefix language R5, continuation language R5
n=13 |L_n|=    365 h=0.617 null_lang= 20.9 null_joint=  5.8 | LANG-only deepest= 15 (1.154 n) full(n+2)=     4 | E-only deepest c2= 10 c3=  5 | joint deepest c2=  5 c3=  5 need=15  (0.0s)
    LANG-only N_k: 0:365 1:277 2:216 3:151 4:112 5:85 6:57 7:40 8:36 9:29 10:18 11:14 12:7 13:7 14:7 15:4
    killing factor at first LANG failure: 11:304, 00000:57
    LANG-only deepest witnesses: 1010010010010|010000101010100  1010101010010|010100101010010
n=14 |L_n|=    560 h=0.618 null_lang= 22.6 null_joint=  6.3 | LANG-only deepest= 15 (1.071 n) full(n+2)=     0 | E-only deepest c2=  8 c3=  8 | joint deepest c2=  5 c3=  5 need=16  (0.0s)
    LANG-only N_k: 0:560 1:407 2:317 3:234 4:178 5:126 6:101 7:79 8:46 9:35 10:19 11:19 12:19 13:16 14:12 15:7
    killing factor at first LANG failure: 11:486, 00000:74
    LANG-only deepest witnesses: 10101010010010|0101000010001011  10001001001001|0000101010100011
n=15 |L_n|=    859 h=0.617 null_lang= 24.2 null_joint=  6.7 | LANG-only deepest= 16 (1.067 n) full(n+2)=     0 | E-only deepest c2=  8 c3=  7 | joint deepest c2=  7 c3=  4 need=17  (0.0s)
    LANG-only N_k: 0:859 1:656 2:523 3:382 4:290 5:217 6:167 7:119 8:86 9:62 10:51 11:47 12:42 13:28 14:11 15:5 16:2
    killing factor at first LANG failure: 11:724, 00000:135
    LANG-only deepest witnesses: 101010001010001|01000101001000011  001010001010001|01000101001000011
n=16 |L_n|=   1318 h=0.618 null_lang= 25.8 null_joint=  7.1 | LANG-only deepest= 18 (1.125 n) full(n+2)=    17 | E-only deepest c2= 10 c3=  9 | joint deepest c2=  6 c3=  6 need=18  (0.0s)
    LANG-only N_k: 0:1318 1:991 2:785 3:586 4:471 5:358 6:287 7:235 8:183 9:166 10:140 11:100 12:70 13:54 14:31 15:26 16:19 17:17 18:17
    killing factor at first LANG failure: 11:1108, 00000:193
    LANG-only deepest witnesses: 0010100101001010|001000010001010000  0001010000101001|010100010000101000
n=17 |L_n|=   2022 h=0.617 null_lang= 27.4 null_joint=  7.6 | LANG-only deepest= 19 (1.118 n) full(n+2)=     2 | E-only deepest c2= 13 c3= 11 | joint deepest c2= 10 c3=  5 need=19  (0.0s)
    LANG-only N_k: 0:2022 1:1522 2:1183 3:884 4:690 5:569 6:443 7:360 8:283 9:201 10:146 11:106 12:71 13:54 14:40 15:29 16:29 17:23 18:15 19:2
    killing factor at first LANG failure: 11:1733, 00000:287
    LANG-only deepest witnesses: 00101001010010001|0001000100010101001  10101001010010001|0001000100010101001
n=18 |L_n|=   3102 h=0.617 null_lang= 29.0 null_joint=  8.0 | LANG-only deepest= 20 (1.111 n) full(n+2)=     9 | E-only deepest c2= 11 c3=  9 | joint deepest c2=  8 c3=  8 need=20  (0.0s)
    LANG-only N_k: 0:3102 1:2361 2:1780 3:1397 4:1095 5:882 6:645 7:471 8:358 9:265 10:214 11:165 12:105 13:84 14:72 15:58 16:37 17:16 18:14 19:14 20:9
    killing factor at first LANG failure: 11:2640, 00000:453
    LANG-only deepest witnesses: 010100100100010100|00101001000100100100  000100100100010100|00101001000100100100
n=19 |L_n|=   4759 h=0.617 null_lang= 30.7 null_joint=  8.5 | LANG-only deepest= 21 (1.105 n) full(n+2)=    16 | E-only deepest c2= 10 c3= 14 | joint deepest c2=  7 c3=  6 need=21  (0.0s)
    LANG-only N_k: 0:4759 1:3681 2:2815 3:2171 4:1652 5:1213 6:926 7:641 8:505 9:378 10:242 11:195 12:148 13:117 14:83 15:57 16:44 17:41 18:35 19:30 20:26 21:16
    killing factor at first LANG failure: 11:4011, 00000:732
    LANG-only deepest witnesses: 1001010100001010001|010001010000100010010  0010010010001010000|101001000100100100101
n=20 |L_n|=   7301 h=0.617 null_lang= 32.3 null_joint=  8.9 | LANG-only deepest= 22 (1.100 n) full(n+2)=    36 | E-only deepest c2= 12 c3= 12 | joint deepest c2=  6 c3=  8 need=22  (0.1s)
    LANG-only N_k: 0:7301 1:5655 2:4340 3:3308 4:2465 5:1876 6:1452 7:1087 8:747 9:600 10:464 11:378 12:287 13:218 14:178 15:160 16:130 17:89 18:74 19:51 20:40 21:36 22:36
    killing factor at first LANG failure: 11:6110, 00000:1155
    LANG-only deepest witnesses: 01001001000101001001|0100001010010100101001  00101010000101001000|0101001010100100101000
n=21 |L_n|=  11201 h=0.617 null_lang= 33.9 null_joint=  9.4 | LANG-only deepest= 23 (1.095 n) full(n+2)=    30 | E-only deepest c2= 12 c3= 12 | joint deepest c2=  7 c3=  8 need=23  (0.1s)
    LANG-only N_k: 0:11201 1:8577 2:6425 3:4955 4:3732 5:2896 6:2089 7:1549 8:1191 9:902 10:651 11:492 12:379 13:307 14:223 15:166 16:136 17:80 18:73 19:63 20:59 21:54 22:51 23:30
    killing factor at first LANG failure: 11:9419, 00000:1752
    LANG-only deepest witnesses: 101010010100001010000|10100010010001000010100  000010010100001010000|10100010010001000010100
n=22 |L_n|=  17184 h=0.617 null_lang= 35.5 null_joint=  9.8 | LANG-only deepest= 24 (1.091 n) full(n+2)=    22 | E-only deepest c2= 11 c3= 12 | joint deepest c2=  7 c3=  9 need=24  (0.1s)
    LANG-only N_k: 0:17184 1:13351 2:10149 3:7882 4:5815 5:4353 6:3462 7:2688 8:2024 9:1518 10:1154 11:893 12:638 13:457 14:383 15:271 16:218 17:142 18:104 19:92 20:75 21:47 22:38 23:30 24:22
    killing factor at first LANG failure: 11:14599, 00000:2563
    LANG-only deepest witnesses: 1010010001010001010001|010000100010010010001000  0010001000010100010101|010100001010010010001000
n=23 |L_n|=  26363 h=0.617 null_lang= 37.1 null_joint= 10.3 | LANG-only deepest= 25 (1.087 n) full(n+2)=    38 | E-only deepest c2= 13 c3= 13 | joint deepest c2=  9 c3=  8 need=25  (0.2s)
    LANG-only N_k: 0:26363 1:20505 2:15503 3:11843 4:9200 5:7087 6:5395 7:4046 8:3159 9:2390 10:1798 11:1360 12:1110 13:747 14:611 15:458 16:359 17:323 18:256 19:186 20:140 21:88 22:70 23:56 24:44 25:38
    killing factor at first LANG failure: 11:22378, 00000:3947
    LANG-only deepest witnesses: 01001010101010100010100|1000010000100100101001001  10001000010010101000010|0010101010001010000100100
n=24 |L_n|=  40445 h=0.617 null_lang= 38.7 null_joint= 10.7 | LANG-only deepest= 26 (1.083 n) full(n+2)=    24 | E-only deepest c2= 11 c3= 13 | joint deepest c2= 10 c3=  8 need=26  (0.3s)
    LANG-only N_k: 0:40445 1:31401 2:23954 3:18469 4:14190 5:10731 6:8270 7:6283 8:4683 9:3630 10:2849 11:2129 12:1729 13:1248 14:892 15:763 16:568 17:445 18:329 19:234 20:199 21:135 22:79 23:64 24:46 25:31 26:24
    killing factor at first LANG failure: 11:34318, 00000:6103
    LANG-only deepest witnesses: 010101010100010010001010|00100101000101001001000010  000101010100010010001010|00100101000101001001000010
n=25 |L_n|=  62049 h=0.617 null_lang= 40.4 null_joint= 11.2 | LANG-only deepest= 27 (1.080 n) full(n+2)=    64 | E-only deepest c2= 18 c3= 12 | joint deepest c2= 10 c3= 11 need=27  (0.4s)
    LANG-only N_k: 0:62049 1:47865 2:36461 3:27686 4:21100 5:16173 6:12440 7:9702 8:7533 9:5686 10:4460 11:3374 12:2475 13:2087 14:1496 15:1197 16:914 17:709 18:611 19:457 20:314 21:271 22:203 23:155 24:119 25:108 26:93 27:64
    killing factor at first LANG failure: 11:52380, 00000:9605
    LANG-only deepest witnesses: 0010010001001010100100010|010010000101010100100100101  0001001001010010101000010|101010001000101010010010101
n=26 |L_n|=  95193 h=0.617 null_lang= 42.0 null_joint= 11.6 | LANG-only deepest= 28 (1.077 n) full(n+2)=    34 | E-only deepest c2= 16 c3= 13 | joint deepest c2=  8 c3= 10 need=28  (0.8s)
    LANG-only N_k: 0:95193 1:73111 2:56226 3:43731 4:33019 5:25462 6:19547 7:15098 8:11838 9:8945 10:6901 11:5470 12:4063 13:3163 14:2422 15:1836 16:1498 17:1062 18:780 19:604 20:450 21:355 22:270 23:200 24:151 25:102 26:74 27:61 28:34
    killing factor at first LANG failure: 11:80404, 00000:14755
    LANG-only deepest witnesses: 10001000010100010010010001|0100101001000010101001001010  01001000010100010010010001|0100101001000010101001001010
##### prefix language HC, continuation language HC
n=13 |L_n|=    610 h=0.694 null_lang= 29.5 null_joint=  6.9 | LANG-only deepest= 15 (1.154 n) full(n+2)=    18 | E-only deepest c2= 10 c3=  5 | joint deepest c2=  5 c3=  5 need=15  (0.0s)
    LANG-only N_k: 0:610 1:478 2:403 3:299 4:237 5:195 6:154 7:114 8:99 9:71 10:47 11:33 12:25 13:25 14:25 15:18
    killing factor at first LANG failure: 11:592
    LANG-only deepest witnesses: 1001001010000|000010001010101  0100101001000|010000000000101
n=14 |L_n|=    987 h=0.694 null_lang= 31.8 null_joint=  7.4 | LANG-only deepest= 16 (1.143 n) full(n+2)=    11 | E-only deepest c2=  8 c3=  8 | joint deepest c2=  7 c3=  5 need=16  (0.0s)
    LANG-only N_k: 0:987 1:751 2:601 3:475 4:392 5:300 6:245 7:189 8:135 9:88 10:76 11:70 12:60 13:48 14:27 15:21 16:11
    killing factor at first LANG failure: 11:976
    LANG-only deepest witnesses: 01000100000000|0010100000100101  00000100000000|0010100000100101
n=15 |L_n|=   1597 h=0.694 null_lang= 34.1 null_joint=  8.0 | LANG-only deepest= 17 (1.133 n) full(n+2)=    20 | E-only deepest c2=  8 c3=  9 | joint deepest c2=  7 c3=  6 need=17  (0.0s)
    LANG-only N_k: 0:1597 1:1284 2:1105 3:869 4:672 5:540 6:389 7:289 8:238 9:179 10:158 11:136 12:108 13:87 14:65 15:46 16:42 17:20
    killing factor at first LANG failure: 11:1577
    LANG-only deepest witnesses: 000001000101001|00000100010010000  010010101010101|00010000001010101
n=16 |L_n|=   2584 h=0.694 null_lang= 36.3 null_joint=  8.5 | LANG-only deepest= 18 (1.125 n) full(n+2)=    64 | E-only deepest c2= 10 c3=  9 | joint deepest c2= 10 c3=  6 need=18  (0.0s)
    LANG-only N_k: 0:2584 1:2025 2:1654 3:1310 4:1016 5:779 6:667 7:563 8:466 9:416 10:359 11:295 12:255 13:216 14:187 15:129 16:96 17:64 18:64
    killing factor at first LANG failure: 11:2520
    LANG-only deepest witnesses: 1000010100101001|001010001000000100  0101001001010000|000001010010010101
n=17 |L_n|=   4181 h=0.694 null_lang= 38.6 null_joint=  9.0 | LANG-only deepest= 19 (1.118 n) full(n+2)=    66 | E-only deepest c2= 13 c3= 11 | joint deepest c2= 10 c3=  5 need=19  (0.0s)
    LANG-only N_k: 0:4181 1:3292 2:2686 3:2154 4:1754 5:1487 6:1208 7:1046 8:849 9:640 10:532 11:420 12:356 13:244 14:206 15:152 16:143 17:119 18:96 19:66
    killing factor at first LANG failure: 11:4115
    LANG-only deepest witnesses: 00101001010000010|1010001000000010000  00101000010100101|0100010000101000001
n=18 |L_n|=   6765 h=0.694 null_lang= 40.9 null_joint=  9.6 | LANG-only deepest= 20 (1.111 n) full(n+2)=    75 | E-only deepest c2= 11 c3= 10 | joint deepest c2=  9 c3=  9 need=20  (0.0s)
    LANG-only N_k: 0:6765 1:5444 2:4385 3:3670 4:2976 5:2540 6:2059 7:1554 8:1278 9:977 10:783 11:628 12:507 13:404 14:345 15:250 16:210 17:161 18:129 19:129 20:75
    killing factor at first LANG failure: 11:6690
    LANG-only deepest witnesses: 010000101001000001|00010010000000000010  000100000100101010|00001000001001010100
n=19 |L_n|=  10946 h=0.694 null_lang= 43.1 null_joint= 10.1 | LANG-only deepest= 21 (1.105 n) full(n+2)=   102 | E-only deepest c2= 11 c3= 14 | joint deepest c2=  7 c3=  8 need=21  (0.1s)
    LANG-only N_k: 0:10946 1:8893 2:7258 3:5913 4:4850 5:3739 6:2994 7:2297 8:1869 9:1502 10:1218 11:966 12:765 13:601 14:470 15:357 16:288 17:283 18:191 19:148 20:127 21:102
    killing factor at first LANG failure: 11:10844
    LANG-only deepest witnesses: 0010000010010101000|001000001001010100101  1000001001010000101|000010100010010001000
n=20 |L_n|=  17711 h=0.694 null_lang= 45.4 null_joint= 10.6 | LANG-only deepest= 22 (1.100 n) full(n+2)=   126 | E-only deepest c2= 12 c3= 12 | joint deepest c2= 10 c3=  8 need=22  (0.1s)
    LANG-only N_k: 0:17711 1:14299 2:11702 3:9310 4:7470 5:6022 6:4913 7:3974 8:3240 9:2678 10:2170 11:1780 12:1449 13:1168 14:861 15:780 16:582 17:419 18:361 19:287 20:228 21:168 22:126
    killing factor at first LANG failure: 11:17585
    LANG-only deepest witnesses: 00101001000101001001|0100001010010100101001  00010010101000101001|0010100100000100101001
n=21 |L_n|=  28657 h=0.694 null_lang= 47.7 null_joint= 11.2 | LANG-only deepest= 23 (1.095 n) full(n+2)=   195 | E-only deepest c2= 12 c3= 12 | joint deepest c2= 12 c3=  8 need=23  (0.2s)
    LANG-only N_k: 0:28657 1:22957 2:18542 3:15182 4:12011 5:9806 6:7905 7:6364 8:5010 9:3979 10:3191 11:2553 12:2000 13:1668 14:1198 15:927 16:800 17:665 18:575 19:450 20:378 21:333 22:270 23:195
    killing factor at first LANG failure: 11:28462
    LANG-only deepest witnesses: 010000001000001010000|10001001010001010000100  100010100000001010000|10001001010001010000100
n=22 |L_n|=  46368 h=0.694 null_lang= 50.0 null_joint= 11.7 | LANG-only deepest= 24 (1.091 n) full(n+2)=   294 | E-only deepest c2= 11 c3= 12 | joint deepest c2= 10 c3=  9 need=24  (0.3s)
    LANG-only N_k: 0:46368 1:37657 2:30161 3:24571 4:19859 5:16077 6:13140 7:10725 8:8743 9:6956 10:5535 11:4621 12:3638 13:2775 14:2426 15:1972 16:1583 17:1252 18:1087 19:915 20:705 21:492 22:405 23:325 24:294
    killing factor at first LANG failure: 11:46074
    LANG-only deepest witnesses: 0001010010000001001010|100000010100101010010000  0101000100010001000010|101000100000000101010000
n=23 |L_n|=  75025 h=0.694 null_lang= 52.2 null_joint= 12.2 | LANG-only deepest= 25 (1.087 n) full(n+2)=   383 | E-only deepest c2= 13 c3= 16 | joint deepest c2= 13 c3= 13 need=25  (0.5s)
    LANG-only N_k: 0:75025 1:60904 2:49499 3:40137 4:32545 5:26656 6:21644 7:17522 8:13824 9:11274 10:9116 11:7077 12:5801 13:4520 14:3763 15:3068 16:2581 17:2168 18:1726 19:1318 20:1067 21:843 22:732 23:627 24:542 25:383
    killing factor at first LANG failure: 11:74642
    LANG-only deepest witnesses: 01000010010100101001010|0010001000001000000010000  10010010100010100001000|0000100010101000000101001
n=24 |L_n|= 121393 h=0.694 null_lang= 54.5 null_joint= 12.8 | LANG-only deepest= 26 (1.083 n) full(n+2)=   436 | E-only deepest c2= 11 c3= 14 | joint deepest c2= 11 c3= 11 need=26  (0.8s)
    LANG-only N_k: 0:121393 1:98170 2:78795 3:64054 4:51700 5:41692 6:32876 7:26565 8:21011 9:16651 10:13644 11:11133 12:9188 13:7304 14:5833 15:4901 16:3844 17:2992 18:2330 19:1844 20:1644 21:1331 22:1128 23:910 24:724 25:534 26:436
    killing factor at first LANG failure: 11:120957
    LANG-only deepest witnesses: 001000010001010000001001|01000010101010000101000010  001010001010000000010000|01000000010010010001000100
n=25 |L_n|= 196418 h=0.694 null_lang= 56.8 null_joint= 13.3 | LANG-only deepest= 27 (1.080 n) full(n+2)=   679 | E-only deepest c2= 18 c3= 12 | joint deepest c2= 10 c3= 11 need=27  (1.4s)
    LANG-only N_k: 0:196418 1:159168 2:128562 3:103558 4:82843 5:66808 6:54059 7:43375 8:35197 9:28264 10:22935 11:18184 12:14384 13:12029 14:9525 15:7611 16:6122 17:4963 18:4351 19:3613 20:3105 21:2480 22:1890 23:1560 24:1282 25:1038 26:833 27:679
    killing factor at first LANG failure: 11:195739
    LANG-only deepest witnesses: 1000100101000000100001010|100000010010100000010100010  0010000101001010010000000|100001001000001001010100000
n=26 |L_n|= 317811 h=0.694 null_lang= 59.0 null_joint= 13.8 | LANG-only deepest= 28 (1.077 n) full(n+2)=   652 | E-only deepest c2= 17 c3= 17 | joint deepest c2= 10 c3= 13 need=28  (2.4s)
    LANG-only N_k: 0:317811 1:256754 2:207375 3:168717 4:135566 5:108800 6:88443 7:71432 8:57836 9:46571 10:37320 11:30412 12:24549 13:19663 14:16028 15:12896 16:10723 17:8717 18:7340 19:5932 20:4553 21:3774 22:2968 23:2339 24:1895 25:1435 26:1126 27:839 28:652
    killing factor at first LANG failure: 11:317159
    LANG-only deepest witnesses: 10001000000010000100000000|1001000000001000010001010010  01010001010001010010000000|0000101001000101000101010001
