##### prefix language R13, continuation language R13
n=17 |L_n|=    423 h=0.345 null_lang=  9.0 null_joint=  3.5 | LANG-only deepest=  8 (0.471 n) full(n+2)=     0 | E-only deepest c2= 13 c3= 11 | joint deepest c2=  4 c3=  3 need=19  (0.0s)
    LANG-only N_k: 0:423 1:285 2:169 3:109 4:67 5:47 6:28 7:14 8:7
    killing factor at first LANG failure: 11:192, 00000:46, 101001:43, 0100101:29, 010010001:23, 0101010000:22, 0101000101:18, 010100010001:17
    LANG-only deepest witnesses: 00010100001000100|010100011  10100001001001000|010010011  00010001001001000|010010011  10010001000100001|010101011
n=18 |L_n|=    543 h=0.360 null_lang= 10.1 null_joint=  4.0 | LANG-only deepest=  9 (0.500 n) full(n+2)=     0 | E-only deepest c2=  7 c3=  6 | joint deepest c2=  4 c3=  4 need=20  (0.0s)
    LANG-only N_k: 0:543 1:365 2:217 3:143 4:84 5:43 6:29 7:6 8:2 9:2
    killing factor at first LANG failure: 11:244, 0100101:54, 00000:52, 101001:49, 010010001:28, 010100010001:22, 0101000101:22, 0101010000:19
    LANG-only deepest witnesses: 100001000101000100|0010010011  010001000101000100|0010010011  100010001000010000|10010011  100101000010000101|01010000
n=19 |L_n|=    688 h=0.341 null_lang=  9.9 null_joint=  3.9 | LANG-only deepest=  8 (0.421 n) full(n+2)=     0 | E-only deepest c2=  8 c3=  7 | joint deepest c2=  4 c3=  4 need=21  (0.0s)
    LANG-only N_k: 0:688 1:476 2:303 3:179 4:116 5:54 6:25 7:10 8:2
    killing factor at first LANG failure: 11:311, 00000:74, 0100101:56, 101001:53, 0101010000:35, 010010001:33, 0101000101:31, 010100010001:25
    LANG-only deepest witnesses: 0001000101000010001|000010001  1001000101000010001|000010001  1000010000101000010|10101001  0000100010010010010|01000011
n=20 |L_n|=    873 h=0.344 null_lang= 10.5 null_joint=  4.1 | LANG-only deepest= 12 (0.600 n) full(n+2)=     0 | E-only deepest c2= 10 c3=  6 | joint deepest c2=  5 c3=  4 need=22  (0.0s)
    LANG-only N_k: 0:873 1:541 2:355 3:218 4:129 5:77 6:51 7:24 8:10 9:10 10:8 11:7 12:2
    killing factor at first LANG failure: 11:393, 00000:113, 101001:76, 0100101:66, 0101010000:47, 01010001001:35, 010010001:32, 0101000101:28
    LANG-only deepest witnesses: 00100001000100010001|0001010101001  10100001000100010001|0001010101001  00100001010000100010|001010100011  01000010100010000100|001000010011
n=21 |L_n|=   1109 h=0.345 null_lang= 11.1 null_joint=  4.4 | LANG-only deepest= 10 (0.476 n) full(n+2)=     0 | E-only deepest c2= 12 c3= 10 | joint deepest c2=  6 c3=  6 need=23  (0.0s)
    LANG-only N_k: 0:1109 1:690 2:424 3:267 4:176 5:128 6:68 7:40 8:35 9:22 10:5
    killing factor at first LANG failure: 11:518, 00000:167, 101001:93, 0100101:75, 0101010000:55, 010010001:55, 01010001001:43, 0101000101:28
    LANG-only deepest witnesses: 101000100010001000100|01010101001  010000100010001000100|01010101001  000010000101010001000|01000010011  100010000101010001000|01000010011
n=22 |L_n|=   1407 h=0.343 null_lang= 11.5 null_joint=  4.6 | LANG-only deepest= 12 (0.545 n) full(n+2)=     0 | E-only deepest c2=  7 c3= 12 | joint deepest c2=  5 c3=  6 need=24  (0.0s)
    LANG-only N_k: 0:1407 1:905 2:590 3:406 4:243 5:152 6:123 7:80 8:38 9:19 10:16 11:13 12:3
    killing factor at first LANG failure: 11:586, 00000:217, 101001:127, 0100101:119, 010010001:63, 01010001001:58, 0101000101:57, 010010000101:53
    LANG-only deepest witnesses: 0010010000100100001001|0010010010011  0100010000100100001001|0010010010011  1000010000100100001001|0010010010011  1000010001001001000010|000100100101
n=23 |L_n|=   1780 h=0.339 null_lang= 11.8 null_joint=  4.7 | LANG-only deepest= 15 (0.652 n) full(n+2)=     0 | E-only deepest c2=  9 c3= 10 | joint deepest c2=  6 c3=  5 need=25  (0.0s)
    LANG-only N_k: 0:1780 1:1112 2:733 3:437 4:329 5:221 6:125 7:91 8:68 9:47 10:24 11:11 12:6 13:4 14:4 15:2
    killing factor at first LANG failure: 11:799, 00000:233, 101001:166, 0100101:142, 010010001:89, 01010001001:77, 0101010000:75, 0101000101:67
    LANG-only deepest witnesses: 00001000010101000100001|0010010010010001  10001000010101000100001|0010010010010001  10010100001000100010100|001000101000101  00010100001000100010100|001000101000101
n=24 |L_n|=   2251 h=0.339 null_lang= 12.3 null_joint=  4.9 | LANG-only deepest= 16 (0.667 n) full(n+2)=     0 | E-only deepest c2= 10 c3= 10 | joint deepest c2=  4 c3=  8 need=26  (0.0s)
    LANG-only N_k: 0:2251 1:1361 2:891 3:549 4:310 5:222 6:141 7:101 8:55 9:26 10:20 11:16 12:16 13:12 14:7 15:5 16:5
    killing factor at first LANG failure: 11:971, 00000:329, 101001:200, 0100101:178, 010010001:108, 0101000101:106, 0101010000:84, 01010001001:77
    LANG-only deepest witnesses: 000100100100100100001000|01000010101010000  010000100100100100001000|01000010101010000  001000100100100100001000|01000010101010000  101000100100100100001000|01000010101010000
n=25 |L_n|=   2846 h=0.338 null_lang= 12.8 null_joint=  5.1 | LANG-only deepest= 14 (0.560 n) full(n+2)=     0 | E-only deepest c2= 11 c3= 10 | joint deepest c2=  4 c3=  6 need=27  (0.0s)
    LANG-only N_k: 0:2846 1:1805 2:1108 3:724 4:470 5:301 6:178 7:113 8:76 9:54 10:42 11:21 12:15 13:4 14:4
    killing factor at first LANG failure: 11:1162, 00000:390, 101001:278, 0100101:274, 010010001:149, 0101010000:119, 0101000101:111, 01010001001:95
    LANG-only deepest witnesses: 1000010010010010000100001|000010101010000  0010010010010010000100001|000010101010000  0100010010010010000100001|000010101010000  0001000100100100100001001|000010000101001
n=26 |L_n|=   3599 h=0.339 null_lang= 13.3 null_joint=  5.3 | LANG-only deepest= 14 (0.538 n) full(n+2)=     0 | E-only deepest c2= 11 c3=  9 | joint deepest c2=  5 c3=  5 need=28  (0.0s)
    LANG-only N_k: 0:3599 1:2302 2:1466 3:955 4:612 5:405 6:282 7:186 8:124 9:64 10:47 11:26 12:23 13:15 14:6
    killing factor at first LANG failure: 11:1507, 00000:399, 101001:361, 0100101:339, 010010001:168, 0101000101:168, 0101010000:142, 01010001001:136
    LANG-only deepest witnesses: 00100001000010000101000100|001000010101001  10000101000010000101000100|001000010101001  01010001000010000101000100|001000010101001  01000101000010000101000100|001000010101001
n=27 |L_n|=   4544 h=0.336 null_lang= 13.7 null_joint=  5.5 | LANG-only deepest= 13 (0.481 n) full(n+2)=     0 | E-only deepest c2= 12 c3= 12 | joint deepest c2=  5 c3=  5 need=29  (0.0s)
    LANG-only N_k: 0:4544 1:2841 2:1717 3:1113 4:732 5:444 6:312 7:173 8:112 9:63 10:54 11:41 12:22 13:15
    killing factor at first LANG failure: 11:1926, 00000:606, 101001:474, 0100101:413, 010010001:233, 0101000101:206, 0101010000:141, 01010001001:138
    LANG-only deepest witnesses: 000100100001001000010000100|10010010010001  001000010001001000010000100|10010010010001  101000100001000010100001000|10101000100000  100100100001001000010000100|10010010010001
n=28 |L_n|=   5731 h=0.335 null_lang= 14.1 null_joint=  5.6 | LANG-only deepest= 19 (0.679 n) full(n+2)=     0 | E-only deepest c2=  8 c3= 12 | joint deepest c2=  5 c3=  6 need=30  (0.0s)
    LANG-only N_k: 0:5731 1:3712 2:2483 3:1513 4:953 5:539 6:327 7:206 8:153 9:89 10:50 11:36 12:19 13:19 14:11 15:4 16:2 17:2 18:2 19:2
    killing factor at first LANG failure: 11:2347, 00000:789, 0100101:517, 101001:486, 010010001:315, 0101010000:251, 0101000101:248, 01010001001:206
    LANG-only deepest witnesses: 0000100010100001000010100010|00010100001000010001  1000100010100001000010100010|00010100001000010001  0100010001010001000010101000|1000010000100000  1000010001010001000010101000|1000010000100000
n=29 |L_n|=   7242 h=0.338 null_lang= 14.8 null_joint=  5.9 | LANG-only deepest= 17 (0.586 n) full(n+2)=     0 | E-only deepest c2=  9 c3= 12 | joint deepest c2=  7 c3=  5 need=31  (0.1s)
    LANG-only N_k: 0:7242 1:4361 2:2818 3:1727 4:1086 5:667 6:445 7:289 8:177 9:132 10:80 11:56 12:39 13:27 14:9 15:6 16:6 17:4
    killing factor at first LANG failure: 11:2983, 00000:999, 101001:641, 0100101:630, 010010001:432, 0101010000:322, 01010001001:279, 0101000101:263
    LANG-only deepest witnesses: 10100001010000100001010001000|010100001000010001  10010001010000100001010001000|010100001000010001  00010001010000100001010001000|010100001000010001  00100001010000100001010001000|010100001000010001
n=30 |L_n|=   9136 h=0.335 null_lang= 15.1 null_joint=  6.0 | LANG-only deepest= 19 (0.633 n) full(n+2)=     0 | E-only deepest c2= 10 c3= 12 | joint deepest c2=  5 c3=  5 need=32  (0.1s)
    LANG-only N_k: 0:9136 1:5624 2:3595 3:2368 4:1557 5:1024 6:624 7:391 8:237 9:163 10:126 11:92 12:46 13:42 14:27 15:20 16:6 17:6 18:6 19:2
    killing factor at first LANG failure: 11:3689, 00000:1206, 0100101:865, 101001:779, 010010001:501, 0101010000:393, 01010001001:373, 0101000101:363
    LANG-only deepest witnesses: 000010001000010101010100010000|10100001001000010001  100010001000010101010100010000|10100001001000010001  100001000010100001000100010100|0010100001010101011  010001000010100001000100010100|0010100001010101011
n=31 |L_n|=  11523 h=0.335 null_lang= 15.6 null_joint=  6.2 | LANG-only deepest= 17 (0.548 n) full(n+2)=     0 | E-only deepest c2= 10 c3= 14 | joint deepest c2=  9 c3=  6 need=33  (0.1s)
    LANG-only N_k: 0:11523 1:7301 2:4642 3:2946 4:1731 5:1099 6:678 7:458 8:320 9:225 10:110 11:63 12:45 13:28 14:10 15:8 16:8 17:4
    killing factor at first LANG failure: 11:4706, 00000:1562, 101001:1015, 0100101:979, 010010001:651, 0101010000:519, 0101000101:495, 01010001001:425
    LANG-only deepest witnesses: 0010000100001010101010001000010|100001001000010001  0001000100001010101010001000010|100001001000010001  1010000100001010101010001000010|100001001000010001  0101000100001010101010001000010|100001001000010001
n=32 |L_n|=  14533 h=0.335 null_lang= 16.1 null_joint=  6.4 | LANG-only deepest= 21 (0.656 n) full(n+2)=     0 | E-only deepest c2= 12 c3= 16 | joint deepest c2=  7 c3=  6 need=34  (0.1s)
    LANG-only N_k: 0:14533 1:9147 2:5704 3:3690 4:2349 5:1514 6:965 7:659 8:416 9:238 10:158 11:102 12:66 13:23 14:17 15:9 16:3 17:3 18:3 19:3 20:3 21:3
    killing factor at first LANG failure: 11:6145, 00000:1797, 0100101:1306, 101001:1296, 010010001:792, 0101000101:680, 0101010000:648, 01010001001:556
    LANG-only deepest witnesses: 01000010000101000010000101000100|0010000100001001000011  10100010000101000010000101000100|0010000100001001000011  00100010000101000010000101000100|0010000100001001000011  10100010000101010101000100001010|0001001000010001
n=33 |L_n|=  18333 h=0.335 null_lang= 16.6 null_joint=  6.6 | LANG-only deepest= 20 (0.606 n) full(n+2)=     0 | E-only deepest c2= 16 c3= 19 | joint deepest c2=  8 c3=  8 need=35  (0.2s)
    LANG-only N_k: 0:18333 1:11647 2:7184 3:4611 4:2905 5:1950 6:1183 7:706 8:422 9:264 10:158 11:94 12:69 13:52 14:27 15:17 16:9 17:9 18:9 19:9 20:7
    killing factor at first LANG failure: 11:7503, 00000:2427, 0100101:1742, 101001:1644, 010010001:967, 0101000101:893, 0101010000:759, 01010001001:640
    LANG-only deepest witnesses: 100100010100010000100001000010000|101010100010000101001  000101010100010000100001000010000|101010100010000101001  000100010100010000100001000010000|101010100010000101001  010101010100010000100001000010000|101010100010000101001
n=34 |L_n|=  23125 h=0.335 null_lang= 17.1 null_joint=  6.8 | LANG-only deepest= 20 (0.588 n) full(n+2)=     0 | E-only deepest c2= 14 c3= 17 | joint deepest c2=  7 c3=  7 need=36  (0.2s)
    LANG-only N_k: 0:23125 1:14634 2:9175 3:5883 4:3600 5:2305 6:1425 7:915 8:526 9:344 10:229 11:120 12:76 13:56 14:37 15:31 16:29 17:20 18:12 19:3 20:3
    killing factor at first LANG failure: 11:9678, 00000:3092, 0100101:2058, 101001:1923, 010010001:1336, 0101000101:1027, 0101010000:949, 01010001001:750
    LANG-only deepest witnesses: 1000100010001010101010101010100010|000100100001000010001  0000100010001010101010101010100010|000100100001000010001  0101000010001010101010101010100010|000100100001000010001  0000101010001000010000100001000010|1010100010000101001
n=35 |L_n|=  29150 h=0.334 null_lang= 17.6 null_joint=  7.0 | LANG-only deepest= 18 (0.514 n) full(n+2)=     0 | E-only deepest c2= 11 c3= 15 | joint deepest c2=  8 c3=  8 need=37  (0.3s)
    LANG-only N_k: 0:29150 1:18332 2:11499 3:7420 4:4541 5:2986 6:1775 7:1158 8:789 9:426 10:281 11:172 12:86 13:49 14:45 15:34 16:18 17:4 18:4
    killing factor at first LANG failure: 11:12133, 00000:3774, 0100101:2603, 101001:2472, 010010001:1625, 0101010000:1291, 0101000101:1259, 01010001001:1026
    LANG-only deepest witnesses: 10100001000101010101010101010001000|0100100001000010001  00100001000101010101010101010001000|0100100001000010001  10010001000101010101010101010001000|0100100001000010001  00010001000101010101010101010001000|0100100001000010001
n=36 |L_n|=  36752 h=0.334 null_lang= 18.1 null_joint=  7.2 | LANG-only deepest= 18 (0.500 n) full(n+2)=     0 | E-only deepest c2= 11 c3= 13 | joint deepest c2=  7 c3=  9 need=38  (0.3s)
    LANG-only N_k: 0:36752 1:22909 2:14282 3:9197 4:5818 5:3639 6:2298 7:1297 8:889 9:558 10:334 11:165 12:119 13:80 14:55 15:38 16:38 17:4 18:4
    killing factor at first LANG failure: 11:15194, 00000:4907, 0100101:3451, 101001:3304, 010010001:2004, 0101010000:1538, 0101000101:1456, 01010001001:1218
    LANG-only deepest witnesses: 001010000100010010010010010010000100|0010100010000100101  010001000100010010010010010010000100|0010100010000100101  100001000100010010010010010010000100|0010100010000100101  101010000100010010010010010010000100|0010100010000100101
n=37 |L_n|=  46344 h=0.335 null_lang= 18.6 null_joint=  7.4 | LANG-only deepest= 17 (0.459 n) full(n+2)=     0 | E-only deepest c2= 12 c3= 13 | joint deepest c2=  7 c3=  7 need=39  (0.5s)
    LANG-only N_k: 0:46344 1:29281 2:18197 3:11364 4:7062 5:4267 6:2702 7:1727 8:1020 9:601 10:387 11:236 12:169 13:103 14:88 15:35 16:21 17:3
    killing factor at first LANG failure: 11:19231, 00000:6047, 0100101:4301, 101001:4065, 010010001:2683, 0101000101:1905, 0101010000:1883, 01010001001:1620
    LANG-only deepest witnesses: 0100001010000100010001000101000010001|010101000100001011  0010001010000100010001000101000010001|010101000100001011  1010001010000100010001000101000010001|010101000100001011  0000100001000010010000100001010000100|01000101010101001
n=38 |L_n|=  58427 h=0.334 null_lang= 19.1 null_joint=  7.6 | LANG-only deepest= 18 (0.474 n) full(n+2)=     0 | E-only deepest c2= 12 c3= 14 | joint deepest c2=  8 c3=  8 need=40  (0.6s)
    LANG-only N_k: 0:58427 1:37065 2:23351 3:14736 4:9047 5:5900 6:3573 7:2243 8:1354 9:852 10:537 11:333 12:244 13:130 14:75 15:42 16:19 17:14 18:9
    killing factor at first LANG failure: 11:24155, 00000:7527, 0100101:5291, 101001:5013, 010010001:3345, 0101010000:2634, 0101000101:2453, 01010001001:2094
    LANG-only deepest witnesses: 01000101010001000010000101000010001010|0001000100010010011  10100001010001000010000101000010001010|0001000100010010011  01010101010001000010000101000010001010|0001000100010010011  00010001010001000010000101000010001010|0001000100010010011
n=39 |L_n|=  73636 h=0.334 null_lang= 19.5 null_joint=  7.8 | LANG-only deepest= 21 (0.538 n) full(n+2)=     0 | E-only deepest c2= 12 c3= 12 | joint deepest c2=  9 c3=  8 need=41  (1.0s)
    LANG-only N_k: 0:73636 1:46795 2:29424 3:18599 4:11693 5:7219 6:4601 7:2753 8:1786 9:1157 10:732 11:445 12:298 13:195 14:136 15:87 16:56 17:9 18:3 19:3 20:3 21:3
    killing factor at first LANG failure: 11:30708, 00000:9219, 0100101:7052, 101001:6268, 010010001:4203, 0101010000:3205, 0101000101:3066, 01010001001:2605
    LANG-only deepest witnesses: 010000101000010010010010010000100001000|0100001010101010101011  001000101000010010010010010000100001000|0100001010101010101011  101000101000010010010010010000100001000|0100001010101010101011  100001010000101000100001010001000010100|010000100001000011
n=40 |L_n|=  92831 h=0.334 null_lang= 20.1 null_joint=  8.0 | LANG-only deepest= 19 (0.475 n) full(n+2)=     0 | E-only deepest c2= 12 c3= 17 | joint deepest c2=  7 c3=  9 need=42  (1.2s)
    LANG-only N_k: 0:92831 1:58212 2:36757 3:23191 4:14644 5:9058 6:5747 7:3729 8:2291 9:1436 10:893 11:538 12:376 13:247 14:148 15:67 16:31 17:29 18:2 19:2
    killing factor at first LANG failure: 11:38801, 00000:11894, 0100101:8724, 101001:7935, 010010001:5346, 0101000101:4033, 0101010000:3989, 01010001001:3164
    LANG-only deepest witnesses: 0100010100001001001001001000010000100001|00001010101010101011  1000010100001001001001001000010000100001|00001010101010101011  0010001000100001001000010010000100001010|101010101010101001  0010010000100001001000010010000100001010|101010101010101001
