##### prefix language R13, continuation language HC
n=13 |L_n|=    156 h=0.391 null_lang=  8.3 null_joint=  3.2 | LANG-only deepest= 15 (1.154 n) full(n+2)=     1 | E-only deepest c2=  5 c3=  5 | joint deepest c2=  5 c3=  4 need=15  (0.0s)
    LANG-only N_k: 0:156 1:129 2:107 3:85 4:67 5:52 6:34 7:27 8:25 9:18 10:7 11:3 12:1 13:1 14:1 15:1
    killing factor at first LANG failure: 11:155
    LANG-only deepest witnesses: 0010010010010|010000101010100  0100010101010|010001010011
n=14 |L_n|=    202 h=0.373 null_lang=  8.3 null_joint=  3.2 | LANG-only deepest= 15 (1.071 n) full(n+2)=     0 | E-only deepest c2=  5 c3=  8 | joint deepest c2=  5 c3=  5 need=16  (0.0s)
    LANG-only N_k: 0:202 1:161 2:129 3:104 4:80 5:65 6:51 7:45 8:23 9:18 10:15 11:10 12:10 13:8 14:8 15:6
    killing factor at first LANG failure: 11:202
    LANG-only deepest witnesses: 01010101000100|0000101010010011  10010101000100|0000101010010011
n=15 |L_n|=    259 h=0.359 null_lang=  8.4 null_joint=  3.3 | LANG-only deepest= 17 (1.133 n) full(n+2)=     2 | E-only deepest c2=  7 c3=  6 | joint deepest c2=  7 c3=  5 need=17  (0.0s)
    LANG-only N_k: 0:259 1:221 2:181 3:149 4:114 5:95 6:64 7:48 8:46 9:34 10:32 11:28 12:21 13:18 14:9 15:3 16:2 17:2
    killing factor at first LANG failure: 11:257
    LANG-only deepest witnesses: 100010101010101|00010000001010101  000010101010101|00010000001010101
n=16 |L_n|=    333 h=0.363 null_lang=  9.1 null_joint=  3.5 | LANG-only deepest= 18 (1.125 n) full(n+2)=    14 | E-only deepest c2=  5 c3=  9 | joint deepest c2=  5 c3=  5 need=18  (0.0s)
    LANG-only N_k: 0:333 1:278 2:237 3:194 4:153 5:124 6:111 7:86 8:75 9:68 10:58 11:41 12:40 13:36 14:31 15:29 16:23 17:14 18:14
    killing factor at first LANG failure: 11:319
    LANG-only deepest witnesses: 0001010100010000|100010001000000101  1000010100001000|101000000100010010
n=17 |L_n|=    423 h=0.345 null_lang=  9.0 null_joint=  3.5 | LANG-only deepest= 19 (1.118 n) full(n+2)=     9 | E-only deepest c2= 13 c3= 11 | joint deepest c2= 10 c3=  4 need=19  (0.0s)
    LANG-only N_k: 0:423 1:343 2:276 3:220 4:189 5:156 6:141 7:122 8:96 9:71 10:62 11:48 12:35 13:33 14:30 15:23 16:20 17:17 18:17 19:9
    killing factor at first LANG failure: 11:414
    LANG-only deepest witnesses: 01000100001001000|0000010000100100001  00101010001000010|0010001000000101001
n=18 |L_n|=    543 h=0.360 null_lang= 10.1 null_joint=  4.0 | LANG-only deepest= 20 (1.111 n) full(n+2)=     5 | E-only deepest c2=  7 c3=  6 | joint deepest c2=  4 c3=  6 need=20  (0.0s)
    LANG-only N_k: 0:543 1:456 2:369 3:283 4:234 5:193 6:163 7:109 8:85 9:70 10:51 11:46 12:38 13:30 14:27 15:20 16:15 17:13 18:13 19:13 20:5
    killing factor at first LANG failure: 11:538
    LANG-only deepest witnesses: 000100010001001000|00010010100000000100  100101000010000101|01010000101010100001
n=19 |L_n|=    688 h=0.341 null_lang=  9.9 null_joint=  3.9 | LANG-only deepest= 21 (1.105 n) full(n+2)=    14 | E-only deepest c2=  8 c3=  7 | joint deepest c2=  5 c3=  4 need=21  (0.0s)
    LANG-only N_k: 0:688 1:596 2:476 3:385 4:297 5:241 6:190 7:156 8:128 9:99 10:81 11:64 12:51 13:36 14:31 15:22 16:22 17:22 18:22 19:22 20:22 21:14
    killing factor at first LANG failure: 11:674
    LANG-only deepest witnesses: 1010100010000100001|000100000010100001000  0001000010000100001|000100000010100001000
n=20 |L_n|=    873 h=0.344 null_lang= 10.5 null_joint=  4.1 | LANG-only deepest= 22 (1.100 n) full(n+2)=     6 | E-only deepest c2= 10 c3=  6 | joint deepest c2=  6 c3=  6 need=22  (0.0s)
    LANG-only N_k: 0:873 1:732 2:595 3:460 4:349 5:282 6:232 7:199 8:163 9:129 10:106 11:91 12:66 13:53 14:41 15:39 16:34 17:25 18:21 19:15 20:15 21:6 22:6
    killing factor at first LANG failure: 11:867
    LANG-only deepest witnesses: 01000010101010001000|1000000100001010000100  00100010101010001000|1000000100001010000100
n=21 |L_n|=   1109 h=0.345 null_lang= 11.1 null_joint=  4.4 | LANG-only deepest= 23 (1.095 n) full(n+2)=     4 | E-only deepest c2= 12 c3= 10 | joint deepest c2=  7 c3=  6 need=23  (0.0s)
    LANG-only N_k: 0:1109 1:902 2:696 3:556 4:436 5:369 6:298 7:252 8:204 9:156 10:106 11:64 12:52 13:47 14:43 15:26 16:23 17:17 18:17 19:15 20:12 21:10 22:10 23:4
    killing factor at first LANG failure: 11:1105
    LANG-only deepest witnesses: 101000010100001010000|10100010010001000010100  000100010100001010000|10100010010001000010100
n=22 |L_n|=   1407 h=0.343 null_lang= 11.5 null_joint=  4.6 | LANG-only deepest= 24 (1.091 n) full(n+2)=     5 | E-only deepest c2=  7 c3= 12 | joint deepest c2=  5 c3=  6 need=24  (0.0s)
    LANG-only N_k: 0:1407 1:1196 2:977 3:808 4:654 5:536 6:443 7:339 8:266 9:204 10:169 11:151 12:135 13:86 14:73 15:53 16:47 17:39 18:36 19:26 20:21 21:9 22:9 23:9 24:5
    killing factor at first LANG failure: 11:1402
    LANG-only deepest witnesses: 1010000100010001000010|101000100000000101010000  1010001010000101000010|100010010001000010100010
n=23 |L_n|=   1780 h=0.339 null_lang= 11.8 null_joint=  4.7 | LANG-only deepest= 25 (1.087 n) full(n+2)=     7 | E-only deepest c2=  9 c3= 10 | joint deepest c2=  8 c3=  8 need=25  (0.0s)
    LANG-only N_k: 0:1780 1:1485 2:1178 3:950 4:753 5:625 6:490 7:399 8:329 9:275 10:235 11:161 12:115 13:97 14:82 15:75 16:71 17:54 18:33 19:22 20:17 21:15 22:13 23:13 24:7 25:7
    killing factor at first LANG failure: 11:1773
    LANG-only deepest witnesses: 00100010001000100001010|1000100000000101010000101  10101000010101010101010|0100000000100000100010101
n=24 |L_n|=   2251 h=0.339 null_lang= 12.3 null_joint=  4.9 | LANG-only deepest= 25 (1.042 n) full(n+2)=     0 | E-only deepest c2= 10 c3= 10 | joint deepest c2= 10 c3=  8 need=26  (0.0s)
    LANG-only N_k: 0:2251 1:1866 2:1459 3:1189 4:945 5:740 6:606 7:503 8:425 9:315 10:260 11:221 12:171 13:150 14:117 15:99 16:79 17:68 18:47 19:32 20:27 21:25 22:17 23:17 24:8 25:2
    killing factor at first LANG failure: 11:2251
    LANG-only deepest witnesses: 100001000100010001000100|01000001010010101001001011  010001000100010001000100|01000001010010101001001011
n=25 |L_n|=   2846 h=0.338 null_lang= 12.8 null_joint=  5.1 | LANG-only deepest= 27 (1.080 n) full(n+2)=    15 | E-only deepest c2= 11 c3= 10 | joint deepest c2= 10 c3= 10 need=27  (0.1s)
    LANG-only N_k: 0:2846 1:2445 2:1901 3:1576 4:1317 5:1071 6:898 7:715 8:596 9:487 10:400 11:342 12:272 13:247 14:194 15:182 16:147 17:113 18:105 19:92 20:70 21:64 22:34 23:26 24:22 25:22 26:15 27:15
    killing factor at first LANG failure: 11:2831
    LANG-only deepest witnesses: 1000100010001000101000100|100000100000010000010010100  0001000100010010010010000|000100000001010101010100001
n=26 |L_n|=   3599 h=0.339 null_lang= 13.3 null_joint=  5.3 | LANG-only deepest= 28 (1.077 n) full(n+2)=    10 | E-only deepest c2= 11 c3=  9 | joint deepest c2=  7 c3=  8 need=28  (0.0s)
    LANG-only N_k: 0:3599 1:3041 2:2421 3:2013 4:1591 5:1247 6:1074 7:860 8:684 9:579 10:493 11:407 12:314 13:259 14:212 15:160 16:153 17:126 18:97 19:82 20:53 21:35 22:29 23:19 24:19 25:16 26:10 27:10 28:10
    killing factor at first LANG failure: 11:3589
    LANG-only deepest witnesses: 10010000101010001000010000|1001001010010010000001000100  10001001000010000100001000|0101001010000010001010101001
n=27 |L_n|=   4544 h=0.336 null_lang= 13.7 null_joint=  5.5 | LANG-only deepest= 29 (1.074 n) full(n+2)=    16 | E-only deepest c2= 12 c3= 12 | joint deepest c2=  5 c3=  8 need=29  (0.1s)
    LANG-only N_k: 0:4544 1:3815 2:2968 3:2416 4:1938 5:1528 6:1241 7:1015 8:830 9:674 10:544 11:458 12:346 13:263 14:215 15:172 16:138 17:125 18:97 19:59 20:51 21:43 22:41 23:34 24:23 25:23 26:21 27:16 28:16 29:16
    killing factor at first LANG failure: 11:4528
    LANG-only deepest witnesses: 101010000101000010010010010|01010100100101000100001010010  001000010101000100001000010|01001010010010000001000100000
n=28 |L_n|=   5731 h=0.335 null_lang= 14.1 null_joint=  5.6 | LANG-only deepest= 30 (1.071 n) full(n+2)=    22 | E-only deepest c2=  8 c3= 12 | joint deepest c2=  6 c3=  8 need=30  (0.1s)
    LANG-only N_k: 0:5731 1:4828 2:3921 3:3216 4:2541 5:2120 6:1760 7:1440 8:1204 9:1003 10:789 11:631 12:532 13:439 14:366 15:284 16:226 17:157 18:129 19:110 20:93 21:69 22:52 23:47 24:45 25:34 26:34 27:34 28:27 29:22 30:22
    killing factor at first LANG failure: 11:5709
    LANG-only deepest witnesses: 0000100010100001000010010000|010100101010001010000100100100  1010101010100010000100001001|001010010010000001000100000010
n=29 |L_n|=   7242 h=0.338 null_lang= 14.8 null_joint=  5.9 | LANG-only deepest= 31 (1.069 n) full(n+2)=    18 | E-only deepest c2=  9 c3= 12 | joint deepest c2=  8 c3= 11 need=31  (0.1s)
    LANG-only N_k: 0:7242 1:6020 2:4759 3:4032 4:3327 5:2672 6:2208 7:1836 8:1469 9:1223 10:1026 11:830 12:710 13:543 14:439 15:320 16:264 17:217 18:169 19:145 20:110 21:96 22:84 23:58 24:54 25:50 26:39 27:31 28:25 29:22 30:20 31:18
    killing factor at first LANG failure: 11:7224
    LANG-only deepest witnesses: 10101000010100001010101010100|1000000000000001010001000001010  10000101010001000010000100100|1010010010000001000100000010010
n=30 |L_n|=   9136 h=0.335 null_lang= 15.1 null_joint=  6.0 | LANG-only deepest= 32 (1.067 n) full(n+2)=    19 | E-only deepest c2= 10 c3= 12 | joint deepest c2=  7 c3=  9 need=32  (0.1s)
    LANG-only N_k: 0:9136 1:7762 2:6104 3:5098 4:4243 5:3483 6:2893 7:2462 8:2060 9:1635 10:1339 11:1103 12:858 13:705 14:548 15:427 16:336 17:284 18:263 19:219 20:178 21:137 22:128 23:108 24:74 25:55 26:41 27:29 28:24 29:19 30:19 31:19 32:19
    killing factor at first LANG failure: 11:9117
    LANG-only deepest witnesses: 100001010001000010100001001000|01010010010010001001000010100100  001000101000100001000010010010|10010010000001000100000010010000
n=31 |L_n|=  11523 h=0.335 null_lang= 15.6 null_joint=  6.2 | LANG-only deepest= 33 (1.065 n) full(n+2)=    20 | E-only deepest c2= 10 c3= 14 | joint deepest c2=  9 c3= 11 need=33  (0.1s)
    LANG-only N_k: 0:11523 1:9806 2:7907 3:6532 4:5226 5:4225 6:3430 7:2818 8:2306 9:1922 10:1553 11:1263 12:971 13:747 14:618 15:490 16:401 17:292 18:240 19:178 20:157 21:139 22:116 23:97 24:66 25:48 26:43 27:37 28:37 29:37 30:31 31:27 32:22 33:20
    killing factor at first LANG failure: 11:11503
    LANG-only deepest witnesses: 0001001001000010000100001001001|000000000101000001000101000010100  0000101000100001010000100100001|010010010010001001000010100100000
n=32 |L_n|=  14533 h=0.335 null_lang= 16.1 null_joint=  6.4 | LANG-only deepest= 34 (1.062 n) full(n+2)=     9 | E-only deepest c2= 12 c3= 16 | joint deepest c2=  8 c3= 13 need=34  (0.2s)
    LANG-only N_k: 0:14533 1:12256 2:9733 3:8076 4:6552 5:5378 6:4319 7:3566 8:2935 9:2358 10:1808 11:1474 12:1206 13:976 14:810 15:627 16:556 17:420 18:328 19:266 20:232 21:186 22:154 23:108 24:90 25:72 26:54 27:54 28:49 29:40 30:36 31:25 32:15 33:11 34:9
    killing factor at first LANG failure: 11:14524
    LANG-only deepest witnesses: 00100010001010000100100001001000|0010010010000010000100010000100001  01000010100001000010010010010000|1010000010010101010100101001000000
n=33 |L_n|=  18333 h=0.335 null_lang= 16.6 null_joint=  6.6 | LANG-only deepest= 35 (1.061 n) full(n+2)=    27 | E-only deepest c2= 16 c3= 19 | joint deepest c2= 13 c3= 13 need=35  (0.3s)
    LANG-only N_k: 0:18333 1:15606 2:12475 3:10152 4:8153 5:6618 6:5168 7:4195 8:3253 9:2695 10:2105 11:1672 12:1308 13:1056 14:947 15:740 16:611 17:469 18:397 19:338 20:278 21:244 22:208 23:175 24:157 25:128 26:108 27:79 28:76 29:71 30:56 31:43 32:34 33:34 34:27 35:27
    killing factor at first LANG failure: 11:18306
    LANG-only deepest witnesses: 001000010000100001001001001000010|10000010010101010100101001000000101  101010001000010010010000100100100|10101001010100100001010100100100000
n=34 |L_n|=  23125 h=0.335 null_lang= 17.1 null_joint=  6.8 | LANG-only deepest= 36 (1.059 n) full(n+2)=    29 | E-only deepest c2= 14 c3= 17 | joint deepest c2=  9 c3= 11 need=36  (0.4s)
    LANG-only N_k: 0:23125 1:19506 2:15519 3:12738 4:10001 5:8096 6:6602 7:5375 8:4253 9:3453 10:2773 11:2257 12:1789 13:1414 14:1143 15:941 16:805 17:692 18:577 19:521 20:435 21:395 22:321 23:264 24:219 25:167 26:136 27:117 28:99 29:66 30:56 31:39 32:39 33:36 34:36 35:36 36:29
    killing factor at first LANG failure: 11:23096
    LANG-only deepest witnesses: 0101000010100001010000100010100001|001010101000100100001010001010000001  1000100010100001010000100010100001|001010101000100100001010001010000001
##### prefix language R13, continuation language R5
n=13 |L_n|=    156 h=0.391 null_lang=  8.3 null_joint=  3.2 | LANG-only deepest= 15 (1.154 n) full(n+2)=     1 | E-only deepest c2=  5 c3=  5 | joint deepest c2=  5 c3=  4 need=15  (0.0s)
    LANG-only N_k: 0:156 1:118 2:91 3:71 4:51 5:37 6:22 7:20 8:18 9:14 10:7 11:3 12:1 13:1 14:1 15:1
    killing factor at first LANG failure: 11:127, 00000:28
    LANG-only deepest witnesses: 0010010010010|010000101010100  0100010101010|010001010011
n=14 |L_n|=    202 h=0.373 null_lang=  8.3 null_joint=  3.2 | LANG-only deepest= 15 (1.071 n) full(n+2)=     0 | E-only deepest c2=  5 c3=  8 | joint deepest c2=  5 c3=  5 need=16  (0.0s)
    LANG-only N_k: 0:202 1:150 2:111 3:80 4:60 5:48 6:34 7:28 8:12 9:7 10:3 11:3 12:3 13:3 14:3 15:3
    killing factor at first LANG failure: 11:170, 00000:32
    LANG-only deepest witnesses: 01001001001001|0000101010100011  00001001001001|0000101010100011
n=15 |L_n|=    259 h=0.359 null_lang=  8.4 null_joint=  3.3 | LANG-only deepest= 14 (0.933 n) full(n+2)=     0 | E-only deepest c2=  7 c3=  6 | joint deepest c2=  7 c3=  3 need=17  (0.0s)
    LANG-only N_k: 0:259 1:203 2:154 3:125 4:86 5:64 6:49 7:33 8:31 9:19 10:15 11:13 12:11 13:9 14:3
    killing factor at first LANG failure: 11:215, 00000:44
    LANG-only deepest witnesses: 010000101000100|101001010101011  001000101000100|101001010101011
n=16 |L_n|=    333 h=0.363 null_lang=  9.1 null_joint=  3.5 | LANG-only deepest= 18 (1.125 n) full(n+2)=     6 | E-only deepest c2=  5 c3=  9 | joint deepest c2=  5 c3=  5 need=18  (0.0s)
    LANG-only N_k: 0:333 1:265 2:210 3:165 4:131 5:100 6:85 7:61 8:48 9:46 10:43 11:26 12:25 13:23 14:13 15:13 16:8 17:6 18:6
    killing factor at first LANG failure: 11:272, 00000:55
    LANG-only deepest witnesses: 1001000100010101|001000010010010100  1010100001010101|010000101000100101
n=17 |L_n|=    423 h=0.345 null_lang=  9.0 null_joint=  3.5 | LANG-only deepest= 18 (1.059 n) full(n+2)=     0 | E-only deepest c2= 13 c3= 11 | joint deepest c2= 10 c3=  3 need=19  (0.0s)
    LANG-only N_k: 0:423 1:329 2:249 3:191 4:156 5:123 6:104 7:86 8:68 9:43 10:34 11:28 12:18 13:13 14:13 15:9 16:9 17:6 18:6
    killing factor at first LANG failure: 11:363, 00000:60
    LANG-only deepest witnesses: 01000010001010100|1000010010010100011  00100010001010100|1000010010010100011
n=18 |L_n|=    543 h=0.360 null_lang= 10.1 null_joint=  4.0 | LANG-only deepest= 20 (1.111 n) full(n+2)=     2 | E-only deepest c2=  7 c3=  6 | joint deepest c2=  4 c3=  6 need=20  (0.0s)
    LANG-only N_k: 0:543 1:439 2:322 3:241 4:196 5:155 6:118 7:74 8:50 9:40 10:29 11:23 12:14 13:6 14:6 15:4 16:2 17:2 18:2 19:2 20:2
    killing factor at first LANG failure: 11:459, 00000:82
    LANG-only deepest witnesses: 000101000010000101|01010000101010100001  100101000010000101|01010000101010100001
n=19 |L_n|=    688 h=0.341 null_lang=  9.9 null_joint=  3.9 | LANG-only deepest= 20 (1.053 n) full(n+2)=     0 | E-only deepest c2=  8 c3=  7 | joint deepest c2=  5 c3=  4 need=21  (0.0s)
    LANG-only N_k: 0:688 1:571 2:415 3:329 4:235 5:173 6:118 7:92 8:83 9:55 10:34 11:17 12:10 13:8 14:8 15:8 16:8 17:8 18:8 19:8 20:8
    killing factor at first LANG failure: 11:579, 00000:109
    LANG-only deepest witnesses: 0001010001000010101|010000101010100001011  0100100001000010101|010000101010100001011
n=20 |L_n|=    873 h=0.344 null_lang= 10.5 null_joint=  4.1 | LANG-only deepest= 22 (1.100 n) full(n+2)=     1 | E-only deepest c2= 10 c3=  6 | joint deepest c2=  6 c3=  6 need=22  (0.0s)
    LANG-only N_k: 0:873 1:692 2:512 3:377 4:255 5:204 6:146 7:104 8:78 9:60 10:47 11:41 12:26 13:21 14:18 15:18 16:13 17:7 18:7 19:1 20:1 21:1 22:1
    killing factor at first LANG failure: 11:719, 00000:153
    LANG-only deepest witnesses: 01010101010101010101|0101000100101001010100  01010000100010001000|1010010101001000011
n=21 |L_n|=   1109 h=0.345 null_lang= 11.1 null_joint=  4.4 | LANG-only deepest= 23 (1.095 n) full(n+2)=     4 | E-only deepest c2= 12 c3= 10 | joint deepest c2=  7 c3=  6 need=23  (0.0s)
    LANG-only N_k: 0:1109 1:863 2:584 3:446 4:325 5:271 6:201 7:161 8:131 9:98 10:61 11:40 12:27 13:22 14:22 15:15 16:14 17:8 18:8 19:6 20:6 21:6 22:6 23:4
    killing factor at first LANG failure: 11:903, 00000:202
    LANG-only deepest witnesses: 001000010100001010000|10100010010001000010100  100100010100001010000|10100010010001000010100
n=22 |L_n|=   1407 h=0.343 null_lang= 11.5 null_joint=  4.6 | LANG-only deepest= 24 (1.091 n) full(n+2)=     3 | E-only deepest c2=  7 c3= 12 | joint deepest c2=  5 c3=  6 need=24  (0.0s)
    LANG-only N_k: 0:1407 1:1136 2:853 3:666 4:496 5:385 6:309 7:221 8:165 9:118 10:85 11:74 12:63 13:35 14:31 15:16 16:14 17:7 18:7 19:7 20:4 21:3 22:3 23:3 24:3
    killing factor at first LANG failure: 11:1131, 00000:273
    LANG-only deepest witnesses: 1010001010000101000010|100010010001000010100010  0010001010000101000010|100010010001000010100010
n=23 |L_n|=   1780 h=0.339 null_lang= 11.8 null_joint=  4.7 | LANG-only deepest= 23 (1.000 n) full(n+2)=     0 | E-only deepest c2=  9 c3= 10 | joint deepest c2=  6 c3=  8 need=25  (0.0s)
    LANG-only N_k: 0:1780 1:1419 2:1045 3:789 4:597 5:464 6:323 7:250 8:182 9:155 10:118 11:65 12:49 13:38 14:31 15:29 16:27 17:27 18:14 19:6 20:6 21:4 22:2 23:2
    killing factor at first LANG failure: 11:1465, 00000:315
    LANG-only deepest witnesses: 10000101000010100001010|001001000100001010001011  01000101000010100001010|001001000100001010001011
n=24 |L_n|=   2251 h=0.339 null_lang= 12.3 null_joint=  4.9 | LANG-only deepest= 24 (1.000 n) full(n+2)=     0 | E-only deepest c2= 10 c3= 10 | joint deepest c2= 10 c3=  8 need=26  (0.0s)
    LANG-only N_k: 0:2251 1:1754 2:1269 3:951 4:694 5:541 6:384 7:293 8:225 9:153 10:124 11:97 12:74 13:64 14:47 15:41 16:30 17:29 18:23 19:13 20:10 21:10 22:2 23:2 24:2
    killing factor at first LANG failure: 11:1827, 00000:424
    LANG-only deepest witnesses: 010001010000100100001001|0000100101001001010101011  100001010000100100001001|0000100101001001010101011
n=25 |L_n|=   2846 h=0.338 null_lang= 12.8 null_joint=  5.1 | LANG-only deepest= 27 (1.080 n) full(n+2)=     2 | E-only deepest c2= 11 c3= 10 | joint deepest c2= 10 c3=  7 need=27  (0.0s)
    LANG-only N_k: 0:2846 1:2302 2:1624 3:1275 4:993 5:776 6:606 7:463 8:385 9:286 10:229 11:174 12:147 13:128 14:96 15:91 16:71 17:58 18:50 19:44 20:35 21:35 22:14 23:9 24:9 25:9 26:2 27:2
    killing factor at first LANG failure: 11:2342, 00000:502
    LANG-only deepest witnesses: 1010100001000100001001000|010010001000100001000101001  0010100001000100001001000|010010001000100001000101001
n=26 |L_n|=   3599 h=0.339 null_lang= 13.3 null_joint=  5.3 | LANG-only deepest= 25 (0.962 n) full(n+2)=     0 | E-only deepest c2= 11 c3=  9 | joint deepest c2=  7 c3=  8 need=28  (0.1s)
    LANG-only N_k: 0:3599 1:2907 2:2172 3:1726 4:1292 5:972 6:799 7:582 8:422 9:312 10:274 11:212 12:149 13:130 14:100 15:68 16:61 17:44 18:32 19:29 20:14 21:6 22:6 23:3 24:3 25:3
    killing factor at first LANG failure: 11:3029, 00000:570
    LANG-only deepest witnesses: 01010000100010000100100001|00100010001000010001010011  00001000100010000100100001|00100010001000010001010011
n=27 |L_n|=   4544 h=0.336 null_lang= 13.7 null_joint=  5.5 | LANG-only deepest= 29 (1.074 n) full(n+2)=     4 | E-only deepest c2= 12 c3= 12 | joint deepest c2=  5 c3=  6 need=29  (0.1s)
    LANG-only N_k: 0:4544 1:3589 2:2549 3:1963 4:1517 5:1127 6:861 7:652 8:516 9:377 10:294 11:247 12:179 13:119 14:95 15:73 16:57 17:52 18:36 19:17 20:12 21:10 22:10 23:10 24:6 25:6 26:4 27:4 28:4 29:4
    killing factor at first LANG failure: 11:3756, 00000:784
    LANG-only deepest witnesses: 101010000101000010010010010|01010100100101000100001010010  000010000101000010010010010|01010100100101000100001010010
n=28 |L_n|=   5731 h=0.335 null_lang= 14.1 null_joint=  5.6 | LANG-only deepest= 30 (1.071 n) full(n+2)=     5 | E-only deepest c2=  8 c3= 12 | joint deepest c2=  6 c3=  7 need=30  (0.1s)
    LANG-only N_k: 0:5731 1:4575 2:3461 3:2671 4:1965 5:1542 6:1205 7:919 8:739 9:570 10:431 11:338 12:285 13:223 14:171 15:129 16:77 17:53 18:36 19:24 20:22 21:12 22:9 23:7 24:5 25:5 26:5 27:5 28:5 29:5 30:5
    killing factor at first LANG failure: 11:4679, 00000:1047
    LANG-only deepest witnesses: 1000100010100001001001001001|010100100101000100001010010101  0101000010100001001001001001|010100100101000100001010010101
n=29 |L_n|=   7242 h=0.338 null_lang= 14.8 null_joint=  5.9 | LANG-only deepest= 31 (1.069 n) full(n+2)=     6 | E-only deepest c2=  9 c3= 12 | joint deepest c2=  8 c3= 11 need=31  (0.1s)
    LANG-only N_k: 0:7242 1:5651 2:4073 3:3250 4:2502 5:1916 6:1480 7:1145 8:879 9:683 10:579 11:440 12:339 13:244 14:161 15:112 16:92 17:58 18:48 19:36 20:31 21:25 22:17 23:14 24:14 25:10 26:8 27:6 28:6 29:6 30:6 31:6
    killing factor at first LANG failure: 11:5843, 00000:1393
    LANG-only deepest witnesses: 01001001001000010000100001000|1010010001010001001000101000010  10001001001000010000100001000|1010010001010001001000101000010
n=30 |L_n|=   9136 h=0.335 null_lang= 15.1 null_joint=  6.0 | LANG-only deepest= 32 (1.067 n) full(n+2)=     5 | E-only deepest c2= 10 c3= 12 | joint deepest c2=  7 c3=  9 need=32  (0.1s)
    LANG-only N_k: 0:9136 1:7334 2:5305 3:4172 4:3254 5:2546 6:1991 7:1582 8:1248 9:943 10:730 11:569 12:366 13:303 14:239 15:154 16:118 17:94 18:87 19:69 20:54 21:52 22:42 23:27 24:21 25:10 26:5 27:5 28:5 29:5 30:5 31:5 32:5
    killing factor at first LANG failure: 11:7438, 00000:1693
    LANG-only deepest witnesses: 010001010001000010100001001000|01010010010010001001000010100100  100101010001000010100001001000|01010010010010001001000010100100
n=31 |L_n|=  11523 h=0.335 null_lang= 15.6 null_joint=  6.2 | LANG-only deepest= 32 (1.032 n) full(n+2)=     0 | E-only deepest c2= 10 c3= 14 | joint deepest c2=  9 c3= 11 need=33  (0.2s)
    LANG-only N_k: 0:11523 1:9226 2:6833 3:5342 4:4033 5:3061 6:2304 7:1793 8:1369 9:1081 10:817 11:630 12:473 13:327 14:253 15:183 16:141 17:87 18:66 19:42 20:37 21:31 22:26 23:23 24:13 25:13 26:13 27:13 28:13 29:13 30:13 31:9 32:9
    killing factor at first LANG failure: 11:9406, 00000:2117
    LANG-only deepest witnesses: 0100010000100001010000100100001|010010010010001001000010100100000  0010010000100001010000100100001|010010010010001001000010100100000
n=32 |L_n|=  14533 h=0.335 null_lang= 16.1 null_joint=  6.4 | LANG-only deepest= 28 (0.875 n) full(n+2)=     0 | E-only deepest c2= 12 c3= 16 | joint deepest c2=  8 c3= 13 need=34  (0.2s)
    LANG-only N_k: 0:14533 1:11617 2:8532 3:6667 4:5104 5:4035 6:3013 7:2377 8:1843 9:1414 10:1058 11:802 12:602 13:496 14:365 15:260 16:213 17:160 18:114 19:81 20:66 21:56 22:32 23:27 24:17 25:10 26:5 27:5 28:5
    killing factor at first LANG failure: 11:11963, 00000:2570
    LANG-only deepest witnesses: 00100010001000010100010000101010|10010101001001000010100100011  10101000010001000101000010100010|00010001000010100100101010011
n=33 |L_n|=  18333 h=0.335 null_lang= 16.6 null_joint=  6.6 | LANG-only deepest= 35 (1.061 n) full(n+2)=     6 | E-only deepest c2= 16 c3= 19 | joint deepest c2= 13 c3= 13 need=35  (0.3s)
    LANG-only N_k: 0:18333 1:14699 2:10804 3:8312 4:6316 5:4887 6:3547 7:2775 8:1961 9:1560 10:1135 11:875 12:638 13:479 14:411 15:318 16:261 17:181 18:150 19:127 20:104 21:86 22:66 23:46 24:42 25:40 26:33 27:18 28:18 29:18 30:16 31:11 32:11 33:11 34:11 35:6
    killing factor at first LANG failure: 11:15063, 00000:3264
    LANG-only deepest witnesses: 001010000101000010100001000101000|01001010101000100100001010001010000  100010000101000010100001000101000|01001010101000100100001010001010000
n=34 |L_n|=  23125 h=0.335 null_lang= 17.1 null_joint=  6.8 | LANG-only deepest= 33 (0.971 n) full(n+2)=     0 | E-only deepest c2= 14 c3= 17 | joint deepest c2=  8 c3= 11 need=36  (0.3s)
    LANG-only N_k: 0:23125 1:18424 2:13540 3:10441 4:7718 5:5934 6:4491 7:3441 8:2538 9:2046 10:1562 11:1224 12:887 13:683 14:545 15:406 16:328 17:270 18:230 19:199 20:166 21:136 22:106 23:97 24:71 25:56 26:50 27:41 28:29 29:17 30:15 31:15 32:15 33:8
    killing factor at first LANG failure: 11:18951, 00000:4174
    LANG-only deepest witnesses: 0101000010100001010000100010100001|0010101010001001000010100010100000  0000100010100001010000100010100001|0010101010001001000010100010100000
