##### prefix language R13, continuation language R13
n=41 |L_n|= 117015 h=0.334 null_lang= 20.6 null_joint=  8.2 | LANG-only deepest= 26 (0.634 n) full(n+2)=     0 | E-only deepest c2= 13 c3= 15 | joint deepest c2=  9 c3=  9 need=43  (1.6s)
    LANG-only N_k: 0:117015 1:73692 2:46582 3:28839 4:18261 5:11533 6:7240 7:4420 8:2779 9:1665 10:1183 11:749 12:405 13:215 14:107 15:96 16:30 17:22 18:5 19:5 20:5 21:5 22:2 23:2 24:2 25:2 26:2
    killing factor at first LANG failure: 11:48759, 00000:15179, 0100101:10577, 101001:9990, 010010001:6790, 0101010000:5217, 0101000101:4707, 01010001001:4102
    LANG-only deepest witnesses: 10000100010001000100010000100001001000010|000100100100001001001000011  01000100010001000100010000100001001000010|000100100100001001001000011  00001000100010101010101010101010001000010|1000100001000010010011  10001000100010101010101010101010001000010|1000100001000010010011
n=42 |L_n|= 147494 h=0.334 null_lang= 21.1 null_joint=  8.4 | LANG-only deepest= 24 (0.571 n) full(n+2)=     0 | E-only deepest c2= 13 c3= 13 | joint deepest c2= 10 c3=  9 need=44  (2.3s)
    LANG-only N_k: 0:147494 1:93035 2:58609 3:36711 4:23237 5:14544 6:9180 7:5550 8:3586 9:2198 10:1272 11:704 12:386 13:270 14:161 15:95 16:54 17:46 18:34 19:25 20:19 21:17 22:2 23:2 24:2
    killing factor at first LANG failure: 11:61021, 00000:19232, 0100101:13706, 101001:12590, 010010001:8814, 0101000101:6376, 0101010000:6144, 01010001001:4981
    LANG-only deepest witnesses: 100010001000100010001000010000100100001000|0100100100001001001000011  000010001000100010001000010000100100001000|0100100100001001001000011  101000100001001000010000101010101010001000|0101000010010010010001  000100100001001000010000101010101010001000|0101000010010010010001
n=43 |L_n|= 185880 h=0.334 null_lang= 21.5 null_joint=  8.6 | LANG-only deepest= 27 (0.628 n) full(n+2)=     0 | E-only deepest c2= 17 c3= 14 | joint deepest c2=  8 c3=  8 need=45  (3.4s)
    LANG-only N_k: 0:185880 1:116987 2:74205 3:46312 4:28883 5:18044 6:11674 7:7168 8:4291 9:2545 10:1662 11:1067 12:752 13:474 14:294 15:166 16:141 17:90 18:53 19:47 20:27 21:19 22:7 23:3 24:3 25:3 26:3 27:3
    killing factor at first LANG failure: 11:77431, 00000:24197, 0100101:17160, 101001:15774, 010010001:10459, 0101010000:8114, 0101000101:7844, 01010001001:6437
    LANG-only deepest witnesses: 0010001000101000100001000010000101010101010|0010000100001000010100010001  1010001000101000100001000010000101010101010|0010000100001000010100010001  0100001000101000100001000010000101010101010|0010000100001000010100010001  0010000100010001000100001000010010000100001|00100100001001001000011
n=44 |L_n|= 234279 h=0.334 null_lang= 22.1 null_joint=  8.8 | LANG-only deepest= 25 (0.568 n) full(n+2)=     0 | E-only deepest c2= 16 c3= 16 | joint deepest c2=  8 c3=  8 need=46  (4.2s)
    LANG-only N_k: 0:234279 1:147377 2:92380 3:57895 4:36713 5:22797 6:14281 7:9075 8:5961 9:3974 10:2636 11:1805 12:1108 13:677 14:470 15:302 16:168 17:125 18:100 19:72 20:54 21:13 22:2 23:2 24:2 25:2
    killing factor at first LANG failure: 11:98876, 00000:31146, 0100101:21223, 101001:19750, 010010001:13005, 0101000101:9943, 0101010000:9470, 01010001001:7927
    LANG-only deepest witnesses: 01000100010100010000100001000010101010101000|10000100001000010100010001  10000100010100010000100001000010101010101000|10000100001000010100010001  01010000100010001010000100001010000100010000|1010000101010100010001  10010001000100010100001000100010001000100001|0101010100010000100101
n=45 |L_n|= 295295 h=0.334 null_lang= 22.6 null_joint=  9.0 | LANG-only deepest= 23 (0.511 n) full(n+2)=     0 | E-only deepest c2= 14 c3= 14 | joint deepest c2=  8 c3=  9 need=47  (6.1s)
    LANG-only N_k: 0:295295 1:185523 2:118000 3:73736 4:46680 5:29784 6:19039 7:12218 8:7764 9:5044 10:3285 11:2095 12:1384 13:871 14:544 15:400 16:269 17:170 18:123 19:56 20:26 21:12 22:12 23:12
    killing factor at first LANG failure: 11:122782, 00000:39331, 0100101:26852, 101001:24618, 010010001:16334, 0101010000:12589, 0101000101:12555, 01010001001:10121
    LANG-only deepest witnesses: 010100001010001000010000100001010101010100010|000100001000010100010001  010000101010001000010000100001010101010100010|000100001000010100010001  001010101010001000010000100001010101010100010|000100001000010100010001  000010101010001000010000100001010101010100010|000100001000010100010001
n=46 |L_n|= 372145 h=0.334 null_lang= 23.0 null_joint=  9.2 | LANG-only deepest= 28 (0.609 n) full(n+2)=     0 | E-only deepest c2= 16 c3= 18 | joint deepest c2=  8 c3= 10 need=48  (7.9s)
    LANG-only N_k: 0:372145 1:233864 2:148315 3:93303 4:58778 5:37223 6:23719 7:15475 8:9800 9:6091 10:3908 11:2562 12:1598 13:1098 14:732 15:444 16:289 17:151 18:88 19:60 20:60 21:60 22:41 23:34 24:34 25:25 26:7 27:7 28:7
    killing factor at first LANG failure: 11:154293, 00000:49524, 0100101:33353, 101001:31972, 010010001:21229, 0101010000:15609, 0101000101:15388, 01010001001:12311
    LANG-only deepest witnesses: 0100001000101000010100010000101010100010000100|00101000010001000100010010001  1010001000101000010100010000101010100010000100|00101000010001000100010010001  1001010000101000010100010000101010100010000100|00101000010001000100010010001  0100010000101000010100010000101010100010000100|00101000010001000100010010001
