Rexact: 237 minimal forbidden factors through length 30
##### prefix language Rexact, continuation language Rexact
n=13 |L_n|=    156 h=0.391 null_lang=  8.3 null_joint=  3.2 | LANG-only deepest=  8 (0.615 n) full(n+2)=     0 | E-only deepest c2=  5 c3=  5 | joint deepest c2=  3 c3=  3 need=15  (0.0s)
    LANG-only N_k: 0:156 1:86 2:59 3:39 4:25 5:16 6:9 7:1 8:1
    killing factor at first LANG failure: 11:61, 101001:26, 00000:25, 0100101:14, 01010001001:8, 0101000101:5, 010100010001:3, 010010001:3
    LANG-only deepest witnesses: 0010010010010|010000101  1010101010101|0001001  0010101010101|0001001  0010100001010|1010000
n=14 |L_n|=    199 h=0.351 null_lang=  7.6 null_joint=  3.0 | LANG-only deepest=  6 (0.429 n) full(n+2)=     0 | E-only deepest c2=  5 c3=  8 | joint deepest c2=  4 c3=  5 need=16  (0.0s)
    LANG-only N_k: 0:199 1:120 2:80 3:54 4:29 5:10 6:5
    killing factor at first LANG failure: 11:94, 00000:25, 0100101:16, 101001:14, 0101010000:9, 010100010001:6, 010010001:6, 010010000101:6
    LANG-only deepest witnesses: 10001001001001|0000101  01001001001001|0000101  01000100010001|0100011  10000100010001|0100011
n=15 |L_n|=    251 h=0.335 null_lang=  7.6 null_joint=  3.0 | LANG-only deepest=  9 (0.600 n) full(n+2)=     0 | E-only deepest c2=  7 c3=  6 | joint deepest c2=  4 c3=  3 need=17  (0.0s)
    LANG-only N_k: 0:251 1:156 2:97 3:48 4:30 5:14 6:8 7:6 8:4 9:2
    killing factor at first LANG failure: 11:101, 00000:38, 0100101:26, 101001:25, 01010001001:13, 0101000101:10, 010010001:6, 1001000010001:5
    LANG-only deepest witnesses: 100010100001010|1000100000  000010100001010|1000100000  100010101010101|000100000  000010101010101|000100000
n=16 |L_n|=    316 h=0.332 null_lang=  8.0 null_joint=  3.2 | LANG-only deepest= 10 (0.625 n) full(n+2)=     0 | E-only deepest c2=  5 c3=  9 | joint deepest c2=  3 c3=  3 need=18  (0.0s)
    LANG-only N_k: 0:316 1:194 2:126 3:83 4:37 5:26 6:19 7:12 8:8 9:6 10:4
    killing factor at first LANG failure: 11:128, 00000:33, 101001:26, 0100101:22, 0101000101:18, 0101010000:15, 010100010001:12, 01010001001:12
    LANG-only deepest witnesses: 0001000010010010|00010010011  1000101000010001|00010100011  1001000010010010|00010010011  0000101000010001|00010100011
n=17 |L_n|=    393 h=0.315 null_lang=  7.8 null_joint=  3.2 | LANG-only deepest=  8 (0.471 n) full(n+2)=     0 | E-only deepest c2= 13 c3= 11 | joint deepest c2=  4 c3=  3 need=19  (0.0s)
    LANG-only N_k: 0:393 1:261 2:145 3:96 4:52 5:35 6:16 7:9 8:5
    killing factor at first LANG failure: 11:160, 00000:46, 101001:35, 0100101:24, 010010001:20, 0101010000:20, 010100010001:17, 0101000101:13
    LANG-only deepest witnesses: 10100001001001000|010010011  00010001001001000|010010011  00010100001000100|010100011  10010100001000100|010100011
n=18 |L_n|=    487 h=0.309 null_lang=  8.1 null_joint=  3.3 | LANG-only deepest=  9 (0.500 n) full(n+2)=     0 | E-only deepest c2=  7 c3=  6 | joint deepest c2=  4 c3=  4 need=20  (0.0s)
    LANG-only N_k: 0:487 1:324 2:187 3:114 4:58 5:29 6:18 7:2 8:2 9:2
    killing factor at first LANG failure: 11:197, 00000:51, 0100101:45, 101001:32, 010010001:24, 010100010001:21, 0101000101:18, 010010000101:15
    LANG-only deepest witnesses: 100001000101000100|0010010011  010001000101000100|0010010011  010000100100100001|0010011  101000100010001010|0001011
n=19 |L_n|=    596 h=0.291 null_lang=  7.8 null_joint=  3.2 | LANG-only deepest=  7 (0.368 n) full(n+2)=     0 | E-only deepest c2=  7 c3=  7 | joint deepest c2=  4 c3=  4 need=21  (0.0s)
    LANG-only N_k: 0:596 1:393 2:228 3:138 4:76 5:37 6:12 7:6
    killing factor at first LANG failure: 11:243, 00000:58, 0100101:43, 101001:33, 010010001:31, 0101010000:28, 010100010001:24, 0001000010001:22
    LANG-only deepest witnesses: 0000100010100010000|10010011  0100010000101000010|10101001  1000010000101000010|10101001  1000100010010010010|01000011
n=20 |L_n|=    721 h=0.275 null_lang=  7.6 null_joint=  3.2 | LANG-only deepest= 11 (0.550 n) full(n+2)=     0 | E-only deepest c2= 10 c3=  6 | joint deepest c2=  4 c3=  4 need=22  (0.0s)
    LANG-only N_k: 0:721 1:432 2:270 3:166 4:81 5:45 6:28 7:10 8:4 9:4 10:4 11:3
    killing factor at first LANG failure: 11:286, 00000:97, 0100101:57, 101001:43, 01010001001:32, 0101010000:30, 010010001:25, 010010000101:21
    LANG-only deepest witnesses: 10100010100010000100|001000010011  01000010100010000100|001000010011  00100010100010000100|001000010011  01010101010101010101|01010001001
n=21 |L_n|=    875 h=0.279 null_lang=  8.1 null_joint=  3.4 | LANG-only deepest= 10 (0.476 n) full(n+2)=     0 | E-only deepest c2= 12 c3= 10 | joint deepest c2=  6 c3=  6 need=23  (0.0s)
    LANG-only N_k: 0:875 1:527 2:293 3:180 4:112 5:76 6:39 7:22 8:19 9:12 10:2
    killing factor at first LANG failure: 11:363, 00000:138, 0100101:66, 010010001:43, 101001:41, 0101010000:37, 01010001001:34, 010010000101:23
    LANG-only deepest witnesses: 100010000101010001000|01000010011  000010000101010001000|01000010011  000101010001000010000|1000010011  010001010001000010000|1000010011
n=22 |L_n|=   1054 h=0.269 null_lang=  8.1 null_joint=  3.4 | LANG-only deepest= 11 (0.500 n) full(n+2)=     0 | E-only deepest c2=  7 c3= 12 | joint deepest c2=  4 c3=  4 need=24  (0.0s)
    LANG-only N_k: 0:1054 1:649 2:397 3:254 4:142 5:82 6:67 7:49 8:19 9:6 10:4 11:2
    killing factor at first LANG failure: 11:375, 00000:160, 0100101:93, 101001:63, 010010001:48, 010010000101:46, 0101000101:37, 01010001001:33
    LANG-only deepest witnesses: 0100010001001001000010|000100100101  1000010001001001000010|000100100101  0010000100100001000010|10000100101  1010000100100001000010|10000100101
n=23 |L_n|=   1255 h=0.252 null_lang=  7.7 null_joint=  3.3 | LANG-only deepest= 15 (0.652 n) full(n+2)=     0 | E-only deepest c2=  8 c3= 10 | joint deepest c2=  6 c3=  4 need=25  (0.0s)
    LANG-only N_k: 0:1255 1:749 2:462 3:257 4:186 5:119 6:75 7:48 8:30 9:20 10:13 11:5 12:4 13:2 14:2 15:2
    killing factor at first LANG failure: 11:493, 00000:163, 0100101:108, 101001:79, 010010001:65, 01010001001:47, 010010000101:43, 0101010000:41
    LANG-only deepest witnesses: 10001000010101000100001|0010010010010001  00001000010101000100001|0010010010010001  00010100001000100010100|0010001010001  10010100001000100010100|0010001010001
n=24 |L_n|=   1493 h=0.251 null_lang=  8.0 null_joint=  3.4 | LANG-only deepest= 13 (0.542 n) full(n+2)=     0 | E-only deepest c2= 10 c3=  9 | joint deepest c2=  4 c3=  5 need=26  (0.0s)
    LANG-only N_k: 0:1493 1:862 2:522 3:313 4:179 5:121 6:70 7:51 8:35 9:14 10:9 11:7 12:7 13:7
    killing factor at first LANG failure: 11:540, 00000:225, 0100101:123, 101001:97, 010010001:76, 0001000010001:55, 010010000101:51, 0101000101:41
    LANG-only deepest witnesses: 100100001010100010000100|10010010010001  000010100001000100010100|00100100001001  100010001010100010000100|10010010010001  010100001010100010000100|10010010010001
n=25 |L_n|=   1780 h=0.254 null_lang=  8.5 null_joint=  3.6 | LANG-only deepest= 11 (0.440 n) full(n+2)=     0 | E-only deepest c2= 10 c3= 10 | joint deepest c2=  4 c3=  6 need=27  (0.0s)
    LANG-only N_k: 0:1780 1:1080 2:614 3:385 4:236 5:154 6:85 7:46 8:23 9:15 10:9 11:7
    killing factor at first LANG failure: 11:609, 00000:266, 0100101:170, 101001:129, 010010001:107, 0001000010001:60, 0101010000:52, 010010000101:43
    LANG-only deepest witnesses: 0001000100100100100001001|000010000101  0001000101010001000010010|010010010001  1010000101010001000010010|010010010001  0010000101010001000010010|010010010001
n=26 |L_n|=   2111 h=0.246 null_lang=  8.5 null_joint=  3.6 | LANG-only deepest= 10 (0.385 n) full(n+2)=     0 | E-only deepest c2= 11 c3=  9 | joint deepest c2=  4 c3=  5 need=28  (0.0s)
    LANG-only N_k: 0:2111 1:1254 2:743 3:447 4:260 5:148 6:77 7:43 8:32 9:20 10:6
    killing factor at first LANG failure: 11:743, 00000:238, 0100101:200, 101001:153, 010010001:100, 0001000010001:74, 010010000101:71, 0101010000:55
    LANG-only deepest witnesses: 10000100010001010101010101|01010101001  10100010001001001000010000|10000100101  01000010001000101000010000|10000100101  10100010001000101000010000|10000100101
n=27 |L_n|=   2483 h=0.234 null_lang=  8.3 null_joint=  3.6 | LANG-only deepest= 13 (0.481 n) full(n+2)=     0 | E-only deepest c2=  8 c3= 12 | joint deepest c2=  5 c3=  5 need=29  (0.0s)
    LANG-only N_k: 0:2483 1:1429 2:787 3:474 4:281 5:155 6:100 7:60 8:32 9:15 10:15 11:13 12:7 13:7
    killing factor at first LANG failure: 11:883, 00000:321, 0100101:242, 101001:150, 010010001:149, 0101000101:72, 010010000101:70, 0001000010001:70
    LANG-only deepest witnesses: 000100100001001000010000100|10010010010001  101000100001001000010000100|10010010010001  100010010010000100100100001|00001000010001  000010010010000100100100001|00001000010001
n=28 |L_n|=   2904 h=0.226 null_lang=  8.2 null_joint=  3.6 | LANG-only deepest= 11 (0.393 n) full(n+2)=     0 | E-only deepest c2=  8 c3= 12 | joint deepest c2=  5 c3=  5 need=30  (0.0s)
    LANG-only N_k: 0:2904 1:1755 2:1084 3:605 4:355 5:182 6:118 7:55 8:44 9:22 10:9 11:7
    killing factor at first LANG failure: 11:976, 00000:378, 0100101:248, 010010001:182, 101001:151, 010010000101:105, 0001000010001:96, 0101010000:85
    LANG-only deepest witnesses: 1000010000100100001000010010|010010010001  1001001001000010010010000100|001000010001  0010010000100100001000010010|010010010001  1010001000100100001000010010|010010010001
n=29 |L_n|=   3378 h=0.218 null_lang=  8.1 null_joint=  3.6 | LANG-only deepest= 10 (0.345 n) full(n+2)=     0 | E-only deepest c2=  9 c3= 12 | joint deepest c2=  4 c3=  5 need=31  (0.0s)
    LANG-only N_k: 0:3378 1:1875 2:1116 3:645 4:378 5:216 6:98 7:56 8:17 9:13 10:2
    killing factor at first LANG failure: 11:1124, 00000:457, 0100101:298, 010010001:233, 101001:185, 010010000101:129, 0001000010001:95, 0101010000:90
    LANG-only deepest witnesses: 00001010000100100001000010100|00101010101  10001010000100100001000010100|00101010101  10001000010010000100001001001|0010010001  01001000010010000100001001001|0010010001
n=30 |L_n|=   3908 h=0.210 null_lang=  8.0 null_joint=  3.5 | LANG-only deepest= 13 (0.433 n) full(n+2)=     0 | E-only deepest c2= 10 c3= 12 | joint deepest c2=  5 c3=  5 need=32  (0.1s)
    LANG-only N_k: 0:3908 1:2209 2:1355 3:793 4:439 5:262 6:150 7:82 8:33 9:22 10:15 11:8 12:8 13:6
    killing factor at first LANG failure: 11:1240, 00000:565, 0100101:357, 010010001:242, 101001:175, 010010000101:150, 1001000010001:130, 0001000010001:123
    LANG-only deepest witnesses: 100001000101000010010010010010|01001001000011  000010000101000010010010010010|01001001000011  001010000101000010010010010010|01001001000011  100010000101000010010010010010|01001001000011
n=31 |L_n|=   4543 h=0.217 null_lang=  8.6 null_joint=  3.8 | LANG-only deepest= 17 (0.548 n) full(n+2)=     0 | E-only deepest c2=  9 c3= 11 | joint deepest c2=  5 c3=  5 need=33  (0.1s)
    LANG-only N_k: 0:4543 1:2636 2:1454 3:848 4:443 5:286 6:153 7:88 8:62 9:29 10:22 11:8 12:3 13:3 14:1 15:1 16:1 17:1
    killing factor at first LANG failure: 11:1493, 00000:687, 0100101:420, 010010001:306, 101001:211, 010010000101:187, 0001000010001:161, 0101000101:120
    LANG-only deepest witnesses: 0101000100001010101010001000010|100001001000010001  0100010100001001001001001000010|00010010000101  1000010100001001001001001000010|00010010000101  0101000010100001001001001001001|001001000011
n=32 |L_n|=   5285 h=0.218 null_lang=  8.9 null_joint=  3.9 | LANG-only deepest= 15 (0.469 n) full(n+2)=     0 | E-only deepest c2= 12 c3= 13 | joint deepest c2=  7 c3=  5 need=34  (0.1s)
    LANG-only N_k: 0:5285 1:3105 2:1825 3:1088 4:591 5:364 6:213 7:119 8:67 9:37 10:24 11:14 12:7 13:1 14:1 15:1
    killing factor at first LANG failure: 11:1765, 00000:725, 0100101:541, 010010001:313, 101001:269, 010010000101:203, 1001000010001:150, 0101000101:144
    LANG-only deepest witnesses: 10100010000101010101000100001010|0001001000010001  00001010001000010100001010101000|1000010101001  10000100001000010100001010101000|1000010101001  00101010001000010100001010101000|1000010101001
n=33 |L_n|=   6155 h=0.220 null_lang=  9.3 null_joint=  4.1 | LANG-only deepest= 14 (0.424 n) full(n+2)=     0 | E-only deepest c2= 10 c3= 12 | joint deepest c2=  6 c3=  6 need=35  (0.1s)
    LANG-only N_k: 0:6155 1:3620 2:2043 3:1217 4:722 5:433 6:243 7:125 8:72 9:43 10:22 11:11 12:6 13:6 14:5
    killing factor at first LANG failure: 11:2016, 00000:917, 0100101:632, 010010001:379, 101001:365, 010010000101:216, 0001000010001:188, 1001000010001:177
    LANG-only deepest witnesses: 010000100100001000010010010000100|001001000010001  101000100100001000010010010000100|001001000010001  000100100100001000010010010000100|001001000010001  001000100100001000010010010000100|001001000010001
n=34 |L_n|=   7174 h=0.221 null_lang=  9.6 null_joint=  4.2 | LANG-only deepest= 20 (0.588 n) full(n+2)=     0 | E-only deepest c2= 12 c3= 14 | joint deepest c2=  6 c3=  5 need=36  (0.1s)
    LANG-only N_k: 0:7174 1:4189 2:2440 3:1385 4:841 5:465 6:252 7:156 8:74 9:48 10:37 11:17 12:12 13:9 14:5 15:1 16:1 17:1 18:1 19:1 20:1
    killing factor at first LANG failure: 11:2363, 00000:995, 0100101:767, 010010001:470, 010010000101:272, 101001:270, 0001000010001:230, 1001000010001:224
    LANG-only deepest witnesses: 0101000010001010101010101010100010|000100100001000010001  0100010000100100100001000010010000|100001001000011  1010001000100100100001000010010000|100001001000011  0010001000100100100001000010010000|100001001000011
n=35 |L_n|=   8359 h=0.221 null_lang=  9.9 null_joint=  4.3 | LANG-only deepest= 18 (0.514 n) full(n+2)=     0 | E-only deepest c2= 11 c3= 11 | joint deepest c2=  5 c3=  7 need=37  (0.1s)
    LANG-only N_k: 0:8359 1:4721 2:2749 3:1575 4:909 5:557 6:301 7:188 8:108 9:54 10:37 11:23 12:10 13:2 14:2 15:2 16:2 17:2 18:2
    killing factor at first LANG failure: 11:2813, 00000:1125, 0100101:902, 010010001:582, 101001:391, 010010000101:308, 1001000010001:280, 0001000010001:280
    LANG-only deepest witnesses: 10100001000101010101010101010001000|0100100001000010001  00100001000101010101010101010001000|0100100001000010001  00001000100010010010010010000100001|0000100100000  00101000010010010000100001001000010|0001001000011
n=36 |L_n|=   9750 h=0.222 null_lang= 10.3 null_joint=  4.5 | LANG-only deepest= 16 (0.444 n) full(n+2)=     0 | E-only deepest c2= 11 c3= 11 | joint deepest c2=  5 c3=  6 need=38  (0.1s)
    LANG-only N_k: 0:9750 1:5563 2:3220 3:2014 4:1219 5:677 6:367 7:187 8:105 9:77 10:48 11:21 12:15 13:11 14:6 15:6 16:6
    killing factor at first LANG failure: 11:3329, 00000:1383, 0100101:1043, 010010001:665, 101001:480, 010010000101:434, 0001000010001:297, 1001000010001:241
    LANG-only deepest witnesses: 101000100010101010101010101000100001|00100001000010001  000101000010101010101010101000100001|00100001000010001  010001000010101010101010101000100001|00100001000010001  100101000010101010101010101000100001|00100001000010001
n=37 |L_n|=  11390 h=0.224 null_lang= 10.7 null_joint=  4.7 | LANG-only deepest= 14 (0.378 n) full(n+2)=     0 | E-only deepest c2= 10 c3= 10 | joint deepest c2=  5 c3=  5 need=39  (0.1s)
    LANG-only N_k: 0:11390 1:6846 2:3952 3:2205 4:1187 5:650 6:347 7:232 8:145 9:65 10:34 11:14 12:10 13:6 14:6
    killing factor at first LANG failure: 11:3933, 00000:1548, 0100101:1284, 010010001:823, 101001:478, 010010000101:449, 0001000010001:378, 1001000010001:301
    LANG-only deepest witnesses: 0100010001010101010101010100010000100|100001000010001  1000010001010101010101010100010000100|100001000010001  0000100001010101010101010100010000100|100001000010001  1000100001010101010101010100010000100|100001000010001
n=38 |L_n|=  13309 h=0.225 null_lang= 11.0 null_joint=  4.8 | LANG-only deepest= 14 (0.368 n) full(n+2)=     0 | E-only deepest c2= 10 c3= 12 | joint deepest c2=  7 c3=  5 need=40  (0.2s)
    LANG-only N_k: 0:13309 1:7750 2:4440 3:2563 4:1516 5:962 6:490 7:277 8:130 9:84 10:42 11:25 12:22 13:3 14:3
    killing factor at first LANG failure: 11:4490, 00000:1793, 0100101:1401, 010010001:1031, 101001:604, 010010000101:533, 0001000010001:444, 1001000010001:363
    LANG-only deepest witnesses: 00100010001010101010101010101000100001|010000101010101  01000010001010101010101010101000100001|010000101010101  10100010001010101010101010101000100001|010000101010101  00001010000100010101010101010101010100|0100001010001
n=39 |L_n|=  15536 h=0.223 null_lang= 11.2 null_joint=  4.9 | LANG-only deepest= 16 (0.410 n) full(n+2)=     0 | E-only deepest c2= 11 c3= 11 | joint deepest c2=  6 c3=  7 need=41  (0.2s)
    LANG-only N_k: 0:15536 1:9146 2:5460 3:3185 4:1762 5:1023 6:569 7:278 8:166 9:100 10:46 11:13 12:12 13:8 14:6 15:4 16:4
    killing factor at first LANG failure: 11:5213, 00000:2169, 0100101:1755, 010010001:1092, 010010000101:712, 101001:652, 1001000010001:481, 0001000010001:465
    LANG-only deepest witnesses: 010001000010101010001000010000100001000|01000010000100101  100001000010101010001000010000100001000|01000010000100101  100101000010101010001000010000100001000|01000010000100101  000101000010101010001000010000100001000|01000010000100101
n=40 |L_n|=  18139 h=0.223 null_lang= 11.5 null_joint=  5.0 | LANG-only deepest= 14 (0.350 n) full(n+2)=     0 | E-only deepest c2= 12 c3= 11 | joint deepest c2=  6 c3=  7 need=42  (0.3s)
    LANG-only N_k: 0:18139 1:10348 2:5919 3:3539 4:1959 5:1036 6:621 7:392 8:165 9:63 10:48 11:24 12:21 13:14 14:6
    killing factor at first LANG failure: 11:6259, 00000:2606, 0100101:2045, 010010001:1336, 010010000101:746, 101001:732, 0001000010001:553, 1001000010001:460
    LANG-only deepest witnesses: 1000010001010001000010000100001000010000|100001001001000  1010100001010101000100001000010000100001|000010000100101  0100010001010001000010000100001000010000|100001001001000  1000100001010101000100001000010000100001|000010000100101
