##### language R13: forbidden bit factors ['11', '00000', '101001', '0100101', '010010001', '0101000101', '0101010000', '01010001001', '10010001001', '010010000101', '010100010001', '100100010000', '0001000010001', '1001000010001']
 n  c  |L_n|   deepest  need  slack  deepest/n   witness(bits, prefix|forced)
17  2      423      4    19    15    0.235   10010100001010101|01000   (0.0s)
    k:N_k(Eok frac, lang frac):  0:423(0.45,0.67) 1:133(0.40,0.60) 2:27(0.44,0.63) 3:12(0.58,0.75) 4:7(0.00,1.00)
17  3      423      3    19    16    0.176   10101010101010101|0100   (0.0s)
    k:N_k(Eok frac, lang frac):  0:423(0.55,0.67) 1:152(0.39,0.59) 2:34(0.24,0.53) 3:2(0.00,1.00)
18  2      543      4    20    16    0.222   101000100010101010|00100   (0.0s)
    k:N_k(Eok frac, lang frac):  0:543(0.44,0.67) 1:179(0.57,0.60) 2:63(0.33,0.90) 3:17(0.71,0.65) 4:9(0.00,0.33)
18  3      543      4    20    16    0.222   100010001000100001|00101   (0.0s)
    k:N_k(Eok frac, lang frac):  0:543(0.56,0.67) 1:186(0.39,0.59) 2:50(0.66,0.62) 3:18(0.44,0.61) 4:8(0.25,0.75)
19  2      688      4    21    17    0.211   1010100001000100001|01001   (0.0s)
    k:N_k(Eok frac, lang frac):  0:688(0.47,0.69) 1:226(0.58,0.62) 2:87(0.45,0.70) 3:27(0.52,0.67) 4:5(0.40,0.00)
19  3      688      4    21    17    0.211   1000010001000101000|01011   (0.0s)
    k:N_k(Eok frac, lang frac):  0:688(0.53,0.69) 1:250(0.46,0.66) 2:82(0.40,0.57) 3:9(1.00,0.78) 4:7(0.00,0.29)
20  2      873      5    22    17    0.250   10100001010000101010|101001   (0.0s)
    k:N_k(Eok frac, lang frac):  0:873(0.54,0.62) 1:288(0.48,0.66) 2:87(0.40,0.62) 3:19(0.42,0.47) 4:2(1.00,1.00) 5:2(1.00,0.00)
20  3      873      4    22    18    0.200   10010101010100010000|10001   (0.0s)
    k:N_k(Eok frac, lang frac):  0:873(0.46,0.62) 1:253(0.60,0.66) 2:101(0.37,0.59) 3:31(0.45,0.55) 4:5(0.60,0.40)
21  2     1109      6    23    17    0.286   101010000100010001000|0100000   (0.0s)
    k:N_k(Eok frac, lang frac):  0:1109(0.50,0.62) 1:319(0.44,0.62) 2:85(0.58,0.69) 3:32(0.34,0.69) 4:6(0.67,0.67) 5:4(1.00,0.50) 6:2(0.00,0.00)
21  3     1109      6    23    17    0.286   100101010001000010000|1000010   (0.0s)
    k:N_k(Eok frac, lang frac):  0:1109(0.50,0.62) 1:371(0.50,0.61) 2:113(0.73,0.57) 3:38(0.50,0.84) 4:19(0.37,0.89) 5:5(1.00,1.00) 6:5(0.00,1.00)
22  2     1407      5    24    19    0.227   1000010001010000100001|010100   (0.0s)
    k:N_k(Eok frac, lang frac):  0:1407(0.47,0.64) 1:440(0.52,0.61) 2:144(0.44,0.67) 3:51(0.43,0.55) 4:7(0.71,0.43) 5:2(0.00,1.00)
22  3     1407      6    24    18    0.273   1010100001000100010101|0100011   (0.0s)
    k:N_k(Eok frac, lang frac):  0:1407(0.53,0.64) 1:465(0.38,0.69) 2:143(0.52,0.72) 3:44(0.57,0.45) 4:10(0.20,0.80) 5:2(1.00,1.00) 6:2(0.00,0.00)
23  2     1780      6    25    19    0.261   10000100100100001001001|0010011   (0.0s)
    k:N_k(Eok frac, lang frac):  0:1780(0.50,0.62) 1:567(0.48,0.67) 2:174(0.57,0.66) 3:72(0.49,0.72) 4:24(0.92,0.83) 5:18(0.44,0.44) 6:3(0.00,0.00)
23  3     1780      5    25    20    0.217   10100010001010101010101|010001   (0.0s)
    k:N_k(Eok frac, lang frac):  0:1780(0.50,0.62) 1:545(0.46,0.65) 2:162(0.44,0.56) 3:47(0.47,0.83) 4:16(0.19,0.94) 5:3(0.00,1.00)
24  2     2251      4    26    22    0.167   100101010101010101010100|01001   (0.0s)
    k:N_k(Eok frac, lang frac):  0:2251(0.53,0.60) 1:729(0.54,0.66) 2:266(0.53,0.56) 3:86(0.42,0.52) 4:15(0.47,0.33)
24  3     2251      8    26    18    0.333   100001010000100001000010|100001001   (0.0s)
    k:N_k(Eok frac, lang frac):  0:2251(0.47,0.60) 1:632(0.56,0.65) 2:233(0.45,0.66) 3:70(0.54,0.66) 4:19(0.74,1.00) 5:14(0.14,0.14) 6:2(1.00,1.00) 7:2(1.00,1.00) 8:2(0.00,1.00)
25  2     2846      4    27    23    0.160   1010100010000101000100001|00100   (0.1s)
    k:N_k(Eok frac, lang frac):  0:2846(0.52,0.63) 1:947(0.48,0.60) 2:257(0.48,0.59) 3:70(0.36,0.64) 4:21(0.24,0.76)
25  3     2846      6    27    21    0.240   1000101000010000100001010|0001001   (0.1s)
    k:N_k(Eok frac, lang frac):  0:2846(0.48,0.63) 1:858(0.50,0.63) 2:259(0.56,0.73) 3:116(0.50,0.66) 4:47(0.51,0.72) 5:17(0.82,0.47) 6:5(0.60,0.40)
26  2     3599      5    28    23    0.192   10100001010100010000101000|100001   (0.1s)
    k:N_k(Eok frac, lang frac):  0:3599(0.48,0.64) 1:1106(0.49,0.62) 2:343(0.50,0.62) 3:121(0.51,0.64) 4:30(0.23,0.73) 5:4(0.00,1.00)
26  3     3599      5    28    23    0.192   10001001000010000100001000|010100   (0.1s)
    k:N_k(Eok frac, lang frac):  0:3599(0.52,0.64) 1:1196(0.47,0.65) 2:371(0.54,0.59) 3:128(0.54,0.66) 4:44(0.50,0.61) 5:8(0.00,1.00)
27  2     4544      5    29    24    0.185   100100001001000010000100001|000011   (0.1s)
    k:N_k(Eok frac, lang frac):  0:4544(0.49,0.63) 1:1416(0.52,0.62) 2:423(0.57,0.76) 3:185(0.48,0.61) 4:65(0.20,0.75) 5:7(0.71,0.00)
27  3     4544      5    29    24    0.185   101000010100001010000100001|000011   (0.1s)
    k:N_k(Eok frac, lang frac):  0:4544(0.51,0.63) 1:1425(0.51,0.58) 2:423(0.52,0.54) 3:118(0.44,0.74) 4:30(1.00,0.33) 5:10(0.70,0.30)
28  2     5731      5    30    25    0.179   1010100001000100100001000010|000100   (0.1s)
    k:N_k(Eok frac, lang frac):  0:5731(0.50,0.65) 1:1910(0.51,0.65) 2:643(0.50,0.65) 3:201(0.45,0.64) 4:61(0.31,0.44) 5:7(0.00,0.71)
28  3     5731      6    30    24    0.214   1010001010000100001000010010|0100000   (0.1s)
    k:N_k(Eok frac, lang frac):  0:5731(0.50,0.65) 1:1802(0.51,0.69) 2:632(0.52,0.60) 3:176(0.44,0.50) 4:35(0.71,0.34) 5:10(0.50,1.00) 6:5(0.60,0.40)
29  2     7242      7    31    24    0.241   01010000100010001000100001010|10101001   (0.2s)
    k:N_k(Eok frac, lang frac):  0:7242(0.49,0.60) 1:2123(0.49,0.66) 2:671(0.48,0.59) 3:180(0.38,0.68) 4:51(0.45,0.47) 5:10(0.10,0.70) 6:1(1.00,1.00) 7:1(0.00,0.00)
29  3     7242      5    31    26    0.172   10100001010000100100001001000|010011   (0.2s)
    k:N_k(Eok frac, lang frac):  0:7242(0.51,0.60) 1:2238(0.50,0.63) 2:663(0.50,0.56) 3:185(0.53,0.70) 4:70(0.37,0.56) 5:15(0.73,0.00)
30  2     9136      5    32    27    0.167   101010100010000100100100001001|000010   (0.2s)
    k:N_k(Eok frac, lang frac):  0:9136(0.50,0.62) 1:2767(0.49,0.66) 2:935(0.50,0.64) 3:306(0.46,0.56) 4:74(0.28,0.78) 5:16(0.25,0.38)
30  3     9136      5    32    27    0.167   101010000100001000010010000100|100101   (0.2s)
    k:N_k(Eok frac, lang frac):  0:9136(0.50,0.62) 1:2857(0.50,0.62) 2:892(0.53,0.67) 3:339(0.57,0.68) 4:130(0.45,0.68) 5:38(0.39,0.42)
31  2    11523      9    33    24    0.290   1010100001010000100010001010000|1010000101   (0.2s)
    k:N_k(Eok frac, lang frac):  0:11523(0.51,0.63) 1:3775(0.50,0.63) 2:1175(0.48,0.65) 3:351(0.46,0.62) 4:95(0.49,0.62) 5:35(0.74,0.80) 6:21(0.19,0.76) 7:4(1.00,1.00) 8:4(1.00,1.00) 9:4(0.00,1.00)
31  3    11523      6    33    27    0.194   1010001000010101000100001000010|0100100   (0.3s)
    k:N_k(Eok frac, lang frac):  0:11523(0.49,0.63) 1:3526(0.52,0.64) 2:1151(0.47,0.60) 3:316(0.59,0.57) 4:97(0.72,0.51) 5:34(0.59,0.53) 6:10(0.00,0.80)
32  2    14533      7    34    27    0.219   10010000101000010001000101000010|10000101   (0.3s)
    k:N_k(Eok frac, lang frac):  0:14533(0.52,0.63) 1:4768(0.51,0.63) 2:1582(0.50,0.67) 3:515(0.44,0.58) 4:120(0.40,0.59) 5:32(0.59,0.50) 6:11(0.73,0.73) 7:5(0.00,1.00)
32  3    14533      6    34    28    0.188   10101000010001010000100001010000|1001001   (0.3s)
    k:N_k(Eok frac, lang frac):  0:14533(0.48,0.63) 1:4379(0.53,0.61) 2:1433(0.45,0.61) 3:355(0.50,0.61) 4:117(0.43,0.68) 5:28(0.54,0.75) 6:15(0.13,0.47)
33  2    18333      8    35    27    0.242   101000010010000100001010000100010|000101010   (0.4s)
    k:N_k(Eok frac, lang frac):  0:18333(0.50,0.64) 1:5949(0.48,0.61) 2:1725(0.51,0.67) 3:632(0.47,0.59) 4:181(0.50,0.56) 5:67(0.61,0.60) 6:20(0.80,0.65) 7:9(1.00,0.67) 8:6(0.00,1.00)
33  3    18333      8    35    27    0.242   101000010001000010010010000100001|010101001   (0.5s)
    k:N_k(Eok frac, lang frac):  0:18333(0.50,0.64) 1:5698(0.50,0.62) 2:1788(0.47,0.65) 3:532(0.54,0.68) 4:203(0.51,0.83) 5:79(0.48,0.68) 6:24(0.25,1.00) 7:6(0.67,1.00) 8:4(1.00,0.00)
34  2    23125      7    36    29    0.206   1010100010000101000010001000010101|01010100   (0.5s)
    k:N_k(Eok frac, lang frac):  0:23125(0.49,0.63) 1:7136(0.52,0.62) 2:2342(0.53,0.67) 3:784(0.46,0.57) 4:179(0.54,0.68) 5:56(0.61,0.77) 6:25(0.56,1.00) 7:14(0.00,1.00)
34  3    23125      7    36    29    0.206   1000010001000010101010100010000100|10010011   (0.5s)
    k:N_k(Eok frac, lang frac):  0:23125(0.51,0.63) 1:7498(0.48,0.63) 2:2263(0.53,0.68) 3:784(0.53,0.68) 4:284(0.42,0.58) 5:60(0.45,0.33) 6:9(0.56,0.22) 7:2(0.00,0.00)
35  2    29150      8    37    29    0.229   10100001010000101000100001000010000|101010100   (0.7s)
    k:N_k(Eok frac, lang frac):  0:29150(0.51,0.63) 1:9330(0.48,0.62) 2:2712(0.50,0.60) 3:776(0.39,0.57) 4:188(0.69,0.76) 5:91(0.31,0.71) 6:24(0.50,0.50) 7:4(1.00,1.00) 8:4(0.00,1.00)
35  3    29150      8    37    29    0.229   10010100001001000010000101010001000|010010011   (0.7s)
    k:N_k(Eok frac, lang frac):  0:29150(0.49,0.63) 1:9002(0.51,0.64) 2:2946(0.49,0.69) 3:967(0.49,0.54) 4:253(0.51,0.58) 5:74(0.58,0.57) 6:28(0.61,0.61) 7:15(0.53,0.13) 8:2(1.00,0.00)
36  2    36752      7    38    31    0.194   100101010001000010000101000010001000|10001000   (0.9s)
    k:N_k(Eok frac, lang frac):  0:36752(0.50,0.62) 1:11329(0.50,0.62) 2:3659(0.52,0.67) 3:1269(0.52,0.63) 4:446(0.44,0.55) 5:100(0.67,0.70) 6:39(0.26,0.41) 7:7(0.00,0.71)
36  3    36752      9    38    29    0.250   101000100010100001000100010101000100|0010010000   (1.1s)
    k:N_k(Eok frac, lang frac):  0:36752(0.50,0.62) 1:11580(0.51,0.62) 2:3770(0.50,0.62) 3:1201(0.51,0.60) 4:360(0.51,0.71) 5:152(0.69,0.61) 6:63(0.76,0.51) 7:17(0.59,1.00) 8:10(0.70,1.00) 9:7(0.00,1.00)
