##### language R11: forbidden bit factors ['11', '00000', '101001', '0100101', '010010001', '0101000101', '0101010000', '01010001001', '10010001001']
 n  c  |L_n|   deepest  need  slack  deepest/n   witness(bits, prefix|forced)
17  2      535      4    19    15    0.235   10010100001010101|01000   (0.0s)
    k:N_k(Eok frac, lang frac):  0:535(0.47,0.71) 1:180(0.44,0.67) 2:48(0.44,0.69) 3:21(0.33,0.86) 4:7(0.00,1.00)
17  3      535      3    19    16    0.176   10101010101010101|0100   (0.0s)
    k:N_k(Eok frac, lang frac):  0:535(0.53,0.71) 1:200(0.45,0.66) 2:58(0.24,0.64) 3:5(0.00,1.00)
18  2      721      6    20    14    0.333   100001000010001000|0101001   (0.0s)
    k:N_k(Eok frac, lang frac):  0:721(0.47,0.70) 1:254(0.56,0.67) 2:100(0.36,0.86) 3:25(0.60,0.88) 4:15(0.40,0.40) 5:3(1.00,1.00) 6:3(1.00,0.00)
18  3      721      5    20    15    0.278   100100001001000010|101001   (0.0s)
    k:N_k(Eok frac, lang frac):  0:721(0.53,0.70) 1:251(0.41,0.61) 2:68(0.74,0.66) 3:32(0.41,0.69) 4:13(0.54,0.85) 5:5(0.00,0.00)
19  2      974      5    21    16    0.263   1010101010101010001|000100   (0.0s)
    k:N_k(Eok frac, lang frac):  0:974(0.45,0.70) 1:309(0.57,0.65) 2:121(0.49,0.70) 3:42(0.48,0.71) 4:13(0.77,0.15) 5:2(0.00,1.00)
19  3      974      6    21    15    0.316   1000100100001010001|0001000   (0.0s)
    k:N_k(Eok frac, lang frac):  0:974(0.55,0.70) 1:376(0.41,0.68) 2:120(0.45,0.69) 3:26(0.58,0.62) 4:13(0.46,0.38) 5:3(1.00,1.00) 6:3(0.00,1.00)
20  2     1313      5    22    17    0.250   10100010010000100010|100000   (0.0s)
    k:N_k(Eok frac, lang frac):  0:1313(0.51,0.66) 1:436(0.51,0.69) 2:148(0.45,0.71) 3:38(0.45,0.50) 4:11(0.45,0.73) 5:5(1.00,0.00)
20  3     1313      6    22    16    0.300   10010101010100010000|1000101   (0.0s)
    k:N_k(Eok frac, lang frac):  0:1313(0.49,0.66) 1:434(0.51,0.68) 2:154(0.48,0.65) 3:58(0.52,0.57) 4:12(0.67,0.58) 5:3(1.00,1.00) 6:3(0.00,1.00)
21  2     1772      6    23    17    0.286   101010000100010001000|0100000   (0.0s)
    k:N_k(Eok frac, lang frac):  0:1772(0.50,0.65) 1:552(0.48,0.64) 2:177(0.55,0.69) 3:63(0.56,0.60) 4:20(0.75,0.90) 5:15(1.00,0.67) 6:10(0.00,0.20)
21  3     1772      8    23    15    0.381   100001000010001000101|010100011   (0.0s)
    k:N_k(Eok frac, lang frac):  0:1772(0.50,0.65) 1:605(0.51,0.62) 2:194(0.65,0.66) 3:77(0.58,0.79) 4:36(0.28,0.94) 5:10(1.00,0.80) 6:8(0.38,1.00) 7:3(1.00,1.00) 8:3(0.00,0.00)
22  2     2389      5    24    19    0.227   1010001000100100001010|101011   (0.0s)
    k:N_k(Eok frac, lang frac):  0:2389(0.49,0.70) 1:818(0.52,0.65) 2:284(0.44,0.72) 3:99(0.47,0.67) 4:30(0.27,0.40) 5:5(0.00,0.40)
22  3     2389      6    24    18    0.273   1010100001000100010101|0100011   (0.0s)
    k:N_k(Eok frac, lang frac):  0:2389(0.51,0.70) 1:845(0.46,0.71) 2:286(0.53,0.70) 3:104(0.52,0.44) 4:20(0.40,0.70) 5:8(1.00,1.00) 6:8(0.00,0.00)
23  2     3221      6    25    19    0.261   10000100100100001001001|0010011   (0.1s)
    k:N_k(Eok frac, lang frac):  0:3221(0.49,0.68) 1:1049(0.46,0.65) 2:298(0.49,0.70) 3:118(0.42,0.75) 4:35(0.74,0.80) 5:21(0.38,0.38) 6:3(0.00,0.00)
23  3     3221      7    25    18    0.304   10100010000101010100010|00100000   (0.1s)
    k:N_k(Eok frac, lang frac):  0:3221(0.51,0.68) 1:1129(0.45,0.66) 2:335(0.48,0.60) 3:109(0.51,0.83) 4:45(0.51,0.78) 5:21(0.38,0.71) 6:8(0.38,1.00) 7:3(0.00,0.00)
24  2     4346      6    26    20    0.250   100100100001010101010101|0101010   (0.1s)
    k:N_k(Eok frac, lang frac):  0:4346(0.50,0.68) 1:1467(0.51,0.67) 2:514(0.57,0.59) 3:169(0.48,0.60) 4:55(0.58,0.73) 5:20(0.40,0.45) 6:4(0.00,0.50)
24  3     4346      8    26    18    0.333   100001010000100001000010|100001001   (0.1s)
    k:N_k(Eok frac, lang frac):  0:4346(0.50,0.68) 1:1475(0.51,0.72) 2:547(0.50,0.74) 3:207(0.48,0.69) 4:69(0.49,0.59) 5:18(0.11,0.39) 6:2(1.00,1.00) 7:2(1.00,1.00) 8:2(0.00,1.00)
25  2     5859      6    27    21    0.240   1010101000100001010001000|1000100   (0.1s)
    k:N_k(Eok frac, lang frac):  0:5859(0.52,0.68) 1:2052(0.49,0.64) 2:595(0.47,0.67) 3:175(0.45,0.67) 4:58(0.28,0.72) 5:9(1.00,1.00) 6:9(0.00,1.00)
25  3     5859      7    27    20    0.280   1010001000100001000101010|10100011   (0.1s)
    k:N_k(Eok frac, lang frac):  0:5859(0.48,0.68) 1:1908(0.50,0.67) 2:640(0.50,0.63) 3:219(0.48,0.74) 4:72(0.54,0.79) 5:34(0.85,0.50) 6:14(0.71,0.50) 7:3(1.00,0.00)
26  2     7897      7    28    21    0.269   10100010001000010101010001|00010010   (0.1s)
    k:N_k(Eok frac, lang frac):  0:7897(0.50,0.68) 1:2601(0.50,0.67) 2:885(0.49,0.68) 3:291(0.54,0.70) 4:105(0.37,0.70) 5:20(0.30,1.00) 6:6(0.50,1.00) 7:3(0.00,1.00)
26  3     7897      5    28    23    0.192   10101000100010100001001000|010000   (0.1s)
    k:N_k(Eok frac, lang frac):  0:7897(0.50,0.68) 1:2744(0.49,0.70) 2:959(0.51,0.64) 3:334(0.43,0.59) 4:78(0.51,0.63) 5:22(0.45,0.55)
27  2    10649      7    29    22    0.259   100001000010001001000010000|10000100   (0.2s)
    k:N_k(Eok frac, lang frac):  0:10649(0.50,0.68) 1:3605(0.53,0.66) 2:1200(0.53,0.78) 3:486(0.52,0.67) 4:190(0.36,0.73) 5:52(0.44,0.44) 6:13(0.23,1.00) 7:3(0.00,1.00)
27  3    10649      9    29    20    0.333   101000010000100010101000100|0100100100   (0.2s)
    k:N_k(Eok frac, lang frac):  0:10649(0.50,0.68) 1:3589(0.53,0.62) 2:1153(0.46,0.66) 3:362(0.56,0.67) 4:120(0.73,0.71) 5:63(0.54,0.65) 6:12(0.67,0.83) 7:8(1.00,1.00) 8:8(1.00,1.00) 9:8(0.00,1.00)
28  2    14360      8    30    22    0.286   1010000100010001001000010001|000010101   (0.2s)
    k:N_k(Eok frac, lang frac):  0:14360(0.51,0.70) 1:5085(0.49,0.67) 2:1734(0.55,0.70) 3:669(0.48,0.65) 4:224(0.44,0.74) 5:82(0.27,0.82) 6:16(0.19,0.81) 7:3(1.00,1.00) 8:3(0.00,1.00)
28  3    14360      7    30    23    0.250   1010001000010001010100010001|00100100   (0.2s)
    k:N_k(Eok frac, lang frac):  0:14360(0.49,0.70) 1:4899(0.52,0.71) 2:1750(0.48,0.68) 3:561(0.52,0.58) 4:160(0.42,0.64) 5:50(0.62,0.88) 6:25(0.60,0.28) 7:5(0.00,1.00)
29  2    19359      7    31    24    0.241   10101000100010001000100001010|10101001   (0.4s)
    k:N_k(Eok frac, lang frac):  0:19359(0.49,0.67) 1:6417(0.50,0.66) 2:2053(0.45,0.66) 3:590(0.46,0.64) 4:177(0.49,0.53) 5:49(0.71,0.71) 6:26(0.38,0.88) 7:10(0.20,0.30)
29  3    19359     10    31    21    0.345   10100001010101010101000100010|00010010010   (0.4s)
    k:N_k(Eok frac, lang frac):  0:19359(0.51,0.67) 1:6502(0.51,0.67) 2:2171(0.50,0.64) 3:675(0.60,0.71) 4:273(0.38,0.56) 5:74(0.47,0.58) 6:16(0.69,0.25) 7:4(1.00,1.00) 8:4(1.00,1.00) 9:4(1.00,1.00) 10:4(0.00,1.00)
30  2    26101      8    32    24    0.267   101000101000010100010001010001|000101010   (0.5s)
    k:N_k(Eok frac, lang frac):  0:26101(0.49,0.67) 1:8672(0.49,0.67) 2:2997(0.52,0.68) 3:1102(0.49,0.64) 4:316(0.34,0.71) 5:76(0.28,0.46) 6:15(1.00,0.53) 7:8(0.38,1.00) 8:3(0.00,1.00)
30  3    26101      8    32    24    0.267   101000101010101010100010001000|010010010   (0.4s)
    k:N_k(Eok frac, lang frac):  0:26101(0.51,0.67) 1:8884(0.51,0.68) 2:3129(0.50,0.69) 3:1111(0.52,0.69) 4:412(0.47,0.64) 5:130(0.45,0.58) 6:25(0.32,0.60) 7:3(1.00,1.00) 8:3(0.00,1.00)
31  2    35194      9    33    24    0.290   1010100001010000100010001010000|1010000101   (0.6s)
    k:N_k(Eok frac, lang frac):  0:35194(0.50,0.68) 1:11858(0.51,0.67) 2:3977(0.53,0.70) 3:1463(0.44,0.65) 4:435(0.56,0.63) 5:165(0.62,0.65) 6:69(0.33,0.68) 7:20(0.65,0.85) 8:10(0.50,1.00) 9:5(0.00,1.00)
31  3    35194      7    33    26    0.226   1010001000010010000100010100001|00010011   (0.6s)
    k:N_k(Eok frac, lang frac):  0:35194(0.50,0.68) 1:11914(0.50,0.67) 2:3919(0.51,0.67) 3:1362(0.53,0.64) 4:411(0.56,0.67) 5:151(0.57,0.63) 6:52(0.15,0.90) 7:5(1.00,0.00)
32  2    47454     10    34    24    0.312   10100001010000100100001010001000|10001000011   (0.9s)
    k:N_k(Eok frac, lang frac):  0:47454(0.50,0.68) 1:15889(0.48,0.66) 2:5288(0.51,0.68) 3:1841(0.48,0.63) 4:540(0.45,0.68) 5:193(0.63,0.73) 6:91(0.58,0.69) 7:34(0.85,0.62) 8:16(0.25,1.00) 9:4(1.00,1.00) 10:4(0.00,0.00)
32  3    47454      7    34    27    0.219   10010101000100010000101000100010|01000010   (0.9s)
    k:N_k(Eok frac, lang frac):  0:47454(0.50,0.68) 1:16150(0.50,0.67) 2:5334(0.48,0.66) 3:1573(0.48,0.61) 4:451(0.43,0.70) 5:115(0.47,0.70) 6:49(0.31,0.73) 7:7(0.00,1.00)
