##### language R5: forbidden bit factors ['11', '00000']
 n  c  |L_n|   deepest  need  slack  deepest/n   witness(bits, prefix|forced)
17  2     2022     10    19     9    0.588   10010101010101010|01001001011   (0.0s)
    k:N_k(Eok frac, lang frac):  0:2022(0.52,0.75) 1:806(0.48,0.82) 2:299(0.50,0.76) 3:106(0.44,0.83) 4:41(0.49,0.88) 5:20(0.55,0.85) 6:11(0.18,0.55) 7:2(1.00,1.00) 8:2(1.00,1.00) 9:2(1.00,1.00) 10:2(1.00,0.00)
17  3     2022      5    19    14    0.294   10010100010101010|010011   (0.0s)
    k:N_k(Eok frac, lang frac):  0:2022(0.48,0.75) 1:716(0.50,0.73) 2:252(0.49,0.76) 3:80(0.25,0.84) 4:15(0.20,0.87) 5:3(0.00,0.00)
18  2     3102      8    20    12    0.444   101010101010101001|001001011   (0.0s)
    k:N_k(Eok frac, lang frac):  0:3102(0.50,0.76) 1:1195(0.50,0.77) 2:475(0.49,0.74) 3:155(0.57,0.88) 4:81(0.28,0.81) 5:20(0.70,1.00) 6:14(0.64,0.79) 7:9(1.00,0.22) 8:2(1.00,0.00)
18  3     3102      8    20    12    0.444   101010000101001010|010101010   (0.0s)
    k:N_k(Eok frac, lang frac):  0:3102(0.50,0.76) 1:1166(0.49,0.74) 2:431(0.53,0.82) 3:169(0.57,0.68) 4:67(0.42,0.96) 5:25(0.20,0.84) 6:5(0.40,1.00) 7:2(1.00,1.00) 8:2(0.00,1.00)
19  2     4759      7    21    14    0.368   1010100010100100100|10001010   (0.0s)
    k:N_k(Eok frac, lang frac):  0:4759(0.49,0.77) 1:1840(0.50,0.75) 2:678(0.46,0.80) 3:251(0.54,0.79) 4:113(0.58,0.80) 5:58(0.55,0.55) 6:6(1.00,0.33) 7:2(0.00,1.00)
19  3     4759      6    21    15    0.316   1010101010100100101|0100100   (0.1s)
    k:N_k(Eok frac, lang frac):  0:4759(0.51,0.77) 1:1841(0.44,0.78) 2:652(0.50,0.79) 3:249(0.50,0.82) 4:97(0.59,0.74) 5:40(0.47,0.95) 6:19(0.00,0.84)
20  2     7301      6    22    16    0.300   10101000101001010100|0100001   (0.1s)
    k:N_k(Eok frac, lang frac):  0:7301(0.49,0.77) 1:2767(0.51,0.75) 2:1072(0.46,0.75) 3:385(0.54,0.72) 4:127(0.62,0.72) 5:50(0.44,0.72) 6:14(0.21,0.79)
20  3     7301      8    22    14    0.400   10100001010010100010|000100010   (0.1s)
    k:N_k(Eok frac, lang frac):  0:7301(0.51,0.77) 1:2888(0.49,0.79) 2:1117(0.51,0.76) 3:442(0.49,0.76) 4:170(0.34,0.65) 5:37(0.73,1.00) 6:27(0.33,0.74) 7:9(0.56,0.56) 8:5(0.00,1.00)
21  2    11201      7    23    16    0.333   101010001001000010010|10100101   (0.1s)
    k:N_k(Eok frac, lang frac):  0:11201(0.52,0.77) 1:4438(0.51,0.75) 2:1669(0.53,0.73) 3:627(0.56,0.80) 4:290(0.51,0.84) 5:131(0.52,0.55) 6:41(0.29,0.63) 7:8(0.00,1.00)
21  3    11201      8    23    15    0.381   101001000010001000101|010100011   (0.1s)
    k:N_k(Eok frac, lang frac):  0:11201(0.48,0.77) 1:4139(0.52,0.74) 2:1575(0.50,0.79) 3:636(0.48,0.78) 4:242(0.45,0.73) 5:95(0.54,0.75) 6:42(0.33,0.55) 7:4(1.00,1.00) 8:4(0.00,0.00)
22  2    17184      7    24    17    0.318   1010101001010001000100|00101010   (0.2s)
    k:N_k(Eok frac, lang frac):  0:17184(0.49,0.78) 1:6452(0.52,0.76) 2:2617(0.46,0.79) 3:946(0.47,0.74) 4:320(0.58,0.71) 5:138(0.56,0.82) 6:71(0.44,0.72) 7:21(0.62,0.38)
22  3    17184      9    24    15    0.409   1010100001010010001000|0100010000   (0.2s)
    k:N_k(Eok frac, lang frac):  0:17184(0.51,0.78) 1:6899(0.47,0.76) 2:2434(0.50,0.75) 3:857(0.47,0.71) 4:307(0.38,0.71) 5:80(0.80,0.89) 6:59(0.58,0.61) 7:19(0.47,1.00) 8:9(1.00,1.00) 9:9(0.00,1.00)
23  2    26363      9    25    16    0.391   10100100100100101010001|0100001001   (0.3s)
    k:N_k(Eok frac, lang frac):  0:26363(0.50,0.78) 1:10159(0.48,0.75) 2:3569(0.47,0.77) 3:1266(0.47,0.78) 4:489(0.47,0.73) 5:175(0.46,0.70) 6:49(0.33,0.65) 7:16(0.81,1.00) 8:13(1.00,0.54) 9:7(0.00,1.00)
23  3    26363      8    25    17    0.348   10100010100101010100001|000101001   (0.3s)
    k:N_k(Eok frac, lang frac):  0:26363(0.50,0.78) 1:10346(0.49,0.76) 2:3843(0.51,0.79) 3:1560(0.48,0.77) 4:590(0.55,0.75) 5:220(0.56,0.86) 6:108(0.47,0.71) 7:36(0.25,0.92) 8:9(0.00,0.67)
24  2    40445     10    26    16    0.417   101010001001000101010000|10010001000   (0.4s)
    k:N_k(Eok frac, lang frac):  0:40445(0.49,0.78) 1:15530(0.50,0.75) 2:6027(0.50,0.78) 3:2364(0.49,0.77) 4:898(0.51,0.70) 5:302(0.49,0.75) 6:115(0.50,0.68) 7:42(0.60,0.93) 8:22(0.68,0.45) 9:10(1.00,1.00) 10:10(0.00,1.00)
24  3    40445      8    26    18    0.333   101001010000100001000010|100001001   (0.4s)
    k:N_k(Eok frac, lang frac):  0:40445(0.51,0.78) 1:15871(0.51,0.77) 2:6379(0.52,0.79) 3:2610(0.52,0.74) 4:1013(0.50,0.73) 5:365(0.47,0.65) 6:105(0.39,0.56) 7:22(0.18,1.00) 8:4(0.00,1.00)
25  2    62049     10    27    17    0.400   1010010000101000010100010|01000100001   (0.7s)
    k:N_k(Eok frac, lang frac):  0:62049(0.50,0.77) 1:24089(0.50,0.77) 2:8995(0.50,0.74) 3:3271(0.49,0.76) 4:1224(0.43,0.75) 5:398(0.58,0.84) 6:196(0.36,0.70) 7:55(0.58,0.80) 8:24(0.42,0.71) 9:10(0.70,1.00) 10:7(0.00,1.00)
25  3    62049     11    27    16    0.440   1010010100100001010100010|010100100011   (0.7s)
    k:N_k(Eok frac, lang frac):  0:62049(0.50,0.77) 1:23776(0.50,0.76) 2:9121(0.51,0.76) 3:3574(0.45,0.78) 4:1204(0.45,0.78) 5:433(0.50,0.74) 6:151(0.54,0.57) 7:59(0.61,0.83) 8:30(0.40,0.73) 9:12(1.00,1.00) 10:12(0.58,0.58) 11:7(0.00,0.00)
26  2    95193      8    28    20    0.308   10101000100001000100001001|010100100   (1.1s)
    k:N_k(Eok frac, lang frac):  0:95193(0.49,0.77) 1:35826(0.49,0.77) 2:13589(0.48,0.78) 3:5066(0.54,0.76) 4:2082(0.51,0.77) 5:826(0.52,0.77) 6:334(0.41,0.78) 7:113(0.30,0.60) 8:34(0.00,1.00)
26  3    95193     10    28    18    0.385   10100101010000101001001010|00010100011   (1.1s)
    k:N_k(Eok frac, lang frac):  0:95193(0.51,0.77) 1:37285(0.49,0.77) 2:13901(0.50,0.78) 3:5496(0.50,0.74) 4:2032(0.46,0.74) 5:696(0.46,0.73) 6:199(0.36,0.77) 7:49(0.84,1.00) 8:41(0.56,0.78) 9:20(0.20,0.45) 10:4(0.00,0.00)
27  2   146041      9    29    20    0.333   101010101000100101010100101|0001001011   (1.7s)
    k:N_k(Eok frac, lang frac):  0:146041(0.50,0.77) 1:56291(0.51,0.76) 2:21796(0.51,0.78) 3:8409(0.45,0.75) 4:2944(0.45,0.76) 5:977(0.41,0.72) 6:285(0.39,0.74) 7:94(0.64,0.71) 8:52(0.81,0.77) 9:30(0.00,0.83)
27  3   146041      9    29    20    0.333   101010010000100010101000100|0100100100   (1.8s)
    k:N_k(Eok frac, lang frac):  0:146041(0.50,0.77) 1:56359(0.50,0.76) 2:21322(0.50,0.76) 3:8147(0.49,0.75) 4:2941(0.52,0.78) 5:1196(0.51,0.77) 6:441(0.45,0.74) 7:140(0.43,0.66) 8:43(0.30,0.77) 9:13(0.00,1.00)
28  2   224050     10    30    20    0.357   1010100010000101010100001000|01001010100   (2.9s)
    k:N_k(Eok frac, lang frac):  0:224050(0.50,0.77) 1:86704(0.50,0.76) 2:33094(0.50,0.77) 3:12726(0.49,0.77) 4:4906(0.50,0.79) 5:1991(0.51,0.79) 6:890(0.54,0.82) 7:407(0.41,0.81) 8:138(0.20,0.80) 9:24(0.62,0.71) 10:8(0.00,1.00)
28  3   224050     10    30    20    0.357   1010001000010010001000101000|10000100000   (2.9s)
    k:N_k(Eok frac, lang frac):  0:224050(0.50,0.77) 1:86090(0.50,0.76) 2:33099(0.50,0.77) 3:12850(0.50,0.76) 4:4889(0.47,0.78) 5:1770(0.51,0.78) 6:693(0.46,0.76) 7:240(0.50,0.77) 8:116(0.41,0.94) 9:46(0.48,0.65) 10:11(0.55,0.45)
