##### language R13: forbidden bit factors ['11', '00000', '101001', '0100101', '010010001', '0101000101', '0101010000', '01010001001', '10010001001', '010010000101', '010100010001', '100100010000', '0001000010001', '1001000010001']
 n  c  |L_n|   deepest  need  slack  deepest/n   witness(bits, prefix|forced)
37  2    46344      7    39    32    0.189   1001010000101000100001000010101010100|01000011   (2.0s)
    k:N_k(Eok frac, lang frac):  0:46344(0.49,0.63) 1:14059(0.49,0.62) 2:4238(0.52,0.60) 3:1298(0.54,0.63) 4:466(0.50,0.49) 5:104(0.53,0.50) 6:19(0.42,1.00) 7:8(0.00,0.00)
37  3    46344      7    39    32    0.189   1010100001010000100010001010100010000|10010000   (2.1s)
    k:N_k(Eok frac, lang frac):  0:46344(0.51,0.63) 1:15222(0.48,0.62) 2:4371(0.51,0.62) 3:1375(0.51,0.65) 4:439(0.62,0.65) 5:165(0.57,0.56) 6:70(0.61,0.63) 7:31(0.00,0.81)
38  2    58427      8    40    32    0.211   10101000010001000100001010000100001010|000100101   (2.6s)
    k:N_k(Eok frac, lang frac):  0:58427(0.50,0.63) 1:18101(0.53,0.62) 2:5911(0.51,0.62) 3:1876(0.50,0.60) 4:553(0.50,0.74) 5:206(0.45,0.69) 6:80(0.53,0.79) 7:34(0.50,0.65) 8:10(0.20,0.00)
38  3    58427      8    40    32    0.211   10000101000010001000100010100001000101|010100010   (2.4s)
    k:N_k(Eok frac, lang frac):  0:58427(0.50,0.63) 1:18964(0.48,0.64) 2:5749(0.51,0.66) 3:1997(0.53,0.61) 4:678(0.45,0.68) 5:228(0.20,0.50) 6:24(0.17,0.83) 7:2(1.00,1.00) 8:2(0.00,1.00)
39  2    73636      9    41    32    0.231   101010000101000010100001000010010000100|0010010011   (3.0s)
    k:N_k(Eok frac, lang frac):  0:73636(0.50,0.64) 1:22936(0.47,0.62) 2:6759(0.45,0.65) 3:1996(0.50,0.63) 4:626(0.44,0.68) 5:151(0.60,0.67) 6:57(0.39,0.47) 7:10(1.00,1.00) 8:10(1.00,0.60) 9:6(1.00,0.00)
39  3    73636      8    41    33    0.205   101000100010000101010001000010100001010|101010000   (3.4s)
    k:N_k(Eok frac, lang frac):  0:73636(0.50,0.64) 1:23859(0.50,0.64) 2:7499(0.50,0.63) 3:2455(0.51,0.63) 4:843(0.54,0.65) 5:320(0.60,0.53) 6:98(0.43,0.50) 7:32(0.31,0.75) 8:8(0.00,0.00)
40  2    92831      7    42    35    0.175   1010001010000100001000010000101000010000|10010010   (4.3s)
    k:N_k(Eok frac, lang frac):  0:92831(0.49,0.63) 1:28698(0.51,0.64) 2:9542(0.47,0.63) 3:2810(0.48,0.65) 4:826(0.42,0.65) 5:212(0.41,0.75) 6:72(0.76,0.51) 7:23(0.43,0.52)
40  3    92831      9    42    33    0.225   1010000101000010000101000010101000100001|0010000101   (4.4s)
    k:N_k(Eok frac, lang frac):  0:92831(0.51,0.63) 1:29514(0.50,0.62) 2:9170(0.52,0.62) 3:2966(0.48,0.64) 4:867(0.45,0.65) 5:271(0.51,0.59) 6:99(0.44,0.68) 7:31(0.58,0.58) 8:18(1.00,0.61) 9:11(0.00,0.18)
41  2   117015      9    43    34    0.220   10100010001000100010001010001000010101010|1010001001   (5.6s)
    k:N_k(Eok frac, lang frac):  0:117015(0.50,0.63) 1:36719(0.49,0.64) 2:11406(0.50,0.63) 3:3668(0.56,0.61) 4:1229(0.45,0.57) 5:297(0.41,0.66) 6:51(0.37,0.45) 7:9(1.00,1.00) 8:9(0.67,0.67) 9:6(0.00,0.00)
41  3   117015      9    43    34    0.220   10100010100001000100010100001000100010000|1010101011   (6.2s)
    k:N_k(Eok frac, lang frac):  0:117015(0.50,0.63) 1:36973(0.50,0.63) 2:11379(0.52,0.63) 3:3730(0.51,0.65) 4:1257(0.48,0.70) 5:417(0.47,0.74) 6:157(0.66,0.64) 7:71(0.42,0.66) 8:28(0.11,0.89) 9:3(1.00,0.00)
42  2   147494     10    44    34    0.238   101000101010101000100001010000100010101010|10101010000   (8.2s)
    k:N_k(Eok frac, lang frac):  0:147494(0.50,0.63) 1:46280(0.51,0.63) 2:14679(0.50,0.61) 3:4483(0.49,0.62) 4:1362(0.44,0.64) 5:374(0.35,0.61) 6:86(0.85,0.73) 7:54(0.26,0.39) 8:11(0.27,1.00) 9:3(1.00,1.00) 10:3(1.00,0.00)
42  3   147494      9    44    35    0.214   100101000010100001001000010000100100100100|0010010000   (6.9s)
    k:N_k(Eok frac, lang frac):  0:147494(0.50,0.63) 1:46755(0.51,0.63) 2:15079(0.50,0.63) 3:4847(0.50,0.64) 4:1625(0.49,0.60) 5:431(0.40,0.65) 6:131(0.55,0.79) 7:64(0.25,0.52) 8:8(0.50,1.00) 9:4(0.00,1.00)
43  2   185880      8    45    37    0.186   1010101010101000100001010100010000100001000|010101011   (9.2s)
    k:N_k(Eok frac, lang frac):  0:185880(0.50,0.63) 1:58731(0.50,0.63) 2:18804(0.46,0.62) 3:5479(0.50,0.62) 4:1665(0.45,0.66) 5:536(0.46,0.54) 6:143(0.45,0.71) 7:50(0.92,0.78) 8:39(1.00,0.00)
43  3   185880      8    45    37    0.186   1010000101000010010000100100100001000010010|000100101   (10.5s)
    k:N_k(Eok frac, lang frac):  0:185880(0.50,0.63) 1:58256(0.50,0.64) 2:19034(0.49,0.64) 3:5889(0.49,0.64) 4:1932(0.54,0.65) 5:676(0.44,0.57) 6:185(0.51,0.61) 7:53(0.68,0.79) 8:25(0.36,0.48)
44  2   234279      8    46    38    0.182   10101000010101010100010000101010101000100001|010101000   (12.8s)
    k:N_k(Eok frac, lang frac):  0:234279(0.49,0.63) 1:73107(0.50,0.63) 2:22935(0.50,0.63) 3:7336(0.49,0.63) 4:2188(0.51,0.62) 5:692(0.51,0.68) 6:203(0.64,0.35) 7:34(0.47,0.53) 8:6(0.00,1.00)
44  3   234279      8    46    38    0.182   10101000010001000100100100001000010000100001|000010101   (10.9s)
    k:N_k(Eok frac, lang frac):  0:234279(0.51,0.63) 1:74270(0.49,0.63) 2:23484(0.50,0.63) 3:7312(0.50,0.63) 4:2256(0.49,0.59) 5:599(0.55,0.67) 6:237(0.49,0.57) 7:65(0.29,0.62) 8:8(0.00,0.50)
