##### language HC: forbidden bit factors ['11']
 n  c  |L_n|   deepest  need  slack  deepest/n   witness(bits, prefix|forced)
 6  2       21      2     8     6    0.333   010100|010   (0.0s)
    k:N_k(Eok frac, lang frac):  0:21(0.52,0.90) 1:9(0.11,0.33) 2:1(0.00,1.00)
 6  3       21      2     8     6    0.333   100001|010   (0.0s)
    k:N_k(Eok frac, lang frac):  0:21(0.48,0.90) 1:10(0.30,0.80) 2:3(0.00,1.00)
 7  2       34      4     9     5    0.571   1000101|00011   (0.0s)
    k:N_k(Eok frac, lang frac):  0:34(0.44,0.97) 1:14(0.50,0.71) 2:5(0.60,1.00) 3:3(1.00,1.00) 4:3(1.00,0.00)
 7  3       34      4     9     5    0.571   1010001|00001   (0.0s)
    k:N_k(Eok frac, lang frac):  0:34(0.56,0.97) 1:19(0.58,1.00) 2:11(1.00,1.00) 3:11(0.73,1.00) 4:8(0.00,0.75)
 8  2       55      3    10     7    0.375   10100000|1011   (0.0s)
    k:N_k(Eok frac, lang frac):  0:55(0.51,0.71) 1:18(0.78,1.00) 2:14(0.71,0.86) 3:8(0.88,0.12)
 8  3       55      3    10     7    0.375   10010010|1010   (0.0s)
    k:N_k(Eok frac, lang frac):  0:55(0.49,0.71) 1:21(0.62,0.62) 2:10(0.30,0.80) 3:3(0.00,1.00)
 9  2       89      2    11     9    0.222   101010000|101   (0.0s)
    k:N_k(Eok frac, lang frac):  0:89(0.38,0.73) 1:24(0.46,0.79) 2:6(0.00,1.00)
 9  3       89      8    11     3    0.889   101000100|100100011   (0.0s)
    k:N_k(Eok frac, lang frac):  0:89(0.62,0.73) 1:41(0.59,0.73) 2:17(0.82,0.71) 3:9(0.89,0.89) 4:8(0.62,1.00) 5:5(1.00,1.00) 6:5(1.00,1.00) 7:5(1.00,1.00) 8:5(0.00,0.00)
10  2      144      4    12     8    0.400   1010010000|10011   (0.0s)
    k:N_k(Eok frac, lang frac):  0:144(0.46,0.77) 1:47(0.30,0.85) 2:14(0.57,0.93) 3:7(1.00,1.00) 4:7(0.29,0.71)
10  3      144      6    12     6    0.600   1000010010|0100011   (0.0s)
    k:N_k(Eok frac, lang frac):  0:144(0.54,0.77) 1:64(0.52,0.75) 2:29(0.48,0.83) 3:9(0.78,0.78) 4:5(0.80,1.00) 5:4(1.00,1.00) 6:4(0.00,0.00)
11  2      233      4    13     9    0.364   10100000100|00011   (0.0s)
    k:N_k(Eok frac, lang frac):  0:233(0.53,0.84) 1:98(0.56,0.87) 2:47(0.40,0.77) 3:12(0.58,1.00) 4:7(1.00,0.00)
11  3      233      4    13     9    0.364   10101010000|00001   (0.0s)
    k:N_k(Eok frac, lang frac):  0:233(0.47,0.84) 1:98(0.54,0.94) 2:49(0.61,0.90) 3:25(0.64,0.72) 4:9(0.00,0.44)
12  2      377      5    14     9    0.417   101000010010|101011   (0.0s)
    k:N_k(Eok frac, lang frac):  0:377(0.56,0.73) 1:140(0.56,0.81) 2:68(0.60,0.78) 3:32(0.59,1.00) 4:19(1.00,0.42) 5:8(0.00,0.25)
12  3      377      5    14     9    0.417   100010010001|001001   (0.0s)
    k:N_k(Eok frac, lang frac):  0:377(0.44,0.73) 1:137(0.65,0.80) 2:64(0.36,0.77) 3:21(0.38,0.86) 4:8(0.38,0.38) 5:3(0.00,1.00)
13  2      610      5    15    10    0.385   1001000101010|100100   (0.0s)
    k:N_k(Eok frac, lang frac):  0:610(0.48,0.78) 1:209(0.43,0.81) 2:74(0.64,0.65) 3:26(0.46,0.42) 4:7(0.29,1.00) 5:2(0.00,1.00)
13  3      610      5    15    10    0.385   1010001010010|100011   (0.0s)
    k:N_k(Eok frac, lang frac):  0:610(0.52,0.78) 1:269(0.42,0.87) 2:93(0.65,0.80) 3:52(0.35,0.67) 4:8(0.62,1.00) 5:5(0.00,0.00)
14  2      987      7    16     9    0.500   10010100100001|00000000   (0.0s)
    k:N_k(Eok frac, lang frac):  0:987(0.49,0.76) 1:371(0.57,0.79) 2:179(0.60,0.81) 3:84(0.44,0.79) 4:25(0.52,0.96) 5:13(0.23,1.00) 6:3(1.00,1.00) 7:3(0.00,1.00)
14  3      987      5    16    11    0.357   10101000010001|010001   (0.0s)
    k:N_k(Eok frac, lang frac):  0:987(0.51,0.76) 1:380(0.48,0.81) 2:154(0.53,0.90) 3:67(0.52,0.81) 4:32(0.72,0.75) 5:15(0.00,0.33)
15  2     1597      7    17    10    0.467   101010000100100|10100001   (0.0s)
    k:N_k(Eok frac, lang frac):  0:1597(0.51,0.80) 1:631(0.45,0.86) 2:231(0.50,0.84) 3:92(0.43,0.76) 4:35(0.34,0.80) 5:12(0.17,1.00) 6:2(1.00,1.00) 7:2(0.00,1.00)
15  3     1597      6    17    11    0.400   101010000001000|0101001   (0.0s)
    k:N_k(Eok frac, lang frac):  0:1597(0.49,0.80) 1:653(0.47,0.87) 2:263(0.51,0.75) 3:109(0.41,0.65) 4:29(0.41,0.86) 5:12(0.58,0.58) 6:7(0.00,1.00)
16  2     2584     10    18     8    0.625   1010010100100100|00010100000   (0.0s)
    k:N_k(Eok frac, lang frac):  0:2584(0.50,0.78) 1:1008(0.51,0.85) 2:459(0.48,0.76) 3:178(0.66,0.86) 4:102(0.24,0.92) 5:24(0.42,0.67) 6:8(0.25,0.62) 7:2(1.00,1.00) 8:2(1.00,1.00) 9:2(1.00,1.00) 10:2(0.00,1.00)
16  3     2584      6    18    12    0.375   1000100010010100|0100011   (0.0s)
    k:N_k(Eok frac, lang frac):  0:2584(0.50,0.78) 1:1017(0.45,0.79) 2:374(0.51,0.79) 3:136(0.65,0.74) 4:74(0.53,0.54) 5:14(0.21,0.64) 6:3(0.00,0.00)
##### language R5: forbidden bit factors ['11', '00000']
 n  c  |L_n|   deepest  need  slack  deepest/n   witness(bits, prefix|forced)
 6  2       18      2     8     6    0.333   010100|010   (0.0s)
    k:N_k(Eok frac, lang frac):  0:18(0.50,0.89) 1:7(0.14,0.43) 2:1(0.00,1.00)
 6  3       18      2     8     6    0.333   100001|010   (0.0s)
    k:N_k(Eok frac, lang frac):  0:18(0.50,0.89) 1:9(0.22,0.56) 2:2(0.00,1.00)
 7  2       28      4     9     5    0.571   1000101|00011   (0.0s)
    k:N_k(Eok frac, lang frac):  0:28(0.50,0.96) 1:13(0.54,0.69) 2:5(0.60,1.00) 3:3(1.00,1.00) 4:3(1.00,0.00)
 7  3       28      4     9     5    0.571   1010001|00001   (0.0s)
    k:N_k(Eok frac, lang frac):  0:28(0.50,0.96) 1:14(0.64,1.00) 2:9(1.00,1.00) 3:9(0.67,0.89) 4:5(0.00,0.60)
 8  2       43      3    10     7    0.375   10010000|1011   (0.0s)
    k:N_k(Eok frac, lang frac):  0:43(0.47,0.70) 1:12(0.67,0.75) 2:5(1.00,0.60) 3:3(0.67,0.33)
 8  3       43      3    10     7    0.375   10010010|1010   (0.0s)
    k:N_k(Eok frac, lang frac):  0:43(0.53,0.70) 1:18(0.67,0.56) 2:7(0.43,0.71) 3:3(0.00,1.00)
 9  2       66      2    11     9    0.222   101010000|101   (0.0s)
    k:N_k(Eok frac, lang frac):  0:66(0.35,0.73) 1:18(0.44,0.78) 2:6(0.00,1.00)
 9  3       66      8    11     3    0.889   101000100|100100011   (0.0s)
    k:N_k(Eok frac, lang frac):  0:66(0.65,0.73) 1:30(0.50,0.90) 2:15(0.80,0.67) 3:7(0.86,0.86) 4:6(0.50,1.00) 5:3(1.00,1.00) 6:3(1.00,1.00) 7:3(1.00,1.00) 8:3(0.00,0.00)
10  2      101      4    12     8    0.400   1010010000|10011   (0.0s)
    k:N_k(Eok frac, lang frac):  0:101(0.41,0.67) 1:23(0.26,1.00) 2:6(0.83,0.83) 3:4(1.00,1.00) 4:4(0.50,0.50)
10  3      101      6    12     6    0.600   1000010010|0100011   (0.0s)
    k:N_k(Eok frac, lang frac):  0:101(0.59,0.67) 1:45(0.51,0.73) 2:19(0.58,0.74) 3:6(1.00,0.67) 4:4(0.75,1.00) 5:3(1.00,1.00) 6:3(0.00,0.00)
11  2      155      3    13    10    0.273   10100101001|0001   (0.0s)
    k:N_k(Eok frac, lang frac):  0:155(0.57,0.74) 1:65(0.63,0.82) 2:34(0.38,0.65) 3:5(0.00,1.00)
11  3      155      4    13     9    0.364   10101001001|00011   (0.0s)
    k:N_k(Eok frac, lang frac):  0:155(0.43,0.74) 1:50(0.74,0.72) 2:29(0.66,0.83) 3:14(0.36,1.00) 4:5(0.00,0.00)
12  2      238      5    14     9    0.417   101000010010|101011   (0.0s)
    k:N_k(Eok frac, lang frac):  0:238(0.54,0.73) 1:87(0.41,0.76) 2:28(0.54,0.86) 3:14(0.36,1.00) 4:5(1.00,1.00) 5:5(0.00,0.40)
12  3      238      5    14     9    0.417   100010010001|001001   (0.0s)
    k:N_k(Eok frac, lang frac):  0:238(0.46,0.73) 1:86(0.63,0.79) 2:41(0.46,0.66) 3:17(0.41,0.82) 4:7(0.43,0.43) 5:3(0.00,1.00)
13  2      365      5    15    10    0.385   1001000101010|100100   (0.0s)
    k:N_k(Eok frac, lang frac):  0:365(0.48,0.76) 1:126(0.45,0.76) 2:44(0.59,0.68) 3:17(0.41,0.35) 4:2(1.00,1.00) 5:2(0.00,1.00)
13  3      365      5    15    10    0.385   1010001010010|100011   (0.0s)
    k:N_k(Eok frac, lang frac):  0:365(0.52,0.76) 1:151(0.37,0.79) 2:44(0.57,0.64) 3:21(0.52,0.76) 4:6(0.50,1.00) 5:3(0.00,0.00)
14  2      560      5    16    11    0.357   10100001001010|010000   (0.0s)
    k:N_k(Eok frac, lang frac):  0:560(0.51,0.73) 1:207(0.59,0.80) 2:98(0.59,0.70) 3:42(0.43,0.83) 4:11(0.91,0.64) 5:7(0.00,1.00)
14  3      560      5    16    11    0.357   10101000010001|010001   (0.0s)
    k:N_k(Eok frac, lang frac):  0:560(0.49,0.73) 1:200(0.49,0.76) 2:76(0.64,0.83) 3:38(0.58,0.66) 4:15(0.73,0.60) 5:5(0.00,1.00)
15  2      859      7    17    10    0.467   101010000100100|10100001   (0.0s)
    k:N_k(Eok frac, lang frac):  0:859(0.51,0.76) 1:336(0.51,0.81) 2:128(0.53,0.77) 3:51(0.39,0.73) 4:15(0.40,0.80) 5:6(0.33,1.00) 6:2(1.00,1.00) 7:2(0.00,1.00)
15  3      859      4    17    13    0.267   101010100001001|01011   (0.0s)
    k:N_k(Eok frac, lang frac):  0:859(0.49,0.76) 1:320(0.52,0.78) 2:136(0.49,0.68) 3:44(0.48,0.73) 4:12(0.00,0.67)
16  2     1318      6    18    12    0.375   1000010100100100|1001001   (0.0s)
    k:N_k(Eok frac, lang frac):  0:1318(0.50,0.75) 1:495(0.50,0.79) 2:205(0.51,0.69) 3:81(0.64,0.91) 4:47(0.28,0.94) 5:13(0.15,0.77) 6:2(0.00,1.00)
16  3     1318      6    18    12    0.375   1000100010010100|0100011   (0.0s)
    k:N_k(Eok frac, lang frac):  0:1318(0.50,0.75) 1:496(0.51,0.79) 2:187(0.44,0.77) 3:61(0.61,0.79) 4:28(0.50,0.50) 5:6(0.50,1.00) 6:3(0.00,0.00)
##### language R11: forbidden bit factors ['11', '00000', '101001', '0100101', '010010001', '0101000101', '0101010000', '01010001001', '10010001001']
 n  c  |L_n|   deepest  need  slack  deepest/n   witness(bits, prefix|forced)
 6  2       17      2     8     6    0.333   010100|010   (0.0s)
    k:N_k(Eok frac, lang frac):  0:17(0.47,0.88) 1:6(0.17,0.50) 2:1(0.00,1.00)
 6  3       17      2     8     6    0.333   100001|010   (0.0s)
    k:N_k(Eok frac, lang frac):  0:17(0.53,0.88) 1:9(0.22,0.56) 2:2(0.00,1.00)
 7  2       25      4     9     5    0.571   1000101|00011   (0.0s)
    k:N_k(Eok frac, lang frac):  0:25(0.44,0.96) 1:10(0.40,0.80) 2:4(0.50,1.00) 3:2(1.00,1.00) 4:2(1.00,0.00)
 7  3       25      4     9     5    0.571   1010001|00001   (0.0s)
    k:N_k(Eok frac, lang frac):  0:25(0.56,0.96) 1:14(0.64,0.93) 2:8(1.00,0.88) 3:7(0.71,0.71) 4:3(0.00,1.00)
 8  2       36      3    10     7    0.375   10010000|1011   (0.0s)
    k:N_k(Eok frac, lang frac):  0:36(0.42,0.61) 1:8(0.88,0.50) 2:4(1.00,0.50) 3:2(1.00,0.00)
 8  3       36      2    10     8    0.250   10000100|001   (0.0s)
    k:N_k(Eok frac, lang frac):  0:36(0.58,0.61) 1:14(0.57,0.36) 2:2(0.00,1.00)
 9  2       50      2    11     9    0.222   101010000|101   (0.0s)
    k:N_k(Eok frac, lang frac):  0:50(0.36,0.66) 1:14(0.50,0.79) 2:5(0.00,1.00)
 9  3       50      7    11     4    0.778   101000100|10010001   (0.0s)
    k:N_k(Eok frac, lang frac):  0:50(0.64,0.66) 1:19(0.47,0.79) 2:9(0.78,0.56) 3:3(1.00,1.00) 4:3(1.00,1.00) 5:3(1.00,1.00) 6:3(1.00,1.00) 7:3(1.00,0.00)
10  2       68      4    12     8    0.400   1010000101|00010   (0.0s)
    k:N_k(Eok frac, lang frac):  0:68(0.38,0.62) 1:12(0.42,1.00) 2:5(0.80,0.80) 3:3(1.00,1.00) 4:3(0.33,0.67)
10  3       68      5    12     7    0.500   1000010010|010001   (0.0s)
    k:N_k(Eok frac, lang frac):  0:68(0.62,0.62) 1:30(0.40,0.70) 2:9(0.56,0.78) 3:5(1.00,0.60) 4:3(0.67,1.00) 5:2(1.00,0.00)
11  2       91      2    13    11    0.182   10101000010|001   (0.0s)
    k:N_k(Eok frac, lang frac):  0:91(0.60,0.64) 1:34(0.71,0.79) 2:21(0.33,0.48)
11  3       91      3    13    10    0.273   10001010001|0000   (0.0s)
    k:N_k(Eok frac, lang frac):  0:91(0.40,0.64) 1:24(0.79,0.50) 2:12(0.42,1.00) 3:5(0.60,0.40)
12  2      122      3    14    11    0.250   100100010000|1000   (0.0s)
    k:N_k(Eok frac, lang frac):  0:122(0.58,0.60) 1:32(0.44,0.69) 2:7(0.57,0.71) 3:2(0.00,1.00)
12  3      122      4    14    10    0.333   100001000101|01011   (0.0s)
    k:N_k(Eok frac, lang frac):  0:122(0.42,0.60) 1:41(0.76,0.66) 2:17(0.65,0.47) 3:8(0.25,0.75) 4:2(0.00,0.00)
13  2      164      3    15    12    0.231   1001000101010|1001   (0.0s)
    k:N_k(Eok frac, lang frac):  0:164(0.40,0.61) 1:38(0.39,0.71) 2:12(0.50,0.67) 3:2(1.00,0.00)
13  3      164      3    15    12    0.231   1010100010001|0011   (0.0s)
    k:N_k(Eok frac, lang frac):  0:164(0.60,0.61) 1:62(0.32,0.69) 2:14(0.57,0.86) 3:8(0.62,0.38)
14  2      220      4    16    12    0.286   01010101010100|01001   (0.0s)
    k:N_k(Eok frac, lang frac):  0:220(0.53,0.64) 1:69(0.75,0.70) 2:34(0.41,0.71) 3:11(0.55,0.55) 4:1(1.00,0.00)
14  3      220      5    16    11    0.357   10101000010001|010001   (0.0s)
    k:N_k(Eok frac, lang frac):  0:220(0.47,0.64) 1:71(0.55,0.62) 2:21(0.76,0.86) 3:14(0.86,0.86) 4:10(1.00,0.50) 5:5(0.00,1.00)
15  2      294      4    17    13    0.267   100010001000010|10101   (0.0s)
    k:N_k(Eok frac, lang frac):  0:294(0.50,0.67) 1:97(0.51,0.73) 2:38(0.76,0.50) 3:10(0.50,0.50) 4:5(0.00,1.00)
15  3      294      3    17    14    0.200   101010001000101|0001   (0.0s)
    k:N_k(Eok frac, lang frac):  0:294(0.50,0.67) 1:100(0.54,0.60) 2:32(0.75,0.66) 3:18(0.44,0.44)
16  2      398      5    18    13    0.312   0010010010010000|101010   (0.0s)
    k:N_k(Eok frac, lang frac):  0:398(0.49,0.66) 1:117(0.56,0.66) 2:45(0.20,0.64) 3:3(0.33,0.33) 4:1(1.00,1.00) 5:1(0.00,1.00)
16  3      398      4    18    14    0.250   1010001000010001|00011   (0.0s)
    k:N_k(Eok frac, lang frac):  0:398(0.51,0.66) 1:146(0.51,0.64) 2:35(0.60,0.77) 3:15(0.60,0.60) 4:3(0.00,0.00)
##### language R13: forbidden bit factors ['11', '00000', '101001', '0100101', '010010001', '0101000101', '0101010000', '01010001001', '10010001001', '010010000101', '010100010001', '100100010000', '0001000010001', '1001000010001']
 n  c  |L_n|   deepest  need  slack  deepest/n   witness(bits, prefix|forced)
 6  2       17      2     8     6    0.333   010100|010   (0.0s)
    k:N_k(Eok frac, lang frac):  0:17(0.47,0.88) 1:6(0.17,0.50) 2:1(0.00,1.00)
 6  3       17      2     8     6    0.333   100001|010   (0.0s)
    k:N_k(Eok frac, lang frac):  0:17(0.53,0.88) 1:9(0.22,0.56) 2:2(0.00,1.00)
 7  2       25      4     9     5    0.571   1000101|00011   (0.0s)
    k:N_k(Eok frac, lang frac):  0:25(0.44,0.96) 1:10(0.40,0.80) 2:4(0.50,1.00) 3:2(1.00,1.00) 4:2(1.00,0.00)
 7  3       25      4     9     5    0.571   1010001|00001   (0.0s)
    k:N_k(Eok frac, lang frac):  0:25(0.56,0.96) 1:14(0.64,0.93) 2:8(1.00,0.88) 3:7(0.71,0.71) 4:3(0.00,1.00)
 8  2       36      3    10     7    0.375   10010000|1011   (0.0s)
    k:N_k(Eok frac, lang frac):  0:36(0.42,0.61) 1:8(0.88,0.50) 2:4(1.00,0.50) 3:2(1.00,0.00)
 8  3       36      2    10     8    0.250   10000100|001   (0.0s)
    k:N_k(Eok frac, lang frac):  0:36(0.58,0.61) 1:14(0.57,0.36) 2:2(0.00,1.00)
 9  2       50      2    11     9    0.222   101010000|101   (0.0s)
    k:N_k(Eok frac, lang frac):  0:50(0.36,0.66) 1:14(0.50,0.79) 2:5(0.00,1.00)
 9  3       50      7    11     4    0.778   101000100|10010001   (0.0s)
    k:N_k(Eok frac, lang frac):  0:50(0.64,0.66) 1:19(0.47,0.79) 2:9(0.78,0.56) 3:3(1.00,1.00) 4:3(1.00,1.00) 5:3(1.00,1.00) 6:3(1.00,1.00) 7:3(1.00,0.00)
10  2       68      4    12     8    0.400   1010000101|00010   (0.0s)
    k:N_k(Eok frac, lang frac):  0:68(0.38,0.62) 1:12(0.42,1.00) 2:5(0.80,0.80) 3:3(1.00,1.00) 4:3(0.33,0.67)
10  3       68      5    12     7    0.500   1000010010|010001   (0.0s)
    k:N_k(Eok frac, lang frac):  0:68(0.62,0.62) 1:30(0.40,0.70) 2:9(0.56,0.78) 3:5(1.00,0.60) 4:3(0.67,1.00) 5:2(1.00,0.00)
11  2       91      2    13    11    0.182   10101000010|001   (0.0s)
    k:N_k(Eok frac, lang frac):  0:91(0.60,0.62) 1:34(0.71,0.79) 2:21(0.33,0.48)
11  3       91      3    13    10    0.273   10001010001|0000   (0.0s)
    k:N_k(Eok frac, lang frac):  0:91(0.40,0.62) 1:22(0.77,0.50) 2:11(0.45,1.00) 3:5(0.60,0.40)
12  2      119      3    14    11    0.250   000100010000|1000   (0.0s)
    k:N_k(Eok frac, lang frac):  0:119(0.57,0.56) 1:30(0.40,0.67) 2:5(0.60,0.60) 3:1(0.00,1.00)
12  3      119      4    14    10    0.333   100001000101|01011   (0.0s)
    k:N_k(Eok frac, lang frac):  0:119(0.43,0.56) 1:37(0.73,0.73) 2:17(0.65,0.35) 3:6(0.33,0.67) 4:2(0.00,0.00)
13  2      156      3    15    12    0.231   1001000101010|1001   (0.0s)
    k:N_k(Eok frac, lang frac):  0:156(0.40,0.56) 1:34(0.41,0.76) 2:11(0.55,0.64) 3:2(1.00,0.00)
13  3      156      3    15    12    0.231   1010001000100|1001   (0.0s)
    k:N_k(Eok frac, lang frac):  0:156(0.60,0.56) 1:54(0.30,0.65) 2:10(0.40,0.80) 3:4(0.25,0.75)
14  2      202      4    16    12    0.286   01010101010100|01001   (0.0s)
    k:N_k(Eok frac, lang frac):  0:202(0.54,0.61) 1:60(0.73,0.78) 2:34(0.41,0.71) 3:11(0.55,0.55) 4:1(1.00,0.00)
14  3      202      5    16    11    0.357   10101000010001|010001   (0.0s)
    k:N_k(Eok frac, lang frac):  0:202(0.46,0.61) 1:64(0.53,0.53) 2:15(0.73,0.80) 3:9(1.00,0.78) 4:7(1.00,0.29) 5:2(0.00,1.00)
15  2      259      4    17    13    0.267   100010001000010|10101   (0.0s)
    k:N_k(Eok frac, lang frac):  0:259(0.53,0.64) 1:87(0.49,0.71) 2:33(0.73,0.55) 3:9(0.44,0.44) 4:4(0.00,1.00)
15  3      259      3    17    14    0.200   101010000100010|0000   (0.0s)
    k:N_k(Eok frac, lang frac):  0:259(0.47,0.64) 1:78(0.55,0.53) 2:22(0.64,0.36) 3:5(0.40,0.60)
16  2      333      3    18    15    0.188   1001001000010010|0101   (0.0s)
    k:N_k(Eok frac, lang frac):  0:333(0.49,0.63) 1:97(0.60,0.65) 2:38(0.24,0.58) 3:2(0.00,0.00)
16  3      333      3    18    15    0.188   1010100001000010|0001   (0.0s)
    k:N_k(Eok frac, lang frac):  0:333(0.51,0.63) 1:114(0.48,0.72) 2:31(0.55,0.74) 3:11(0.45,0.55)
