##### language HC: forbidden bit factors ['11']
 n  c  |L_n|   deepest  need  slack  deepest/n   witness(bits, prefix|forced)
17  2     4181     10    19     9    0.588   10010101010101010|01001001011   (0.0s)
    k:N_k(Eok frac, lang frac):  0:4181(0.52,0.79) 1:1762(0.47,0.85) 2:683(0.55,0.75) 3:279(0.51,0.77) 4:105(0.54,0.90) 5:57(0.46,0.91) 6:26(0.62,0.81) 7:16(0.62,1.00) 8:10(0.20,1.00) 9:2(1.00,1.00) 10:2(1.00,0.00)
17  3     4181      5    19    14    0.294   10101000101000000|101000   (0.0s)
    k:N_k(Eok frac, lang frac):  0:4181(0.48,0.79) 1:1530(0.50,0.77) 2:588(0.52,0.78) 3:208(0.41,0.82) 4:53(0.51,0.91) 5:24(0.00,0.08)
18  2     6765      9    20    11    0.500   101000101001000001|0001001000   (0.1s)
    k:N_k(Eok frac, lang frac):  0:6765(0.51,0.80) 1:2819(0.52,0.82) 2:1222(0.53,0.86) 3:543(0.42,0.87) 4:204(0.55,0.80) 5:92(0.52,0.97) 6:48(0.65,0.92) 7:31(1.00,0.32) 8:10(1.00,0.80) 9:8(0.00,1.00)
18  3     6765      9    20    11    0.500   101010010000001000|0100101011   (0.1s)
    k:N_k(Eok frac, lang frac):  0:6765(0.49,0.80) 1:2625(0.47,0.79) 2:996(0.46,0.84) 3:354(0.51,0.67) 4:105(0.50,0.92) 5:44(0.27,0.77) 6:7(0.57,1.00) 7:4(1.00,1.00) 8:4(0.50,1.00) 9:2(0.00,0.00)
19  2    10946      7    21    14    0.368   1010100010100100100|10001010   (0.1s)
    k:N_k(Eok frac, lang frac):  0:10946(0.51,0.81) 1:4560(0.49,0.80) 2:1758(0.48,0.81) 3:738(0.43,0.80) 4:268(0.53,0.87) 5:129(0.67,0.67) 6:45(0.60,0.33) 7:15(0.00,1.00)
19  3    10946      8    21    13    0.421   1010000100100000100|000100000   (0.1s)
    k:N_k(Eok frac, lang frac):  0:10946(0.49,0.81) 1:4333(0.46,0.84) 2:1633(0.45,0.82) 3:586(0.56,0.86) 4:267(0.53,0.70) 5:105(0.70,0.98) 6:74(0.30,0.89) 7:19(0.42,0.42) 8:8(0.00,1.00)
20  2    17711     10    22    12    0.500   10100000010100000100|01000010011   (0.2s)
    k:N_k(Eok frac, lang frac):  0:17711(0.51,0.81) 1:7267(0.50,0.82) 2:3034(0.53,0.80) 3:1319(0.58,0.84) 4:617(0.52,0.75) 5:248(0.43,0.62) 6:68(0.35,0.88) 7:16(1.00,0.69) 8:11(1.00,1.00) 9:11(1.00,1.00) 10:11(1.00,0.00)
20  3    17711      8    22    14    0.400   10101000010000010000|001010000   (0.2s)
    k:N_k(Eok frac, lang frac):  0:17711(0.49,0.81) 1:7032(0.50,0.81) 2:2859(0.51,0.78) 3:1175(0.51,0.86) 4:528(0.43,0.84) 5:198(0.49,0.78) 6:79(0.35,0.82) 7:28(0.86,0.93) 8:24(0.00,1.00)
21  2    28657     12    23    11    0.571   101010100000001010100|0010010000001   (0.3s)
    k:N_k(Eok frac, lang frac):  0:28657(0.52,0.80) 1:11805(0.51,0.81) 2:4814(0.56,0.79) 3:2109(0.53,0.78) 4:829(0.51,0.91) 5:378(0.61,0.78) 6:185(0.62,0.90) 7:109(0.72,1.00) 8:78(1.00,0.87) 9:68(0.76,1.00) 10:52(1.00,1.00) 11:52(1.00,1.00) 12:52(0.00,1.00)
21  3    28657      8    23    15    0.381   101010001010010010000|000000011   (0.3s)
    k:N_k(Eok frac, lang frac):  0:28657(0.48,0.80) 1:11152(0.52,0.81) 2:4685(0.48,0.82) 3:1851(0.48,0.79) 4:665(0.41,0.78) 5:236(0.59,0.89) 6:127(0.32,0.76) 7:31(0.65,1.00) 8:20(0.10,0.00)
22  2    46368     10    24    14    0.455   1010101000000101010000|10010000001   (0.4s)
    k:N_k(Eok frac, lang frac):  0:46368(0.50,0.81) 1:18708(0.51,0.80) 2:7581(0.48,0.83) 3:2984(0.48,0.82) 4:1165(0.52,0.78) 5:464(0.49,0.89) 6:214(0.54,0.81) 7:89(0.73,0.74) 8:42(0.76,0.76) 9:32(1.00,1.00) 10:32(0.00,1.00)
22  3    46368      9    24    15    0.409   1010100001010010001000|0100010000   (0.4s)
    k:N_k(Eok frac, lang frac):  0:46368(0.50,0.81) 1:18949(0.48,0.80) 2:7367(0.48,0.81) 3:2780(0.45,0.81) 4:1048(0.45,0.79) 5:347(0.56,0.90) 6:175(0.50,0.74) 7:59(0.61,0.92) 8:31(0.32,1.00) 9:10(0.00,1.00)
23  2    75025     13    25    12    0.565   10101001010000010000010|10010000010000   (0.7s)
    k:N_k(Eok frac, lang frac):  0:75025(0.50,0.81) 1:30330(0.50,0.81) 2:12277(0.49,0.81) 3:4864(0.48,0.83) 4:1968(0.56,0.84) 5:949(0.52,0.84) 6:441(0.43,0.79) 7:180(0.52,0.97) 8:89(0.24,0.58) 9:13(0.38,1.00) 10:5(1.00,1.00) 11:5(1.00,1.00) 12:5(1.00,1.00) 13:5(0.00,1.00)
23  3    75025     13    25    12    0.565   10001000010000001001010|00000001001011   (0.8s)
    k:N_k(Eok frac, lang frac):  0:75025(0.50,0.81) 1:30574(0.49,0.81) 2:12173(0.51,0.82) 3:5253(0.47,0.80) 4:2021(0.53,0.85) 5:855(0.51,0.93) 6:410(0.45,0.81) 7:145(0.23,0.65) 8:30(0.13,0.73) 9:4(1.00,1.00) 10:4(1.00,1.00) 11:4(1.00,1.00) 12:4(1.00,1.00) 13:4(1.00,0.00)
24  2   121393     11    26    15    0.458   101000101000001000001010|010000010000   (1.4s)
    k:N_k(Eok frac, lang frac):  0:121393(0.49,0.81) 1:48475(0.50,0.80) 2:19329(0.52,0.81) 3:8184(0.49,0.81) 4:3327(0.49,0.82) 5:1355(0.50,0.77) 6:550(0.45,0.75) 7:200(0.65,1.00) 8:129(0.45,0.84) 9:45(0.51,1.00) 10:23(0.35,1.00) 11:8(0.00,1.00)
24  3   121393     11    26    15    0.458   101010001000000100101000|000001001011   (1.2s)
    k:N_k(Eok frac, lang frac):  0:121393(0.51,0.81) 1:49695(0.50,0.80) 2:20067(0.52,0.83) 3:8474(0.51,0.80) 4:3386(0.50,0.82) 5:1380(0.47,0.75) 6:468(0.52,0.88) 7:242(0.47,0.90) 8:91(0.23,0.45) 9:18(0.89,1.00) 10:16(1.00,1.00) 11:16(1.00,0.00)
