budget=86400.0s  n_est=50,650,499  off(chosen)=68,378,173
GATE vs A051023 head(20): OK
gate_bits=[1, 1, 0, 1, 1, 1, 0, 0, 1, 1, 0, 0, 0, 1, 0, 1, 1, 0, 0, 1]
t=      83,358  elapsed=    120.0s  rate=   694.6/s  density=0.501200  row_bits=68,461,532  disk_bytes=0
t=     179,134  elapsed=    240.0s  rate=   746.4/s  density=0.499699  row_bits=68,557,308  disk_bytes=0
t=     274,472  elapsed=    360.0s  rate=   762.4/s  density=0.501272  row_bits=68,652,646  disk_bytes=0
t=     368,943  elapsed=    480.0s  rate=   768.6/s  density=0.501056  row_bits=68,747,117  disk_bytes=0
t=     461,072  elapsed=    600.0s  rate=   768.4/s  density=0.500855  row_bits=68,839,246  disk_bytes=0
t=     554,518  elapsed=    720.0s  rate=   770.2/s  density=0.500802  row_bits=68,932,692  disk_bytes=0
t=     646,808  elapsed=    840.0s  rate=   770.0/s  density=0.500615  row_bits=69,024,982  disk_bytes=0
t=     731,931  elapsed=    960.0s  rate=   762.4/s  density=0.500517  row_bits=69,110,105  disk_bytes=0
t=     810,353  elapsed=   1080.0s  rate=   750.3/s  density=0.500741  row_bits=69,188,527  disk_bytes=0
t=     889,369  elapsed=   1200.0s  rate=   741.1/s  density=0.500748  row_bits=69,267,543  disk_bytes=0
t=     971,284  elapsed=   1320.0s  rate=   735.8/s  density=0.500838  row_bits=69,349,458  disk_bytes=0
t=   1,050,097  elapsed=   1440.0s  rate=   729.2/s  density=0.500682  row_bits=69,428,271  disk_bytes=131,072
t=   1,126,105  elapsed=   1560.0s  rate=   721.9/s  density=0.500698  row_bits=69,504,279  disk_bytes=131,072
t=   1,202,744  elapsed=   1680.0s  rate=   715.9/s  density=0.500678  row_bits=69,580,918  disk_bytes=131,072
t=   1,278,074  elapsed=   1800.0s  rate=   710.0/s  density=0.500624  row_bits=69,656,248  disk_bytes=131,072
t=   1,354,933  elapsed=   1920.0s  rate=   705.7/s  density=0.500819  row_bits=69,733,107  disk_bytes=131,072
t=   1,424,889  elapsed=   2040.0s  rate=   698.5/s  density=0.500744  row_bits=69,803,063  disk_bytes=131,072
t=   1,493,400  elapsed=   2160.0s  rate=   691.4/s  density=0.500688  row_bits=69,871,574  disk_bytes=131,072
t=   1,571,905  elapsed=   2280.0s  rate=   689.4/s  density=0.500698  row_bits=69,950,079  disk_bytes=131,072
t=   1,643,094  elapsed=   2400.0s  rate=   684.6/s  density=0.500636  row_bits=70,021,268  disk_bytes=131,072
t=   1,731,101  elapsed=   2520.0s  rate=   686.9/s  density=0.500647  row_bits=70,109,275  disk_bytes=131,072
t=   1,818,781  elapsed=   2640.0s  rate=   688.9/s  density=0.500409  row_bits=70,196,955  disk_bytes=131,072
t=   1,907,330  elapsed=   2760.0s  rate=   691.1/s  density=0.500502  row_bits=70,285,504  disk_bytes=131,072
t=   1,998,395  elapsed=   2880.0s  rate=   693.9/s  density=0.500348  row_bits=70,376,569  disk_bytes=131,072
t=   2,093,610  elapsed=   3000.0s  rate=   697.9/s  density=0.500305  row_bits=70,471,784  disk_bytes=131,072
t=   2,188,816  elapsed=   3120.0s  rate=   701.5/s  density=0.500307  row_bits=70,566,990  disk_bytes=262,144
t=   2,280,763  elapsed=   3240.0s  rate=   703.9/s  density=0.500253  row_bits=70,658,937  disk_bytes=262,144
t=   2,374,077  elapsed=   3360.0s  rate=   706.6/s  density=0.500255  row_bits=70,752,251  disk_bytes=262,144
t=   2,467,188  elapsed=   3480.0s  rate=   709.0/s  density=0.500236  row_bits=70,845,362  disk_bytes=262,144
t=   2,558,912  elapsed=   3600.0s  rate=   710.8/s  density=0.500248  row_bits=70,937,086  disk_bytes=262,144
t=   2,651,234  elapsed=   3720.0s  rate=   712.7/s  density=0.500287  row_bits=71,029,408  disk_bytes=262,144
t=   2,742,964  elapsed=   3840.0s  rate=   714.3/s  density=0.500369  row_bits=71,121,138  disk_bytes=262,144
t=   2,835,766  elapsed=   3960.0s  rate=   716.1/s  density=0.500270  row_bits=71,213,940  disk_bytes=262,144
t=   2,930,450  elapsed=   4080.0s  rate=   718.2/s  density=0.500308  row_bits=71,308,624  disk_bytes=262,144
t=   3,025,981  elapsed=   4200.0s  rate=   720.5/s  density=0.500212  row_bits=71,404,155  disk_bytes=262,144
t=   3,120,909  elapsed=   4320.0s  rate=   722.4/s  density=0.500207  row_bits=71,499,083  disk_bytes=262,144
t=   3,216,023  elapsed=   4440.0s  rate=   724.3/s  density=0.500234  row_bits=71,594,197  disk_bytes=393,216
t=   3,313,147  elapsed=   4560.0s  rate=   726.6/s  density=0.500165  row_bits=71,691,321  disk_bytes=393,216
t=   3,407,717  elapsed=   4680.0s  rate=   728.1/s  density=0.500132  row_bits=71,785,891  disk_bytes=393,216
t=   3,501,852  elapsed=   4800.0s  rate=   729.5/s  density=0.500125  row_bits=71,880,026  disk_bytes=393,216
t=   3,595,549  elapsed=   4920.0s  rate=   730.8/s  density=0.500204  row_bits=71,973,723  disk_bytes=393,216
t=   3,689,751  elapsed=   5040.0s  rate=   732.1/s  density=0.500190  row_bits=72,067,925  disk_bytes=393,216
t=   3,784,496  elapsed=   5160.0s  rate=   733.4/s  density=0.500191  row_bits=72,162,670  disk_bytes=393,216
t=   3,879,586  elapsed=   5280.0s  rate=   734.8/s  density=0.500199  row_bits=72,257,760  disk_bytes=393,216
t=   3,973,559  elapsed=   5400.0s  rate=   735.8/s  density=0.500248  row_bits=72,351,733  disk_bytes=393,216
t=   4,066,482  elapsed=   5520.0s  rate=   736.7/s  density=0.500213  row_bits=72,444,656  disk_bytes=393,216
t=   4,157,344  elapsed=   5640.0s  rate=   737.1/s  density=0.500208  row_bits=72,535,518  disk_bytes=393,216
t=   4,252,272  elapsed=   5760.0s  rate=   738.2/s  density=0.500194  row_bits=72,630,446  disk_bytes=524,288
t=   4,345,003  elapsed=   5880.0s  rate=   738.9/s  density=0.500236  row_bits=72,723,177  disk_bytes=524,288
t=   4,436,558  elapsed=   6000.0s  rate=   739.4/s  density=0.500243  row_bits=72,814,732  disk_bytes=524,288
t=   4,526,435  elapsed=   6120.0s  rate=   739.6/s  density=0.500229  row_bits=72,904,609  disk_bytes=524,288
t=   4,618,595  elapsed=   6240.0s  rate=   740.2/s  density=0.500160  row_bits=72,996,769  disk_bytes=524,288
t=   4,710,898  elapsed=   6360.0s  rate=   740.7/s  density=0.500162  row_bits=73,089,072  disk_bytes=524,288
t=   4,803,099  elapsed=   6480.0s  rate=   741.2/s  density=0.500159  row_bits=73,181,273  disk_bytes=524,288
t=   4,895,216  elapsed=   6600.0s  rate=   741.7/s  density=0.500171  row_bits=73,273,390  disk_bytes=524,288
t=   4,987,031  elapsed=   6720.0s  rate=   742.1/s  density=0.500152  row_bits=73,365,205  disk_bytes=524,288
t=   5,078,558  elapsed=   6840.0s  rate=   742.5/s  density=0.500137  row_bits=73,456,732  disk_bytes=524,288
t=   5,171,269  elapsed=   6960.0s  rate=   743.0/s  density=0.500185  row_bits=73,549,443  disk_bytes=524,288
t=   5,260,375  elapsed=   7080.0s  rate=   743.0/s  density=0.500186  row_bits=73,638,549  disk_bytes=655,360
t=   5,349,292  elapsed=   7200.0s  rate=   743.0/s  density=0.500141  row_bits=73,727,466  disk_bytes=655,360
t=   5,439,077  elapsed=   7320.0s  rate=   743.0/s  density=0.500184  row_bits=73,817,251  disk_bytes=655,360
t=   5,529,127  elapsed=   7440.0s  rate=   743.2/s  density=0.500193  row_bits=73,907,301  disk_bytes=655,360
t=   5,618,665  elapsed=   7560.0s  rate=   743.2/s  density=0.500185  row_bits=73,996,839  disk_bytes=655,360
t=   5,708,494  elapsed=   7680.0s  rate=   743.3/s  density=0.500186  row_bits=74,086,668  disk_bytes=655,360
t=   5,797,853  elapsed=   7800.0s  rate=   743.3/s  density=0.500200  row_bits=74,176,027  disk_bytes=655,360
t=   5,887,234  elapsed=   7920.0s  rate=   743.3/s  density=0.500166  row_bits=74,265,408  disk_bytes=655,360
t=   5,977,433  elapsed=   8040.0s  rate=   743.5/s  density=0.500157  row_bits=74,355,607  disk_bytes=655,360
t=   6,068,296  elapsed=   8160.0s  rate=   743.7/s  density=0.500176  row_bits=74,446,470  disk_bytes=655,360
t=   6,156,355  elapsed=   8280.0s  rate=   743.5/s  density=0.500214  row_bits=74,534,529  disk_bytes=655,360
t=   6,243,965  elapsed=   8400.0s  rate=   743.3/s  density=0.500240  row_bits=74,622,139  disk_bytes=655,360
t=   6,330,607  elapsed=   8520.0s  rate=   743.0/s  density=0.500229  row_bits=74,708,781  disk_bytes=786,432
t=   6,416,270  elapsed=   8640.0s  rate=   742.6/s  density=0.500235  row_bits=74,794,444  disk_bytes=786,432
t=   6,498,150  elapsed=   8760.0s  rate=   741.8/s  density=0.500221  row_bits=74,876,324  disk_bytes=786,432
t=   6,579,688  elapsed=   8880.1s  rate=   741.0/s  density=0.500195  row_bits=74,957,862  disk_bytes=786,432
t=   6,663,904  elapsed=   9000.1s  rate=   740.4/s  density=0.500192  row_bits=75,042,078  disk_bytes=786,432
t=   6,748,661  elapsed=   9120.1s  rate=   740.0/s  density=0.500256  row_bits=75,126,835  disk_bytes=786,432
t=   6,829,801  elapsed=   9240.1s  rate=   739.2/s  density=0.500289  row_bits=75,207,975  disk_bytes=786,432
t=   6,899,315  elapsed=   9360.1s  rate=   737.1/s  density=0.500279  row_bits=75,277,489  disk_bytes=786,432
t=   6,944,775  elapsed=   9480.1s  rate=   732.6/s  density=0.500268  row_bits=75,322,949  disk_bytes=786,432
t=   6,997,480  elapsed=   9600.1s  rate=   728.9/s  density=0.500279  row_bits=75,375,654  disk_bytes=786,432
t=   7,059,182  elapsed=   9720.1s  rate=   726.2/s  density=0.500285  row_bits=75,437,356  disk_bytes=786,432
t=   7,120,505  elapsed=   9840.1s  rate=   723.6/s  density=0.500294  row_bits=75,498,679  disk_bytes=786,432
t=   7,175,926  elapsed=   9960.1s  rate=   720.5/s  density=0.500288  row_bits=75,554,100  disk_bytes=786,432
t=   7,228,020  elapsed=  10080.1s  rate=   717.1/s  density=0.500280  row_bits=75,606,194  disk_bytes=786,432
t=   7,287,334  elapsed=  10200.1s  rate=   714.4/s  density=0.500298  row_bits=75,665,508  disk_bytes=786,432
t=   7,349,806  elapsed=  10320.1s  rate=   712.2/s  density=0.500290  row_bits=75,727,980  disk_bytes=917,504
t=   7,405,382  elapsed=  10440.1s  rate=   709.3/s  density=0.500250  row_bits=75,783,556  disk_bytes=917,504
t=   7,467,748  elapsed=  10560.1s  rate=   707.2/s  density=0.500269  row_bits=75,845,922  disk_bytes=917,504
t=   7,523,714  elapsed=  10680.1s  rate=   704.5/s  density=0.500276  row_bits=75,901,888  disk_bytes=917,504
t=   7,566,896  elapsed=  10800.1s  rate=   700.6/s  density=0.500261  row_bits=75,945,070  disk_bytes=917,504
t=   7,622,248  elapsed=  10920.1s  rate=   698.0/s  density=0.500255  row_bits=76,000,422  disk_bytes=917,504
t=   7,686,739  elapsed=  11040.1s  rate=   696.3/s  density=0.500218  row_bits=76,064,913  disk_bytes=917,504
t=   7,756,271  elapsed=  11160.1s  rate=   695.0/s  density=0.500241  row_bits=76,134,445  disk_bytes=917,504
t=   7,837,344  elapsed=  11280.1s  rate=   694.8/s  density=0.500239  row_bits=76,215,518  disk_bytes=917,504
t=   7,920,948  elapsed=  11400.1s  rate=   694.8/s  density=0.500264  row_bits=76,299,122  disk_bytes=917,504
t=   8,007,599  elapsed=  11520.1s  rate=   695.1/s  density=0.500275  row_bits=76,385,773  disk_bytes=917,504
t=   8,074,214  elapsed=  11640.1s  rate=   693.7/s  density=0.500257  row_bits=76,452,388  disk_bytes=917,504
t=   8,149,007  elapsed=  11760.1s  rate=   692.9/s  density=0.500254  row_bits=76,527,181  disk_bytes=917,504
t=   8,219,278  elapsed=  11880.1s  rate=   691.9/s  density=0.500237  row_bits=76,597,452  disk_bytes=917,504
t=   8,272,414  elapsed=  12000.1s  rate=   689.4/s  density=0.500239  row_bits=76,650,588  disk_bytes=917,504
t=   8,333,527  elapsed=  12120.1s  rate=   687.6/s  density=0.500246  row_bits=76,711,701  disk_bytes=917,504
t=   8,409,685  elapsed=  12240.1s  rate=   687.1/s  density=0.500229  row_bits=76,787,859  disk_bytes=1,048,576
t=   8,486,355  elapsed=  12360.1s  rate=   686.6/s  density=0.500213  row_bits=76,864,529  disk_bytes=1,048,576
t=   8,555,526  elapsed=  12480.1s  rate=   685.5/s  density=0.500207  row_bits=76,933,700  disk_bytes=1,048,576
t=   8,635,613  elapsed=  12600.1s  rate=   685.4/s  density=0.500215  row_bits=77,013,787  disk_bytes=1,048,576
t=   8,711,050  elapsed=  12720.1s  rate=   684.8/s  density=0.500247  row_bits=77,089,224  disk_bytes=1,048,576
t=   8,788,736  elapsed=  12840.1s  rate=   684.5/s  density=0.500252  row_bits=77,166,910  disk_bytes=1,048,576
t=   8,852,981  elapsed=  12960.1s  rate=   683.1/s  density=0.500219  row_bits=77,231,155  disk_bytes=1,048,576
t=   8,929,240  elapsed=  13080.1s  rate=   682.7/s  density=0.500214  row_bits=77,307,414  disk_bytes=1,048,576
t=   9,003,343  elapsed=  13200.1s  rate=   682.1/s  density=0.500233  row_bits=77,381,517  disk_bytes=1,048,576
t=   9,070,541  elapsed=  13320.1s  rate=   681.0/s  density=0.500223  row_bits=77,448,715  disk_bytes=1,048,576
t=   9,147,095  elapsed=  13440.1s  rate=   680.6/s  density=0.500210  row_bits=77,525,269  disk_bytes=1,048,576
t=   9,225,596  elapsed=  13560.1s  rate=   680.3/s  density=0.500200  row_bits=77,603,770  disk_bytes=1,048,576
t=   9,305,747  elapsed=  13680.1s  rate=   680.2/s  density=0.500171  row_bits=77,683,921  disk_bytes=1,048,576
t=   9,378,624  elapsed=  13800.1s  rate=   679.6/s  density=0.500178  row_bits=77,756,798  disk_bytes=1,048,576
t=   9,456,000  elapsed=  13920.1s  rate=   679.3/s  density=0.500204  row_bits=77,834,174  disk_bytes=1,179,648
t=   9,534,663  elapsed=  14040.1s  rate=   679.1/s  density=0.500199  row_bits=77,912,837  disk_bytes=1,179,648
t=   9,618,599  elapsed=  14160.1s  rate=   679.3/s  density=0.500207  row_bits=77,996,773  disk_bytes=1,179,648
t=   9,700,901  elapsed=  14280.1s  rate=   679.3/s  density=0.500214  row_bits=78,079,075  disk_bytes=1,179,648
t=   9,781,759  elapsed=  14400.1s  rate=   679.3/s  density=0.500205  row_bits=78,159,933  disk_bytes=1,179,648
t=   9,865,670  elapsed=  14520.1s  rate=   679.4/s  density=0.500214  row_bits=78,243,844  disk_bytes=1,179,648
t=   9,944,840  elapsed=  14640.1s  rate=   679.3/s  density=0.500219  row_bits=78,323,014  disk_bytes=1,179,648
t=  10,025,612  elapsed=  14760.1s  rate=   679.2/s  density=0.500210  row_bits=78,403,786  disk_bytes=1,179,648
t=  10,110,616  elapsed=  14880.1s  rate=   679.5/s  density=0.500225  row_bits=78,488,790  disk_bytes=1,179,648
t=  10,196,180  elapsed=  15000.1s  rate=   679.7/s  density=0.500234  row_bits=78,574,354  disk_bytes=1,179,648
t=  10,276,369  elapsed=  15120.1s  rate=   679.6/s  density=0.500229  row_bits=78,654,543  disk_bytes=1,179,648
t=  10,350,112  elapsed=  15240.1s  rate=   679.1/s  density=0.500237  row_bits=78,728,286  disk_bytes=1,179,648
t=  10,424,829  elapsed=  15360.1s  rate=   678.7/s  density=0.500262  row_bits=78,803,003  disk_bytes=1,179,648
t=  10,501,514  elapsed=  15480.1s  rate=   678.4/s  density=0.500264  row_bits=78,879,688  disk_bytes=1,310,720
t=  10,575,995  elapsed=  15600.1s  rate=   677.9/s  density=0.500286  row_bits=78,954,169  disk_bytes=1,310,720
t=  10,647,934  elapsed=  15720.1s  rate=   677.3/s  density=0.500271  row_bits=79,026,108  disk_bytes=1,310,720
t=  10,717,297  elapsed=  15840.1s  rate=   676.6/s  density=0.500269  row_bits=79,095,471  disk_bytes=1,310,720
t=  10,783,289  elapsed=  15960.1s  rate=   675.6/s  density=0.500279  row_bits=79,161,463  disk_bytes=1,310,720
t=  10,852,003  elapsed=  16080.1s  rate=   674.9/s  density=0.500291  row_bits=79,230,177  disk_bytes=1,310,720
t=  10,912,352  elapsed=  16200.1s  rate=   673.6/s  density=0.500304  row_bits=79,290,526  disk_bytes=1,310,720
t=  10,974,370  elapsed=  16320.1s  rate=   672.4/s  density=0.500324  row_bits=79,352,544  disk_bytes=1,310,720
t=  11,043,772  elapsed=  16440.1s  rate=   671.8/s  density=0.500306  row_bits=79,421,946  disk_bytes=1,310,720
t=  11,118,591  elapsed=  16560.1s  rate=   671.4/s  density=0.500283  row_bits=79,496,765  disk_bytes=1,310,720
t=  11,200,035  elapsed=  16680.1s  rate=   671.5/s  density=0.500262  row_bits=79,578,209  disk_bytes=1,310,720
t=  11,275,579  elapsed=  16800.1s  rate=   671.2/s  density=0.500273  row_bits=79,653,753  disk_bytes=1,310,720
t=  11,347,425  elapsed=  16920.1s  rate=   670.6/s  density=0.500301  row_bits=79,725,599  disk_bytes=1,310,720
t=  11,407,778  elapsed=  17040.1s  rate=   669.5/s  density=0.500322  row_bits=79,785,952  disk_bytes=1,310,720
t=  11,459,899  elapsed=  17160.1s  rate=   667.8/s  density=0.500324  row_bits=79,838,073  disk_bytes=1,310,720
t=  11,509,603  elapsed=  17280.1s  rate=   666.1/s  density=0.500332  row_bits=79,887,777  disk_bytes=1,310,720
t=  11,559,314  elapsed=  17400.1s  rate=   664.3/s  density=0.500326  row_bits=79,937,488  disk_bytes=1,441,792
t=  11,609,734  elapsed=  17520.1s  rate=   662.7/s  density=0.500319  row_bits=79,987,908  disk_bytes=1,441,792
t=  11,669,208  elapsed=  17640.1s  rate=   661.5/s  density=0.500307  row_bits=80,047,382  disk_bytes=1,441,792
t=  11,725,728  elapsed=  17760.1s  rate=   660.2/s  density=0.500309  row_bits=80,103,902  disk_bytes=1,441,792
t=  11,786,881  elapsed=  17880.1s  rate=   659.2/s  density=0.500306  row_bits=80,165,055  disk_bytes=1,441,792
t=  11,844,920  elapsed=  18000.1s  rate=   658.0/s  density=0.500305  row_bits=80,223,094  disk_bytes=1,441,792
t=  11,901,407  elapsed=  18120.1s  rate=   656.8/s  density=0.500309  row_bits=80,279,581  disk_bytes=1,441,792
t=  11,958,334  elapsed=  18240.1s  rate=   655.6/s  density=0.500319  row_bits=80,336,508  disk_bytes=1,441,792
t=  12,014,614  elapsed=  18360.1s  rate=   654.4/s  density=0.500302  row_bits=80,392,788  disk_bytes=1,441,792
t=  12,068,918  elapsed=  18480.1s  rate=   653.1/s  density=0.500300  row_bits=80,447,092  disk_bytes=1,441,792
t=  12,122,293  elapsed=  18600.1s  rate=   651.7/s  density=0.500304  row_bits=80,500,467  disk_bytes=1,441,792
t=  12,179,843  elapsed=  18720.1s  rate=   650.6/s  density=0.500304  row_bits=80,558,017  disk_bytes=1,441,792
t=  12,237,694  elapsed=  18840.1s  rate=   649.6/s  density=0.500318  row_bits=80,615,868  disk_bytes=1,441,792
t=  12,293,725  elapsed=  18960.1s  rate=   648.4/s  density=0.500325  row_bits=80,671,899  disk_bytes=1,441,792
t=  12,348,231  elapsed=  19080.1s  rate=   647.2/s  density=0.500307  row_bits=80,726,405  disk_bytes=1,441,792
t=  12,405,003  elapsed=  19200.1s  rate=   646.1/s  density=0.500299  row_bits=80,783,177  disk_bytes=1,441,792
t=  12,471,354  elapsed=  19320.1s  rate=   645.5/s  density=0.500286  row_bits=80,849,528  disk_bytes=1,441,792
t=  12,530,440  elapsed=  19440.1s  rate=   644.6/s  density=0.500281  row_bits=80,908,614  disk_bytes=1,441,792
t=  12,587,428  elapsed=  19560.1s  rate=   643.5/s  density=0.500273  row_bits=80,965,602  disk_bytes=1,572,864
t=  12,645,250  elapsed=  19680.1s  rate=   642.5/s  density=0.500251  row_bits=81,023,424  disk_bytes=1,572,864
t=  12,717,067  elapsed=  19800.1s  rate=   642.3/s  density=0.500270  row_bits=81,095,241  disk_bytes=1,572,864
t=  12,779,946  elapsed=  19920.1s  rate=   641.6/s  density=0.500275  row_bits=81,158,120  disk_bytes=1,572,864
t=  12,844,895  elapsed=  20040.1s  rate=   641.0/s  density=0.500262  row_bits=81,223,069  disk_bytes=1,572,864
t=  12,913,204  elapsed=  20160.2s  rate=   640.5/s  density=0.500256  row_bits=81,291,378  disk_bytes=1,572,864
t=  12,986,396  elapsed=  20280.2s  rate=   640.4/s  density=0.500262  row_bits=81,364,570  disk_bytes=1,572,864
t=  13,054,126  elapsed=  20400.2s  rate=   639.9/s  density=0.500272  row_bits=81,432,300  disk_bytes=1,572,864
t=  13,119,752  elapsed=  20520.2s  rate=   639.4/s  density=0.500265  row_bits=81,497,926  disk_bytes=1,572,864
t=  13,186,912  elapsed=  20640.2s  rate=   638.9/s  density=0.500269  row_bits=81,565,086  disk_bytes=1,572,864
t=  13,257,004  elapsed=  20760.2s  rate=   638.6/s  density=0.500276  row_bits=81,635,178  disk_bytes=1,572,864
t=  13,326,372  elapsed=  20880.2s  rate=   638.2/s  density=0.500271  row_bits=81,704,546  disk_bytes=1,572,864
t=  13,392,850  elapsed=  21000.2s  rate=   637.8/s  density=0.500273  row_bits=81,771,024  disk_bytes=1,572,864
t=  13,461,706  elapsed=  21120.2s  rate=   637.4/s  density=0.500271  row_bits=81,839,880  disk_bytes=1,572,864
t=  13,530,241  elapsed=  21240.2s  rate=   637.0/s  density=0.500257  row_bits=81,908,415  disk_bytes=1,572,864
t=  13,594,961  elapsed=  21360.2s  rate=   636.5/s  density=0.500255  row_bits=81,973,135  disk_bytes=1,572,864
t=  13,655,005  elapsed=  21480.2s  rate=   635.7/s  density=0.500264  row_bits=82,033,179  disk_bytes=1,703,936
t=  13,712,534  elapsed=  21600.2s  rate=   634.8/s  density=0.500263  row_bits=82,090,708  disk_bytes=1,703,936
t=  13,774,338  elapsed=  21720.2s  rate=   634.2/s  density=0.500253  row_bits=82,152,512  disk_bytes=1,703,936
t=  13,834,552  elapsed=  21840.2s  rate=   633.4/s  density=0.500260  row_bits=82,212,726  disk_bytes=1,703,936
t=  13,890,990  elapsed=  21960.2s  rate=   632.6/s  density=0.500269  row_bits=82,269,164  disk_bytes=1,703,936
t=  13,947,965  elapsed=  22080.2s  rate=   631.7/s  density=0.500266  row_bits=82,326,139  disk_bytes=1,703,936
t=  13,999,378  elapsed=  22200.2s  rate=   630.6/s  density=0.500260  row_bits=82,377,552  disk_bytes=1,703,936
t=  14,056,663  elapsed=  22320.2s  rate=   629.8/s  density=0.500244  row_bits=82,434,837  disk_bytes=1,703,936
t=  14,103,824  elapsed=  22440.2s  rate=   628.5/s  density=0.500267  row_bits=82,481,998  disk_bytes=1,703,936
t=  14,154,095  elapsed=  22560.2s  rate=   627.4/s  density=0.500270  row_bits=82,532,269  disk_bytes=1,703,936
t=  14,213,188  elapsed=  22680.2s  rate=   626.7/s  density=0.500271  row_bits=82,591,362  disk_bytes=1,703,936
t=  14,267,922  elapsed=  22800.2s  rate=   625.8/s  density=0.500254  row_bits=82,646,096  disk_bytes=1,703,936
t=  14,324,655  elapsed=  22920.2s  rate=   625.0/s  density=0.500253  row_bits=82,702,829  disk_bytes=1,703,936
t=  14,368,783  elapsed=  23040.2s  rate=   623.6/s  density=0.500262  row_bits=82,746,957  disk_bytes=1,703,936
t=  14,425,177  elapsed=  23160.2s  rate=   622.8/s  density=0.500267  row_bits=82,803,351  disk_bytes=1,703,936
t=  14,485,760  elapsed=  23280.2s  rate=   622.2/s  density=0.500257  row_bits=82,863,934  disk_bytes=1,703,936
t=  14,541,819  elapsed=  23400.2s  rate=   621.4/s  density=0.500254  row_bits=82,919,993  disk_bytes=1,703,936
t=  14,599,815  elapsed=  23520.2s  rate=   620.7/s  density=0.500254  row_bits=82,977,989  disk_bytes=1,703,936
t=  14,654,212  elapsed=  23640.2s  rate=   619.9/s  density=0.500252  row_bits=83,032,386  disk_bytes=1,703,936
t=  14,705,726  elapsed=  23760.2s  rate=   618.9/s  density=0.500252  row_bits=83,083,900  disk_bytes=1,835,008
t=  14,765,093  elapsed=  23880.2s  rate=   618.3/s  density=0.500253  row_bits=83,143,267  disk_bytes=1,835,008
t=  14,802,147  elapsed=  24000.2s  rate=   616.8/s  density=0.500259  row_bits=83,180,321  disk_bytes=1,835,008
t=  14,855,115  elapsed=  24120.2s  rate=   615.9/s  density=0.500257  row_bits=83,233,289  disk_bytes=1,835,008
t=  14,904,908  elapsed=  24240.2s  rate=   614.9/s  density=0.500254  row_bits=83,283,082  disk_bytes=1,835,008
t=  14,955,269  elapsed=  24360.2s  rate=   613.9/s  density=0.500246  row_bits=83,333,443  disk_bytes=1,835,008
t=  15,009,711  elapsed=  24480.2s  rate=   613.1/s  density=0.500240  row_bits=83,387,885  disk_bytes=1,835,008
t=  15,054,839  elapsed=  24600.2s  rate=   612.0/s  density=0.500237  row_bits=83,433,013  disk_bytes=1,835,008
t=  15,107,109  elapsed=  24720.2s  rate=   611.1/s  density=0.500246  row_bits=83,485,283  disk_bytes=1,835,008
t=  15,157,409  elapsed=  24840.2s  rate=   610.2/s  density=0.500242  row_bits=83,535,583  disk_bytes=1,835,008
t=  15,199,301  elapsed=  24960.2s  rate=   608.9/s  density=0.500241  row_bits=83,577,475  disk_bytes=1,835,008
t=  15,246,594  elapsed=  25080.2s  rate=   607.9/s  density=0.500243  row_bits=83,624,768  disk_bytes=1,835,008
t=  15,294,927  elapsed=  25200.2s  rate=   606.9/s  density=0.500249  row_bits=83,673,101  disk_bytes=1,835,008
t=  15,341,188  elapsed=  25320.2s  rate=   605.9/s  density=0.500252  row_bits=83,719,362  disk_bytes=1,835,008
t=  15,388,306  elapsed=  25440.2s  rate=   604.9/s  density=0.500270  row_bits=83,766,480  disk_bytes=1,835,008
t=  15,442,820  elapsed=  25560.2s  rate=   604.2/s  density=0.500268  row_bits=83,820,994  disk_bytes=1,835,008
t=  15,497,173  elapsed=  25680.2s  rate=   603.5/s  density=0.500276  row_bits=83,875,347  disk_bytes=1,835,008
t=  15,554,217  elapsed=  25800.2s  rate=   602.9/s  density=0.500267  row_bits=83,932,391  disk_bytes=1,835,008
t=  15,606,271  elapsed=  25920.2s  rate=   602.1/s  density=0.500272  row_bits=83,984,445  disk_bytes=1,835,008
t=  15,664,488  elapsed=  26040.2s  rate=   601.6/s  density=0.500277  row_bits=84,042,662  disk_bytes=1,835,008
t=  15,707,880  elapsed=  26160.2s  rate=   600.4/s  density=0.500280  row_bits=84,086,054  disk_bytes=1,835,008
t=  15,755,868  elapsed=  26280.2s  rate=   599.5/s  density=0.500278  row_bits=84,134,042  disk_bytes=1,966,080
t=  15,807,329  elapsed=  26400.2s  rate=   598.8/s  density=0.500264  row_bits=84,185,503  disk_bytes=1,966,080
t=  15,867,552  elapsed=  26520.2s  rate=   598.3/s  density=0.500270  row_bits=84,245,726  disk_bytes=1,966,080
t=  15,917,262  elapsed=  26640.2s  rate=   597.5/s  density=0.500267  row_bits=84,295,436  disk_bytes=1,966,080
t=  15,976,116  elapsed=  26760.2s  rate=   597.0/s  density=0.500273  row_bits=84,354,290  disk_bytes=1,966,080
t=  16,029,280  elapsed=  26880.2s  rate=   596.3/s  density=0.500282  row_bits=84,407,454  disk_bytes=1,966,080
t=  16,077,123  elapsed=  27000.2s  rate=   595.4/s  density=0.500287  row_bits=84,455,297  disk_bytes=1,966,080
t=  16,126,249  elapsed=  27120.2s  rate=   594.6/s  density=0.500296  row_bits=84,504,423  disk_bytes=1,966,080
t=  16,178,969  elapsed=  27240.2s  rate=   593.9/s  density=0.500304  row_bits=84,557,143  disk_bytes=1,966,080
t=  16,232,708  elapsed=  27360.2s  rate=   593.3/s  density=0.500308  row_bits=84,610,882  disk_bytes=1,966,080
t=  16,281,022  elapsed=  27480.2s  rate=   592.5/s  density=0.500303  row_bits=84,659,196  disk_bytes=1,966,080
t=  16,334,730  elapsed=  27600.2s  rate=   591.8/s  density=0.500300  row_bits=84,712,904  disk_bytes=1,966,080
t=  16,388,671  elapsed=  27720.2s  rate=   591.2/s  density=0.500295  row_bits=84,766,845  disk_bytes=1,966,080
t=  16,441,741  elapsed=  27840.2s  rate=   590.6/s  density=0.500292  row_bits=84,819,915  disk_bytes=1,966,080
t=  16,481,299  elapsed=  27960.2s  rate=   589.5/s  density=0.500288  row_bits=84,859,473  disk_bytes=1,966,080
t=  16,513,722  elapsed=  28080.2s  rate=   588.1/s  density=0.500302  row_bits=84,891,896  disk_bytes=1,966,080
t=  16,554,025  elapsed=  28200.2s  rate=   587.0/s  density=0.500296  row_bits=84,932,199  disk_bytes=1,966,080
t=  16,594,154  elapsed=  28320.2s  rate=   585.9/s  density=0.500291  row_bits=84,972,328  disk_bytes=1,966,080
t=  16,636,317  elapsed=  28440.2s  rate=   585.0/s  density=0.500298  row_bits=85,014,491  disk_bytes=1,966,080
t=  16,665,844  elapsed=  28560.2s  rate=   583.5/s  density=0.500295  row_bits=85,044,018  disk_bytes=1,966,080
t=  16,711,756  elapsed=  28680.2s  rate=   582.7/s  density=0.500298  row_bits=85,089,930  disk_bytes=1,966,080
t=  16,757,732  elapsed=  28800.2s  rate=   581.9/s  density=0.500307  row_bits=85,135,906  disk_bytes=1,966,080
t=  16,808,886  elapsed=  28920.2s  rate=   581.2/s  density=0.500312  row_bits=85,187,060  disk_bytes=2,097,152
t=  16,852,790  elapsed=  29040.2s  rate=   580.3/s  density=0.500306  row_bits=85,230,964  disk_bytes=2,097,152
t=  16,896,040  elapsed=  29160.2s  rate=   579.4/s  density=0.500314  row_bits=85,274,214  disk_bytes=2,097,152
t=  16,935,875  elapsed=  29280.2s  rate=   578.4/s  density=0.500308  row_bits=85,314,049  disk_bytes=2,097,152
t=  16,966,705  elapsed=  29400.2s  rate=   577.1/s  density=0.500309  row_bits=85,344,879  disk_bytes=2,097,152
t=  17,001,827  elapsed=  29520.2s  rate=   575.9/s  density=0.500303  row_bits=85,380,001  disk_bytes=2,097,152
t=  17,044,283  elapsed=  29640.2s  rate=   575.0/s  density=0.500305  row_bits=85,422,457  disk_bytes=2,097,152
t=  17,083,829  elapsed=  29760.2s  rate=   574.0/s  density=0.500304  row_bits=85,462,003  disk_bytes=2,097,152
t=  17,125,348  elapsed=  29880.2s  rate=   573.1/s  density=0.500299  row_bits=85,503,522  disk_bytes=2,097,152
t=  17,167,388  elapsed=  30000.2s  rate=   572.2/s  density=0.500299  row_bits=85,545,562  disk_bytes=2,097,152
t=  17,211,181  elapsed=  30120.2s  rate=   571.4/s  density=0.500306  row_bits=85,589,355  disk_bytes=2,097,152
t=  17,246,678  elapsed=  30240.2s  rate=   570.3/s  density=0.500306  row_bits=85,624,852  disk_bytes=2,097,152
t=  17,287,714  elapsed=  30360.2s  rate=   569.4/s  density=0.500305  row_bits=85,665,888  disk_bytes=2,097,152
t=  17,329,836  elapsed=  30480.3s  rate=   568.6/s  density=0.500307  row_bits=85,708,010  disk_bytes=2,097,152
t=  17,379,599  elapsed=  30600.3s  rate=   568.0/s  density=0.500303  row_bits=85,757,773  disk_bytes=2,097,152
t=  17,429,970  elapsed=  30720.3s  rate=   567.4/s  density=0.500310  row_bits=85,808,144  disk_bytes=2,097,152
t=  17,477,644  elapsed=  30840.3s  rate=   566.7/s  density=0.500316  row_bits=85,855,818  disk_bytes=2,097,152
t=  17,522,525  elapsed=  30960.3s  rate=   566.0/s  density=0.500316  row_bits=85,900,699  disk_bytes=2,097,152
t=  17,566,071  elapsed=  31080.3s  rate=   565.2/s  density=0.500310  row_bits=85,944,245  disk_bytes=2,097,152
t=  17,609,726  elapsed=  31200.3s  rate=   564.4/s  density=0.500316  row_bits=85,987,900  disk_bytes=2,097,152
t=  17,658,379  elapsed=  31320.3s  rate=   563.8/s  density=0.500304  row_bits=86,036,553  disk_bytes=2,097,152
t=  17,703,007  elapsed=  31440.3s  rate=   563.1/s  density=0.500282  row_bits=86,081,181  disk_bytes=2,097,152
t=  17,748,560  elapsed=  31560.3s  rate=   562.4/s  density=0.500279  row_bits=86,126,734  disk_bytes=2,097,152
t=  17,797,418  elapsed=  31680.3s  rate=   561.8/s  density=0.500278  row_bits=86,175,592  disk_bytes=2,097,152
t=  17,853,316  elapsed=  31800.3s  rate=   561.4/s  density=0.500263  row_bits=86,231,490  disk_bytes=2,228,224
t=  17,904,140  elapsed=  31920.3s  rate=   560.9/s  density=0.500272  row_bits=86,282,314  disk_bytes=2,228,224
t=  17,959,601  elapsed=  32040.3s  rate=   560.5/s  density=0.500280  row_bits=86,337,775  disk_bytes=2,228,224
t=  18,021,465  elapsed=  32160.3s  rate=   560.4/s  density=0.500274  row_bits=86,399,639  disk_bytes=2,228,224
t=  18,081,349  elapsed=  32280.3s  rate=   560.1/s  density=0.500279  row_bits=86,459,523  disk_bytes=2,228,224
t=  18,142,488  elapsed=  32400.3s  rate=   559.9/s  density=0.500273  row_bits=86,520,662  disk_bytes=2,228,224
t=  18,200,897  elapsed=  32520.3s  rate=   559.7/s  density=0.500277  row_bits=86,579,071  disk_bytes=2,228,224
t=  18,251,013  elapsed=  32640.3s  rate=   559.2/s  density=0.500275  row_bits=86,629,187  disk_bytes=2,228,224
t=  18,304,785  elapsed=  32760.3s  rate=   558.7/s  density=0.500272  row_bits=86,682,959  disk_bytes=2,228,224
t=  18,365,296  elapsed=  32880.3s  rate=   558.6/s  density=0.500284  row_bits=86,743,470  disk_bytes=2,228,224
t=  18,423,006  elapsed=  33000.3s  rate=   558.3/s  density=0.500283  row_bits=86,801,180  disk_bytes=2,228,224
t=  18,480,197  elapsed=  33120.3s  rate=   558.0/s  density=0.500289  row_bits=86,858,371  disk_bytes=2,228,224
t=  18,536,943  elapsed=  33240.3s  rate=   557.7/s  density=0.500294  row_bits=86,915,117  disk_bytes=2,228,224
t=  18,596,258  elapsed=  33360.3s  rate=   557.4/s  density=0.500293  row_bits=86,974,432  disk_bytes=2,228,224
t=  18,650,042  elapsed=  33480.3s  rate=   557.0/s  density=0.500296  row_bits=87,028,216  disk_bytes=2,228,224
t=  18,708,444  elapsed=  33600.3s  rate=   556.8/s  density=0.500296  row_bits=87,086,618  disk_bytes=2,228,224
t=  18,769,531  elapsed=  33720.3s  rate=   556.6/s  density=0.500283  row_bits=87,147,705  disk_bytes=2,228,224
t=  18,830,869  elapsed=  33840.3s  rate=   556.5/s  density=0.500283  row_bits=87,209,043  disk_bytes=2,228,224
t=  18,885,657  elapsed=  33960.3s  rate=   556.1/s  density=0.500291  row_bits=87,263,831  disk_bytes=2,359,296
t=  18,935,073  elapsed=  34080.3s  rate=   555.6/s  density=0.500279  row_bits=87,313,247  disk_bytes=2,359,296
t=  18,974,692  elapsed=  34200.3s  rate=   554.8/s  density=0.500282  row_bits=87,352,866  disk_bytes=2,359,296
t=  19,006,644  elapsed=  34320.3s  rate=   553.8/s  density=0.500290  row_bits=87,384,818  disk_bytes=2,359,296
t=  19,053,417  elapsed=  34440.3s  rate=   553.2/s  density=0.500300  row_bits=87,431,591  disk_bytes=2,359,296
t=  19,099,205  elapsed=  34560.3s  rate=   552.6/s  density=0.500305  row_bits=87,477,379  disk_bytes=2,359,296
t=  19,157,410  elapsed=  34680.3s  rate=   552.4/s  density=0.500305  row_bits=87,535,584  disk_bytes=2,359,296
t=  19,199,977  elapsed=  34800.3s  rate=   551.7/s  density=0.500305  row_bits=87,578,151  disk_bytes=2,359,296
t=  19,257,893  elapsed=  34920.3s  rate=   551.5/s  density=0.500307  row_bits=87,636,067  disk_bytes=2,359,296
t=  19,316,010  elapsed=  35040.3s  rate=   551.3/s  density=0.500299  row_bits=87,694,184  disk_bytes=2,359,296
t=  19,374,901  elapsed=  35160.3s  rate=   551.0/s  density=0.500297  row_bits=87,753,075  disk_bytes=2,359,296
t=  19,432,328  elapsed=  35280.3s  rate=   550.8/s  density=0.500299  row_bits=87,810,502  disk_bytes=2,359,296
t=  19,479,951  elapsed=  35400.3s  rate=   550.3/s  density=0.500298  row_bits=87,858,125  disk_bytes=2,359,296
t=  19,529,908  elapsed=  35520.3s  rate=   549.8/s  density=0.500301  row_bits=87,908,082  disk_bytes=2,359,296
t=  19,588,122  elapsed=  35640.3s  rate=   549.6/s  density=0.500298  row_bits=87,966,296  disk_bytes=2,359,296
t=  19,637,577  elapsed=  35760.3s  rate=   549.1/s  density=0.500299  row_bits=88,015,751  disk_bytes=2,359,296
t=  19,695,249  elapsed=  35880.3s  rate=   548.9/s  density=0.500300  row_bits=88,073,423  disk_bytes=2,359,296
t=  19,754,835  elapsed=  36000.3s  rate=   548.7/s  density=0.500300  row_bits=88,133,009  disk_bytes=2,359,296
t=  19,801,364  elapsed=  36120.3s  rate=   548.2/s  density=0.500306  row_bits=88,179,538  disk_bytes=2,359,296
t=  19,856,738  elapsed=  36240.3s  rate=   547.9/s  density=0.500300  row_bits=88,234,912  disk_bytes=2,359,296
t=  19,914,202  elapsed=  36360.3s  rate=   547.7/s  density=0.500315  row_bits=88,292,376  disk_bytes=2,359,296
t=  19,963,182  elapsed=  36480.3s  rate=   547.2/s  density=0.500309  row_bits=88,341,356  disk_bytes=2,490,368
t=  20,006,635  elapsed=  36600.3s  rate=   546.6/s  density=0.500308  row_bits=88,384,809  disk_bytes=2,490,368
t=  20,061,055  elapsed=  36720.3s  rate=   546.3/s  density=0.500320  row_bits=88,439,229  disk_bytes=2,490,368
t=  20,117,041  elapsed=  36840.3s  rate=   546.1/s  density=0.500320  row_bits=88,495,215  disk_bytes=2,490,368
t=  20,174,251  elapsed=  36960.3s  rate=   545.8/s  density=0.500320  row_bits=88,552,425  disk_bytes=2,490,368
t=  20,228,768  elapsed=  37080.3s  rate=   545.5/s  density=0.500320  row_bits=88,606,942  disk_bytes=2,490,368
t=  20,290,499  elapsed=  37200.3s  rate=   545.4/s  density=0.500318  row_bits=88,668,673  disk_bytes=2,490,368
t=  20,352,885  elapsed=  37320.3s  rate=   545.4/s  density=0.500325  row_bits=88,731,059  disk_bytes=2,490,368
t=  20,414,263  elapsed=  37440.3s  rate=   545.2/s  density=0.500329  row_bits=88,792,437  disk_bytes=2,490,368
t=  20,477,515  elapsed=  37560.3s  rate=   545.2/s  density=0.500322  row_bits=88,855,689  disk_bytes=2,490,368
t=  20,536,298  elapsed=  37680.3s  rate=   545.0/s  density=0.500322  row_bits=88,914,472  disk_bytes=2,490,368
t=  20,591,626  elapsed=  37800.3s  rate=   544.7/s  density=0.500312  row_bits=88,969,800  disk_bytes=2,490,368
t=  20,650,888  elapsed=  37920.3s  rate=   544.6/s  density=0.500311  row_bits=89,029,062  disk_bytes=2,490,368
t=  20,716,117  elapsed=  38040.3s  rate=   544.6/s  density=0.500313  row_bits=89,094,291  disk_bytes=2,490,368
t=  20,778,642  elapsed=  38160.3s  rate=   544.5/s  density=0.500322  row_bits=89,156,816  disk_bytes=2,490,368
t=  20,842,439  elapsed=  38280.3s  rate=   544.5/s  density=0.500313  row_bits=89,220,613  disk_bytes=2,490,368
t=  20,899,864  elapsed=  38400.3s  rate=   544.3/s  density=0.500315  row_bits=89,278,038  disk_bytes=2,490,368
t=  20,958,278  elapsed=  38520.3s  rate=   544.1/s  density=0.500310  row_bits=89,336,452  disk_bytes=2,490,368
t=  21,016,948  elapsed=  38640.3s  rate=   543.9/s  density=0.500296  row_bits=89,395,122  disk_bytes=2,621,440
t=  21,070,876  elapsed=  38760.3s  rate=   543.6/s  density=0.500289  row_bits=89,449,050  disk_bytes=2,621,440
t=  21,125,606  elapsed=  38880.3s  rate=   543.3/s  density=0.500285  row_bits=89,503,780  disk_bytes=2,621,440
t=  21,179,665  elapsed=  39000.3s  rate=   543.1/s  density=0.500286  row_bits=89,557,839  disk_bytes=2,621,440
t=  21,223,078  elapsed=  39120.3s  rate=   542.5/s  density=0.500284  row_bits=89,601,252  disk_bytes=2,621,440
t=  21,276,980  elapsed=  39240.3s  rate=   542.2/s  density=0.500279  row_bits=89,655,154  disk_bytes=2,621,440
t=  21,339,472  elapsed=  39360.3s  rate=   542.2/s  density=0.500271  row_bits=89,717,646  disk_bytes=2,621,440
t=  21,399,091  elapsed=  39480.3s  rate=   542.0/s  density=0.500270  row_bits=89,777,265  disk_bytes=2,621,440
t=  21,455,129  elapsed=  39600.3s  rate=   541.8/s  density=0.500264  row_bits=89,833,303  disk_bytes=2,621,440
t=  21,509,900  elapsed=  39720.3s  rate=   541.5/s  density=0.500269  row_bits=89,888,074  disk_bytes=2,621,440
t=  21,572,044  elapsed=  39840.3s  rate=   541.5/s  density=0.500263  row_bits=89,950,218  disk_bytes=2,621,440
t=  21,631,795  elapsed=  39960.3s  rate=   541.3/s  density=0.500273  row_bits=90,009,969  disk_bytes=2,621,440
t=  21,681,022  elapsed=  40080.3s  rate=   540.9/s  density=0.500269  row_bits=90,059,196  disk_bytes=2,621,440
t=  21,734,712  elapsed=  40200.3s  rate=   540.7/s  density=0.500268  row_bits=90,112,886  disk_bytes=2,621,440
t=  21,786,743  elapsed=  40320.3s  rate=   540.3/s  density=0.500263  row_bits=90,164,917  disk_bytes=2,621,440
t=  21,847,852  elapsed=  40440.4s  rate=   540.2/s  density=0.500274  row_bits=90,226,026  disk_bytes=2,621,440
t=  21,906,204  elapsed=  40560.4s  rate=   540.1/s  density=0.500275  row_bits=90,284,378  disk_bytes=2,621,440
t=  21,960,738  elapsed=  40680.4s  rate=   539.8/s  density=0.500275  row_bits=90,338,912  disk_bytes=2,621,440
t=  22,016,850  elapsed=  40800.4s  rate=   539.6/s  density=0.500278  row_bits=90,395,024  disk_bytes=2,621,440
t=  22,079,802  elapsed=  40920.4s  rate=   539.6/s  density=0.500277  row_bits=90,457,976  disk_bytes=2,752,512
t=  22,131,864  elapsed=  41040.4s  rate=   539.3/s  density=0.500275  row_bits=90,510,038  disk_bytes=2,752,512
t=  22,196,440  elapsed=  41160.4s  rate=   539.3/s  density=0.500283  row_bits=90,574,614  disk_bytes=2,752,512
t=  22,251,255  elapsed=  41280.4s  rate=   539.0/s  density=0.500268  row_bits=90,629,429  disk_bytes=2,752,512
t=  22,300,106  elapsed=  41400.4s  rate=   538.6/s  density=0.500261  row_bits=90,678,280  disk_bytes=2,752,512
t=  22,343,809  elapsed=  41520.4s  rate=   538.1/s  density=0.500255  row_bits=90,721,983  disk_bytes=2,752,512
t=  22,391,894  elapsed=  41640.4s  rate=   537.7/s  density=0.500255  row_bits=90,770,068  disk_bytes=2,752,512
t=  22,439,472  elapsed=  41760.4s  rate=   537.3/s  density=0.500259  row_bits=90,817,646  disk_bytes=2,752,512
t=  22,487,404  elapsed=  41880.4s  rate=   536.9/s  density=0.500260  row_bits=90,865,578  disk_bytes=2,752,512
t=  22,535,817  elapsed=  42000.4s  rate=   536.6/s  density=0.500265  row_bits=90,913,991  disk_bytes=2,752,512
t=  22,579,687  elapsed=  42120.4s  rate=   536.1/s  density=0.500267  row_bits=90,957,861  disk_bytes=2,752,512
t=  22,613,028  elapsed=  42240.4s  rate=   535.3/s  density=0.500266  row_bits=90,991,202  disk_bytes=2,752,512
t=  22,660,966  elapsed=  42360.4s  rate=   535.0/s  density=0.500268  row_bits=91,039,140  disk_bytes=2,752,512
t=  22,708,928  elapsed=  42480.4s  rate=   534.6/s  density=0.500270  row_bits=91,087,102  disk_bytes=2,752,512
t=  22,757,204  elapsed=  42600.4s  rate=   534.2/s  density=0.500266  row_bits=91,135,378  disk_bytes=2,752,512
t=  22,804,746  elapsed=  42720.4s  rate=   533.8/s  density=0.500264  row_bits=91,182,920  disk_bytes=2,752,512
t=  22,858,122  elapsed=  42840.4s  rate=   533.6/s  density=0.500270  row_bits=91,236,296  disk_bytes=2,752,512
t=  22,925,526  elapsed=  42960.4s  rate=   533.6/s  density=0.500266  row_bits=91,303,700  disk_bytes=2,752,512
t=  22,984,540  elapsed=  43080.4s  rate=   533.5/s  density=0.500263  row_bits=91,362,714  disk_bytes=2,752,512
t=  23,047,386  elapsed=  43200.4s  rate=   533.5/s  density=0.500266  row_bits=91,425,560  disk_bytes=2,752,512
t=  23,115,074  elapsed=  43320.4s  rate=   533.6/s  density=0.500272  row_bits=91,493,248  disk_bytes=2,883,584
t=  23,175,276  elapsed=  43440.4s  rate=   533.5/s  density=0.500272  row_bits=91,553,450  disk_bytes=2,883,584
t=  23,234,537  elapsed=  43560.4s  rate=   533.4/s  density=0.500270  row_bits=91,612,711  disk_bytes=2,883,584
t=  23,294,135  elapsed=  43680.4s  rate=   533.3/s  density=0.500270  row_bits=91,672,309  disk_bytes=2,883,584
t=  23,353,452  elapsed=  43800.4s  rate=   533.2/s  density=0.500270  row_bits=91,731,626  disk_bytes=2,883,584
t=  23,409,420  elapsed=  43920.4s  rate=   533.0/s  density=0.500273  row_bits=91,787,594  disk_bytes=2,883,584
t=  23,473,392  elapsed=  44040.4s  rate=   533.0/s  density=0.500286  row_bits=91,851,566  disk_bytes=2,883,584
t=  23,535,314  elapsed=  44160.4s  rate=   533.0/s  density=0.500282  row_bits=91,913,488  disk_bytes=2,883,584
t=  23,597,790  elapsed=  44280.4s  rate=   532.9/s  density=0.500290  row_bits=91,975,964  disk_bytes=2,883,584
t=  23,659,354  elapsed=  44400.4s  rate=   532.9/s  density=0.500285  row_bits=92,037,528  disk_bytes=2,883,584
t=  23,720,875  elapsed=  44520.4s  rate=   532.8/s  density=0.500282  row_bits=92,099,049  disk_bytes=2,883,584
t=  23,780,086  elapsed=  44640.4s  rate=   532.7/s  density=0.500278  row_bits=92,158,260  disk_bytes=2,883,584
t=  23,842,043  elapsed=  44760.4s  rate=   532.7/s  density=0.500277  row_bits=92,220,217  disk_bytes=2,883,584
t=  23,902,193  elapsed=  44880.4s  rate=   532.6/s  density=0.500281  row_bits=92,280,367  disk_bytes=2,883,584
t=  23,962,659  elapsed=  45000.4s  rate=   532.5/s  density=0.500291  row_bits=92,340,833  disk_bytes=2,883,584
t=  24,023,291  elapsed=  45120.4s  rate=   532.4/s  density=0.500287  row_bits=92,401,465  disk_bytes=2,883,584
t=  24,085,323  elapsed=  45240.4s  rate=   532.4/s  density=0.500291  row_bits=92,463,497  disk_bytes=2,883,584
t=  24,145,351  elapsed=  45360.4s  rate=   532.3/s  density=0.500295  row_bits=92,523,525  disk_bytes=3,014,656
t=  24,207,147  elapsed=  45480.4s  rate=   532.3/s  density=0.500286  row_bits=92,585,321  disk_bytes=3,014,656
t=  24,267,662  elapsed=  45600.4s  rate=   532.2/s  density=0.500286  row_bits=92,645,836  disk_bytes=3,014,656
t=  24,329,876  elapsed=  45720.4s  rate=   532.1/s  density=0.500282  row_bits=92,708,050  disk_bytes=3,014,656
t=  24,389,357  elapsed=  45840.4s  rate=   532.0/s  density=0.500276  row_bits=92,767,531  disk_bytes=3,014,656
t=  24,448,273  elapsed=  45960.4s  rate=   531.9/s  density=0.500283  row_bits=92,826,447  disk_bytes=3,014,656
t=  24,509,326  elapsed=  46080.4s  rate=   531.9/s  density=0.500281  row_bits=92,887,500  disk_bytes=3,014,656
t=  24,571,803  elapsed=  46200.4s  rate=   531.9/s  density=0.500282  row_bits=92,949,977  disk_bytes=3,014,656
t=  24,629,284  elapsed=  46320.4s  rate=   531.7/s  density=0.500279  row_bits=93,007,458  disk_bytes=3,014,656
t=  24,693,466  elapsed=  46440.4s  rate=   531.7/s  density=0.500282  row_bits=93,071,640  disk_bytes=3,014,656
t=  24,751,656  elapsed=  46560.4s  rate=   531.6/s  density=0.500280  row_bits=93,129,830  disk_bytes=3,014,656
t=  24,810,603  elapsed=  46680.4s  rate=   531.5/s  density=0.500282  row_bits=93,188,777  disk_bytes=3,014,656
t=  24,874,355  elapsed=  46800.4s  rate=   531.5/s  density=0.500279  row_bits=93,252,529  disk_bytes=3,014,656
t=  24,935,020  elapsed=  46920.4s  rate=   531.4/s  density=0.500289  row_bits=93,313,194  disk_bytes=3,014,656
t=  24,995,322  elapsed=  47040.4s  rate=   531.4/s  density=0.500296  row_bits=93,373,496  disk_bytes=3,014,656
t=  25,055,164  elapsed=  47160.4s  rate=   531.3/s  density=0.500294  row_bits=93,433,338  disk_bytes=3,014,656
t=  25,113,619  elapsed=  47280.4s  rate=   531.2/s  density=0.500295  row_bits=93,491,793  disk_bytes=3,014,656
t=  25,171,173  elapsed=  47400.4s  rate=   531.0/s  density=0.500291  row_bits=93,549,347  disk_bytes=3,145,728
t=  25,229,153  elapsed=  47520.4s  rate=   530.9/s  density=0.500291  row_bits=93,607,327  disk_bytes=3,145,728
t=  25,285,654  elapsed=  47640.4s  rate=   530.8/s  density=0.500289  row_bits=93,663,828  disk_bytes=3,145,728
t=  25,341,972  elapsed=  47760.4s  rate=   530.6/s  density=0.500292  row_bits=93,720,146  disk_bytes=3,145,728
t=  25,396,556  elapsed=  47880.4s  rate=   530.4/s  density=0.500291  row_bits=93,774,730  disk_bytes=3,145,728
t=  25,453,178  elapsed=  48000.4s  rate=   530.3/s  density=0.500286  row_bits=93,831,352  disk_bytes=3,145,728
t=  25,511,634  elapsed=  48120.4s  rate=   530.2/s  density=0.500289  row_bits=93,889,808  disk_bytes=3,145,728
t=  25,568,758  elapsed=  48240.4s  rate=   530.0/s  density=0.500289  row_bits=93,946,932  disk_bytes=3,145,728
t=  25,620,625  elapsed=  48360.4s  rate=   529.8/s  density=0.500293  row_bits=93,998,799  disk_bytes=3,145,728
t=  25,672,842  elapsed=  48480.4s  rate=   529.6/s  density=0.500291  row_bits=94,051,016  disk_bytes=3,145,728
t=  25,731,590  elapsed=  48600.4s  rate=   529.5/s  density=0.500288  row_bits=94,109,764  disk_bytes=3,145,728
t=  25,787,898  elapsed=  48720.4s  rate=   529.3/s  density=0.500286  row_bits=94,166,072  disk_bytes=3,145,728
t=  25,842,962  elapsed=  48840.4s  rate=   529.1/s  density=0.500289  row_bits=94,221,136  disk_bytes=3,145,728
t=  25,892,734  elapsed=  48960.4s  rate=   528.9/s  density=0.500287  row_bits=94,270,908  disk_bytes=3,145,728
t=  25,944,994  elapsed=  49080.4s  rate=   528.6/s  density=0.500279  row_bits=94,323,168  disk_bytes=3,145,728
t=  26,002,821  elapsed=  49200.4s  rate=   528.5/s  density=0.500276  row_bits=94,380,995  disk_bytes=3,145,728
t=  26,049,660  elapsed=  49320.4s  rate=   528.2/s  density=0.500277  row_bits=94,427,834  disk_bytes=3,145,728
t=  26,099,963  elapsed=  49440.4s  rate=   527.9/s  density=0.500276  row_bits=94,478,137  disk_bytes=3,145,728
t=  26,149,354  elapsed=  49560.4s  rate=   527.6/s  density=0.500275  row_bits=94,527,528  disk_bytes=3,145,728
t=  26,204,837  elapsed=  49680.4s  rate=   527.5/s  density=0.500275  row_bits=94,583,011  disk_bytes=3,145,728
t=  26,261,966  elapsed=  49800.4s  rate=   527.3/s  density=0.500280  row_bits=94,640,140  disk_bytes=3,276,800
t=  26,316,965  elapsed=  49920.4s  rate=   527.2/s  density=0.500276  row_bits=94,695,139  disk_bytes=3,276,800
t=  26,370,943  elapsed=  50040.4s  rate=   527.0/s  density=0.500276  row_bits=94,749,117  disk_bytes=3,276,800
t=  26,419,348  elapsed=  50160.4s  rate=   526.7/s  density=0.500274  row_bits=94,797,522  disk_bytes=3,276,800
t=  26,468,975  elapsed=  50280.4s  rate=   526.4/s  density=0.500270  row_bits=94,847,149  disk_bytes=3,276,800
t=  26,521,230  elapsed=  50400.4s  rate=   526.2/s  density=0.500256  row_bits=94,899,404  disk_bytes=3,276,800
t=  26,572,074  elapsed=  50520.4s  rate=   526.0/s  density=0.500257  row_bits=94,950,248  disk_bytes=3,276,800
t=  26,623,106  elapsed=  50640.4s  rate=   525.7/s  density=0.500266  row_bits=95,001,280  disk_bytes=3,276,800
t=  26,676,277  elapsed=  50760.4s  rate=   525.5/s  density=0.500260  row_bits=95,054,451  disk_bytes=3,276,800
t=  26,732,301  elapsed=  50880.4s  rate=   525.4/s  density=0.500253  row_bits=95,110,475  disk_bytes=3,276,800
t=  26,786,510  elapsed=  51000.4s  rate=   525.2/s  density=0.500241  row_bits=95,164,684  disk_bytes=3,276,800
t=  26,829,865  elapsed=  51120.4s  rate=   524.8/s  density=0.500243  row_bits=95,208,039  disk_bytes=3,276,800
t=  26,881,653  elapsed=  51240.5s  rate=   524.6/s  density=0.500239  row_bits=95,259,827  disk_bytes=3,276,800
t=  26,933,281  elapsed=  51360.5s  rate=   524.4/s  density=0.500239  row_bits=95,311,455  disk_bytes=3,276,800
t=  26,985,885  elapsed=  51480.5s  rate=   524.2/s  density=0.500245  row_bits=95,364,059  disk_bytes=3,276,800
t=  27,038,032  elapsed=  51600.5s  rate=   524.0/s  density=0.500247  row_bits=95,416,206  disk_bytes=3,276,800
t=  27,092,240  elapsed=  51720.5s  rate=   523.8/s  density=0.500247  row_bits=95,470,414  disk_bytes=3,276,800
t=  27,148,204  elapsed=  51840.5s  rate=   523.7/s  density=0.500243  row_bits=95,526,378  disk_bytes=3,276,800
t=  27,189,445  elapsed=  51960.5s  rate=   523.3/s  density=0.500246  row_bits=95,567,619  disk_bytes=3,276,800
t=  27,241,220  elapsed=  52080.5s  rate=   523.1/s  density=0.500236  row_bits=95,619,394  disk_bytes=3,276,800
t=  27,295,177  elapsed=  52200.5s  rate=   522.9/s  density=0.500239  row_bits=95,673,351  disk_bytes=3,407,872
t=  27,344,575  elapsed=  52320.5s  rate=   522.6/s  density=0.500232  row_bits=95,722,749  disk_bytes=3,407,872
t=  27,394,885  elapsed=  52440.5s  rate=   522.4/s  density=0.500234  row_bits=95,773,059  disk_bytes=3,407,872
t=  27,444,937  elapsed=  52560.5s  rate=   522.2/s  density=0.500227  row_bits=95,823,111  disk_bytes=3,407,872
t=  27,492,692  elapsed=  52680.5s  rate=   521.9/s  density=0.500225  row_bits=95,870,866  disk_bytes=3,407,872
t=  27,543,184  elapsed=  52800.5s  rate=   521.6/s  density=0.500222  row_bits=95,921,358  disk_bytes=3,407,872
t=  27,594,511  elapsed=  52920.5s  rate=   521.4/s  density=0.500214  row_bits=95,972,685  disk_bytes=3,407,872
t=  27,640,279  elapsed=  53040.5s  rate=   521.1/s  density=0.500220  row_bits=96,018,453  disk_bytes=3,407,872
t=  27,688,810  elapsed=  53160.5s  rate=   520.9/s  density=0.500222  row_bits=96,066,984  disk_bytes=3,407,872
t=  27,740,393  elapsed=  53280.5s  rate=   520.6/s  density=0.500217  row_bits=96,118,567  disk_bytes=3,407,872
t=  27,794,282  elapsed=  53400.5s  rate=   520.5/s  density=0.500217  row_bits=96,172,456  disk_bytes=3,407,872
t=  27,841,842  elapsed=  53520.5s  rate=   520.2/s  density=0.500216  row_bits=96,220,016  disk_bytes=3,407,872
t=  27,887,482  elapsed=  53640.5s  rate=   519.9/s  density=0.500220  row_bits=96,265,656  disk_bytes=3,407,872
t=  27,941,008  elapsed=  53760.5s  rate=   519.7/s  density=0.500226  row_bits=96,319,182  disk_bytes=3,407,872
t=  27,992,934  elapsed=  53880.5s  rate=   519.5/s  density=0.500226  row_bits=96,371,108  disk_bytes=3,407,872
t=  28,040,210  elapsed=  54000.5s  rate=   519.3/s  density=0.500233  row_bits=96,418,384  disk_bytes=3,407,872
t=  28,071,748  elapsed=  54120.5s  rate=   518.7/s  density=0.500229  row_bits=96,449,922  disk_bytes=3,407,872
t=  28,109,727  elapsed=  54240.5s  rate=   518.2/s  density=0.500232  row_bits=96,487,901  disk_bytes=3,407,872
t=  28,151,137  elapsed=  54360.5s  rate=   517.9/s  density=0.500236  row_bits=96,529,311  disk_bytes=3,407,872
t=  28,193,858  elapsed=  54480.5s  rate=   517.5/s  density=0.500240  row_bits=96,572,032  disk_bytes=3,407,872
t=  28,232,936  elapsed=  54600.5s  rate=   517.1/s  density=0.500242  row_bits=96,611,110  disk_bytes=3,407,872
t=  28,275,588  elapsed=  54720.5s  rate=   516.7/s  density=0.500240  row_bits=96,653,762  disk_bytes=3,407,872
t=  28,319,763  elapsed=  54840.5s  rate=   516.4/s  density=0.500240  row_bits=96,697,937  disk_bytes=3,538,944
t=  28,363,754  elapsed=  54960.5s  rate=   516.1/s  density=0.500237  row_bits=96,741,928  disk_bytes=3,538,944
t=  28,410,877  elapsed=  55080.5s  rate=   515.8/s  density=0.500236  row_bits=96,789,051  disk_bytes=3,538,944
t=  28,446,514  elapsed=  55200.5s  rate=   515.3/s  density=0.500237  row_bits=96,824,688  disk_bytes=3,538,944
t=  28,484,981  elapsed=  55320.5s  rate=   514.9/s  density=0.500232  row_bits=96,863,155  disk_bytes=3,538,944
t=  28,524,826  elapsed=  55440.5s  rate=   514.5/s  density=0.500232  row_bits=96,903,000  disk_bytes=3,538,944
t=  28,557,984  elapsed=  55560.5s  rate=   514.0/s  density=0.500230  row_bits=96,936,158  disk_bytes=3,538,944
t=  28,597,323  elapsed=  55680.5s  rate=   513.6/s  density=0.500229  row_bits=96,975,497  disk_bytes=3,538,944
t=  28,626,542  elapsed=  55800.5s  rate=   513.0/s  density=0.500230  row_bits=97,004,716  disk_bytes=3,538,944
t=  28,661,163  elapsed=  55920.5s  rate=   512.5/s  density=0.500232  row_bits=97,039,337  disk_bytes=3,538,944
t=  28,693,959  elapsed=  56040.5s  rate=   512.0/s  density=0.500232  row_bits=97,072,133  disk_bytes=3,538,944
t=  28,731,636  elapsed=  56160.5s  rate=   511.6/s  density=0.500233  row_bits=97,109,810  disk_bytes=3,538,944
t=  28,766,360  elapsed=  56280.5s  rate=   511.1/s  density=0.500232  row_bits=97,144,534  disk_bytes=3,538,944
t=  28,798,214  elapsed=  56400.5s  rate=   510.6/s  density=0.500232  row_bits=97,176,388  disk_bytes=3,538,944
t=  28,835,259  elapsed=  56520.5s  rate=   510.2/s  density=0.500235  row_bits=97,213,433  disk_bytes=3,538,944
t=  28,871,343  elapsed=  56640.5s  rate=   509.7/s  density=0.500237  row_bits=97,249,517  disk_bytes=3,538,944
t=  28,912,791  elapsed=  56760.5s  rate=   509.4/s  density=0.500231  row_bits=97,290,965  disk_bytes=3,538,944
t=  28,953,985  elapsed=  56880.5s  rate=   509.0/s  density=0.500231  row_bits=97,332,159  disk_bytes=3,538,944
t=  28,984,955  elapsed=  57000.5s  rate=   508.5/s  density=0.500228  row_bits=97,363,129  disk_bytes=3,538,944
t=  29,020,280  elapsed=  57120.5s  rate=   508.1/s  density=0.500229  row_bits=97,398,454  disk_bytes=3,538,944
t=  29,046,590  elapsed=  57240.5s  rate=   507.4/s  density=0.500231  row_bits=97,424,764  disk_bytes=3,538,944
t=  29,079,689  elapsed=  57360.5s  rate=   507.0/s  density=0.500225  row_bits=97,457,863  disk_bytes=3,538,944
t=  29,124,570  elapsed=  57480.5s  rate=   506.7/s  density=0.500227  row_bits=97,502,744  disk_bytes=3,538,944
t=  29,164,783  elapsed=  57600.5s  rate=   506.3/s  density=0.500227  row_bits=97,542,957  disk_bytes=3,538,944
t=  29,194,402  elapsed=  57720.5s  rate=   505.8/s  density=0.500227  row_bits=97,572,576  disk_bytes=3,538,944
t=  29,225,485  elapsed=  57840.5s  rate=   505.3/s  density=0.500221  row_bits=97,603,659  disk_bytes=3,538,944
t=  29,261,582  elapsed=  57960.5s  rate=   504.9/s  density=0.500224  row_bits=97,639,756  disk_bytes=3,538,944
t=  29,304,033  elapsed=  58080.5s  rate=   504.5/s  density=0.500224  row_bits=97,682,207  disk_bytes=3,538,944
t=  29,345,996  elapsed=  58200.5s  rate=   504.2/s  density=0.500223  row_bits=97,724,170  disk_bytes=3,538,944
t=  29,386,932  elapsed=  58320.5s  rate=   503.9/s  density=0.500219  row_bits=97,765,106  disk_bytes=3,670,016
t=  29,418,817  elapsed=  58440.5s  rate=   503.4/s  density=0.500220  row_bits=97,796,991  disk_bytes=3,670,016
t=  29,449,360  elapsed=  58560.5s  rate=   502.9/s  density=0.500224  row_bits=97,827,534  disk_bytes=3,670,016
t=  29,476,691  elapsed=  58680.5s  rate=   502.3/s  density=0.500219  row_bits=97,854,865  disk_bytes=3,670,016
t=  29,505,317  elapsed=  58800.5s  rate=   501.8/s  density=0.500220  row_bits=97,883,491  disk_bytes=3,670,016
t=  29,532,123  elapsed=  58920.5s  rate=   501.2/s  density=0.500220  row_bits=97,910,297  disk_bytes=3,670,016
t=  29,555,750  elapsed=  59040.5s  rate=   500.6/s  density=0.500226  row_bits=97,933,924  disk_bytes=3,670,016
t=  29,582,684  elapsed=  59160.6s  rate=   500.0/s  density=0.500226  row_bits=97,960,858  disk_bytes=3,670,016
t=  29,609,552  elapsed=  59280.6s  rate=   499.5/s  density=0.500226  row_bits=97,987,726  disk_bytes=3,670,016
t=  29,636,224  elapsed=  59400.6s  rate=   498.9/s  density=0.500229  row_bits=98,014,398  disk_bytes=3,670,016
t=  29,657,338  elapsed=  59520.6s  rate=   498.3/s  density=0.500225  row_bits=98,035,512  disk_bytes=3,670,016
t=  29,676,158  elapsed=  59640.6s  rate=   497.6/s  density=0.500224  row_bits=98,054,332  disk_bytes=3,670,016
t=  29,692,504  elapsed=  59760.6s  rate=   496.9/s  density=0.500226  row_bits=98,070,678  disk_bytes=3,670,016
t=  29,707,482  elapsed=  59880.6s  rate=   496.1/s  density=0.500226  row_bits=98,085,656  disk_bytes=3,670,016
t=  29,724,189  elapsed=  60000.6s  rate=   495.4/s  density=0.500224  row_bits=98,102,363  disk_bytes=3,670,016
t=  29,737,455  elapsed=  60120.6s  rate=   494.6/s  density=0.500223  row_bits=98,115,629  disk_bytes=3,670,016
t=  29,748,191  elapsed=  60240.6s  rate=   493.8/s  density=0.500226  row_bits=98,126,365  disk_bytes=3,670,016
t=  29,762,478  elapsed=  60360.6s  rate=   493.1/s  density=0.500228  row_bits=98,140,652  disk_bytes=3,670,016
t=  29,772,794  elapsed=  60480.6s  rate=   492.3/s  density=0.500229  row_bits=98,150,968  disk_bytes=3,670,016
t=  29,783,515  elapsed=  60600.6s  rate=   491.5/s  density=0.500228  row_bits=98,161,689  disk_bytes=3,670,016
t=  29,793,146  elapsed=  60720.6s  rate=   490.7/s  density=0.500229  row_bits=98,171,320  disk_bytes=3,670,016
t=  29,805,570  elapsed=  60840.6s  rate=   489.9/s  density=0.500229  row_bits=98,183,744  disk_bytes=3,670,016
t=  29,816,665  elapsed=  60960.6s  rate=   489.1/s  density=0.500227  row_bits=98,194,839  disk_bytes=3,670,016
t=  29,828,854  elapsed=  61080.7s  rate=   488.4/s  density=0.500224  row_bits=98,207,028  disk_bytes=3,670,016
t=  29,844,205  elapsed=  61200.7s  rate=   487.6/s  density=0.500221  row_bits=98,222,379  disk_bytes=3,670,016
t=  29,864,261  elapsed=  61320.7s  rate=   487.0/s  density=0.500218  row_bits=98,242,435  disk_bytes=3,670,016
t=  29,877,084  elapsed=  61440.7s  rate=   486.3/s  density=0.500214  row_bits=98,255,258  disk_bytes=3,670,016
t=  29,892,124  elapsed=  61560.7s  rate=   485.6/s  density=0.500216  row_bits=98,270,298  disk_bytes=3,670,016
t=  29,904,641  elapsed=  61680.7s  rate=   484.8/s  density=0.500217  row_bits=98,282,815  disk_bytes=3,670,016
t=  29,912,420  elapsed=  61800.7s  rate=   484.0/s  density=0.500219  row_bits=98,290,594  disk_bytes=3,670,016
t=  29,920,310  elapsed=  61920.7s  rate=   483.2/s  density=0.500219  row_bits=98,298,484  disk_bytes=3,670,016
t=  29,929,177  elapsed=  62040.7s  rate=   482.4/s  density=0.500217  row_bits=98,307,351  disk_bytes=3,670,016
t=  29,937,882  elapsed=  62160.7s  rate=   481.6/s  density=0.500218  row_bits=98,316,056  disk_bytes=3,670,016
t=  29,944,426  elapsed=  62280.7s  rate=   480.8/s  density=0.500217  row_bits=98,322,600  disk_bytes=3,670,016
t=  29,951,703  elapsed=  62400.8s  rate=   480.0/s  density=0.500213  row_bits=98,329,877  disk_bytes=3,670,016
t=  29,960,597  elapsed=  62520.8s  rate=   479.2/s  density=0.500213  row_bits=98,338,771  disk_bytes=3,670,016
t=  29,970,401  elapsed=  62640.8s  rate=   478.4/s  density=0.500216  row_bits=98,348,575  disk_bytes=3,670,016
t=  29,979,259  elapsed=  62760.8s  rate=   477.7/s  density=0.500215  row_bits=98,357,433  disk_bytes=3,670,016
t=  29,988,106  elapsed=  62880.8s  rate=   476.9/s  density=0.500215  row_bits=98,366,280  disk_bytes=3,670,016
t=  29,996,648  elapsed=  63000.8s  rate=   476.1/s  density=0.500218  row_bits=98,374,822  disk_bytes=3,670,016
t=  30,005,919  elapsed=  63120.8s  rate=   475.4/s  density=0.500222  row_bits=98,384,093  disk_bytes=3,670,016
t=  30,014,681  elapsed=  63240.9s  rate=   474.6/s  density=0.500223  row_bits=98,392,855  disk_bytes=3,670,016
t=  30,024,265  elapsed=  63360.9s  rate=   473.9/s  density=0.500224  row_bits=98,402,439  disk_bytes=3,670,016
t=  30,034,367  elapsed=  63480.9s  rate=   473.1/s  density=0.500227  row_bits=98,412,541  disk_bytes=3,670,016
t=  30,045,336  elapsed=  63600.9s  rate=   472.4/s  density=0.500228  row_bits=98,423,510  disk_bytes=3,670,016
t=  30,056,276  elapsed=  63720.9s  rate=   471.7/s  density=0.500228  row_bits=98,434,450  disk_bytes=3,670,016
t=  30,072,682  elapsed=  63840.9s  rate=   471.1/s  density=0.500230  row_bits=98,450,856  disk_bytes=3,670,016
t=  30,091,503  elapsed=  63960.9s  rate=   470.5/s  density=0.500230  row_bits=98,469,677  disk_bytes=3,670,016
t=  30,109,997  elapsed=  64080.9s  rate=   469.9/s  density=0.500229  row_bits=98,488,171  disk_bytes=3,670,016
t=  30,129,803  elapsed=  64200.9s  rate=   469.3/s  density=0.500231  row_bits=98,507,977  disk_bytes=3,670,016
t=  30,148,736  elapsed=  64320.9s  rate=   468.7/s  density=0.500235  row_bits=98,526,910  disk_bytes=3,670,016
t=  30,162,920  elapsed=  64440.9s  rate=   468.1/s  density=0.500234  row_bits=98,541,094  disk_bytes=3,670,016
t=  30,179,894  elapsed=  64561.0s  rate=   467.5/s  density=0.500236  row_bits=98,558,068  disk_bytes=3,670,016
t=  30,194,099  elapsed=  64681.0s  rate=   466.8/s  density=0.500234  row_bits=98,572,273  disk_bytes=3,670,016
t=  30,207,936  elapsed=  64801.0s  rate=   466.2/s  density=0.500235  row_bits=98,586,110  disk_bytes=3,670,016
t=  30,223,796  elapsed=  64921.0s  rate=   465.5/s  density=0.500234  row_bits=98,601,970  disk_bytes=3,670,016
t=  30,239,060  elapsed=  65041.0s  rate=   464.9/s  density=0.500235  row_bits=98,617,234  disk_bytes=3,670,016
t=  30,254,230  elapsed=  65161.0s  rate=   464.3/s  density=0.500237  row_bits=98,632,404  disk_bytes=3,670,016
t=  30,267,290  elapsed=  65281.0s  rate=   463.6/s  density=0.500239  row_bits=98,645,464  disk_bytes=3,670,016
t=  30,282,574  elapsed=  65401.0s  rate=   463.0/s  density=0.500240  row_bits=98,660,748  disk_bytes=3,670,016
t=  30,296,491  elapsed=  65521.0s  rate=   462.4/s  density=0.500241  row_bits=98,674,665  disk_bytes=3,670,016
t=  30,311,048  elapsed=  65641.0s  rate=   461.8/s  density=0.500239  row_bits=98,689,222  disk_bytes=3,670,016
t=  30,326,764  elapsed=  65761.0s  rate=   461.2/s  density=0.500241  row_bits=98,704,938  disk_bytes=3,670,016
t=  30,342,682  elapsed=  65881.0s  rate=   460.6/s  density=0.500244  row_bits=98,720,856  disk_bytes=3,670,016
t=  30,355,894  elapsed=  66001.0s  rate=   459.9/s  density=0.500243  row_bits=98,734,068  disk_bytes=3,670,016
t=  30,367,760  elapsed=  66121.0s  rate=   459.3/s  density=0.500242  row_bits=98,745,934  disk_bytes=3,670,016
t=  30,379,478  elapsed=  66241.0s  rate=   458.6/s  density=0.500243  row_bits=98,757,652  disk_bytes=3,670,016
t=  30,390,713  elapsed=  66361.0s  rate=   458.0/s  density=0.500243  row_bits=98,768,887  disk_bytes=3,670,016
t=  30,401,717  elapsed=  66481.1s  rate=   457.3/s  density=0.500242  row_bits=98,779,891  disk_bytes=3,670,016
t=  30,412,317  elapsed=  66601.1s  rate=   456.6/s  density=0.500243  row_bits=98,790,491  disk_bytes=3,801,088
t=  30,423,724  elapsed=  66721.1s  rate=   456.0/s  density=0.500242  row_bits=98,801,898  disk_bytes=3,801,088
t=  30,434,676  elapsed=  66841.1s  rate=   455.3/s  density=0.500241  row_bits=98,812,850  disk_bytes=3,801,088
t=  30,444,495  elapsed=  66961.1s  rate=   454.7/s  density=0.500243  row_bits=98,822,669  disk_bytes=3,801,088
t=  30,457,614  elapsed=  67081.1s  rate=   454.0/s  density=0.500243  row_bits=98,835,788  disk_bytes=3,801,088
t=  30,471,691  elapsed=  67201.1s  rate=   453.4/s  density=0.500247  row_bits=98,849,865  disk_bytes=3,801,088
t=  30,489,789  elapsed=  67321.1s  rate=   452.9/s  density=0.500250  row_bits=98,867,963  disk_bytes=3,801,088
t=  30,510,232  elapsed=  67441.1s  rate=   452.4/s  density=0.500251  row_bits=98,888,406  disk_bytes=3,801,088
t=  30,527,752  elapsed=  67561.2s  rate=   451.9/s  density=0.500249  row_bits=98,905,926  disk_bytes=3,801,088
t=  30,546,285  elapsed=  67681.2s  rate=   451.3/s  density=0.500249  row_bits=98,924,459  disk_bytes=3,801,088
t=  30,567,526  elapsed=  67801.2s  rate=   450.8/s  density=0.500251  row_bits=98,945,700  disk_bytes=3,801,088
t=  30,586,394  elapsed=  67921.2s  rate=   450.3/s  density=0.500251  row_bits=98,964,568  disk_bytes=3,801,088
t=  30,607,138  elapsed=  68041.2s  rate=   449.8/s  density=0.500252  row_bits=98,985,312  disk_bytes=3,801,088
t=  30,625,942  elapsed=  68161.2s  rate=   449.3/s  density=0.500252  row_bits=99,004,116  disk_bytes=3,801,088
t=  30,646,664  elapsed=  68281.2s  rate=   448.8/s  density=0.500251  row_bits=99,024,838  disk_bytes=3,801,088
t=  30,669,435  elapsed=  68401.2s  rate=   448.4/s  density=0.500249  row_bits=99,047,609  disk_bytes=3,801,088
t=  30,691,128  elapsed=  68521.2s  rate=   447.9/s  density=0.500249  row_bits=99,069,302  disk_bytes=3,801,088
t=  30,704,903  elapsed=  68641.2s  rate=   447.3/s  density=0.500249  row_bits=99,083,077  disk_bytes=3,801,088
t=  30,718,898  elapsed=  68761.2s  rate=   446.7/s  density=0.500247  row_bits=99,097,072  disk_bytes=3,801,088
t=  30,733,102  elapsed=  68881.2s  rate=   446.2/s  density=0.500245  row_bits=99,111,276  disk_bytes=3,801,088
t=  30,748,574  elapsed=  69001.2s  rate=   445.6/s  density=0.500244  row_bits=99,126,748  disk_bytes=3,801,088
t=  30,765,717  elapsed=  69121.2s  rate=   445.1/s  density=0.500243  row_bits=99,143,891  disk_bytes=3,801,088
t=  30,778,651  elapsed=  69241.2s  rate=   444.5/s  density=0.500242  row_bits=99,156,825  disk_bytes=3,801,088
t=  30,791,034  elapsed=  69361.2s  rate=   443.9/s  density=0.500242  row_bits=99,169,208  disk_bytes=3,801,088
t=  30,807,444  elapsed=  69481.2s  rate=   443.4/s  density=0.500241  row_bits=99,185,618  disk_bytes=3,801,088
t=  30,820,831  elapsed=  69601.2s  rate=   442.8/s  density=0.500240  row_bits=99,199,005  disk_bytes=3,801,088
t=  30,830,335  elapsed=  69721.2s  rate=   442.2/s  density=0.500244  row_bits=99,208,509  disk_bytes=3,801,088
t=  30,839,537  elapsed=  69841.3s  rate=   441.6/s  density=0.500245  row_bits=99,217,711  disk_bytes=3,801,088
t=  30,848,270  elapsed=  69961.3s  rate=   440.9/s  density=0.500244  row_bits=99,226,444  disk_bytes=3,801,088
t=  30,864,750  elapsed=  70081.3s  rate=   440.4/s  density=0.500243  row_bits=99,242,924  disk_bytes=3,801,088
t=  30,881,322  elapsed=  70201.3s  rate=   439.9/s  density=0.500244  row_bits=99,259,496  disk_bytes=3,801,088
t=  30,896,838  elapsed=  70321.3s  rate=   439.4/s  density=0.500240  row_bits=99,275,012  disk_bytes=3,801,088
t=  30,912,711  elapsed=  70441.3s  rate=   438.8/s  density=0.500239  row_bits=99,290,885  disk_bytes=3,801,088
t=  30,926,944  elapsed=  70561.3s  rate=   438.3/s  density=0.500237  row_bits=99,305,118  disk_bytes=3,801,088
t=  30,945,481  elapsed=  70681.3s  rate=   437.8/s  density=0.500235  row_bits=99,323,655  disk_bytes=3,801,088
t=  30,962,266  elapsed=  70801.3s  rate=   437.3/s  density=0.500233  row_bits=99,340,440  disk_bytes=3,801,088
t=  30,978,048  elapsed=  70921.3s  rate=   436.8/s  density=0.500234  row_bits=99,356,222  disk_bytes=3,801,088
t=  30,995,391  elapsed=  71041.3s  rate=   436.3/s  density=0.500232  row_bits=99,373,565  disk_bytes=3,801,088
t=  31,010,149  elapsed=  71161.3s  rate=   435.8/s  density=0.500232  row_bits=99,388,323  disk_bytes=3,801,088
t=  31,020,583  elapsed=  71281.4s  rate=   435.2/s  density=0.500229  row_bits=99,398,757  disk_bytes=3,801,088
t=  31,031,138  elapsed=  71401.4s  rate=   434.6/s  density=0.500234  row_bits=99,409,312  disk_bytes=3,801,088
t=  31,042,297  elapsed=  71521.4s  rate=   434.0/s  density=0.500234  row_bits=99,420,471  disk_bytes=3,801,088
t=  31,051,651  elapsed=  71641.4s  rate=   433.4/s  density=0.500234  row_bits=99,429,825  disk_bytes=3,801,088
t=  31,063,259  elapsed=  71761.4s  rate=   432.9/s  density=0.500229  row_bits=99,441,433  disk_bytes=3,801,088
t=  31,077,941  elapsed=  71881.5s  rate=   432.3/s  density=0.500231  row_bits=99,456,115  disk_bytes=3,801,088
t=  31,093,153  elapsed=  72001.5s  rate=   431.8/s  density=0.500229  row_bits=99,471,327  disk_bytes=3,801,088
t=  31,111,238  elapsed=  72121.5s  rate=   431.4/s  density=0.500225  row_bits=99,489,412  disk_bytes=3,801,088
t=  31,127,460  elapsed=  72241.5s  rate=   430.9/s  density=0.500224  row_bits=99,505,634  disk_bytes=3,801,088
t=  31,141,689  elapsed=  72361.5s  rate=   430.4/s  density=0.500225  row_bits=99,519,863  disk_bytes=3,801,088
t=  31,156,268  elapsed=  72481.6s  rate=   429.9/s  density=0.500225  row_bits=99,534,442  disk_bytes=3,801,088
t=  31,170,302  elapsed=  72601.6s  rate=   429.3/s  density=0.500226  row_bits=99,548,476  disk_bytes=3,801,088
t=  31,184,214  elapsed=  72721.6s  rate=   428.8/s  density=0.500225  row_bits=99,562,388  disk_bytes=3,801,088
t=  31,199,038  elapsed=  72841.6s  rate=   428.3/s  density=0.500226  row_bits=99,577,212  disk_bytes=3,801,088
t=  31,212,229  elapsed=  72961.6s  rate=   427.8/s  density=0.500228  row_bits=99,590,403  disk_bytes=3,801,088
t=  31,226,152  elapsed=  73081.6s  rate=   427.3/s  density=0.500229  row_bits=99,604,326  disk_bytes=3,801,088
t=  31,238,753  elapsed=  73201.6s  rate=   426.7/s  density=0.500231  row_bits=99,616,927  disk_bytes=3,801,088
t=  31,253,800  elapsed=  73321.6s  rate=   426.3/s  density=0.500233  row_bits=99,631,974  disk_bytes=3,801,088
t=  31,269,903  elapsed=  73441.6s  rate=   425.8/s  density=0.500234  row_bits=99,648,077  disk_bytes=3,801,088
t=  31,285,423  elapsed=  73561.6s  rate=   425.3/s  density=0.500232  row_bits=99,663,597  disk_bytes=3,801,088
t=  31,301,107  elapsed=  73681.6s  rate=   424.8/s  density=0.500235  row_bits=99,679,281  disk_bytes=3,801,088
t=  31,316,044  elapsed=  73801.6s  rate=   424.3/s  density=0.500235  row_bits=99,694,218  disk_bytes=3,801,088
t=  31,325,553  elapsed=  73921.6s  rate=   423.8/s  density=0.500237  row_bits=99,703,727  disk_bytes=3,801,088
t=  31,334,207  elapsed=  74041.6s  rate=   423.2/s  density=0.500237  row_bits=99,712,381  disk_bytes=3,801,088
t=  31,342,622  elapsed=  74161.6s  rate=   422.6/s  density=0.500237  row_bits=99,720,796  disk_bytes=3,801,088
t=  31,350,571  elapsed=  74281.7s  rate=   422.0/s  density=0.500237  row_bits=99,728,745  disk_bytes=3,801,088
t=  31,358,052  elapsed=  74401.7s  rate=   421.5/s  density=0.500236  row_bits=99,736,226  disk_bytes=3,801,088
t=  31,370,856  elapsed=  74521.7s  rate=   421.0/s  density=0.500232  row_bits=99,749,030  disk_bytes=3,801,088
t=  31,385,135  elapsed=  74641.7s  rate=   420.5/s  density=0.500229  row_bits=99,763,309  disk_bytes=3,801,088
t=  31,400,977  elapsed=  74761.7s  rate=   420.0/s  density=0.500228  row_bits=99,779,151  disk_bytes=3,801,088
t=  31,419,903  elapsed=  74881.7s  rate=   419.6/s  density=0.500230  row_bits=99,798,077  disk_bytes=3,801,088
t=  31,439,216  elapsed=  75001.7s  rate=   419.2/s  density=0.500230  row_bits=99,817,390  disk_bytes=3,801,088
t=  31,458,168  elapsed=  75121.7s  rate=   418.8/s  density=0.500228  row_bits=99,836,342  disk_bytes=3,932,160
t=  31,475,276  elapsed=  75241.7s  rate=   418.3/s  density=0.500226  row_bits=99,853,450  disk_bytes=3,932,160
t=  31,490,681  elapsed=  75361.7s  rate=   417.9/s  density=0.500226  row_bits=99,868,855  disk_bytes=3,932,160
t=  31,506,980  elapsed=  75481.7s  rate=   417.4/s  density=0.500224  row_bits=99,885,154  disk_bytes=3,932,160
t=  31,522,806  elapsed=  75601.7s  rate=   417.0/s  density=0.500226  row_bits=99,900,980  disk_bytes=3,932,160
t=  31,541,152  elapsed=  75721.7s  rate=   416.5/s  density=0.500227  row_bits=99,919,326  disk_bytes=3,932,160
t=  31,562,631  elapsed=  75841.8s  rate=   416.2/s  density=0.500225  row_bits=99,940,805  disk_bytes=3,932,160
t=  31,583,828  elapsed=  75961.8s  rate=   415.8/s  density=0.500229  row_bits=99,962,002  disk_bytes=3,932,160
t=  31,601,795  elapsed=  76081.8s  rate=   415.4/s  density=0.500231  row_bits=99,979,969  disk_bytes=3,932,160
t=  31,619,738  elapsed=  76201.8s  rate=   414.9/s  density=0.500231  row_bits=99,997,912  disk_bytes=3,932,160
t=  31,637,351  elapsed=  76321.8s  rate=   414.5/s  density=0.500231  row_bits=100,015,525  disk_bytes=3,932,160
t=  31,657,041  elapsed=  76441.8s  rate=   414.1/s  density=0.500229  row_bits=100,035,215  disk_bytes=3,932,160
t=  31,674,026  elapsed=  76561.8s  rate=   413.7/s  density=0.500232  row_bits=100,052,200  disk_bytes=3,932,160
t=  31,691,451  elapsed=  76681.8s  rate=   413.3/s  density=0.500234  row_bits=100,069,625  disk_bytes=3,932,160
t=  31,707,563  elapsed=  76801.8s  rate=   412.8/s  density=0.500236  row_bits=100,085,737  disk_bytes=3,932,160
t=  31,722,173  elapsed=  76921.8s  rate=   412.4/s  density=0.500235  row_bits=100,100,347  disk_bytes=3,932,160
t=  31,737,505  elapsed=  77041.8s  rate=   412.0/s  density=0.500234  row_bits=100,115,679  disk_bytes=3,932,160
t=  31,752,774  elapsed=  77161.8s  rate=   411.5/s  density=0.500238  row_bits=100,130,948  disk_bytes=3,932,160
t=  31,768,517  elapsed=  77281.8s  rate=   411.1/s  density=0.500240  row_bits=100,146,691  disk_bytes=3,932,160
t=  31,784,352  elapsed=  77401.8s  rate=   410.6/s  density=0.500238  row_bits=100,162,526  disk_bytes=3,932,160
t=  31,798,863  elapsed=  77521.8s  rate=   410.2/s  density=0.500237  row_bits=100,177,037  disk_bytes=3,932,160
t=  31,812,206  elapsed=  77641.9s  rate=   409.7/s  density=0.500237  row_bits=100,190,380  disk_bytes=3,932,160
t=  31,825,637  elapsed=  77761.9s  rate=   409.3/s  density=0.500237  row_bits=100,203,811  disk_bytes=3,932,160
t=  31,838,710  elapsed=  77881.9s  rate=   408.8/s  density=0.500237  row_bits=100,216,884  disk_bytes=3,932,160
t=  31,853,479  elapsed=  78001.9s  rate=   408.4/s  density=0.500234  row_bits=100,231,653  disk_bytes=3,932,160
t=  31,870,376  elapsed=  78121.9s  rate=   408.0/s  density=0.500236  row_bits=100,248,550  disk_bytes=3,932,160
t=  31,889,974  elapsed=  78241.9s  rate=   407.6/s  density=0.500235  row_bits=100,268,148  disk_bytes=3,932,160
t=  31,908,029  elapsed=  78361.9s  rate=   407.2/s  density=0.500233  row_bits=100,286,203  disk_bytes=3,932,160
t=  31,920,101  elapsed=  78481.9s  rate=   406.7/s  density=0.500236  row_bits=100,298,275  disk_bytes=3,932,160
t=  31,935,212  elapsed=  78602.0s  rate=   406.3/s  density=0.500236  row_bits=100,313,386  disk_bytes=3,932,160
t=  31,953,429  elapsed=  78722.0s  rate=   405.9/s  density=0.500239  row_bits=100,331,603  disk_bytes=3,932,160
t=  31,971,636  elapsed=  78842.0s  rate=   405.5/s  density=0.500233  row_bits=100,349,810  disk_bytes=3,932,160
t=  31,986,511  elapsed=  78962.0s  rate=   405.1/s  density=0.500234  row_bits=100,364,685  disk_bytes=3,932,160
t=  32,003,982  elapsed=  79082.0s  rate=   404.7/s  density=0.500230  row_bits=100,382,156  disk_bytes=3,932,160
t=  32,019,077  elapsed=  79202.0s  rate=   404.3/s  density=0.500230  row_bits=100,397,251  disk_bytes=3,932,160
t=  32,037,216  elapsed=  79322.0s  rate=   403.9/s  density=0.500229  row_bits=100,415,390  disk_bytes=3,932,160
t=  32,051,751  elapsed=  79442.0s  rate=   403.5/s  density=0.500228  row_bits=100,429,925  disk_bytes=3,932,160
t=  32,070,565  elapsed=  79562.0s  rate=   403.1/s  density=0.500230  row_bits=100,448,739  disk_bytes=3,932,160
t=  32,096,255  elapsed=  79682.0s  rate=   402.8/s  density=0.500227  row_bits=100,474,429  disk_bytes=3,932,160
t=  32,118,365  elapsed=  79802.0s  rate=   402.5/s  density=0.500229  row_bits=100,496,539  disk_bytes=3,932,160
t=  32,141,409  elapsed=  79922.0s  rate=   402.2/s  density=0.500229  row_bits=100,519,583  disk_bytes=3,932,160
t=  32,164,763  elapsed=  80042.0s  rate=   401.8/s  density=0.500227  row_bits=100,542,937  disk_bytes=3,932,160
t=  32,183,980  elapsed=  80162.0s  rate=   401.5/s  density=0.500222  row_bits=100,562,154  disk_bytes=3,932,160
t=  32,199,421  elapsed=  80282.0s  rate=   401.1/s  density=0.500221  row_bits=100,577,595  disk_bytes=3,932,160
t=  32,215,978  elapsed=  80402.0s  rate=   400.7/s  density=0.500222  row_bits=100,594,152  disk_bytes=3,932,160
t=  32,238,292  elapsed=  80522.1s  rate=   400.4/s  density=0.500222  row_bits=100,616,466  disk_bytes=3,932,160
t=  32,256,603  elapsed=  80642.1s  rate=   400.0/s  density=0.500220  row_bits=100,634,777  disk_bytes=3,932,160
t=  32,277,082  elapsed=  80762.1s  rate=   399.7/s  density=0.500216  row_bits=100,655,256  disk_bytes=3,932,160
t=  32,301,258  elapsed=  80882.1s  rate=   399.4/s  density=0.500215  row_bits=100,679,432  disk_bytes=3,932,160
t=  32,321,754  elapsed=  81002.1s  rate=   399.0/s  density=0.500216  row_bits=100,699,928  disk_bytes=3,932,160
t=  32,331,647  elapsed=  81122.1s  rate=   398.6/s  density=0.500214  row_bits=100,709,821  disk_bytes=3,932,160
t=  32,344,081  elapsed=  81242.1s  rate=   398.1/s  density=0.500213  row_bits=100,722,255  disk_bytes=3,932,160
t=  32,358,711  elapsed=  81362.1s  rate=   397.7/s  density=0.500213  row_bits=100,736,885  disk_bytes=3,932,160
t=  32,378,394  elapsed=  81482.1s  rate=   397.4/s  density=0.500217  row_bits=100,756,568  disk_bytes=3,932,160
t=  32,399,196  elapsed=  81602.1s  rate=   397.0/s  density=0.500218  row_bits=100,777,370  disk_bytes=3,932,160
t=  32,421,091  elapsed=  81722.1s  rate=   396.7/s  density=0.500218  row_bits=100,799,265  disk_bytes=3,932,160
t=  32,441,149  elapsed=  81842.1s  rate=   396.4/s  density=0.500220  row_bits=100,819,323  disk_bytes=3,932,160
t=  32,460,578  elapsed=  81962.1s  rate=   396.0/s  density=0.500221  row_bits=100,838,752  disk_bytes=3,932,160
t=  32,478,076  elapsed=  82082.1s  rate=   395.7/s  density=0.500221  row_bits=100,856,250  disk_bytes=3,932,160
t=  32,493,877  elapsed=  82202.1s  rate=   395.3/s  density=0.500223  row_bits=100,872,051  disk_bytes=3,932,160
t=  32,510,730  elapsed=  82322.2s  rate=   394.9/s  density=0.500221  row_bits=100,888,904  disk_bytes=4,063,232
t=  32,528,368  elapsed=  82442.2s  rate=   394.6/s  density=0.500219  row_bits=100,906,542  disk_bytes=4,063,232
t=  32,547,425  elapsed=  82562.2s  rate=   394.2/s  density=0.500219  row_bits=100,925,599  disk_bytes=4,063,232
t=  32,565,350  elapsed=  82682.2s  rate=   393.9/s  density=0.500219  row_bits=100,943,524  disk_bytes=4,063,232
t=  32,596,793  elapsed=  82802.2s  rate=   393.7/s  density=0.500217  row_bits=100,974,967  disk_bytes=4,063,232
t=  32,620,286  elapsed=  82922.2s  rate=   393.4/s  density=0.500216  row_bits=100,998,460  disk_bytes=4,063,232
t=  32,649,341  elapsed=  83042.2s  rate=   393.2/s  density=0.500218  row_bits=101,027,515  disk_bytes=4,063,232
t=  32,680,456  elapsed=  83162.2s  rate=   393.0/s  density=0.500215  row_bits=101,058,630  disk_bytes=4,063,232
t=  32,716,026  elapsed=  83282.2s  rate=   392.8/s  density=0.500216  row_bits=101,094,200  disk_bytes=4,063,232
t=  32,750,085  elapsed=  83402.2s  rate=   392.7/s  density=0.500214  row_bits=101,128,259  disk_bytes=4,063,232
t=  32,776,925  elapsed=  83522.2s  rate=   392.4/s  density=0.500211  row_bits=101,155,099  disk_bytes=4,063,232
t=  32,807,079  elapsed=  83642.2s  rate=   392.2/s  density=0.500211  row_bits=101,185,253  disk_bytes=4,063,232
t=  32,843,697  elapsed=  83762.2s  rate=   392.1/s  density=0.500213  row_bits=101,221,871  disk_bytes=4,063,232
t=  32,865,766  elapsed=  83882.2s  rate=   391.8/s  density=0.500213  row_bits=101,243,940  disk_bytes=4,063,232
t=  32,893,516  elapsed=  84002.2s  rate=   391.6/s  density=0.500213  row_bits=101,271,690  disk_bytes=4,063,232
t=  32,927,030  elapsed=  84122.2s  rate=   391.4/s  density=0.500208  row_bits=101,305,204  disk_bytes=4,063,232
t=  32,954,692  elapsed=  84242.2s  rate=   391.2/s  density=0.500209  row_bits=101,332,866  disk_bytes=4,063,232
t=  32,988,343  elapsed=  84362.2s  rate=   391.0/s  density=0.500213  row_bits=101,366,517  disk_bytes=4,063,232
t=  33,012,835  elapsed=  84482.2s  rate=   390.8/s  density=0.500212  row_bits=101,391,009  disk_bytes=4,063,232
t=  33,030,402  elapsed=  84602.2s  rate=   390.4/s  density=0.500212  row_bits=101,408,576  disk_bytes=4,063,232
t=  33,051,019  elapsed=  84722.2s  rate=   390.1/s  density=0.500213  row_bits=101,429,193  disk_bytes=4,063,232
t=  33,076,426  elapsed=  84842.2s  rate=   389.9/s  density=0.500210  row_bits=101,454,600  disk_bytes=4,063,232
t=  33,104,185  elapsed=  84962.2s  rate=   389.6/s  density=0.500207  row_bits=101,482,359  disk_bytes=4,063,232
t=  33,135,987  elapsed=  85082.3s  rate=   389.5/s  density=0.500206  row_bits=101,514,161  disk_bytes=4,063,232
t=  33,156,692  elapsed=  85202.3s  rate=   389.2/s  density=0.500206  row_bits=101,534,866  disk_bytes=4,063,232
t=  33,178,809  elapsed=  85322.3s  rate=   388.9/s  density=0.500207  row_bits=101,556,983  disk_bytes=4,063,232
t=  33,208,679  elapsed=  85442.3s  rate=   388.7/s  density=0.500203  row_bits=101,586,853  disk_bytes=4,063,232
t=  33,232,772  elapsed=  85562.3s  rate=   388.4/s  density=0.500203  row_bits=101,610,946  disk_bytes=4,063,232
t=  33,261,476  elapsed=  85682.3s  rate=   388.2/s  density=0.500200  row_bits=101,639,650  disk_bytes=4,063,232
t=  33,292,542  elapsed=  85802.3s  rate=   388.0/s  density=0.500201  row_bits=101,670,716  disk_bytes=4,063,232
t=  33,326,990  elapsed=  85922.3s  rate=   387.9/s  density=0.500200  row_bits=101,705,164  disk_bytes=4,063,232
t=  33,366,303  elapsed=  86042.3s  rate=   387.8/s  density=0.500204  row_bits=101,744,477  disk_bytes=4,063,232
t=  33,397,714  elapsed=  86162.3s  rate=   387.6/s  density=0.500206  row_bits=101,775,888  disk_bytes=4,063,232
t=  33,431,691  elapsed=  86282.3s  rate=   387.5/s  density=0.500206  row_bits=101,809,865  disk_bytes=4,063,232
t=  33,464,991  elapsed=  86400.0s  rate=   387.3/s  density=0.500206  row_bits=101,843,165  disk_bytes=4,063,232
