# soundness regressions (T=300, zero tolerance)
regression rule=30 R=1 k=1: 0 mismatches, safety run ok
regression rule=30 R=2 k=2: 0 mismatches, safety run ok
regression rule=30 R=3 k=2: 0 mismatches, safety run ok
regression rule=30 R=4 k=2: 0 mismatches, safety run ok
regression rule=30 R=5 k=2: 0 mismatches, safety run ok
regression rule=90 R=1 k=1: 0 mismatches, safety run ok
regression rule=90 R=2 k=2: 0 mismatches, safety run ok
regression rule=90 R=3 k=2: 0 mismatches, safety run ok
regression rule=90 R=4 k=2: 0 mismatches, safety run ok
regression rule=90 R=5 k=2: 0 mismatches, safety run ok
# calibration A: rule 30, p=1
{"label": "A1 w=1 q=1 R=1", "seconds": 0.0, "params": {"rule": 30, "R": 1, "k": 1, "w": "1", "q": 1}, "states": 111, "edges": 728, "capped": false, "empty": true, "verdict": "EMPTY"}
{"label": "A1 w=1 q=1 R=2", "seconds": 0.0, "params": {"rule": 30, "R": 2, "k": 1, "w": "1", "q": 1}, "states": 400, "edges": 2641, "capped": false, "empty": true, "verdict": "EMPTY"}
{"label": "A2 w=0 q=1 R=1", "seconds": 0.0, "params": {"rule": 30, "R": 1, "k": 1, "w": "0", "q": 1}, "states": 116, "edges": 803, "capped": false, "empty": false, "verdict": "NONEMPTY", "witness_verified": true, "witness_note": "onset=2"}
{"label": "A3 w=0 q=1 R=2", "seconds": 0.0, "params": {"rule": 30, "R": 2, "k": 1, "w": "0", "q": 1}, "states": 405, "edges": 2884, "capped": false, "empty": true, "verdict": "EMPTY"}
# calibration B: rule 90 control, must stay NONEMPTY
{"label": "B w=0 q=1 R=1", "seconds": 0.0, "params": {"rule": 90, "R": 1, "k": 1, "w": "0", "q": 1}, "states": 118, "edges": 797, "capped": false, "empty": false, "verdict": "NONEMPTY", "witness_verified": true, "witness_note": "onset=1"}
{"label": "B w=0 q=1 R=2", "seconds": 0.0, "params": {"rule": 90, "R": 2, "k": 1, "w": "0", "q": 1}, "states": 407, "edges": 2830, "capped": false, "empty": false, "verdict": "NONEMPTY", "witness_verified": true, "witness_note": "onset=1"}
{"label": "B w=0 q=1 R=3", "seconds": 0.02, "params": {"rule": 90, "R": 3, "k": 1, "w": "0", "q": 1}, "states": 1560, "edges": 10895, "capped": false, "empty": false, "verdict": "NONEMPTY", "witness_verified": true, "witness_note": "onset=1"}
{"label": "B w=0 q=1 R=4", "seconds": 0.08, "params": {"rule": 90, "R": 4, "k": 1, "w": "0", "q": 1}, "states": 6169, "edges": 43152, "capped": false, "empty": false, "verdict": "NONEMPTY", "witness_verified": true, "witness_note": "onset=1"}
{"label": "B w=0 q=1 R=5", "seconds": 0.31, "params": {"rule": 90, "R": 5, "k": 1, "w": "0", "q": 1}, "states": 24602, "edges": 172177, "capped": false, "empty": false, "verdict": "NONEMPTY", "witness_verified": true, "witness_note": "onset=1"}
# open case: rule 30, p=2, tail 01
{"label": "p2 plain R=1", "seconds": 0.0, "params": {"rule": 30, "R": 1, "k": 2, "w": "01", "q": null}, "states": 139, "edges": 562, "capped": false, "empty": false, "verdict": "NONEMPTY", "witness_verified": true, "witness_note": "onset=3"}
{"label": "p2 q=1 R=1", "seconds": 0.0, "params": {"rule": 30, "R": 1, "k": 2, "w": "01", "q": 1}, "states": 428, "edges": 2707, "capped": false, "empty": false, "verdict": "NONEMPTY", "witness_verified": true, "witness_note": "onset=3"}
{"label": "p2 q=2 R=1", "seconds": 0.0, "params": {"rule": 30, "R": 1, "k": 2, "w": "01", "q": 2}, "states": 676, "edges": 3871, "capped": false, "empty": false, "verdict": "NONEMPTY", "witness_verified": true, "witness_note": "onset=3"}
{"label": "p2 q=4 R=1", "seconds": 0.01, "params": {"rule": 30, "R": 1, "k": 2, "w": "01", "q": 4}, "states": 1116, "edges": 5739, "capped": false, "empty": false, "verdict": "NONEMPTY", "witness_verified": true, "witness_note": "onset=3"}
{"label": "p2 q=8 R=1", "seconds": 0.02, "params": {"rule": 30, "R": 1, "k": 2, "w": "01", "q": 8}, "states": 2012, "edges": 9563, "capped": false, "empty": false, "verdict": "NONEMPTY", "witness_verified": true, "witness_note": "onset=3"}
{"label": "p2 plain R=2", "seconds": 0.01, "params": {"rule": 30, "R": 2, "k": 2, "w": "01", "q": null}, "states": 472, "edges": 1991, "capped": false, "empty": false, "verdict": "NONEMPTY", "witness_verified": true, "witness_note": "onset=5"}
{"label": "p2 q=1 R=2", "seconds": 0.02, "params": {"rule": 30, "R": 2, "k": 2, "w": "01", "q": 1}, "states": 1445, "edges": 9364, "capped": false, "empty": false, "verdict": "NONEMPTY", "witness_verified": true, "witness_note": "onset=5"}
{"label": "p2 q=2 R=2", "seconds": 0.02, "params": {"rule": 30, "R": 2, "k": 2, "w": "01", "q": 2}, "states": 2337, "edges": 13816, "capped": false, "empty": false, "verdict": "NONEMPTY", "witness_verified": true, "witness_note": "onset=5"}
{"label": "p2 q=4 R=2", "seconds": 0.04, "params": {"rule": 30, "R": 2, "k": 2, "w": "01", "q": 4}, "states": 4121, "edges": 21512, "capped": false, "empty": false, "verdict": "NONEMPTY", "witness_verified": true, "witness_note": "onset=5"}
{"label": "p2 q=8 R=2", "seconds": 0.06, "params": {"rule": 30, "R": 2, "k": 2, "w": "01", "q": 8}, "states": 7705, "edges": 36856, "capped": false, "empty": false, "verdict": "NONEMPTY", "witness_verified": true, "witness_note": "onset=5"}
{"label": "p2 plain R=3", "seconds": 0.03, "params": {"rule": 30, "R": 3, "k": 2, "w": "01", "q": null}, "states": 1817, "edges": 7752, "capped": false, "empty": false, "verdict": "NONEMPTY", "witness_verified": true, "witness_note": "onset=5"}
{"label": "p2 q=1 R=3", "seconds": 0.07, "params": {"rule": 30, "R": 3, "k": 2, "w": "01", "q": 1}, "states": 5574, "edges": 36245, "capped": false, "empty": false, "verdict": "NONEMPTY", "witness_verified": true, "witness_note": "onset=5"}
{"label": "p2 q=2 R=3", "seconds": 0.09, "params": {"rule": 30, "R": 3, "k": 2, "w": "01", "q": 2}, "states": 8610, "edges": 51065, "capped": false, "empty": false, "verdict": "NONEMPTY", "witness_verified": true, "witness_note": "onset=5"}
{"label": "p2 q=4 R=3", "seconds": 0.14, "params": {"rule": 30, "R": 3, "k": 2, "w": "01", "q": 4}, "states": 15770, "edges": 82953, "capped": false, "empty": false, "verdict": "NONEMPTY", "witness_verified": true, "witness_note": "onset=5"}
{"label": "p2 q=8 R=3", "seconds": 0.27, "params": {"rule": 30, "R": 3, "k": 2, "w": "01", "q": 8}, "states": 30106, "edges": 144377, "capped": false, "empty": false, "verdict": "NONEMPTY", "witness_verified": true, "witness_note": "onset=5"}
{"label": "p2 plain R=4", "seconds": 0.14, "params": {"rule": 30, "R": 4, "k": 2, "w": "01", "q": null}, "states": 7194, "edges": 30793, "capped": false, "empty": false, "verdict": "NONEMPTY", "witness_verified": true, "witness_note": "onset=5"}
{"label": "p2 q=1 R=4", "seconds": 0.29, "params": {"rule": 30, "R": 4, "k": 2, "w": "01", "q": 1}, "states": 22087, "edges": 143766, "capped": false, "empty": false, "verdict": "NONEMPTY", "witness_verified": true, "witness_note": "onset=5"}
{"label": "p2 q=2 R=4", "seconds": 0.37, "params": {"rule": 30, "R": 4, "k": 2, "w": "01", "q": 2}, "states": 33251, "edges": 197178, "capped": false, "empty": false, "verdict": "NONEMPTY", "witness_verified": true, "witness_note": "onset=5"}
{"label": "p2 q=4 R=4", "seconds": 0.6, "params": {"rule": 30, "R": 4, "k": 2, "w": "01", "q": 4}, "states": 61915, "edges": 326794, "capped": false, "empty": false, "verdict": "NONEMPTY", "witness_verified": true, "witness_note": "onset=5"}
{"label": "p2 q=8 R=4", "seconds": 1.14, "params": {"rule": 30, "R": 4, "k": 2, "w": "01", "q": 8}, "states": 119259, "edges": 572538, "capped": false, "empty": false, "verdict": "NONEMPTY", "witness_verified": true, "witness_note": "onset=5"}
{"label": "p2 plain R=5", "seconds": 0.59, "params": {"rule": 30, "R": 5, "k": 2, "w": "01", "q": null}, "states": 28699, "edges": 122954, "capped": false, "empty": false, "verdict": "NONEMPTY", "witness_verified": true, "witness_note": "onset=5"}
{"label": "p2 q=1 R=5", "seconds": 1.15, "params": {"rule": 30, "R": 5, "k": 2, "w": "01", "q": 1}, "states": 88136, "edges": 573847, "capped": false, "empty": false, "verdict": "NONEMPTY", "witness_verified": true, "witness_note": "onset=5"}
{"label": "p2 q=2 R=5", "seconds": 1.58, "params": {"rule": 30, "R": 5, "k": 2, "w": "01", "q": 2}, "states": 130916, "edges": 775867, "capped": false, "empty": false, "verdict": "NONEMPTY", "witness_verified": true, "witness_note": "onset=5"}
{"label": "p2 q=4 R=5", "seconds": 2.49, "params": {"rule": 30, "R": 5, "k": 2, "w": "01", "q": 4}, "states": 245596, "edges": 1298315, "capped": false, "empty": false, "verdict": "NONEMPTY", "witness_verified": true, "witness_note": "onset=5"}
{"label": "p2 q=8 R=5", "seconds": 5.33, "params": {"rule": 30, "R": 5, "k": 2, "w": "01", "q": 8}, "states": 474972, "edges": 2281339, "capped": false, "empty": false, "verdict": "NONEMPTY", "witness_verified": true, "witness_note": "onset=5"}
# verdict table (R x q)
R    plain      q=1      q=2      q=4      q=8
1  NONEMPTY  NONEMPTY  NONEMPTY  NONEMPTY  NONEMPTY
2  NONEMPTY  NONEMPTY  NONEMPTY  NONEMPTY  NONEMPTY
3  NONEMPTY  NONEMPTY  NONEMPTY  NONEMPTY  NONEMPTY
4  NONEMPTY  NONEMPTY  NONEMPTY  NONEMPTY  NONEMPTY
5  NONEMPTY  NONEMPTY  NONEMPTY  NONEMPTY  NONEMPTY
