rule 30  (every resolution step machine-checked)
     n      cells     axioms      steps  steps/n^2  steps/|F|
     4         13         59         24     1.5000     0.4068
     5         18         91         37     1.4800     0.4066
     6         25        135         54     1.5000     0.4000
     7         32        183         73     1.4898     0.3989
     8         41        243         96     1.5000     0.3951
     9         50        307        121     1.4938     0.3941
    10         61        383        150     1.5000     0.3916
    16        145        995        384     1.5000     0.3859
    32        545       4035       1536     1.5000     0.3807
    64       2113      16259       6144     1.5000     0.3779
    96       4705      36675      13824     1.5000     0.3769
   128       8321      65283      24576     1.5000     0.3765

rule 90  (every resolution step machine-checked)
     n      cells     axioms      steps  steps/n^2  steps/|F|
     4         13         34         16     1.0000     0.4706
     5         18         50         24     0.9600     0.4800
     6         25         74         36     1.0000     0.4865
     7         32         98         48     0.9796     0.4898
     8         41        130         64     1.0000     0.4923
     9         50        162         80     0.9877     0.4938
    10         61        202        100     1.0000     0.4950
    16        145        514        256     1.0000     0.4981
    32        545       2050       1024     1.0000     0.4995
    64       2113       8194       4096     1.0000     0.4999
    96       4705      18434       9216     1.0000     0.4999
   128       8321      32770      16384     1.0000     0.5000

wrote upper_bound.json
