c = 2
   j= 4: tails= 256, rows violating period 4 after T_i=2i+4: 0; distinct phase-aligned patterns per row n-1..n-j: [1, 2, 2, 4]
   j= 8: tails= 300, rows violating period 4 after T_i=2i+4: 0; distinct phase-aligned patterns per row n-1..n-j: [1, 2, 2, 4, 4, 4, 4, 4]
   j=12: tails= 300, rows violating period 4 after T_i=2i+4: 0; distinct phase-aligned patterns per row n-1..n-j: [1, 2, 2, 4, 4, 4, 4, 4, 4, 4, 4, 4]
      row n-1: [(1, 1, 1, 1)]
      row n-2: [(2, 3, 2, 3), (3, 2, 3, 2)]
      row n-3: [(0, 3, 0, 3), (3, 0, 3, 0)]
      row n-4: [(0, 0, 2, 2), (0, 2, 2, 0), (2, 0, 0, 2), (2, 2, 0, 0)]
      row n-8: [(0, 2, 3, 3), (2, 3, 3, 0), (3, 0, 2, 3), (3, 3, 0, 2)]
      row n-12: [(0, 1, 2, 1), (1, 0, 1, 2), (1, 2, 1, 0), (2, 1, 0, 1)]
   j=16: tails= 300, rows violating period 4 after T_i=2i+4: 600; distinct phase-aligned patterns per row n-1..n-j: [1, 2, 2, 4, 4, 4, 4, 4, 4, 4, 4, 4, 4, 4, 8, 8]
   j=20: tails= 300, rows violating period 4 after T_i=2i+4: 1800; distinct phase-aligned patterns per row n-1..n-j: [1, 2, 2, 4, 4, 4, 4, 4, 4, 4, 4, 4, 4, 4, 8, 8, 8, 8, 8, 8]
c = 3
   j= 4: tails= 256, rows violating period 4 after T_i=2i+4: 0; distinct phase-aligned patterns per row n-1..n-j: [2, 2, 2, 4]
   j= 8: tails= 300, rows violating period 4 after T_i=2i+4: 0; distinct phase-aligned patterns per row n-1..n-j: [2, 2, 2, 4, 4, 4, 4, 4]
   j=12: tails= 300, rows violating period 4 after T_i=2i+4: 0; distinct phase-aligned patterns per row n-1..n-j: [2, 2, 2, 4, 4, 4, 4, 4, 4, 4, 4, 4]
      row n-1: [(0, 2, 0, 2), (2, 0, 2, 0)]
      row n-2: [(1, 3, 1, 3), (3, 1, 3, 1)]
      row n-3: [(0, 1, 0, 1), (1, 0, 1, 0)]
      row n-4: [(2, 2, 3, 3), (2, 3, 3, 2), (3, 2, 2, 3), (3, 3, 2, 2)]
      row n-8: [(0, 1, 3, 1), (1, 0, 1, 3), (1, 3, 1, 0), (3, 1, 0, 1)]
      row n-12: [(0, 0, 3, 2), (0, 3, 2, 0), (2, 0, 0, 3), (3, 2, 0, 0)]
   j=16: tails= 300, rows violating period 4 after T_i=2i+4: 900; distinct phase-aligned patterns per row n-1..n-j: [2, 2, 2, 4, 4, 4, 4, 4, 4, 4, 4, 4, 4, 8, 8, 8]
   j=20: tails= 300, rows violating period 4 after T_i=2i+4: 2100; distinct phase-aligned patterns per row n-1..n-j: [2, 2, 2, 4, 4, 4, 4, 4, 4, 4, 4, 4, 4, 8, 8, 8, 8, 8, 8, 8]
