 n c  k    N_k  fib_pre fib_pre2 fib_suf   E[#pre>=5|null]   flag
 8 2  1      87       2        1       2            0.000   
 8 2  2      44       2        1       4            0.000   
 8 2  3       9       1        1       6            0.000   
   (n=8, c=2: max fib_pre over k = 2, 0s)
 8 3  1      97       2        1       2            0.000   
 8 3  2      49       2        1       4            0.000   
 8 3  3      17       2        2       4            0.002   
 8 3  4       7       1        1       3            0.001   
 8 3  5       4       1        1       3            0.001   
 8 3  6       3       1        1       3            0.004   
   (n=8, c=3: max fib_pre over k = 2, 0s)
 9 2  1     162       2        1       2            0.000   
 9 2  2      57       2        1       4            0.000   
 9 2  3      17       1        1       6            0.000   
 9 2  4       4       1        1       2            0.000   
   (n=9, c=2: max fib_pre over k = 2, 0s)
 9 3  1     214       2        1       2            0.000   
 9 3  2     112       3        1       4            0.000   
 9 3  3      53       2        1       6            0.033   
 9 3  4      23       2        1       7            0.017   
 9 3  5       6       1        1       6            0.001   
 9 3  6       6       1        1       6            0.008   
 9 3  7       6       2        1       6            0.072   
 9 3  8       6       3        1       6            0.367   
   (n=9, c=3: max fib_pre over k = 3, 0s)
10 2  1     396       2        1       2            0.000   
10 2  2     177       3        1       4            0.000   
10 2  3      62       2        1       6            0.005   
10 2  4      26       2        1       6            0.002   
10 2  5       6       1        1       4            0.000   
   (n=10, c=2: max fib_pre over k = 3, 0s)
10 3  1     385       2        1       2            0.000   
10 3  2     159       3        1       4            0.000   
10 3  3      62       2        1       6            0.005   
10 3  4      22       2        2       6            0.001   
10 3  5      14       1        1       4            0.002   
10 3  6      12       2        1       4            0.015   
10 3  7       4       1        1       4            0.001   
   (n=10, c=3: max fib_pre over k = 3, 0s)
11 2  1     728       2        1       2            0.000   
11 2  2     285       3        1       4            0.000   
11 2  3      93       2        2       6            0.002   
11 2  4      36       2        2       8            0.001   
11 2  5       9       1        1       4            0.000   
11 2  6       4       1        1       4            0.000   
   (n=11, c=2: max fib_pre over k = 3, 0s)
11 3  1     805       2        1       2            0.000   
11 3  2     325       3        1       4            0.000   
11 3  3     157       3        2       8            0.031   
11 3  4      79       2        2      11            0.033   
11 3  5      32       3        2       9            0.008   
11 3  6      14       3        2       4            0.003   
11 3  7      12       3        3       4            0.016   
   (n=11, c=3: max fib_pre over k = 3, 0s)
12 2  1    1607       2        1       2            0.000   
12 2  2     752       4        1       4            0.000   KILL4
12 2  3     278       3        2       8            0.035   
12 2  4     119       2        1      12            0.018   
12 2  5      33       2        1       7            0.001   
12 2  6      14       2        2       4            0.000   
12 2  7       6       1        1       4            0.000   
12 2  8       2       1        1       2            0.000   
12 2  9       2       1        1       2            0.000   
   (n=12, c=2: max fib_pre over k = 4, 0s)
12 3  1    1487       2        1       2            0.000   
12 3  2     721       3        1       4            0.000   
12 3  3     226       3        2       8            0.013   
12 3  4      87       3        2       8            0.004   
12 3  5      44       2        1       8            0.003   
12 3  6       5       1        1       4            0.000   
12 3  7       1       1        1       1            0.000   
12 3  8       1       1        1       1            0.000   
   (n=12, c=3: max fib_pre over k = 3, 0s)
13 2  1    3068       2        1       2            0.000   
13 2  2    1146       3        1       4            0.000   
13 2  3     489       3        2       8            0.037   
13 2  4     171       3        2      10            0.007   
13 2  5      81       2        2      10            0.004   
13 2  6      27       2        2      10            0.000   
13 2  7      12       1        1      10            0.000   
   (n=13, c=2: max fib_pre over k = 3, 0s)
13 3  1    3094       2        1       2            0.000   
13 3  2    1266       3        1       4            0.000   
13 3  3     503       3        2       8            0.043   
13 3  4     176       4        3       8            0.008   KILL4
13 3  5      70       3        2       6            0.002   
13 3  6      20       1        1       6            0.000   
13 3  7       9       1        1       5            0.000   
13 3  8       3       1        1       3            0.000   
13 3  9       3       1        1       3            0.000   
   (n=13, c=3: max fib_pre over k = 4, 0s)
14 2  1    6145       2        1       2            0.000   
14 2  2    2685       4        1       4            0.000   KILL4
14 2  3    1099       3        2       8            0.131   
14 2  4     386       3        2      12            0.026   
14 2  5     134       2        1      12            0.003   
14 2  6      57       2        1       8            0.001   
14 2  7      21       1        1       8            0.000   
14 2  8       6       1        1       4            0.000   
14 2  9       4       1        1       4            0.000   
14 2 10       4       1        1       4            0.000   
   (n=14, c=2: max fib_pre over k = 4, 0s)
14 3  1    6145       2        1       2            0.000   
14 3  2    2684       3        1       4            0.000   
14 3  3    1072       3        2       8            0.116   
14 3  4     407       3        2      16            0.034   
14 3  5     145       2        1      12            0.005   
14 3  6      42       2        2       6            0.000   
14 3  7      25       2        2       6            0.000   
14 3  8       8       1        1       4            0.000   
   (n=14, c=3: max fib_pre over k = 3, 0s)
15 2  1   12134       2        1       2            0.000   
15 2  2    4829       4        1       4            0.000   KILL4
15 2  3    1680       3        2       8            0.071   
15 2  4     727       3        2      14            0.039   
15 2  5     272       2        2      16            0.007   
15 2  6      92       2        1      16            0.001   
15 2  7      43       2        1       8            0.000   
15 2  8      18       1        1       8            0.000   
15 2  9      10       2        1       4            0.000   
   (n=15, c=2: max fib_pre over k = 4, 1s)
15 3  1   12533       2        1       2            0.000   
15 3  2    5054       3        1       4            0.000   
15 3  3    2065       4        2       8            0.194   KILL4
15 3  4     818       4        2      16            0.069   KILL4
15 3  5     333       3        2      10            0.018   
15 3  6     142       3        2      16            0.005   
15 3  7      30       1        1       8            0.000   
15 3  8       9       1        1       4            0.000   
   (n=15, c=3: max fib_pre over k = 4, 1s)
16 2  1   24540       2        1       2            0.000   
16 2  2   10598       4        1       4            0.000   KILL4
16 2  3    4332       4        2       8            0.489   KILL4
16 2  4    2017       3        2      16            0.372   
16 2  5     765       4        3      19            0.069   KILL4
16 2  6     255       2        2      14            0.006   
16 2  7     124       2        1      16            0.003   
16 2  8      35       1        1      16            0.000   
16 2  9      11       1        1       4            0.000   
16 2 10       3       1        1       3            0.000   
   (n=16, c=2: max fib_pre over k = 4, 2s)
16 3  1   24909       2        1       2            0.000   
16 3  2   10412       4        1       4            0.000   KILL4
16 3  3    3977       4        2       8            0.323   KILL4
16 3  4    1698       3        2      16            0.164   
16 3  5     625       3        2      24            0.026   
16 3  6     234       2        2      16            0.004   
16 3  7      99       2        1      16            0.001   
16 3  8      54       1        1      16            0.001   
16 3  9      28       1        1      10            0.000   
16 3 10      18       1        1      10            0.001   
   (n=16, c=3: max fib_pre over k = 4, 2s)
17 2  1   49654       2        1       2            0.000   
17 2  2   20867       4        1       4            0.000   KILL4
17 2  3    8447       4        2       8            0.865   KILL4
17 2  4    3519       4        3      16            0.389   KILL4
17 2  5    1468       3        2      24            0.113   
17 2  6     655       3        3      22            0.038   
17 2  7     224       2        2      22            0.003   
17 2  8      66       2        1      22            0.000   
17 2  9      23       2        1      10            0.000   
17 2 10      13       1        1      10            0.000   
17 2 11      10       1        1      10            0.000   
   (n=17, c=2: max fib_pre over k = 4, 4s)
17 3  1   48952       2        1       2            0.000   
17 3  2   20763       3        1       4            0.000   
17 3  3    8158       4        2       8            0.731   KILL4
17 3  4    3065       4        3      16            0.202   KILL4
17 3  5    1219       3        2      24            0.047   
17 3  6     498       2        2      24            0.010   
17 3  7     158       2        2      18            0.001   
17 3  8      69       2        1      14            0.000   
17 3  9      20       1        1       6            0.000   
17 3 10       6       1        1       6            0.000   
   (n=17, c=3: max fib_pre over k = 4, 4s)
18 2  1   97586       2        1       2            0.000   
18 2  2   41267       4        1       4            0.000   KILL4
18 2  3   16374       5        2       8            1.487   KILL5
18 2  4    6780       3        2      16            0.652   
18 2  5    2805       4        3      24            0.182   KILL4
18 2  6    1229       3        2      32            0.056   
18 2  7     606       3        2      36            0.028   
18 2  8     249       3        2      45            0.006   
18 2  9      94       3        2      24            0.001   
18 2 10      34       1        1       8            0.000   
18 2 11      32       1        1       8            0.001   
18 2 12      16       1        1       8            0.000   
   (n=18, c=2: max fib_pre over k = 5, 10s)
18 3  1   99182       2        1       2            0.000   
18 3  2   41022       4        1       4            0.000   KILL4
18 3  3   17357       4        2       8            1.970   KILL4
18 3  4    6772       5        3      16            0.649   KILL5
18 3  5    2604       3        3      24            0.128   
18 3  6    1063       3        2      30            0.028   
18 3  7     444       2        2      28            0.006   
18 3  8     195       3        2      16            0.002   
18 3  9      93       2        1      16            0.001   
18 3 10      26       1        1      12            0.000   
18 3 11      12       1        1      12            0.000   
   (n=18, c=3: max fib_pre over k = 5, 9s)
19 2  1  195767       2        1       2            0.000   
19 2  2   81225       4        1       4            0.000   KILL4
19 2  3   32123       4        2       8            2.708   KILL4
19 2  4   13658       4        3      16            1.350   KILL4
19 2  5    6013       4        2      30            0.506   KILL4
19 2  6    2474       3        3      51            0.116   
19 2  7     837       2        2      38            0.010   
19 2  8     334       3        2      26            0.002   
19 2  9     173       2        2      16            0.001   
19 2 10      42       2        2       6            0.000   
19 2 11       8       1        1       4            0.000   
   (n=19, c=2: max fib_pre over k = 4, 19s)
19 3  1  197717       2        1       2            0.000   
19 3  2   81517       4        1       4            0.000   KILL4
19 3  3   33106       5        2       8            3.134   KILL5
19 3  4   13526       4        3      16            1.289   KILL4
19 3  5    5575       4        3      28            0.353   KILL4
19 3  6    2213       3        2      24            0.068   
19 3  7     891       3        2      28            0.013   
19 3  8     389       3        2      26            0.003   
19 3  9      97       1        1      16            0.000   
19 3 10      42       1        1      14            0.000   
19 3 11       6       1        1       6            0.000   
19 3 12       6       1        1       6            0.000   
19 3 13       6       1        1       6            0.000   
   (n=19, c=3: max fib_pre over k = 5, 20s)
20 2  1  392181       2        1       2            0.000   
20 2  2  165155       4        1       4            0.000   KILL4
20 2  3   67462       5        2       8            6.860   KILL5
20 2  4   28034       4        3      16            3.054   KILL4
20 2  5   11141       5        3      32            0.703   KILL5
20 2  6    4534       4        2      40            0.153   KILL4
20 2  7    1917       4        2      46            0.037   KILL4
20 2  8     905       3        2      52            0.014   
20 2  9     267       2        2      30            0.001   
20 2 10      88       1        1      22            0.000   
20 2 11      20       1        1      16            0.000   
   (n=20, c=2: max fib_pre over k = 5, 56s)
20 3  1  395031       2        1       2            0.000   
20 3  2  164854       4        1       4            0.000   KILL4
20 3  3   66542       5        2       8            6.420   KILL5
20 3  4   27226       4        3      16            2.658   KILL4
20 3  5   11150       4        3      32            0.706   KILL4
20 3  6    4609       3        2      36            0.165   
20 3  7    2037       3        2      56            0.049   
20 3  8     761       2        2      56            0.006   
20 3  9     266       2        1      36            0.001   
20 3 10     111       2        2      36            0.000   
20 3 11      67       2        2      13            0.000   
20 3 12      47       1        1      13            0.000   
20 3 13      12       1        1      12            0.000   
20 3 14      12       1        1      12            0.000   
   (n=20, c=3: max fib_pre over k = 5, 51s)
