n=6 j=2: 5 partition types over 16 suffixes; top 4:
    x5     sizes=[2, 2]  (s[0]=1: 5, s[0]=2: 0)  blocks=['11|21', '12|22']
    x5     sizes=[2, 1, 1]  (s[0]=1: 1, s[0]=2: 4)  blocks=['12|22']
    x4     sizes=[3, 1]  (s[0]=1: 0, s[0]=2: 4)  blocks=['12|21|22']
    x1     sizes=[1, 1, 1, 1]  (s[0]=1: 1, s[0]=2: 0)  blocks=[]
n=6 j=3: 6 partition types over 8 suffixes; top 4:
    x2     sizes=[2, 2, 2, 1, 1]  (s[0]=1: 2, s[0]=2: 0)  blocks=['111|211', '121|221', '122|222']
    x2     sizes=[3, 2, 2, 1]  (s[0]=1: 0, s[0]=2: 2)  blocks=['111|211', '121|221', '122|212|222']
    x1     sizes=[2, 1, 1, 1, 1, 1, 1]  (s[0]=1: 1, s[0]=2: 0)  blocks=['122|222']
    x1     sizes=[2, 2, 1, 1, 1, 1]  (s[0]=1: 1, s[0]=2: 0)  blocks=['111|211', '122|222']
n=6 j=4: 3 partition types over 4 suffixes; top 4:
    x2     sizes=[3, 2, 2, 2, 2, 2, 1, 1, 1]  (s[0]=1: 2, s[0]=2: 0)  blocks=['1111|2111', '1112|2112', '1211|2211', '1212|2212', '1221|2221', '1222|2122|2222']
    x1     sizes=[3, 3, 2, 1, 1, 1, 1, 1, 1, 1, 1]  (s[0]=1: 0, s[0]=2: 1)  blocks=['1122|1212|2212', '1221|2221', '1222|2122|2222']
    x1     sizes=[3, 3, 3, 2, 2, 1, 1, 1]  (s[0]=1: 0, s[0]=2: 1)  blocks=['1111|2111', '1112|1121|2112', '1122|1212|2212', '1221|2221', '1222|2122|2222']
n=7 j=2: 6 partition types over 32 suffixes; top 4:
    x13    sizes=[2, 2]  (s[0]=1: 12, s[0]=2: 1)  blocks=['11|21', '12|22']
    x8     sizes=[2, 1, 1]  (s[0]=1: 1, s[0]=2: 7)  blocks=['12|22']
    x7     sizes=[3, 1]  (s[0]=1: 0, s[0]=2: 7)  blocks=['12|21|22']
    x2     sizes=[2, 1, 1]  (s[0]=1: 2, s[0]=2: 0)  blocks=['11|21']
n=7 j=3: 8 partition types over 16 suffixes; top 4:
    x4     sizes=[2, 2, 2, 1, 1]  (s[0]=1: 4, s[0]=2: 0)  blocks=['111|211', '121|221', '122|222']
    x4     sizes=[3, 2, 2, 1]  (s[0]=1: 0, s[0]=2: 4)  blocks=['111|211', '121|221', '122|212|222']
    x2     sizes=[2, 2, 1, 1, 1, 1]  (s[0]=1: 2, s[0]=2: 0)  blocks=['111|211', '122|222']
    x2     sizes=[3, 3, 2]  (s[0]=1: 0, s[0]=2: 2)  blocks=['111|211', '112|121|221', '122|212|222']
n=7 j=4: 6 partition types over 8 suffixes; top 4:
    x3     sizes=[3, 2, 2, 2, 2, 2, 1, 1, 1]  (s[0]=1: 3, s[0]=2: 0)  blocks=['1111|2111', '1112|2112', '1211|2211', '1212|2212', '1221|2221', '1222|2122|2222']
    x1     sizes=[3, 2, 2, 2, 2, 2, 2, 1]  (s[0]=1: 1, s[0]=2: 0)  blocks=['1111|2111', '1112|2112', '1121|2121', '1211|2211', '1212|2212', '1221|2221', '1222|2122|2222']
    x1     sizes=[3, 3, 2, 1, 1, 1, 1, 1, 1, 1, 1]  (s[0]=1: 0, s[0]=2: 1)  blocks=['1122|1212|2212', '1221|2221', '1222|2122|2222']
    x1     sizes=[3, 3, 2, 2, 2, 2, 1, 1]  (s[0]=1: 0, s[0]=2: 1)  blocks=['1111|2111', '1112|2112', '1122|1212|2212', '1211|2211', '1221|2221', '1222|2122|2222']
n=8 j=2: 7 partition types over 64 suffixes; top 4:
    x31    sizes=[2, 2]  (s[0]=1: 27, s[0]=2: 4)  blocks=['11|21', '12|22']
    x13    sizes=[3, 1]  (s[0]=1: 0, s[0]=2: 13)  blocks=['12|21|22']
    x11    sizes=[2, 1, 1]  (s[0]=1: 2, s[0]=2: 9)  blocks=['12|22']
    x5     sizes=[4]  (s[0]=1: 0, s[0]=2: 5)  blocks=['11|12|21|22']
n=8 j=3: 11 partition types over 32 suffixes; top 4:
    x8     sizes=[3, 2, 2, 1]  (s[0]=1: 1, s[0]=2: 7)  blocks=['111|211', '121|221', '122|212|222']
    x7     sizes=[2, 2, 2, 1, 1]  (s[0]=1: 7, s[0]=2: 0)  blocks=['111|211', '121|221', '122|222']
    x4     sizes=[3, 3, 2]  (s[0]=1: 0, s[0]=2: 4)  blocks=['111|211', '112|121|221', '122|212|222']
    x3     sizes=[6, 2]  (s[0]=1: 0, s[0]=2: 3)  blocks=['111|211', '112|121|122|212|221|222']
n=8 j=4: 12 partition types over 16 suffixes; top 4:
    x4     sizes=[3, 2, 2, 2, 2, 2, 1, 1, 1]  (s[0]=1: 4, s[0]=2: 0)  blocks=['1111|2111', '1112|2112', '1211|2211', '1212|2212', '1221|2221', '1222|2122|2222']
    x2     sizes=[3, 3, 2, 2, 2, 2, 1, 1]  (s[0]=1: 0, s[0]=2: 2)  blocks=['1111|2111', '1112|2112', '1122|1212|2212', '1211|2211', '1221|2221', '1222|2122|2222']
    x1     sizes=[4, 3, 2, 2, 2, 2, 1]  (s[0]=1: 1, s[0]=2: 0)  blocks=['1111|2111', '1112|2112', '1121|1221|2121|2221', '1211|2211', '1212|2212', '1222|2122|2222']
    x1     sizes=[3, 2, 2, 2, 2, 2, 2, 1]  (s[0]=1: 1, s[0]=2: 0)  blocks=['1111|2111', '1112|2112', '1121|2121', '1211|2211', '1212|2212', '1221|2221', '1222|2122|2222']
n=9 j=2: 7 partition types over 128 suffixes; top 4:
    x62    sizes=[2, 2]  (s[0]=1: 53, s[0]=2: 9)  blocks=['11|21', '12|22']
    x22    sizes=[4]  (s[0]=1: 4, s[0]=2: 18)  blocks=['11|12|21|22']
    x22    sizes=[3, 1]  (s[0]=1: 2, s[0]=2: 20)  blocks=['12|21|22']
    x15    sizes=[2, 1, 1]  (s[0]=1: 2, s[0]=2: 13)  blocks=['12|22']
n=9 j=3: 16 partition types over 64 suffixes; top 4:
    x11    sizes=[3, 2, 2, 1]  (s[0]=1: 1, s[0]=2: 10)  blocks=['111|211', '121|221', '122|212|222']
    x9     sizes=[2, 2, 2, 1, 1]  (s[0]=1: 9, s[0]=2: 0)  blocks=['111|211', '121|221', '122|222']
    x8     sizes=[4, 2, 2]  (s[0]=1: 4, s[0]=2: 4)  blocks=['111|211', '112|122|212|222', '121|221']
    x7     sizes=[6, 2]  (s[0]=1: 0, s[0]=2: 7)  blocks=['111|211', '112|121|122|212|221|222']
n=9 j=4: 24 partition types over 32 suffixes; top 4:
    x3     sizes=[3, 2, 2, 2, 2, 2, 2, 1]  (s[0]=1: 3, s[0]=2: 0)  blocks=['1111|2111', '1112|2112', '1121|2121', '1211|2211', '1212|2212', '1221|2221', '1222|2122|2222']
    x3     sizes=[3, 3, 2, 2, 2, 2, 1, 1]  (s[0]=1: 0, s[0]=2: 3)  blocks=['1111|2111', '1112|2112', '1122|1212|2212', '1211|2211', '1221|2221', '1222|2122|2222']
    x2     sizes=[3, 3, 2, 2, 2, 2, 1, 1]  (s[0]=1: 2, s[0]=2: 0)  blocks=['1111|2111', '1112|2112', '1121|1221|2221', '1211|2211', '1212|2212', '1222|2122|2222']
    x2     sizes=[3, 2, 2, 2, 2, 2, 1, 1, 1]  (s[0]=1: 2, s[0]=2: 0)  blocks=['1111|2111', '1112|2112', '1211|2211', '1212|2212', '1221|2221', '1222|2122|2222']
n=10 j=2: 8 partition types over 256 suffixes; top 4:
    x127   sizes=[2, 2]  (s[0]=1: 103, s[0]=2: 24)  blocks=['11|21', '12|22']
    x60    sizes=[4]  (s[0]=1: 15, s[0]=2: 45)  blocks=['11|12|21|22']
    x37    sizes=[3, 1]  (s[0]=1: 2, s[0]=2: 35)  blocks=['12|21|22']
    x17    sizes=[2, 1, 1]  (s[0]=1: 4, s[0]=2: 13)  blocks=['12|22']
n=10 j=3: 27 partition types over 128 suffixes; top 4:
    x19    sizes=[4, 2, 2]  (s[0]=1: 8, s[0]=2: 11)  blocks=['111|211', '112|122|212|222', '121|221']
    x17    sizes=[2, 2, 2, 2]  (s[0]=1: 17, s[0]=2: 0)  blocks=['111|211', '112|212', '121|221', '122|222']
    x17    sizes=[3, 2, 2, 1]  (s[0]=1: 2, s[0]=2: 15)  blocks=['111|211', '121|221', '122|212|222']
    x16    sizes=[6, 2]  (s[0]=1: 0, s[0]=2: 16)  blocks=['111|211', '112|121|122|212|221|222']
n=10 j=4: 41 partition types over 64 suffixes; top 4:
    x5     sizes=[3, 2, 2, 2, 2, 2, 2, 1]  (s[0]=1: 5, s[0]=2: 0)  blocks=['1111|2111', '1112|2112', '1121|2121', '1211|2211', '1212|2212', '1221|2221', '1222|2122|2222']
    x4     sizes=[3, 3, 3, 2, 2, 2, 1]  (s[0]=1: 0, s[0]=2: 4)  blocks=['1111|2111', '1112|2112', '1121|1221|2221', '1122|1212|2212', '1211|2211', '1222|2122|2222']
    x3     sizes=[4, 3, 2, 2, 2, 2, 1]  (s[0]=1: 3, s[0]=2: 0)  blocks=['1111|2111', '1112|2112', '1121|1221|2121|2221', '1211|2211', '1212|2212', '1222|2122|2222']
    x3     sizes=[4, 2, 2, 2, 2, 2, 1, 1]  (s[0]=1: 3, s[0]=2: 0)  blocks=['1111|2111', '1112|2112', '1122|1222|2122|2222', '1211|2211', '1212|2212', '1221|2221']
n=11 j=2: 8 partition types over 512 suffixes; top 4:
    x242   sizes=[2, 2]  (s[0]=1: 195, s[0]=2: 47)  blocks=['11|21', '12|22']
    x159   sizes=[4]  (s[0]=1: 46, s[0]=2: 113)  blocks=['11|12|21|22']
    x64    sizes=[3, 1]  (s[0]=1: 4, s[0]=2: 60)  blocks=['12|21|22']
    x23    sizes=[3, 1]  (s[0]=1: 0, s[0]=2: 23)  blocks=['11|12|22']
n=11 j=3: 36 partition types over 256 suffixes; top 4:
    x46    sizes=[4, 2, 2]  (s[0]=1: 21, s[0]=2: 25)  blocks=['111|211', '112|122|212|222', '121|221']
    x36    sizes=[6, 2]  (s[0]=1: 0, s[0]=2: 36)  blocks=['111|211', '112|121|122|212|221|222']
    x30    sizes=[2, 2, 2, 2]  (s[0]=1: 30, s[0]=2: 0)  blocks=['111|211', '112|212', '121|221', '122|222']
    x25    sizes=[3, 2, 2, 1]  (s[0]=1: 5, s[0]=2: 20)  blocks=['111|211', '121|221', '122|212|222']
n=11 j=4: 70 partition types over 128 suffixes; top 4:
    x10    sizes=[4, 2, 2, 2, 2, 2, 2]  (s[0]=1: 10, s[0]=2: 0)  blocks=['1111|2111', '1112|2112', '1121|2121', '1122|1222|2122|2222', '1211|2211', '1212|2212', '1221|2221']
    x6     sizes=[4, 3, 2, 2, 2, 2, 1]  (s[0]=1: 6, s[0]=2: 0)  blocks=['1111|2111', '1112|2112', '1121|1221|2121|2221', '1211|2211', '1212|2212', '1222|2122|2222']
    x5     sizes=[3, 2, 2, 2, 2, 2, 2, 1]  (s[0]=1: 5, s[0]=2: 0)  blocks=['1111|2111', '1112|2112', '1121|2121', '1211|2211', '1212|2212', '1221|2221', '1222|2122|2222']
    x5     sizes=[3, 3, 3, 2, 2, 2, 1]  (s[0]=1: 0, s[0]=2: 5)  blocks=['1111|2111', '1112|2112', '1121|1221|2221', '1122|1212|2212', '1211|2211', '1222|2122|2222']
n=12 j=2: 8 partition types over 1024 suffixes; top 4:
    x440   sizes=[2, 2]  (s[0]=1: 353, s[0]=2: 87)  blocks=['11|21', '12|22']
    x410   sizes=[4]  (s[0]=1: 134, s[0]=2: 276)  blocks=['11|12|21|22']
    x98    sizes=[3, 1]  (s[0]=1: 7, s[0]=2: 91)  blocks=['12|21|22']
    x41    sizes=[3, 1]  (s[0]=1: 1, s[0]=2: 40)  blocks=['11|12|22']
n=12 j=3: 44 partition types over 512 suffixes; top 4:
    x98    sizes=[4, 2, 2]  (s[0]=1: 44, s[0]=2: 54)  blocks=['111|211', '112|122|212|222', '121|221']
    x86    sizes=[6, 2]  (s[0]=1: 1, s[0]=2: 85)  blocks=['111|211', '112|121|122|212|221|222']
    x58    sizes=[4, 4]  (s[0]=1: 45, s[0]=2: 13)  blocks=['111|121|211|221', '112|122|212|222']
    x45    sizes=[2, 2, 2, 2]  (s[0]=1: 45, s[0]=2: 0)  blocks=['111|211', '112|212', '121|221', '122|222']
n=12 j=4: 114 partition types over 256 suffixes; top 4:
    x16    sizes=[4, 2, 2, 2, 2, 2, 2]  (s[0]=1: 16, s[0]=2: 0)  blocks=['1111|2111', '1112|2112', '1121|2121', '1122|1222|2122|2222', '1211|2211', '1212|2212', '1221|2221']
    x11    sizes=[4, 4, 4, 2, 2]  (s[0]=1: 11, s[0]=2: 0)  blocks=['1111|1211|2111|2211', '1112|2112', '1121|1221|2121|2221', '1122|1222|2122|2222', '1212|2212']
    x10    sizes=[6, 6, 2, 2]  (s[0]=1: 0, s[0]=2: 10)  blocks=['1111|2111', '1112|1121|1221|2112|2121|2221', '1122|1212|1222|2122|2212|2222', '1211|2211']
    x8     sizes=[4, 3, 2, 2, 2, 2, 1]  (s[0]=1: 8, s[0]=2: 0)  blocks=['1111|2111', '1112|2112', '1121|1221|2121|2221', '1211|2211', '1212|2212', '1222|2122|2222']
n=13 j=2: 8 partition types over 2048 suffixes; top 4:
    x983   sizes=[4]  (s[0]=1: 360, s[0]=2: 623)  blocks=['11|12|21|22']
    x781   sizes=[2, 2]  (s[0]=1: 624, s[0]=2: 157)  blocks=['11|21', '12|22']
    x158   sizes=[3, 1]  (s[0]=1: 10, s[0]=2: 148)  blocks=['12|21|22']
    x77    sizes=[3, 1]  (s[0]=1: 2, s[0]=2: 75)  blocks=['11|12|22']
n=13 j=3: 49 partition types over 1024 suffixes; top 4:
    x197   sizes=[4, 2, 2]  (s[0]=1: 93, s[0]=2: 104)  blocks=['111|211', '112|122|212|222', '121|221']
    x178   sizes=[6, 2]  (s[0]=1: 1, s[0]=2: 177)  blocks=['111|211', '112|121|122|212|221|222']
    x146   sizes=[4, 4]  (s[0]=1: 117, s[0]=2: 29)  blocks=['111|121|211|221', '112|122|212|222']
    x61    sizes=[8]  (s[0]=1: 15, s[0]=2: 46)  blocks=['111|112|121|122|211|212|221|222']
n=13 j=4: 174 partition types over 512 suffixes; top 4:
    x23    sizes=[4, 4, 4, 2, 2]  (s[0]=1: 23, s[0]=2: 0)  blocks=['1111|1211|2111|2211', '1112|2112', '1121|1221|2121|2221', '1122|1222|2122|2222', '1212|2212']
    x22    sizes=[6, 6, 2, 2]  (s[0]=1: 0, s[0]=2: 22)  blocks=['1111|2111', '1112|1121|1221|2112|2121|2221', '1122|1212|1222|2122|2212|2222', '1211|2211']
    x19    sizes=[4, 4, 2, 2, 2, 2]  (s[0]=1: 19, s[0]=2: 0)  blocks=['1111|1211|2111|2211', '1112|2112', '1121|2121', '1122|1222|2122|2222', '1212|2212', '1221|2221']
    x17    sizes=[6, 4, 4, 2]  (s[0]=1: 8, s[0]=2: 9)  blocks=['1111|1211|2111|2211', '1112|2112', '1121|1221|2121|2221', '1122|1212|1222|2122|2212|2222']
