 n c deepest  rho_E(k)   rho_HC(k)   time   N_k
 8 2       3   0.69 ( 2)   1.10 ( 2)      0s  [256, 87, 44, 9, 0, 0, 0, 0, 0, 0, 0]
 8 3       6   0.77 ( 2)   2.82 ( 6)      0s  [256, 97, 49, 17, 7, 4, 3, 0, 0, 0, 0]
 9 2       4   0.63 ( 1)   0.84 ( 1)      0s  [512, 162, 57, 17, 4, 0, 0, 0, 0, 0, 0, 0]
 9 3       8   3.00 ( 8)  17.26 ( 8)      0s  [512, 214, 112, 53, 23, 6, 6, 6, 6, 0, 0, 0]
10 2       5   0.77 ( 1)   1.11 ( 2)      0s  [1024, 396, 177, 62, 26, 6, 0, 0, 0, 0, 0, 0, 0]
10 3       7   0.75 ( 1)   2.82 ( 6)      0s  [1024, 385, 159, 62, 22, 14, 12, 4, 0, 0, 0, 0, 0]
11 2       6   0.71 ( 1)   0.95 ( 1)      0s  [2048, 728, 285, 93, 36, 9, 4, 0, 0, 0, 0, 0, 0, 0]
11 3       7   0.79 ( 1)   3.49 ( 7)      0s  [2048, 805, 325, 157, 79, 32, 14, 12, 0, 0, 0, 0, 0, 0]
12 2       9   0.78 ( 1)   1.78 ( 9)      0s  [4096, 1607, 752, 278, 119, 33, 14, 6, 2, 2, 0, 0, 0, 0, 0]
12 3       8   0.73 ( 1)   1.13 ( 2)      0s  [4096, 1487, 721, 226, 87, 44, 5, 1, 1, 0, 0, 0, 0, 0, 0]
13 2       7   0.75 ( 1)   1.00 ( 1)      0s  [8192, 3068, 1146, 489, 171, 81, 27, 12, 0, 0, 0, 0, 0, 0, 0, 0]
13 3       9   0.76 ( 1)   1.33 ( 9)      0s  [8192, 3094, 1266, 503, 176, 70, 20, 9, 3, 3, 0, 0, 0, 0, 0, 0]
14 2      10   0.75 ( 1)   2.20 (10)      0s  [16384, 6145, 2685, 1099, 386, 134, 57, 21, 6, 4, 4, 0, 0, 0, 0, 0, 0]
14 3       8   0.75 ( 1)   1.05 ( 2)      0s  [16384, 6145, 2684, 1072, 407, 145, 42, 25, 8, 0, 0, 0, 0, 0, 0, 0, 0]
15 2       9   0.74 ( 1)   1.11 ( 9)      1s  [32768, 12134, 4829, 1680, 727, 272, 92, 43, 18, 10, 0, 0, 0, 0, 0, 0, 0, 0]
15 3       8   0.76 ( 1)   1.04 ( 6)      1s  [32768, 12533, 5054, 2065, 818, 333, 142, 30, 9, 0, 0, 0, 0, 0, 0, 0, 0, 0]
16 2      10   0.75 ( 1)   1.21 ( 4)      2s  [65536, 24540, 10598, 4332, 2017, 765, 255, 124, 35, 11, 3, 0, 0, 0, 0, 0, 0, 0, 0]
16 3      10   0.76 ( 1)   2.47 (10)      2s  [65536, 24909, 10412, 3977, 1698, 625, 234, 99, 54, 28, 18, 0, 0, 0, 0, 0, 0, 0, 0]
17 2      11   0.76 ( 1)   1.70 (11)      4s  [131072, 49654, 20867, 8447, 3519, 1468, 655, 224, 66, 23, 13, 10, 0, 0, 0, 0, 0, 0, 0, 0]
17 3      10   0.75 ( 1)   1.01 ( 2)      4s  [131072, 48952, 20763, 8158, 3065, 1219, 498, 158, 69, 20, 6, 0, 0, 0, 0, 0, 0, 0, 0, 0]
shift inequality N_k(8) <= 2 N_(k-2)(9), c=2: PASS
shift inequality N_k(8) <= 2 N_(k-2)(9), c=3: PASS
shift inequality N_k(9) <= 2 N_(k-2)(10), c=2: PASS
shift inequality N_k(9) <= 2 N_(k-2)(10), c=3: PASS
shift inequality N_k(10) <= 2 N_(k-2)(11), c=2: PASS
shift inequality N_k(10) <= 2 N_(k-2)(11), c=3: PASS
shift inequality N_k(11) <= 2 N_(k-2)(12), c=2: PASS
shift inequality N_k(11) <= 2 N_(k-2)(12), c=3: PASS
shift inequality N_k(12) <= 2 N_(k-2)(13), c=2: PASS
shift inequality N_k(12) <= 2 N_(k-2)(13), c=3: PASS
shift inequality N_k(13) <= 2 N_(k-2)(14), c=2: PASS
shift inequality N_k(13) <= 2 N_(k-2)(14), c=3: PASS
shift inequality N_k(14) <= 2 N_(k-2)(15), c=2: PASS
shift inequality N_k(14) <= 2 N_(k-2)(15), c=3: PASS
shift inequality N_k(15) <= 2 N_(k-2)(16), c=2: PASS
shift inequality N_k(15) <= 2 N_(k-2)(16), c=3: PASS
shift inequality N_k(16) <= 2 N_(k-2)(17), c=2: PASS
shift inequality N_k(16) <= 2 N_(k-2)(17), c=3: PASS
