 n c  D  #deepest  #forced_words  #suffix8  nearest template (distance)
 8 2   3         9              1         9  121~(12)^*(0)x9
 8 3   6         3              1         3  212121~(21)^*(0)x3
 9 2   4         4              2         2  2121~(21)^*(0)x2  1221~(122)^*(0)x2
 9 3   8         6              1         3  12212221~(122)^*(2)x6
10 2   5         6              2         2  12121~(12)^*(0)x4  22222~2^*(0)x2
10 3   7         4              1         1  1222121~(12)^*(1)x4
11 2   6         4              1         1  212121~(21)^*(0)x4
11 3   7        12              4         4  2122221~(212)^*(2)x4  2222212~(221)^*(1)x2  2121212~(21)^*(0)x3  2121222~(21)^*(1)x3
12 2   9         2              1         1  212222222~2^*(1)x2
12 3   8         1              1         1  22221222~2^*(1)x1
13 2   7        12              2         2  2222222~2^*(0)x10  2221222~2^*(1)x2
13 3   9         3              1         1  222122121~(122)^*(2)x3
14 2  10         4              1         1  2122221221~(122)^*(3)x4
14 3   8         8              3         3  12122221~(12)^*(3)x4  22212122~(21)^*(2)x2  22222212~2^*(1)x2
15 2   9        10              3         3  222212121~(12)^*(2)x4  212222121~2^*(3)x4  221221212~(221)^*(2)x2
15 3   8         9              3         3  22122222~(221)^*(1)x4  12222121~(21)^*(3)x2  22212122~(21)^*(2)x3
16 2  10         3              1         1  2221212222~2^*(2)x3
16 3  10        18              2         2  2212121212~(12)^*(1)x8  2121212121~(21)^*(0)x10
17 2  11        10              1         1  22222122222~2^*(1)x10
17 3  10         6              1         1  2222122221~2^*(2)x6
