 n c  D  max Fq/null (k)   N_k(D)  Fq_k(D)   time   deepest forced words x multiplicity
 8 2  3    0.07 ( 2)          9       1      0s   121x9
      Fq_k: [2, 3, 1]   N_k: [87, 44, 9]
 8 3  6    0.94 ( 6)          3       1      0s   212121x3
      Fq_k: [2, 3, 5, 3, 2, 1]   N_k: [97, 49, 17, 7, 4, 3]
 9 2  4    0.15 ( 4)          4       2      0s   1221x2  2121x2
      Fq_k: [2, 3, 4, 2]   N_k: [162, 57, 17, 4]
 9 3  8    2.88 ( 8)          6       1      0s   12212221x6
      Fq_k: [2, 3, 5, 5, 1, 1, 1, 1]   N_k: [214, 112, 53, 23, 6, 6, 6, 6]
10 2  5    0.19 ( 4)          6       2      0s   12121x4  22222x2
      Fq_k: [2, 3, 5, 5, 2]   N_k: [396, 177, 62, 26, 6]
10 3  7    0.94 ( 6)          4       1      0s   1222121x4
      Fq_k: [2, 3, 5, 6, 4, 4, 1]   N_k: [385, 159, 62, 22, 14, 12, 4]
11 2  6    0.14 ( 5)          4       1      0s   212121x4
      Fq_k: [2, 3, 5, 5, 3, 1]   N_k: [728, 285, 93, 36, 9, 4]
11 3  7    1.16 ( 7)         12       4      0s   2121212x3  2121222x3  2122221x4  2222212x2
      Fq_k: [2, 3, 5, 8, 8, 5, 4]   N_k: [805, 325, 157, 79, 32, 14, 12]
12 2  9    0.89 ( 9)          2       1      0s   212222222x2
      Fq_k: [2, 3, 5, 8, 9, 5, 2, 1, 1]   N_k: [1607, 752, 278, 119, 33, 14, 6, 2, 2]
12 3  8    0.36 ( 8)          1       1      0s   22221222x1
      Fq_k: [2, 3, 5, 8, 7, 2, 1, 1]   N_k: [1487, 721, 226, 87, 44, 5, 1, 1]
13 2  7    0.24 ( 6)         12       2      0s   2221222x2  2222222x10
      Fq_k: [2, 3, 5, 8, 11, 8, 2]   N_k: [3068, 1146, 489, 171, 81, 27, 12]
13 3  9    0.44 ( 9)          3       1      0s   222122121x3
      Fq_k: [2, 3, 5, 8, 9, 6, 3, 1, 1]   N_k: [3094, 1266, 503, 176, 70, 20, 9, 3, 3]
14 2 10    0.55 (10)          4       1      1s   2122221221x4
      Fq_k: [2, 3, 5, 8, 10, 9, 3, 2, 1, 1]   N_k: [6145, 2685, 1099, 386, 134, 57, 21, 6, 4, 4]
14 3  8    0.27 ( 8)          8       3      1s   12122221x4  22212122x2  22222212x2
      Fq_k: [2, 3, 5, 8, 13, 8, 7, 3]   N_k: [6145, 2684, 1072, 407, 145, 42, 25, 8]
15 2  9    0.33 ( 9)         10       3      1s   212222121x4  221221212x2  222212121x4
      Fq_k: [2, 3, 5, 8, 11, 10, 10, 4, 3]   N_k: [12134, 4829, 1680, 727, 272, 92, 43, 18, 10]
15 3  8    0.15 ( 7)          9       3      1s   12222121x2  22122222x4  22212122x3
      Fq_k: [2, 3, 5, 8, 13, 17, 8, 3]   N_k: [12533, 5054, 2065, 818, 333, 142, 30, 9]
16 2 10    0.17 ( 7)          3       1      3s   2221212222x3
      Fq_k: [2, 3, 5, 8, 13, 20, 19, 6, 3, 1]   N_k: [24540, 10598, 4332, 2017, 765, 255, 124, 35, 11, 3]
16 3 10    0.28 ( 9)         18       2      3s   2121212121x10  2212121212x8
      Fq_k: [2, 3, 5, 8, 13, 18, 14, 7, 5, 2]   N_k: [24909, 10412, 3977, 1698, 625, 234, 99, 54, 28, 18]
17 2 11    0.17 (11)         10       1      7s   22222122222x10
      Fq_k: [2, 3, 5, 8, 13, 21, 21, 10, 6, 2, 1]   N_k: [49654, 20867, 8447, 3519, 1468, 655, 224, 66, 23, 13, 10]
17 3 10    0.11 ( 9)          6       1      6s   2222122221x6
      Fq_k: [2, 3, 5, 8, 13, 19, 19, 9, 4, 1]   N_k: [48952, 20763, 8158, 3065, 1219, 498, 158, 69, 20, 6]
18 2 12    0.42 (11)         16       2     13s   122212122122x8  221212212121x8
      Fq_k: [2, 3, 5, 8, 13, 21, 30, 22, 13, 6, 5, 2]   N_k: [97586, 41267, 16374, 6780, 2805, 1229, 606, 249, 94, 34, 32, 16]
18 3 11    0.18 ( 9)         12       1     13s   21222212122x12
      Fq_k: [2, 3, 5, 8, 13, 21, 28, 22, 13, 3, 1]   N_k: [99182, 41022, 17357, 6772, 2604, 1063, 444, 195, 93, 26, 12]
19 2 11    0.15 ( 9)          8       2     27s   12121221221x4  22222222222x4
      Fq_k: [2, 3, 5, 8, 13, 21, 32, 30, 21, 8, 2]   N_k: [195767, 81225, 32123, 13658, 6013, 2474, 837, 334, 173, 42, 8]
19 3 13    0.26 (13)          6       1     22s   2221221221221x6
      Fq_k: [2, 3, 5, 8, 13, 21, 32, 26, 10, 4, 1, 1, 1]   N_k: [197717, 81517, 33106, 13526, 5575, 2213, 891, 389, 97, 42, 6, 6, 6]
20 2 11    0.07 ( 9)         20       2     47s   12221212221x16  21222212121x4
      Fq_k: [2, 3, 5, 8, 13, 21, 34, 41, 20, 8, 2]   N_k: [392181, 165155, 67462, 28034, 11141, 4534, 1917, 905, 267, 88, 20]
20 3 14    0.32 (14)         12       1     65s   12122221212122x12
      Fq_k: [2, 3, 5, 8, 13, 21, 32, 40, 25, 12, 8, 5, 1, 1]   N_k: [395031, 164854, 66542, 27226, 11150, 4609, 2037, 761, 266, 111, 67, 47, 12, 12]
21 2 13    0.21 (12)         24       2    230s   1222222222221x6  2122122221212x18
      Fq_k: [2, 3, 5, 8, 13, 21, 34, 47, 39, 15, 14, 8, 2]   N_k: [784532, 325726, 130221, 52562, 21888, 8567, 3251, 1462, 587, 293, 261, 217, 24]
21 3 16    0.98 (16)         24       1    342s   2221222212212122x24
      Fq_k: [2, 3, 5, 8, 13, 21, 34, 49, 36, 18, 9, 2, 1, 1, 1, 1]   N_k: [786595, 328757, 131606, 52782, 21197, 8779, 3344, 1513, 591, 305, 115, 50, 24, 24, 24, 24]
