 n c  k   N_k  j_pre  j_suf  fib_pre(n-k)  fib_suf(k)
 8 2   0   256      8      8             1           1
 8 2   1    87      8      8             2           2
 8 2   2    44      8      8             2           4
 8 2   3     9      4      8             1           6
influence I[k][j] for n=8 c=2 (rows k=1..n+2, cols j=0..n-1):
  k= 1: 0.12 0.45 0.48 0.41 0.44 0.39 0.61 0.47
  k= 2: 0.06 0.42 0.50 0.52 0.39 0.55 0.55 0.50
  k= 3: 0.11 0.41 0.42 0.48 0.58 0.45 0.55 0.45
  k= 4: 0.09 0.32 0.48 0.45 0.51 0.45 0.43 0.45
  k= 5: 0.08 0.25 0.52 0.58 0.62 0.42 0.34 0.44
  k= 6: 0.06 0.33 0.45 0.39 0.42 0.48 0.47 0.55
  k= 7: 0.11 0.28 0.34 0.45 0.55 0.48 0.48 0.61
  k= 8: 0.10 0.34 0.40 0.43 0.62 0.46 0.45 0.46
  k= 9: 0.07 0.37 0.40 0.48 0.52 0.59 0.52 0.54
  k=10: 0.06 0.38 0.50 0.53 0.56 0.55 0.52 0.47
 8 3   0   256      8      8             1           1
 8 3   1    97      8      8             2           2
 8 3   2    49      8      8             2           4
 8 3   3    17      8      8             2           4
 8 3   4     7      4      8             1           3
 8 3   5     4      2      8             1           3
 8 3   6     3      2      8             1           3
influence I[k][j] for n=8 c=3 (rows k=1..n+2, cols j=0..n-1):
  k= 1: 0.12 0.45 0.48 0.41 0.44 0.39 0.61 0.47
  k= 2: 0.06 0.42 0.50 0.52 0.39 0.55 0.55 0.50
  k= 3: 0.11 0.41 0.42 0.48 0.58 0.45 0.55 0.45
  k= 4: 0.09 0.32 0.48 0.45 0.51 0.45 0.43 0.45
  k= 5: 0.08 0.25 0.52 0.58 0.62 0.42 0.34 0.44
  k= 6: 0.06 0.33 0.45 0.39 0.42 0.48 0.47 0.55
  k= 7: 0.11 0.28 0.34 0.45 0.55 0.48 0.48 0.61
  k= 8: 0.10 0.34 0.40 0.43 0.62 0.46 0.45 0.46
  k= 9: 0.07 0.37 0.40 0.48 0.52 0.59 0.52 0.54
  k=10: 0.06 0.38 0.50 0.53 0.56 0.55 0.52 0.47
 9 2   0   512      9      9             1           1
 9 2   1   162      9      9             2           2
 9 2   2    57      9      9             2           4
 9 2   3    17      5      9             1           6
 9 2   4     4      2      9             1           2
influence I[k][j] for n=9 c=2 (rows k=1..n+2, cols j=0..n-1):
  k= 1: 0.09 0.38 0.51 0.57 0.54 0.43 0.48 0.59 0.62
  k= 2: 0.07 0.35 0.41 0.43 0.50 0.45 0.47 0.50 0.53
  k= 3: 0.06 0.38 0.45 0.54 0.52 0.47 0.48 0.48 0.45
  k= 4: 0.07 0.25 0.40 0.47 0.49 0.46 0.47 0.45 0.44
  k= 5: 0.08 0.29 0.51 0.46 0.49 0.57 0.53 0.44 0.55
  k= 6: 0.06 0.28 0.46 0.57 0.47 0.51 0.49 0.49 0.42
  k= 7: 0.06 0.33 0.46 0.55 0.48 0.57 0.52 0.54 0.43
  k= 8: 0.07 0.30 0.37 0.50 0.51 0.43 0.53 0.47 0.58
  k= 9: 0.07 0.31 0.39 0.47 0.52 0.47 0.54 0.52 0.46
  k=10: 0.07 0.27 0.43 0.47 0.47 0.56 0.51 0.42 0.53
  k=11: 0.04 0.35 0.47 0.53 0.59 0.54 0.44 0.42 0.60
 9 3   0   512      9      9             1           1
 9 3   1   214      9      9             2           2
 9 3   2   112      9      9             3           4
 9 3   3    53      8      9             2           6
 9 3   4    23      6      9             2           7
 9 3   5     6      3      9             1           6
 9 3   6     6      3      9             1           6
 9 3   7     6      3      9             2           6
 9 3   8     6      3      9             3           6
influence I[k][j] for n=9 c=3 (rows k=1..n+2, cols j=0..n-1):
  k= 1: 0.09 0.38 0.51 0.57 0.54 0.43 0.48 0.59 0.62
  k= 2: 0.07 0.35 0.41 0.43 0.50 0.45 0.47 0.50 0.53
  k= 3: 0.06 0.38 0.45 0.54 0.52 0.47 0.48 0.48 0.45
  k= 4: 0.07 0.25 0.40 0.47 0.49 0.46 0.47 0.45 0.44
  k= 5: 0.08 0.29 0.51 0.46 0.49 0.57 0.53 0.44 0.55
  k= 6: 0.06 0.28 0.46 0.57 0.47 0.51 0.49 0.49 0.42
  k= 7: 0.06 0.33 0.46 0.55 0.48 0.57 0.52 0.54 0.43
  k= 8: 0.07 0.30 0.37 0.50 0.51 0.43 0.53 0.47 0.58
  k= 9: 0.07 0.31 0.39 0.47 0.52 0.47 0.54 0.52 0.46
  k=10: 0.07 0.27 0.43 0.47 0.47 0.56 0.51 0.42 0.53
  k=11: 0.04 0.35 0.47 0.53 0.59 0.54 0.44 0.42 0.60
10 2   0  1024     10     10             1           1
10 2   1   396     10     10             2           2
10 2   2   177     10     10             3           4
10 2   3    62      9     10             2           6
10 2   4    26      8     10             2           6
10 2   5     6      3     10             1           4
influence I[k][j] for n=10 c=2 (rows k=1..n+2, cols j=0..n-1):
  k= 1: 0.06 0.31 0.46 0.49 0.44 0.52 0.51 0.51 0.43 0.58
  k= 2: 0.05 0.27 0.39 0.46 0.48 0.50 0.59 0.49 0.49 0.43
  k= 3: 0.07 0.33 0.46 0.47 0.53 0.42 0.53 0.52 0.49 0.53
  k= 4: 0.05 0.29 0.40 0.46 0.47 0.50 0.48 0.49 0.50 0.52
  k= 5: 0.06 0.30 0.46 0.51 0.50 0.52 0.52 0.49 0.47 0.53
  k= 6: 0.06 0.26 0.42 0.45 0.48 0.49 0.43 0.50 0.45 0.48
  k= 7: 0.05 0.28 0.48 0.54 0.48 0.46 0.46 0.48 0.48 0.57
  k= 8: 0.05 0.29 0.41 0.50 0.53 0.46 0.54 0.49 0.51 0.46
  k= 9: 0.05 0.26 0.41 0.45 0.44 0.50 0.48 0.56 0.51 0.52
  k=10: 0.06 0.29 0.47 0.45 0.50 0.51 0.47 0.53 0.55 0.49
  k=11: 0.05 0.29 0.41 0.50 0.49 0.51 0.54 0.52 0.50 0.51
  k=12: 0.06 0.28 0.41 0.48 0.44 0.46 0.51 0.51 0.58 0.42
10 3   0  1024     10     10             1           1
10 3   1   385     10     10             2           2
10 3   2   159     10     10             3           4
10 3   3    62      9     10             2           6
10 3   4    22      9     10             2           6
10 3   5    14      5     10             1           4
10 3   6    12      5     10             2           4
10 3   7     4      2     10             1           4
influence I[k][j] for n=10 c=3 (rows k=1..n+2, cols j=0..n-1):
  k= 1: 0.06 0.31 0.46 0.49 0.44 0.52 0.51 0.51 0.43 0.58
  k= 2: 0.05 0.27 0.39 0.46 0.48 0.50 0.59 0.49 0.49 0.43
  k= 3: 0.07 0.33 0.46 0.47 0.53 0.42 0.53 0.52 0.49 0.53
  k= 4: 0.05 0.29 0.40 0.46 0.47 0.50 0.48 0.49 0.50 0.52
  k= 5: 0.06 0.30 0.46 0.51 0.50 0.52 0.52 0.49 0.47 0.53
  k= 6: 0.06 0.26 0.42 0.45 0.48 0.49 0.43 0.50 0.45 0.48
  k= 7: 0.05 0.28 0.48 0.54 0.48 0.46 0.46 0.48 0.48 0.57
  k= 8: 0.05 0.29 0.41 0.50 0.53 0.46 0.54 0.49 0.51 0.46
  k= 9: 0.05 0.26 0.41 0.45 0.44 0.50 0.48 0.56 0.51 0.52
  k=10: 0.06 0.29 0.47 0.45 0.50 0.51 0.47 0.53 0.55 0.49
  k=11: 0.05 0.29 0.41 0.50 0.49 0.51 0.54 0.52 0.50 0.51
  k=12: 0.06 0.28 0.41 0.48 0.44 0.46 0.51 0.51 0.58 0.42
11 2   0  2048     11     11             1           1
11 2   1   728     11     11             2           2
11 2   2   285     11     11             3           4
11 2   3    93     11     11             2           6
11 2   4    36     10     11             2           8
11 2   5     9      5     11             1           4
11 2   6     4      2     11             1           4
influence I[k][j] for n=11 c=2 (rows k=1..n+2, cols j=0..n-1):
  k= 1: 0.05 0.32 0.47 0.48 0.50 0.53 0.49 0.45 0.56 0.50 0.54
  k= 2: 0.05 0.28 0.45 0.45 0.52 0.48 0.49 0.48 0.50 0.48 0.48
  k= 3: 0.04 0.26 0.41 0.50 0.48 0.49 0.52 0.49 0.55 0.50 0.50
  k= 4: 0.04 0.22 0.40 0.43 0.46 0.54 0.51 0.49 0.47 0.53 0.51
  k= 5: 0.05 0.26 0.37 0.45 0.52 0.46 0.48 0.45 0.47 0.48 0.54
  k= 6: 0.04 0.24 0.40 0.48 0.49 0.51 0.51 0.53 0.52 0.53 0.53
  k= 7: 0.04 0.25 0.42 0.45 0.46 0.52 0.54 0.58 0.50 0.50 0.49
  k= 8: 0.04 0.23 0.41 0.44 0.48 0.50 0.47 0.50 0.51 0.53 0.57
  k= 9: 0.04 0.24 0.37 0.48 0.48 0.53 0.54 0.48 0.51 0.51 0.56
  k=10: 0.04 0.22 0.34 0.40 0.43 0.51 0.46 0.52 0.52 0.50 0.48
  k=11: 0.04 0.25 0.37 0.49 0.50 0.53 0.50 0.51 0.51 0.51 0.54
  k=12: 0.04 0.25 0.37 0.48 0.52 0.47 0.51 0.50 0.47 0.48 0.47
  k=13: 0.05 0.26 0.39 0.49 0.48 0.50 0.49 0.51 0.49 0.52 0.48
11 3   0  2048     11     11             1           1
11 3   1   805     11     11             2           2
11 3   2   325     11     11             3           4
11 3   3   157     11     11             3           8
11 3   4    79     10     11             2          11
11 3   5    32     10     11             3           9
11 3   6    14      8     11             3           4
11 3   7    12      8     11             3           4
influence I[k][j] for n=11 c=3 (rows k=1..n+2, cols j=0..n-1):
  k= 1: 0.05 0.32 0.47 0.48 0.50 0.53 0.49 0.45 0.56 0.50 0.54
  k= 2: 0.05 0.28 0.45 0.45 0.52 0.48 0.49 0.48 0.50 0.48 0.48
  k= 3: 0.04 0.26 0.41 0.50 0.48 0.49 0.52 0.49 0.55 0.50 0.50
  k= 4: 0.04 0.22 0.40 0.43 0.46 0.54 0.51 0.49 0.47 0.53 0.51
  k= 5: 0.05 0.26 0.37 0.45 0.52 0.46 0.48 0.45 0.47 0.48 0.54
  k= 6: 0.04 0.24 0.40 0.48 0.49 0.51 0.51 0.53 0.52 0.53 0.53
  k= 7: 0.04 0.25 0.42 0.45 0.46 0.52 0.54 0.58 0.50 0.50 0.49
  k= 8: 0.04 0.23 0.41 0.44 0.48 0.50 0.47 0.50 0.51 0.53 0.57
  k= 9: 0.04 0.24 0.37 0.48 0.48 0.53 0.54 0.48 0.51 0.51 0.56
  k=10: 0.04 0.22 0.34 0.40 0.43 0.51 0.46 0.52 0.52 0.50 0.48
  k=11: 0.04 0.25 0.37 0.49 0.50 0.53 0.50 0.51 0.51 0.51 0.54
  k=12: 0.04 0.25 0.37 0.48 0.52 0.47 0.51 0.50 0.47 0.48 0.47
  k=13: 0.05 0.26 0.39 0.49 0.48 0.50 0.49 0.51 0.49 0.52 0.48
12 2   0  4096     12     12             1           1
12 2   1  1607     12     12             2           2
12 2   2   752     12     12             4           4
12 2   3   278     12     12             3           8
12 2   4   119      9     12             2          12
12 2   5    33      9     12             2           7
12 2   6    14      9     12             2           4
12 2   7     6      3     12             1           4
12 2   8     2      1     12             1           2
12 2   9     2      1     12             1           2
influence I[k][j] for n=12 c=2 (rows k=1..n+2, cols j=0..n-1):
  k= 1: 0.04 0.27 0.45 0.48 0.49 0.49 0.47 0.54 0.50 0.49 0.53 0.48
  k= 2: 0.03 0.22 0.39 0.50 0.48 0.49 0.52 0.51 0.52 0.50 0.49 0.50
  k= 3: 0.03 0.21 0.36 0.44 0.50 0.49 0.50 0.51 0.52 0.50 0.50 0.51
  k= 4: 0.03 0.22 0.38 0.47 0.50 0.49 0.48 0.48 0.49 0.51 0.50 0.47
  k= 5: 0.03 0.20 0.36 0.44 0.52 0.52 0.50 0.53 0.50 0.51 0.55 0.50
  k= 6: 0.04 0.22 0.34 0.43 0.49 0.43 0.46 0.49 0.49 0.52 0.52 0.45
  k= 7: 0.03 0.20 0.39 0.45 0.45 0.49 0.52 0.47 0.47 0.46 0.51 0.52
  k= 8: 0.03 0.22 0.36 0.45 0.49 0.49 0.46 0.49 0.49 0.51 0.49 0.46
  k= 9: 0.03 0.20 0.38 0.45 0.49 0.51 0.48 0.49 0.54 0.51 0.51 0.51
  k=10: 0.04 0.23 0.42 0.45 0.48 0.54 0.51 0.43 0.48 0.49 0.49 0.46
  k=11: 0.03 0.20 0.36 0.46 0.45 0.50 0.50 0.48 0.49 0.47 0.51 0.51
  k=12: 0.03 0.22 0.41 0.46 0.50 0.48 0.48 0.47 0.51 0.49 0.50 0.50
  k=13: 0.04 0.19 0.36 0.45 0.52 0.47 0.47 0.50 0.50 0.47 0.50 0.46
  k=14: 0.03 0.22 0.39 0.45 0.50 0.47 0.50 0.48 0.51 0.52 0.49 0.48
12 3   0  4096     12     12             1           1
12 3   1  1487     12     12             2           2
12 3   2   721     12     12             3           4
12 3   3   226     12     12             3           8
12 3   4    87     12     12             3           8
12 3   5    44      8     12             2           8
12 3   6     5      4     12             1           4
12 3   7     1      0      0             1           1
12 3   8     1      0      0             1           1
influence I[k][j] for n=12 c=3 (rows k=1..n+2, cols j=0..n-1):
  k= 1: 0.04 0.27 0.45 0.48 0.49 0.49 0.47 0.54 0.50 0.49 0.53 0.48
  k= 2: 0.03 0.22 0.39 0.50 0.48 0.49 0.52 0.51 0.52 0.50 0.49 0.50
  k= 3: 0.03 0.21 0.36 0.44 0.50 0.49 0.50 0.51 0.52 0.50 0.50 0.51
  k= 4: 0.03 0.22 0.38 0.47 0.50 0.49 0.48 0.48 0.49 0.51 0.50 0.47
  k= 5: 0.03 0.20 0.36 0.44 0.52 0.52 0.50 0.53 0.50 0.51 0.55 0.50
  k= 6: 0.04 0.22 0.34 0.43 0.49 0.43 0.46 0.49 0.49 0.52 0.52 0.45
  k= 7: 0.03 0.20 0.39 0.45 0.45 0.49 0.52 0.47 0.47 0.46 0.51 0.52
  k= 8: 0.03 0.22 0.36 0.45 0.49 0.49 0.46 0.49 0.49 0.51 0.49 0.46
  k= 9: 0.03 0.20 0.38 0.45 0.49 0.51 0.48 0.49 0.54 0.51 0.51 0.51
  k=10: 0.04 0.23 0.42 0.45 0.48 0.54 0.51 0.43 0.48 0.49 0.49 0.46
  k=11: 0.03 0.20 0.36 0.46 0.45 0.50 0.50 0.48 0.49 0.47 0.51 0.51
  k=12: 0.03 0.22 0.41 0.46 0.50 0.48 0.48 0.47 0.51 0.49 0.50 0.50
  k=13: 0.04 0.19 0.36 0.45 0.52 0.47 0.47 0.50 0.50 0.47 0.50 0.46
  k=14: 0.03 0.22 0.39 0.45 0.50 0.47 0.50 0.48 0.51 0.52 0.49 0.48
13 2   0  8192     13     13             1           1
13 2   1  3068     13     13             2           2
13 2   2  1146     13     13             3           4
13 2   3   489     13     13             3           8
13 2   4   171     13     13             3          10
13 2   5    81     11     13             2          10
13 2   6    27     11     13             2          10
13 2   7    12      6     13             1          10
influence I[k][j] for n=13 c=2 (rows k=1..n+2, cols j=0..n-1):
  k= 1: 0.03 0.23 0.44 0.48 0.50 0.50 0.50 0.50 0.52 0.50 0.51 0.50 0.52
  k= 2: 0.03 0.20 0.39 0.46 0.52 0.50 0.51 0.48 0.51 0.50 0.48 0.50 0.49
  k= 3: 0.03 0.19 0.36 0.45 0.49 0.49 0.49 0.51 0.52 0.51 0.48 0.50 0.50
  k= 4: 0.03 0.19 0.36 0.43 0.47 0.48 0.48 0.50 0.51 0.53 0.51 0.49 0.48
  k= 5: 0.03 0.19 0.36 0.45 0.47 0.48 0.49 0.50 0.51 0.49 0.51 0.53 0.51
  k= 6: 0.03 0.19 0.35 0.46 0.48 0.48 0.49 0.52 0.51 0.51 0.50 0.50 0.49
  k= 7: 0.03 0.19 0.36 0.44 0.47 0.47 0.47 0.50 0.47 0.52 0.52 0.49 0.48
  k= 8: 0.03 0.21 0.37 0.44 0.49 0.48 0.49 0.49 0.50 0.49 0.50 0.50 0.51
  k= 9: 0.03 0.18 0.36 0.42 0.50 0.49 0.51 0.48 0.49 0.50 0.49 0.53 0.47
  k=10: 0.03 0.19 0.34 0.44 0.46 0.47 0.49 0.48 0.52 0.49 0.53 0.51 0.52
  k=11: 0.03 0.20 0.34 0.45 0.50 0.48 0.47 0.49 0.50 0.51 0.52 0.48 0.50
  k=12: 0.03 0.19 0.35 0.42 0.47 0.49 0.51 0.52 0.52 0.50 0.48 0.50 0.52
  k=13: 0.03 0.19 0.35 0.45 0.50 0.49 0.50 0.50 0.50 0.50 0.51 0.48 0.47
  k=14: 0.03 0.18 0.34 0.45 0.48 0.51 0.50 0.47 0.53 0.50 0.53 0.49 0.49
  k=15: 0.03 0.19 0.36 0.44 0.48 0.48 0.51 0.51 0.52 0.50 0.50 0.51 0.47
13 3   0  8192     13     13             1           1
13 3   1  3094     13     13             2           2
13 3   2  1266     13     13             3           4
13 3   3   503     13     13             3           8
13 3   4   176     13     13             4           8
13 3   5    70     12     13             3           6
13 3   6    20      7     13             1           6
13 3   7     9      5     13             1           5
13 3   8     3      2     13             1           3
13 3   9     3      2     13             1           3
influence I[k][j] for n=13 c=3 (rows k=1..n+2, cols j=0..n-1):
  k= 1: 0.03 0.23 0.44 0.48 0.50 0.50 0.50 0.50 0.52 0.50 0.51 0.50 0.52
  k= 2: 0.03 0.20 0.39 0.46 0.52 0.50 0.51 0.48 0.51 0.50 0.48 0.50 0.49
  k= 3: 0.03 0.19 0.36 0.45 0.49 0.49 0.49 0.51 0.52 0.51 0.48 0.50 0.50
  k= 4: 0.03 0.19 0.36 0.43 0.47 0.48 0.48 0.50 0.51 0.53 0.51 0.49 0.48
  k= 5: 0.03 0.19 0.36 0.45 0.47 0.48 0.49 0.50 0.51 0.49 0.51 0.53 0.51
  k= 6: 0.03 0.19 0.35 0.46 0.48 0.48 0.49 0.52 0.51 0.51 0.50 0.50 0.49
  k= 7: 0.03 0.19 0.36 0.44 0.47 0.47 0.47 0.50 0.47 0.52 0.52 0.49 0.48
  k= 8: 0.03 0.21 0.37 0.44 0.49 0.48 0.49 0.49 0.50 0.49 0.50 0.50 0.51
  k= 9: 0.03 0.18 0.36 0.42 0.50 0.49 0.51 0.48 0.49 0.50 0.49 0.53 0.47
  k=10: 0.03 0.19 0.34 0.44 0.46 0.47 0.49 0.48 0.52 0.49 0.53 0.51 0.52
  k=11: 0.03 0.20 0.34 0.45 0.50 0.48 0.47 0.49 0.50 0.51 0.52 0.48 0.50
  k=12: 0.03 0.19 0.35 0.42 0.47 0.49 0.51 0.52 0.52 0.50 0.48 0.50 0.52
  k=13: 0.03 0.19 0.35 0.45 0.50 0.49 0.50 0.50 0.50 0.50 0.51 0.48 0.47
  k=14: 0.03 0.18 0.34 0.45 0.48 0.51 0.50 0.47 0.53 0.50 0.53 0.49 0.49
  k=15: 0.03 0.19 0.36 0.44 0.48 0.48 0.51 0.51 0.52 0.50 0.50 0.51 0.47
