word = 1111212111111121222222122222  (source 11112121111111212, forced 22222122222, depth 11)
      u: 0123456789012345678901234567
d=  17:                  22222222222 <- pinned row n
d=  16:                 031111111111
d=  15:                3301232323232
d=  14:               10223103030303
d=  13:              122110130022002
d=  12:             2311233200031331
d=  11:            11012102133301023
d=  10:           123321221202001310
d=   9:          2310212112131332013
d=   8:         11013121231201021320
d=   7:        323320112101132212033
d=   6:       1030213231223203121302
d=   5:      32200320301110330112003
d=   4:     103133033001233022321330
d=   3:    2330102202223102211032022
d=   2:   21022331131110131123303311
d=   1:  212211023201233201210220232
d=   0: 2121123310332102132122113103
d=  -1: 1212310233021221203211230130
d=  -2:  121013102212112130323100100
d=  -3:   12230131121231200210133222
d=  -4:    1100101212101133122302111
d=  -5:     222332121223202311003232
d=  -6:      11021212110331012220303
d=  -7:       2212121233023321113002
d=  -8:        121212102210212320003
d=  -9:         12121221122121033330
d= -10:          1212112311212202022
d= -11:           121231012121131311
d= -12:            12101321212301012
d= -13:             1223032121001321
d= -14:              110021212223032
d= -15:               22212121110021
d= -16:                1121212322212
d= -17:                 212121031121
d= -18:                  21212201212
d= -19:                   2121132121
d= -20:                    212303212
d= -21:                     21002121
d= -22:                      2221212
d= -23:                       112121
d= -24:                        21212
d= -25:                         2121
d= -26:                          212
d= -27:                           21
d= -28:                            2

word = 1121122111111121222222122222  (source 11211221111111212, forced 22222122222, depth 11)
      u: 0123456789012345678901234567
d=  17:                  22222222222 <- pinned row n
d=  16:                 031111111111
d=  15:                3301232323232
d=  14:               30223103030303
d=  13:              022110130022002
d=  12:             3311233200031331
d=  11:            30232102133301023
d=  10:           200303221202001310
d=   9:          3133002112131332013
d=   8:         30102221231201021320
d=   7:        022331112101132212033
d=   6:       2211023231223203121302
d=   5:      21123310301110330112003
d=   4:     032310233001233022321330
d=   3:    1303013102223102211032022
d=   2:   12002230131110131123303311
d=   1:  231331100101233201210220232
d=   0: 2101023222332102132122113103
d=  -1: 1223310311021221203211230130
d=  -2:  110233012212112130323100100
d=  -3:   22102231121231200210133222
d=  -4:    1221101212101133122302111
d=  -5:     112332121223202311003232
d=  -6:      21021212110331012220303
d=  -7:       2212121233023321113002
d=  -8:        121212102210212320003
d=  -9:         12121221122121033330
d= -10:          1212112311212202022
d= -11:           121231012121131311
d= -12:            12101321212301012
d= -13:             1223032121001321
d= -14:              110021212223032
d= -15:               22212121110021
d= -16:                1121212322212
d= -17:                 212121031121
d= -18:                  21212201212
d= -19:                   2121132121
d= -20:                    212303212
d= -21:                     21002121
d= -22:                      2221212
d= -23:                       112121
d= -24:                        21212
d= -25:                         2121
d= -26:                          212
d= -27:                           21
d= -28:                            2

word = 1122122111111121222222122222  (source 11221221111111212, forced 22222122222, depth 11)
      u: 0123456789012345678901234567
d=  17:                  22222222222 <- pinned row n
d=  16:                 031111111111
d=  15:                3301232323232
d=  14:               10223103030303
d=  13:              322110130022002
d=  12:             2031233200031331
d=  11:            11301102133301023
d=  10:           232001221202001310
d=   9:          0303332112131332013
d=   8:         13002021231201021320
d=   7:        120003312101132212033
d=   6:       2313330231223203121302
d=   5:      11010200301110330112003
d=   4:     123322133001233022321330
d=   3:    3210211202223102211032022
d=   2:   10322123131110131123303311
d=   1:  233031210101233201210220232
d=   0: 2102201122332102132122113103
d=  -1: 1221132311021221203211230130
d=  -2:  112303012212112130323100100
d=  -3:   21002231121231200210133222
d=  -4:    2221101212101133122302111
d=  -5:     112332121223202311003232
d=  -6:      21021212110331012220303
d=  -7:       2212121233023321113002
d=  -8:        121212102210212320003
d=  -9:         12121221122121033330
d= -10:          1212112311212202022
d= -11:           121231012121131311
d= -12:            12101321212301012
d= -13:             1223032121001321
d= -14:              110021212223032
d= -15:               22212121110021
d= -16:                1121212322212
d= -17:                 212121031121
d= -18:                  21212201212
d= -19:                   2121132121
d= -20:                    212303212
d= -21:                     21002121
d= -22:                      2221212
d= -23:                       112121
d= -24:                        21212
d= -25:                         2121
d= -26:                          212
d= -27:                           21
d= -28:                            2

word = 1211212111111121222222122222  (source 12112121111111212, forced 22222122222, depth 11)
      u: 0123456789012345678901234567
d=  17:                  22222222222 <- pinned row n
d=  16:                 031111111111
d=  15:                3301232323232
d=  14:               10223103030303
d=  13:              122110130022002
d=  12:             2311233200031331
d=  11:            31012102133301023
d=  10:           023321221202001310
d=   9:          3310212112131332013
d=   8:         02013121231201021320
d=   7:        003320112101132212033
d=   6:       3330213231223203121302
d=   5:      10200320301110330112003
d=   4:     013133033001233022321330
d=   3:    0010102202223102211032022
d=   2:   13322331131110131123303311
d=   1:  010211023201233201210220232
d=   0: 2233123310332102132122113103
d=  -1: 1102310233021221203211230130
d=  -2:  221013102212112130323100100
d=  -3:   12230131121231200210133222
d=  -4:    1100101212101133122302111
d=  -5:     222332121223202311003232
d=  -6:      11021212110331012220303
d=  -7:       2212121233023321113002
d=  -8:        121212102210212320003
d=  -9:         12121221122121033330
d= -10:          1212112311212202022
d= -11:           121231012121131311
d= -12:            12101321212301012
d= -13:             1223032121001321
d= -14:              110021212223032
d= -15:               22212121110021
d= -16:                1121212322212
d= -17:                 212121031121
d= -18:                  21212201212
d= -19:                   2121132121
d= -20:                    212303212
d= -21:                     21002121
d= -22:                      2221212
d= -23:                       112121
d= -24:                        21212
d= -25:                         2121
d= -26:                          212
d= -27:                           21
d= -28:                            2

word = 1222122111111121222222122222  (source 12221221111111212, forced 22222122222, depth 11)
      u: 0123456789012345678901234567
d=  17:                  22222222222 <- pinned row n
d=  16:                 031111111111
d=  15:                3301232323232
d=  14:               10223103030303
d=  13:              322110130022002
d=  12:             2031233200031331
d=  11:            11301102133301023
d=  10:           232001221202001310
d=   9:          0303332112131332013
d=   8:         33002021231201021320
d=   7:        020003312101132212033
d=   6:       1313330231223203121302
d=   5:      01010200301110330112003
d=   4:     223322133001233022321330
d=   3:    1110211202223102211032022
d=   2:   32322123131110131123303311
d=   1:  021031210101233201210220232
d=   0: 2212201122332102132122113103
d=  -1: 1121132311021221203211230130
d=  -2:  212303012212112130323100100
d=  -3:   21002231121231200210133222
d=  -4:    2221101212101133122302111
d=  -5:     112332121223202311003232
d=  -6:      21021212110331012220303
d=  -7:       2212121233023321113002
d=  -8:        121212102210212320003
d=  -9:         12121221122121033330
d= -10:          1212112311212202022
d= -11:           121231012121131311
d= -12:            12101321212301012
d= -13:             1223032121001321
d= -14:              110021212223032
d= -15:               22212121110021
d= -16:                1121212322212
d= -17:                 212121031121
d= -18:                  21212201212
d= -19:                   2121132121
d= -20:                    212303212
d= -21:                     21002121
d= -22:                      2221212
d= -23:                       112121
d= -24:                        21212
d= -25:                         2121
d= -26:                          212
d= -27:                           21
d= -28:                            2

word = 2111212111111121222222122222  (source 21112121111111212, forced 22222122222, depth 11)
      u: 0123456789012345678901234567
d=  17:                  22222222222 <- pinned row n
d=  16:                 031111111111
d=  15:                3301232323232
d=  14:               10223103030303
d=  13:              122110130022002
d=  12:             2311233200031331
d=  11:            11012102133301023
d=  10:           123321221202001310
d=   9:          2310212112131332013
d=   8:         11013121231201021320
d=   7:        323320112101132212033
d=   6:       3030213231223203121302
d=   5:      02200320301110330112003
d=   4:     003133033001233022321330
d=   3:    1330102202223102211032022
d=   2:   01022331131110131123303311
d=   1:  332211023201233201210220232
d=   0: 1021123310332102132122113103
d=  -1: 2212310233021221203211230130
d=  -2:  121013102212112130323100100
d=  -3:   12230131121231200210133222
d=  -4:    1100101212101133122302111
d=  -5:     222332121223202311003232
d=  -6:      11021212110331012220303
d=  -7:       2212121233023321113002
d=  -8:        121212102210212320003
d=  -9:         12121221122121033330
d= -10:          1212112311212202022
d= -11:           121231012121131311
d= -12:            12101321212301012
d= -13:             1223032121001321
d= -14:              110021212223032
d= -15:               22212121110021
d= -16:                1121212322212
d= -17:                 212121031121
d= -18:                  21212201212
d= -19:                   2121132121
d= -20:                    212303212
d= -21:                     21002121
d= -22:                      2221212
d= -23:                       112121
d= -24:                        21212
d= -25:                         2121
d= -26:                          212
d= -27:                           21
d= -28:                            2

word = 2121122111111121222222122222  (source 21211221111111212, forced 22222122222, depth 11)
      u: 0123456789012345678901234567
d=  17:                  22222222222 <- pinned row n
d=  16:                 031111111111
d=  15:                3301232323232
d=  14:               30223103030303
d=  13:              022110130022002
d=  12:             3311233200031331
d=  11:            30232102133301023
d=  10:           200303221202001310
d=   9:          3133002112131332013
d=   8:         10102221231201021320
d=   7:        122331112101132212033
d=   6:       1211023231223203121302
d=   5:      01123310301110330112003
d=   4:     132310233001233022321330
d=   3:    2303013102223102211032022
d=   2:   31002230131110131123303311
d=   1:  301331100101233201210220232
d=   0: 1001023222332102132122113103
d=  -1: 2223310311021221203211230130
d=  -2:  110233012212112130323100100
d=  -3:   22102231121231200210133222
d=  -4:    1221101212101133122302111
d=  -5:     112332121223202311003232
d=  -6:      21021212110331012220303
d=  -7:       2212121233023321113002
d=  -8:        121212102210212320003
d=  -9:         12121221122121033330
d= -10:          1212112311212202022
d= -11:           121231012121131311
d= -12:            12101321212301012
d= -13:             1223032121001321
d= -14:              110021212223032
d= -15:               22212121110021
d= -16:                1121212322212
d= -17:                 212121031121
d= -18:                  21212201212
d= -19:                   2121132121
d= -20:                    212303212
d= -21:                     21002121
d= -22:                      2221212
d= -23:                       112121
d= -24:                        21212
d= -25:                         2121
d= -26:                          212
d= -27:                           21
d= -28:                            2

word = 2122122111111121222222122222  (source 21221221111111212, forced 22222122222, depth 11)
      u: 0123456789012345678901234567
d=  17:                  22222222222 <- pinned row n
d=  16:                 031111111111
d=  15:                3301232323232
d=  14:               10223103030303
d=  13:              322110130022002
d=  12:             2031233200031331
d=  11:            11301102133301023
d=  10:           232001221202001310
d=   9:          0303332112131332013
d=   8:         33002021231201021320
d=   7:        020003312101132212033
d=   6:       1313330231223203121302
d=   5:      01010200301110330112003
d=   4:     223322133001233022321330
d=   3:    1110211202223102211032022
d=   2:   32322123131110131123303311
d=   1:  303031210101233201210220232
d=   0: 1002201122332102132122113103
d=  -1: 2221132311021221203211230130
d=  -2:  112303012212112130323100100
d=  -3:   21002231121231200210133222
d=  -4:    2221101212101133122302111
d=  -5:     112332121223202311003232
d=  -6:      21021212110331012220303
d=  -7:       2212121233023321113002
d=  -8:        121212102210212320003
d=  -9:         12121221122121033330
d= -10:          1212112311212202022
d= -11:           121231012121131311
d= -12:            12101321212301012
d= -13:             1223032121001321
d= -14:              110021212223032
d= -15:               22212121110021
d= -16:                1121212322212
d= -17:                 212121031121
d= -18:                  21212201212
d= -19:                   2121132121
d= -20:                    212303212
d= -21:                     21002121
d= -22:                      2221212
d= -23:                       112121
d= -24:                        21212
d= -25:                         2121
d= -26:                          212
d= -27:                           21
d= -28:                            2

word = 2211212111111121222222122222  (source 22112121111111212, forced 22222122222, depth 11)
      u: 0123456789012345678901234567
d=  17:                  22222222222 <- pinned row n
d=  16:                 031111111111
d=  15:                3301232323232
d=  14:               10223103030303
d=  13:              122110130022002
d=  12:             2311233200031331
d=  11:            31012102133301023
d=  10:           023321221202001310
d=   9:          3310212112131332013
d=   8:         02013121231201021320
d=   7:        003320112101132212033
d=   6:       3330213231223203121302
d=   5:      20200320301110330112003
d=   4:     313133033001233022321330
d=   3:    1010102202223102211032022
d=   2:   23322331131110131123303311
d=   1:  110211023201233201210220232
d=   0: 1233123310332102132122113103
d=  -1: 2102310233021221203211230130
d=  -2:  221013102212112130323100100
d=  -3:   12230131121231200210133222
d=  -4:    1100101212101133122302111
d=  -5:     222332121223202311003232
d=  -6:      11021212110331012220303
d=  -7:       2212121233023321113002
d=  -8:        121212102210212320003
d=  -9:         12121221122121033330
d= -10:          1212112311212202022
d= -11:           121231012121131311
d= -12:            12101321212301012
d= -13:             1223032121001321
d= -14:              110021212223032
d= -15:               22212121110021
d= -16:                1121212322212
d= -17:                 212121031121
d= -18:                  21212201212
d= -19:                   2121132121
d= -20:                    212303212
d= -21:                     21002121
d= -22:                      2221212
d= -23:                       112121
d= -24:                        21212
d= -25:                         2121
d= -26:                          212
d= -27:                           21
d= -28:                            2

word = 2222122111111121222222122222  (source 22221221111111212, forced 22222122222, depth 11)
      u: 0123456789012345678901234567
d=  17:                  22222222222 <- pinned row n
d=  16:                 031111111111
d=  15:                3301232323232
d=  14:               10223103030303
d=  13:              322110130022002
d=  12:             2031233200031331
d=  11:            11301102133301023
d=  10:           232001221202001310
d=   9:          0303332112131332013
d=   8:         33002021231201021320
d=   7:        020003312101132212033
d=   6:       1313330231223203121302
d=   5:      01010200301110330112003
d=   4:     223322133001233022321330
d=   3:    1110211202223102211032022
d=   2:   12322123131110131123303311
d=   1:  121031210101233201210220232
d=   0: 1212201122332102132122113103
d=  -1: 2121132311021221203211230130
d=  -2:  212303012212112130323100100
d=  -3:   21002231121231200210133222
d=  -4:    2221101212101133122302111
d=  -5:     112332121223202311003232
d=  -6:      21021212110331012220303
d=  -7:       2212121233023321113002
d=  -8:        121212102210212320003
d=  -9:         12121221122121033330
d= -10:          1212112311212202022
d= -11:           121231012121131311
d= -12:            12101321212301012
d= -13:             1223032121001321
d= -14:              110021212223032
d= -15:               22212121110021
d= -16:                1121212322212
d= -17:                 212121031121
d= -18:                  21212201212
d= -19:                   2121132121
d= -20:                    212303212
d= -21:                     21002121
d= -22:                      2221212
d= -23:                       112121
d= -24:                        21212
d= -25:                         2121
d= -26:                          212
d= -27:                           21
d= -28:                            2

n=17 c=2: 10 sources reach depth 11
