word = 11111121222111222212121212  (source 1111112122211122, forced 2212121212, depth 10)
      u: 01234567890123456789012345
d=  16:                 3333333333 <- pinned row n
d=  15:                30202020202
d=  14:               300331313131
d=  13:              3000201010101
d=  12:             10000332233223
d=  11:            013333021102110
d=  10:           1320202212331233
d=   9:          01033131121023102
d=   8:         132202301212210131
d=   7:        1203131001121122301
d=   6:       12130101332312311001
d=   5:      231200132021011012223
d=   4:     2101133203312232231110
d=   3:    21223202130231103101233
d=   2:   212110331200301220132102
d=   1:  2121233023133001113203221
d=   0: 21212102210102223230330312
d=  -1: 12121221122331110300200231
d=  -2:  1212112311023233000333101
d=  -3:   121231012210302222020132
d=  -4:    12101321122003111313203
d=  -5:     1223032311330123010330
d=  -6:      110021012022310013022
d=  -7:       22212231311013320031
d=  -8:        1121101012230213301
d=  -9:         212332231100320223
d= -10:          21021101222033110
d= -11:           2212332111302322
d= -12:            121021232003031
d= -13:             12212103330023
d= -14:              1121220200030
d= -15:               212113133300
d= -16:                21230102000
d= -17:                 2100131333
d= -18:                  222301020
d= -19:                   11001313
d= -20:                    2223010
d= -21:                     110013
d= -22:                      22230
d= -23:                       1100
d= -24:                        222
d= -25:                         11
d= -26:                          2

word = 11121121222111222212121212  (source 1112112122211122, forced 2212121212, depth 10)
      u: 01234567890123456789012345
d=  16:                 3333333333 <- pinned row n
d=  15:                30202020202
d=  14:               300331313131
d=  13:              3000201010101
d=  12:             20000332233223
d=  11:            113333021102110
d=  10:           2320202212331233
d=   9:          21033131121023102
d=   8:         312202301212210131
d=   7:        0231131001121122301
d=   6:       13101201332312311001
d=   5:      010132132021011012223
d=   4:     3322303203312232231110
d=   3:    02031002130231103101233
d=   2:   221301331200301220132102
d=   1:  2112001023133001113203221
d=   0: 21231332210102223230330312
d=  -1: 12101021122331110300200231
d=  -2:  1223312311023233000333101
d=  -3:   110231012210302222020132
d=  -4:    22101321122003111313203
d=  -5:     1223032311330123010330
d=  -6:      110021012022310013022
d=  -7:       22212231311013320031
d=  -8:        1121101012230213301
d=  -9:         212332231100320223
d= -10:          21021101222033110
d= -11:           2212332111302322
d= -12:            121021232003031
d= -13:             12212103330023
d= -14:              1121220200030
d= -15:               212113133300
d= -16:                21230102000
d= -17:                 2100131333
d= -18:                  222301020
d= -19:                   11001313
d= -20:                    2223010
d= -21:                     110013
d= -22:                      22230
d= -23:                       1100
d= -24:                        222
d= -25:                         11
d= -26:                          2

word = 11222221112211212121212121  (source 1122222111221121, forced 2121212121, depth 10)
      u: 01234567890123456789012345
d=  16:                 3333333333 <- pinned row n
d=  15:                20202020202
d=  14:               033131313131
d=  13:              0020101010101
d=  12:             13313223322332
d=  11:            230230310211021
d=  10:           2100300233123312
d=   9:          31222000302310231
d=   8:         201111333003013101
d=   7:        3132323020002230132
d=   6:       30103030033331100103
d=   5:      022330022202023222330
d=   4:     2211022211131310311022
d=   3:    31123311123201013012211
d=   2:   101210232310332230011123
d=   1:  2332122103013021100012310
d=   0: 21021211220010032333321013
d=  -1: 12212123113322203020212230
d=  -2:  1121210120211130033121100
d=  -3:   212122313123200020112333
d=  -4:    21211010110333313231020
d=  -5:     2123322322020230301313
d=  -6:      210211031313100223010
d=  -7:       22123301010133110013
d=  -8:        1210223322302322230
d=  -9:         122110211003031100
d= -10:          11233123330023222
d= -11:           2102310200030311
d= -12:            221013133300232
d= -13:             12230102000303
d= -14:              1100131333002
d= -15:               222301020003
d= -16:                11001313330
d= -17:                 2223010200
d= -18:                  110013133
d= -19:                   22230102
d= -20:                    1100131
d= -21:                     222301
d= -22:                      11001
d= -23:                       2223
d= -24:                        110
d= -25:                         22
d= -26:                          1

word = 12111121222111222212121212  (source 1211112122211122, forced 2212121212, depth 10)
      u: 01234567890123456789012345
d=  16:                 3333333333 <- pinned row n
d=  15:                30202020202
d=  14:               300331313131
d=  13:              3000201010101
d=  12:             20000332233223
d=  11:            113333021102110
d=  10:           2320202212331233
d=   9:          21033131121023102
d=   8:         032202301212210131
d=   7:        2203131001121122301
d=   6:       31130101332312311001
d=   5:      301200132021011012223
d=   4:     3001133203312232231110
d=   3:    02223202130231103101233
d=   2:   131110331200301220132102
d=   1:  0101233023133001113203221
d=   0: 22332102210102223230330312
d=  -1: 11021221122331110300200231
d=  -2:  2212112311023233000333101
d=  -3:   121231012210302222020132
d=  -4:    12101321122003111313203
d=  -5:     1223032311330123010330
d=  -6:      110021012022310013022
d=  -7:       22212231311013320031
d=  -8:        1121101012230213301
d=  -9:         212332231100320223
d= -10:          21021101222033110
d= -11:           2212332111302322
d= -12:            121021232003031
d= -13:             12212103330023
d= -14:              1121220200030
d= -15:               212113133300
d= -16:                21230102000
d= -17:                 2100131333
d= -18:                  222301020
d= -19:                   11001313
d= -20:                    2223010
d= -21:                     110013
d= -22:                      22230
d= -23:                       1100
d= -24:                        222
d= -25:                         11
d= -26:                          2

word = 12121121222111222212121212  (source 1212112122211122, forced 2212121212, depth 10)
      u: 01234567890123456789012345
d=  16:                 3333333333 <- pinned row n
d=  15:                30202020202
d=  14:               300331313131
d=  13:              3000201010101
d=  12:             20000332233223
d=  11:            213333021102110
d=  10:           0320202212331233
d=   9:          33033131121023102
d=   8:         202202301212210131
d=   7:        0331131001121122301
d=   6:       00201201332312311001
d=   5:      333132132021011012223
d=   4:     0202303203312232231110
d=   3:    33131002130231103101233
d=   2:   102301331200301220132102
d=   1:  0131001023133001113203221
d=   0: 22301332210102223230330312
d=  -1: 11001021122331110300200231
d=  -2:  2223312311023233000333101
d=  -3:   110231012210302222020132
d=  -4:    22101321122003111313203
d=  -5:     1223032311330123010330
d=  -6:      110021012022310013022
d=  -7:       22212231311013320031
d=  -8:        1121101012230213301
d=  -9:         212332231100320223
d= -10:          21021101222033110
d= -11:           2212332111302322
d= -12:            121021232003031
d= -13:             12212103330023
d= -14:              1121220200030
d= -15:               212113133300
d= -16:                21230102000
d= -17:                 2100131333
d= -18:                  222301020
d= -19:                   11001313
d= -20:                    2223010
d= -21:                     110013
d= -22:                      22230
d= -23:                       1100
d= -24:                        222
d= -25:                         11
d= -26:                          2

word = 12122221112211212121212121  (source 1212222111221121, forced 2121212121, depth 10)
      u: 01234567890123456789012345
d=  16:                 3333333333 <- pinned row n
d=  15:                20202020202
d=  14:               033131313131
d=  13:              0020101010101
d=  12:             13313223322332
d=  11:            230230310211021
d=  10:           2100300233123312
d=   9:          31222000302310231
d=   8:         201111333003013101
d=   7:        3132323020002230132
d=   6:       30103030033331100103
d=   5:      022330022202023222330
d=   4:     2211022211131310311022
d=   3:    31123311123201013012211
d=   2:   101210232310332230011123
d=   1:  0132122103013021100012310
d=   0: 22303211220010032333321013
d=  -1: 11002123113322203020212230
d=  -2:  2221210120211130033121100
d=  -3:   112122313123200020112333
d=  -4:    21211010110333313231020
d=  -5:     2123322322020230301313
d=  -6:      210211031313100223010
d=  -7:       22123301010133110013
d=  -8:        1210223322302322230
d=  -9:         122110211003031100
d= -10:          11233123330023222
d= -11:           2102310200030311
d= -12:            221013133300232
d= -13:             12230102000303
d= -14:              1100131333002
d= -15:               222301020003
d= -16:                11001313330
d= -17:                 2223010200
d= -18:                  110013133
d= -19:                   22230102
d= -20:                    1100131
d= -21:                     222301
d= -22:                      11001
d= -23:                       2223
d= -24:                        110
d= -25:                         22
d= -26:                          1

word = 12211221112211212121212121  (source 1221122111221121, forced 2121212121, depth 10)
      u: 01234567890123456789012345
d=  16:                 3333333333 <- pinned row n
d=  15:                20202020202
d=  14:               033131313131
d=  13:              0020101010101
d=  12:             13313223322332
d=  11:            230230310211021
d=  10:           1100300233123312
d=   9:          01222000302310231
d=   8:         223111333003013101
d=   7:        0310123020002230132
d=   6:       33013210033331100103
d=   5:      302230322202023222330
d=   4:     2003100211131310311022
d=   3:    31330133123201013012211
d=   2:   301022302310332230011123
d=   1:  0223311003013021100012310
d=   0: 22110232220010032333321013
d=  -1: 11233103113322203020212230
d=  -2:  2102330120211130033121100
d=  -3:   221022313123200020112333
d=  -4:    12211010110333313231020
d=  -5:     1123322322020230301313
d=  -6:      210211031313100223010
d=  -7:       22123301010133110013
d=  -8:        1210223322302322230
d=  -9:         122110211003031100
d= -10:          11233123330023222
d= -11:           2102310200030311
d= -12:            221013133300232
d= -13:             12230102000303
d= -14:              1100131333002
d= -15:               222301020003
d= -16:                11001313330
d= -17:                 2223010200
d= -18:                  110013133
d= -19:                   22230102
d= -20:                    1100131
d= -21:                     222301
d= -22:                      11001
d= -23:                       2223
d= -24:                        110
d= -25:                         22
d= -26:                          1

word = 12212221112211212121212121  (source 1221222111221121, forced 2121212121, depth 10)
      u: 01234567890123456789012345
d=  16:                 3333333333 <- pinned row n
d=  15:                20202020202
d=  14:               033131313131
d=  13:              0020101010101
d=  12:             13313223322332
d=  11:            230230310211021
d=  10:           0300300233123312
d=   9:          00222000302310231
d=   8:         133111333003013101
d=   7:        2302323020002230132
d=   6:       31003030033331100103
d=   5:      301330022202023222330
d=   4:     1001022211131310311022
d=   3:    32223311123201013012211
d=   2:   303110232310332230011123
d=   1:  0220122103013021100012310
d=   0: 22113211220010032333321013
d=  -1: 11230323113322203020212230
d=  -2:  2100210120211130033121100
d=  -3:   222122313123200020112333
d=  -4:    11211010110333313231020
d=  -5:     2123322322020230301313
d=  -6:      210211031313100223010
d=  -7:       22123301010133110013
d=  -8:        1210223322302322230
d=  -9:         122110211003031100
d= -10:          11233123330023222
d= -11:           2102310200030311
d= -12:            221013133300232
d= -13:             12230102000303
d= -14:              1100131333002
d= -15:               222301020003
d= -16:                11001313330
d= -17:                 2223010200
d= -18:                  110013133
d= -19:                   22230102
d= -20:                    1100131
d= -21:                     222301
d= -22:                      11001
d= -23:                       2223
d= -24:                        110
d= -25:                         22
d= -26:                          1

word = 12222221112211212121212121  (source 1222222111221121, forced 2121212121, depth 10)
      u: 01234567890123456789012345
d=  16:                 3333333333 <- pinned row n
d=  15:                20202020202
d=  14:               033131313131
d=  13:              0020101010101
d=  12:             13313223322332
d=  11:            230230310211021
d=  10:           2100300233123312
d=   9:          31222000302310231
d=   8:         201111333003013101
d=   7:        3132323020002230132
d=   6:       10103030033331100103
d=   5:      122330022202023222330
d=   4:     1211022211131310311022
d=   3:    12123311123201013012211
d=   2:   321210232310332230011123
d=   1:  0212122103013021100012310
d=   0: 22121211220010032333321013
d=  -1: 11212123113322203020212230
d=  -2:  2121210120211130033121100
d=  -3:   212122313123200020112333
d=  -4:    21211010110333313231020
d=  -5:     2123322322020230301313
d=  -6:      210211031313100223010
d=  -7:       22123301010133110013
d=  -8:        1210223322302322230
d=  -9:         122110211003031100
d= -10:          11233123330023222
d= -11:           2102310200030311
d= -12:            221013133300232
d= -13:             12230102000303
d= -14:              1100131333002
d= -15:               222301020003
d= -16:                11001313330
d= -17:                 2223010200
d= -18:                  110013133
d= -19:                   22230102
d= -20:                    1100131
d= -21:                     222301
d= -22:                      11001
d= -23:                       2223
d= -24:                        110
d= -25:                         22
d= -26:                          1

word = 21111121222111222212121212  (source 2111112122211122, forced 2212121212, depth 10)
      u: 01234567890123456789012345
d=  16:                 3333333333 <- pinned row n
d=  15:                30202020202
d=  14:               300331313131
d=  13:              3000201010101
d=  12:             10000332233223
d=  11:            013333021102110
d=  10:           1320202212331233
d=   9:          01033131121023102
d=   8:         132202301212210131
d=   7:        1203131001121122301
d=   6:       12130101332312311001
d=   5:      231200132021011012223
d=   4:     2101133203312232231110
d=   3:    11223202130231103101233
d=   2:   012110331200301220132102
d=   1:  3321233023133001113203221
d=   0: 10212102210102223230330312
d=  -1: 22121221122331110300200231
d=  -2:  1212112311023233000333101
d=  -3:   121231012210302222020132
d=  -4:    12101321122003111313203
d=  -5:     1223032311330123010330
d=  -6:      110021012022310013022
d=  -7:       22212231311013320031
d=  -8:        1121101012230213301
d=  -9:         212332231100320223
d= -10:          21021101222033110
d= -11:           2212332111302322
d= -12:            121021232003031
d= -13:             12212103330023
d= -14:              1121220200030
d= -15:               212113133300
d= -16:                21230102000
d= -17:                 2100131333
d= -18:                  222301020
d= -19:                   11001313
d= -20:                    2223010
d= -21:                     110013
d= -22:                      22230
d= -23:                       1100
d= -24:                        222
d= -25:                         11
d= -26:                          2

word = 21121121222111222212121212  (source 2112112122211122, forced 2212121212, depth 10)
      u: 01234567890123456789012345
d=  16:                 3333333333 <- pinned row n
d=  15:                30202020202
d=  14:               300331313131
d=  13:              3000201010101
d=  12:             20000332233223
d=  11:            113333021102110
d=  10:           2320202212331233
d=   9:          21033131121023102
d=   8:         312202301212210131
d=   7:        0231131001121122301
d=   6:       13101201332312311001
d=   5:      010132132021011012223
d=   4:     1322303203312232231110
d=   3:    32031002130231103101233
d=   2:   021301331200301220132102
d=   1:  3312001023133001113203221
d=   0: 10231332210102223230330312
d=  -1: 22101021122331110300200231
d=  -2:  1223312311023233000333101
d=  -3:   110231012210302222020132
d=  -4:    22101321122003111313203
d=  -5:     1223032311330123010330
d=  -6:      110021012022310013022
d=  -7:       22212231311013320031
d=  -8:        1121101012230213301
d=  -9:         212332231100320223
d= -10:          21021101222033110
d= -11:           2212332111302322
d= -12:            121021232003031
d= -13:             12212103330023
d= -14:              1121220200030
d= -15:               212113133300
d= -16:                21230102000
d= -17:                 2100131333
d= -18:                  222301020
d= -19:                   11001313
d= -20:                    2223010
d= -21:                     110013
d= -22:                      22230
d= -23:                       1100
d= -24:                        222
d= -25:                         11
d= -26:                          2

word = 21222221112211212121212121  (source 2122222111221121, forced 2121212121, depth 10)
      u: 01234567890123456789012345
d=  16:                 3333333333 <- pinned row n
d=  15:                20202020202
d=  14:               033131313131
d=  13:              0020101010101
d=  12:             13313223322332
d=  11:            230230310211021
d=  10:           2100300233123312
d=   9:          31222000302310231
d=   8:         201111333003013101
d=   7:        3132323020002230132
d=   6:       10103030033331100103
d=   5:      122330022202023222330
d=   4:     1211022211131310311022
d=   3:    12123311123201013012211
d=   2:   321210232310332230011123
d=   1:  3032122103013021100012310
d=   0: 10021211220010032333321013
d=  -1: 22212123113322203020212230
d=  -2:  1121210120211130033121100
d=  -3:   212122313123200020112333
d=  -4:    21211010110333313231020
d=  -5:     2123322322020230301313
d=  -6:      210211031313100223010
d=  -7:       22123301010133110013
d=  -8:        1210223322302322230
d=  -9:         122110211003031100
d= -10:          11233123330023222
d= -11:           2102310200030311
d= -12:            221013133300232
d= -13:             12230102000303
d= -14:              1100131333002
d= -15:               222301020003
d= -16:                11001313330
d= -17:                 2223010200
d= -18:                  110013133
d= -19:                   22230102
d= -20:                    1100131
d= -21:                     222301
d= -22:                      11001
d= -23:                       2223
d= -24:                        110
d= -25:                         22
d= -26:                          1

word = 22111121222111222212121212  (source 2211112122211122, forced 2212121212, depth 10)
      u: 01234567890123456789012345
d=  16:                 3333333333 <- pinned row n
d=  15:                30202020202
d=  14:               300331313131
d=  13:              3000201010101
d=  12:             20000332233223
d=  11:            113333021102110
d=  10:           2320202212331233
d=   9:          21033131121023102
d=   8:         032202301212210131
d=   7:        2203131001121122301
d=   6:       31130101332312311001
d=   5:      301200132021011012223
d=   4:     1001133203312232231110
d=   3:    12223202130231103101233
d=   2:   231110331200301220132102
d=   1:  1101233023133001113203221
d=   0: 12332102210102223230330312
d=  -1: 21021221122331110300200231
d=  -2:  2212112311023233000333101
d=  -3:   121231012210302222020132
d=  -4:    12101321122003111313203
d=  -5:     1223032311330123010330
d=  -6:      110021012022310013022
d=  -7:       22212231311013320031
d=  -8:        1121101012230213301
d=  -9:         212332231100320223
d= -10:          21021101222033110
d= -11:           2212332111302322
d= -12:            121021232003031
d= -13:             12212103330023
d= -14:              1121220200030
d= -15:               212113133300
d= -16:                21230102000
d= -17:                 2100131333
d= -18:                  222301020
d= -19:                   11001313
d= -20:                    2223010
d= -21:                     110013
d= -22:                      22230
d= -23:                       1100
d= -24:                        222
d= -25:                         11
d= -26:                          2

word = 22121121222111222212121212  (source 2212112122211122, forced 2212121212, depth 10)
      u: 01234567890123456789012345
d=  16:                 3333333333 <- pinned row n
d=  15:                30202020202
d=  14:               300331313131
d=  13:              3000201010101
d=  12:             20000332233223
d=  11:            213333021102110
d=  10:           0320202212331233
d=   9:          33033131121023102
d=   8:         202202301212210131
d=   7:        0331131001121122301
d=   6:       00201201332312311001
d=   5:      333132132021011012223
d=   4:     0202303203312232231110
d=   3:    33131002130231103101233
d=   2:   202301331200301220132102
d=   1:  1131001023133001113203221
d=   0: 12301332210102223230330312
d=  -1: 21001021122331110300200231
d=  -2:  2223312311023233000333101
d=  -3:   110231012210302222020132
d=  -4:    22101321122003111313203
d=  -5:     1223032311330123010330
d=  -6:      110021012022310013022
d=  -7:       22212231311013320031
d=  -8:        1121101012230213301
d=  -9:         212332231100320223
d= -10:          21021101222033110
d= -11:           2212332111302322
d= -12:            121021232003031
d= -13:             12212103330023
d= -14:              1121220200030
d= -15:               212113133300
d= -16:                21230102000
d= -17:                 2100131333
d= -18:                  222301020
d= -19:                   11001313
d= -20:                    2223010
d= -21:                     110013
d= -22:                      22230
d= -23:                       1100
d= -24:                        222
d= -25:                         11
d= -26:                          2

word = 22122221112211212121212121  (source 2212222111221121, forced 2121212121, depth 10)
      u: 01234567890123456789012345
d=  16:                 3333333333 <- pinned row n
d=  15:                20202020202
d=  14:               033131313131
d=  13:              0020101010101
d=  12:             13313223322332
d=  11:            230230310211021
d=  10:           2100300233123312
d=   9:          31222000302310231
d=   8:         201111333003013101
d=   7:        3132323020002230132
d=   6:       30103030033331100103
d=   5:      022330022202023222330
d=   4:     2211022211131310311022
d=   3:    31123311123201013012211
d=   2:   201210232310332230011123
d=   1:  1132122103013021100012310
d=   0: 12303211220010032333321013
d=  -1: 21002123113322203020212230
d=  -2:  2221210120211130033121100
d=  -3:   112122313123200020112333
d=  -4:    21211010110333313231020
d=  -5:     2123322322020230301313
d=  -6:      210211031313100223010
d=  -7:       22123301010133110013
d=  -8:        1210223322302322230
d=  -9:         122110211003031100
d= -10:          11233123330023222
d= -11:           2102310200030311
d= -12:            221013133300232
d= -13:             12230102000303
d= -14:              1100131333002
d= -15:               222301020003
d= -16:                11001313330
d= -17:                 2223010200
d= -18:                  110013133
d= -19:                   22230102
d= -20:                    1100131
d= -21:                     222301
d= -22:                      11001
d= -23:                       2223
d= -24:                        110
d= -25:                         22
d= -26:                          1

word = 22211221112211212121212121  (source 2221122111221121, forced 2121212121, depth 10)
      u: 01234567890123456789012345
d=  16:                 3333333333 <- pinned row n
d=  15:                20202020202
d=  14:               033131313131
d=  13:              0020101010101
d=  12:             13313223322332
d=  11:            230230310211021
d=  10:           1100300233123312
d=   9:          01222000302310231
d=   8:         223111333003013101
d=   7:        0310123020002230132
d=   6:       33013210033331100103
d=   5:      302230322202023222330
d=   4:     2003100211131310311022
d=   3:    31330133123201013012211
d=   2:   101022302310332230011123
d=   1:  1223311003013021100012310
d=   0: 12110232220010032333321013
d=  -1: 21233103113322203020212230
d=  -2:  2102330120211130033121100
d=  -3:   221022313123200020112333
d=  -4:    12211010110333313231020
d=  -5:     1123322322020230301313
d=  -6:      210211031313100223010
d=  -7:       22123301010133110013
d=  -8:        1210223322302322230
d=  -9:         122110211003031100
d= -10:          11233123330023222
d= -11:           2102310200030311
d= -12:            221013133300232
d= -13:             12230102000303
d= -14:              1100131333002
d= -15:               222301020003
d= -16:                11001313330
d= -17:                 2223010200
d= -18:                  110013133
d= -19:                   22230102
d= -20:                    1100131
d= -21:                     222301
d= -22:                      11001
d= -23:                       2223
d= -24:                        110
d= -25:                         22
d= -26:                          1

word = 22212221112211212121212121  (source 2221222111221121, forced 2121212121, depth 10)
      u: 01234567890123456789012345
d=  16:                 3333333333 <- pinned row n
d=  15:                20202020202
d=  14:               033131313131
d=  13:              0020101010101
d=  12:             13313223322332
d=  11:            230230310211021
d=  10:           0300300233123312
d=   9:          00222000302310231
d=   8:         133111333003013101
d=   7:        2302323020002230132
d=   6:       31003030033331100103
d=   5:      301330022202023222330
d=   4:     1001022211131310311022
d=   3:    32223311123201013012211
d=   2:   103110232310332230011123
d=   1:  1220122103013021100012310
d=   0: 12113211220010032333321013
d=  -1: 21230323113322203020212230
d=  -2:  2100210120211130033121100
d=  -3:   222122313123200020112333
d=  -4:    11211010110333313231020
d=  -5:     2123322322020230301313
d=  -6:      210211031313100223010
d=  -7:       22123301010133110013
d=  -8:        1210223322302322230
d=  -9:         122110211003031100
d= -10:          11233123330023222
d= -11:           2102310200030311
d= -12:            221013133300232
d= -13:             12230102000303
d= -14:              1100131333002
d= -15:               222301020003
d= -16:                11001313330
d= -17:                 2223010200
d= -18:                  110013133
d= -19:                   22230102
d= -20:                    1100131
d= -21:                     222301
d= -22:                      11001
d= -23:                       2223
d= -24:                        110
d= -25:                         22
d= -26:                          1

word = 22222221112211212121212121  (source 2222222111221121, forced 2121212121, depth 10)
      u: 01234567890123456789012345
d=  16:                 3333333333 <- pinned row n
d=  15:                20202020202
d=  14:               033131313131
d=  13:              0020101010101
d=  12:             13313223322332
d=  11:            230230310211021
d=  10:           2100300233123312
d=   9:          31222000302310231
d=   8:         201111333003013101
d=   7:        3132323020002230132
d=   6:       10103030033331100103
d=   5:      122330022202023222330
d=   4:     1211022211131310311022
d=   3:    12123311123201013012211
d=   2:   121210232310332230011123
d=   1:  1212122103013021100012310
d=   0: 12121211220010032333321013
d=  -1: 21212123113322203020212230
d=  -2:  2121210120211130033121100
d=  -3:   212122313123200020112333
d=  -4:    21211010110333313231020
d=  -5:     2123322322020230301313
d=  -6:      210211031313100223010
d=  -7:       22123301010133110013
d=  -8:        1210223322302322230
d=  -9:         122110211003031100
d= -10:          11233123330023222
d= -11:           2102310200030311
d= -12:            221013133300232
d= -13:             12230102000303
d= -14:              1100131333002
d= -15:               222301020003
d= -16:                11001313330
d= -17:                 2223010200
d= -18:                  110013133
d= -19:                   22230102
d= -20:                    1100131
d= -21:                     222301
d= -22:                      11001
d= -23:                       2223
d= -24:                        110
d= -25:                         22
d= -26:                          1

n=16 c=3: 18 sources reach depth 10
