word = 111212222111212122221221  (source 11121222211121, forced 2122221221, depth 10)
      u: 012345678901234567890123
d=  14:               2222222222 <- pinned row n
d=  13:              21111111111
d=  12:             212323232323
d=  11:            1121030303030
d=  10:           12312200220022
d=   9:          011011133113311
d=   8:         2232232302320232
d=   7:        31103103003033103
d=   6:       023220130002202330
d=   5:      3310313200003131022
d=   4:     30233010333330101311
d=   3:    022102233020200132012
d=   2:   2211221102213133203321
d=   1:  21123112331120102130212
d=   0: 212310121023213221200321
d=  -1: 121013212210320312133032
d=  -2:  12230321122033011202203
d=  -3:   1100212311302232131130
d=  -4:    222121012003103201200
d=  -5:     11212231330130332133
d=  -6:      2121101022300203202
d=  -7:       212332211000330331
d=  -8:        21021123333022023
d=  -9:         2212310202211310
d= -10:          121013131123013
d= -11:           12230101210010
d= -12:            1100132122233
d= -13:             222303211102
d= -14:              11002123221
d= -15:               2221210312
d= -16:                112122011
d= -17:                 21211323
d= -18:                  2123030
d= -19:                   210022
d= -20:                    22211
d= -21:                     1123
d= -22:                      210
d= -23:                       22
d= -24:                        1

word = 121122222111212122221221  (source 12112222211121, forced 2122221221, depth 10)
      u: 012345678901234567890123
d=  14:               2222222222 <- pinned row n
d=  13:              21111111111
d=  12:             112323232323
d=  11:            0121030303030
d=  10:           22312200220022
d=   9:          111011133113311
d=   8:         1232232302320232
d=   7:        01103103003033103
d=   6:       223220130002202330
d=   5:      2110313200003131022
d=   4:     03233010333330101311
d=   3:    002102233020200132012
d=   2:   1331221102213133203321
d=   1:  01023112331120102130212
d=   0: 223310121023213221200321
d=  -1: 110233212210320312133032
d=  -2:  22102121122033011202203
d=  -3:   1221212311302232131130
d=  -4:    112121012003103201200
d=  -5:     21212231330130332133
d=  -6:      2121101022300203202
d=  -7:       212332211000330331
d=  -8:        21021123333022023
d=  -9:         2212310202211310
d= -10:          121013131123013
d= -11:           12230101210010
d= -12:            1100132122233
d= -13:             222303211102
d= -14:              11002123221
d= -15:               2221210312
d= -16:                112122011
d= -17:                 21211323
d= -18:                  2123030
d= -19:                   210022
d= -20:                    22211
d= -21:                     1123
d= -22:                      210
d= -23:                       22
d= -24:                        1

word = 211212222111212122221221  (source 21121222211121, forced 2122221221, depth 10)
      u: 012345678901234567890123
d=  14:               2222222222 <- pinned row n
d=  13:              21111111111
d=  12:             212323232323
d=  11:            1121030303030
d=  10:           12312200220022
d=   9:          011011133113311
d=   8:         2232232302320232
d=   7:        31103103003033103
d=   6:       023220130002202330
d=   5:      3310313200003131022
d=   4:     10233010333330101311
d=   3:    322102233020200132012
d=   2:   0211221102213133203321
d=   1:  33123112331120102130212
d=   0: 102310121023213221200321
d=  -1: 221013212210320312133032
d=  -2:  12230321122033011202203
d=  -3:   1100212311302232131130
d=  -4:    222121012003103201200
d=  -5:     11212231330130332133
d=  -6:      2121101022300203202
d=  -7:       212332211000330331
d=  -8:        21021123333022023
d=  -9:         2212310202211310
d= -10:          121013131123013
d= -11:           12230101210010
d= -12:            1100132122233
d= -13:             222303211102
d= -14:              11002123221
d= -15:               2221210312
d= -16:                112122011
d= -17:                 21211323
d= -18:                  2123030
d= -19:                   210022
d= -20:                    22211
d= -21:                     1123
d= -22:                      210
d= -23:                       22
d= -24:                        1

word = 221122222111212122221221  (source 22112222211121, forced 2122221221, depth 10)
      u: 012345678901234567890123
d=  14:               2222222222 <- pinned row n
d=  13:              21111111111
d=  12:             212323232323
d=  11:            1121030303030
d=  10:           12312200220022
d=   9:          011011133113311
d=   8:         2232232302320232
d=   7:        11103103003033103
d=   6:       123220130002202330
d=   5:      0110313200003131022
d=   4:     33233010333330101311
d=   3:    102102233020200132012
d=   2:   2331221102213133203321
d=   1:  11023112331120102130212
d=   0: 123310121023213221200321
d=  -1: 210233212210320312133032
d=  -2:  22102121122033011202203
d=  -3:   1221212311302232131130
d=  -4:    112121012003103201200
d=  -5:     21212231330130332133
d=  -6:      2121101022300203202
d=  -7:       212332211000330331
d=  -8:        21021123333022023
d=  -9:         2212310202211310
d= -10:          121013131123013
d= -11:           12230101210010
d= -12:            1100132122233
d= -13:             222303211102
d= -14:              11002123221
d= -15:               2221210312
d= -16:                112122011
d= -17:                 21211323
d= -18:                  2123030
d= -19:                   210022
d= -20:                    22211
d= -21:                     1123
d= -22:                      210
d= -23:                       22
d= -24:                        1

n=14 c=2: 4 sources reach depth 10
