word = 111122211121212222222  (source 111122211121, forced 212222222, depth 9)
      u: 012345678901234567890
d=  12:             222222222 <- pinned row n
d=  11:            3111111111
d=  10:           02323232323
d=   9:          131030303030
d=   8:         1201300220022
d=   7:        01132000313311
d=   6:       332303333010232
d=   5:      1021002020013103
d=   4:     12212221313320130
d=   3:    231121112010213200
d=   2:   2101212321322120333
d=   1:  21223121032031213020
d=   0: 212110112203301120033
d=  -1: 121233231130223213302
d=  -2:  12102101200310320221
d=  -3:   1221223133013033112
d=  -4:    112110102230020121
d=  -5:     21233221100033212
d=  -6:      2102112333302121
d=  -7:       221231020221212
d=  -8:        12101313112121
d=  -9:         1223010121212
d= -10:          110013212121
d= -11:           22230321212
d= -12:            1100212121
d= -13:             222121212
d= -14:              11212121
d= -15:               2121212
d= -16:                212121
d= -17:                 21212
d= -18:                  2121
d= -19:                   212
d= -20:                    21
d= -21:                     2

word = 211122211121212222222  (source 211122211121, forced 212222222, depth 9)
      u: 012345678901234567890
d=  12:             222222222 <- pinned row n
d=  11:            3111111111
d=  10:           02323232323
d=   9:          131030303030
d=   8:         1201300220022
d=   7:        01132000313311
d=   6:       332303333010232
d=   5:      3021002020013103
d=   4:     02212221313320130
d=   3:    131121112010213200
d=   2:   0101212321322120333
d=   1:  33223121032031213020
d=   0: 102110112203301120033
d=  -1: 221233231130223213302
d=  -2:  12102101200310320221
d=  -3:   1221223133013033112
d=  -4:    112110102230020121
d=  -5:     21233221100033212
d=  -6:      2102112333302121
d=  -7:       221231020221212
d=  -8:        12101313112121
d=  -9:         1223010121212
d= -10:          110013212121
d= -11:           22230321212
d= -12:            1100212121
d= -13:             222121212
d= -14:              11212121
d= -15:               2121212
d= -16:                212121
d= -17:                 21212
d= -18:                  2121
d= -19:                   212
d= -20:                    21
d= -21:                     2

n=12 c=2: 2 sources reach depth 9
