word = 11222212212212221  (source 112222122, forced 12212221, depth 8)
      u: 01234567890123456
d=   9:          33333333 <- pinned row n
d=   8:         020202020
d=   7:        3313131313
d=   6:       10230101010
d=   5:      013100132233
d=   4:     2230133203102
d=   3:    31100102130131
d=   2:   101222331200101
d=   1:  2332111023133223
d=   0: 21021232210102110
d=  -1: 12212103122331233
d=  -2:  1121220111023102
d=  -3:   212113232210131
d=  -4:    21230303122301
d=  -5:     2100220111001
d=  -6:      222113232223
d=  -7:       11230303110
d=  -8:        2100220122
d=  -9:         222113211
d= -10:          11230323
d= -11:           2100210
d= -12:            222122
d= -13:             11211
d= -14:              2123
d= -15:               210
d= -16:                22
d= -17:                 1

word = 12122212212212221  (source 121222122, forced 12212221, depth 8)
      u: 01234567890123456
d=   9:          33333333 <- pinned row n
d=   8:         020202020
d=   7:        3313131313
d=   6:       10230101010
d=   5:      013100132233
d=   4:     2230133203102
d=   3:    31100102130131
d=   2:   101222331200101
d=   1:  0132111023133223
d=   0: 22303232210102110
d=  -1: 11002103122331233
d=  -2:  2221220111023102
d=  -3:   112113232210131
d=  -4:    21230303122301
d=  -5:     2100220111001
d=  -6:      222113232223
d=  -7:       11230303110
d=  -8:        2100220122
d=  -9:         222113211
d= -10:          11230323
d= -11:           2100210
d= -12:            222122
d= -13:             11211
d= -14:              2123
d= -15:               210
d= -16:                22
d= -17:                 1

word = 12222212212212221  (source 122222122, forced 12212221, depth 8)
      u: 01234567890123456
d=   9:          33333333 <- pinned row n
d=   8:         020202020
d=   7:        3313131313
d=   6:       20230101010
d=   5:      113100132233
d=   4:     1230133203102
d=   3:    12100102130131
d=   2:   321222331200101
d=   1:  0212111023133223
d=   0: 22121232210102110
d=  -1: 11212103122331233
d=  -2:  2121220111023102
d=  -3:   212113232210131
d=  -4:    21230303122301
d=  -5:     2100220111001
d=  -6:      222113232223
d=  -7:       11230303110
d=  -8:        2100220122
d=  -9:         222113211
d= -10:          11230323
d= -11:           2100210
d= -12:            222122
d= -13:             11211
d= -14:              2123
d= -15:               210
d= -16:                22
d= -17:                 1

word = 21222212212212221  (source 212222122, forced 12212221, depth 8)
      u: 01234567890123456
d=   9:          33333333 <- pinned row n
d=   8:         020202020
d=   7:        3313131313
d=   6:       20230101010
d=   5:      113100132233
d=   4:     1230133203102
d=   3:    12100102130131
d=   2:   321222331200101
d=   1:  3032111023133223
d=   0: 10021232210102110
d=  -1: 22212103122331233
d=  -2:  1121220111023102
d=  -3:   212113232210131
d=  -4:    21230303122301
d=  -5:     2100220111001
d=  -6:      222113232223
d=  -7:       11230303110
d=  -8:        2100220122
d=  -9:         222113211
d= -10:          11230323
d= -11:           2100210
d= -12:            222122
d= -13:             11211
d= -14:              2123
d= -15:               210
d= -16:                22
d= -17:                 1

word = 22122212212212221  (source 221222122, forced 12212221, depth 8)
      u: 01234567890123456
d=   9:          33333333 <- pinned row n
d=   8:         020202020
d=   7:        3313131313
d=   6:       10230101010
d=   5:      013100132233
d=   4:     2230133203102
d=   3:    31100102130131
d=   2:   201222331200101
d=   1:  1132111023133223
d=   0: 12303232210102110
d=  -1: 21002103122331233
d=  -2:  2221220111023102
d=  -3:   112113232210131
d=  -4:    21230303122301
d=  -5:     2100220111001
d=  -6:      222113232223
d=  -7:       11230303110
d=  -8:        2100220122
d=  -9:         222113211
d= -10:          11230323
d= -11:           2100210
d= -12:            222122
d= -13:             11211
d= -14:              2123
d= -15:               210
d= -16:                22
d= -17:                 1

word = 22222212212212221  (source 222222122, forced 12212221, depth 8)
      u: 01234567890123456
d=   9:          33333333 <- pinned row n
d=   8:         020202020
d=   7:        3313131313
d=   6:       20230101010
d=   5:      113100132233
d=   4:     1230133203102
d=   3:    12100102130131
d=   2:   121222331200101
d=   1:  1212111023133223
d=   0: 12121232210102110
d=  -1: 21212103122331233
d=  -2:  2121220111023102
d=  -3:   212113232210131
d=  -4:    21230303122301
d=  -5:     2100220111001
d=  -6:      222113232223
d=  -7:       11230303110
d=  -8:        2100220122
d=  -9:         222113211
d= -10:          11230323
d= -11:           2100210
d= -12:            222122
d= -13:             11211
d= -14:              2123
d= -15:               210
d= -16:                22
d= -17:                 1

n=9 c=3: 6 sources reach depth 8
