word = 1212122  (source 121, forced 2122, depth 4)
      u: 0123456
d=   3:    3333 <- pinned row n
d=   2:   10202
d=   1:  013131
d=   0: 2230101
d=  -1: 1100132
d=  -2:  222303
d=  -3:   11002
d=  -4:    2221
d=  -5:     112
d=  -6:      21
d=  -7:       2

word = 2212122  (source 221, forced 2122, depth 4)
      u: 0123456
d=   3:    3333 <- pinned row n
d=   2:   20202
d=   1:  113131
d=   0: 1230101
d=  -1: 2100132
d=  -2:  222303
d=  -3:   11002
d=  -4:    2221
d=  -5:     112
d=  -6:      21
d=  -7:       2

n=3 c=3: 2 sources reach depth 4
