tail 01
  W  maxS  excess=maxS-W  alive  alive_ratio  log2(alive)/W  band rows with S>=W+8
   0     1      1              1      -  0.000  0
   1     0     -1              2   2.00  1.000  0
   2     7      5              3   1.50  0.792  0
   3     6      3              4   1.33  0.667  0
   4     5      1              6   1.50  0.646  0
   5     6      1              8   1.33  0.600  0
   6     9      3             12   1.50  0.597  0
   7    10      3             16   1.33  0.571  0
   8    12      4             24   1.50  0.573  0
   9    17      8             32   1.33  0.556  1
  10    18      8             48   1.50  0.558  1
  11    17      6             64   1.33  0.545  0
  12    30     18             96   1.50  0.549  2
  13    29     16            128   1.33  0.538  6
  14    28     14            192   1.50  0.542  5
  15    32     17            256   1.33  0.533  7
  16    31     15            384   1.50  0.537  10
  17    30     13            512   1.33  0.529  18
  18    31     13            768   1.50  0.532  29
  19    33     14           1024   1.33  0.526  26
  20    38     18           1536   1.50  0.529  48
  21    37     16           2048   1.33  0.524  69
  22    36     14           3072   1.50  0.527  69
  23    41     18           4096   1.33  0.522  119
  24    43     19           6144   1.50  0.524  148
tail 001
  W  maxS  excess=maxS-W  alive  alive_ratio  log2(alive)/W  band rows with S>=W+8
   0     2      2              2      -  1.000  0
   1     0     -1              3   1.50  1.585  0
   2     7      5              5   1.67  1.161  0
   3    10      7              8   1.60  1.000  0
   4    15     11             12   1.50  0.896  1
   5    14      9             20   1.67  0.864  2
   6    14      8             32   1.60  0.833  1
   7    13      6             48   1.50  0.798  0
   8    14      6             80   1.67  0.790  0
   9    24     15            128   1.60  0.778  3
  10    23     13            192   1.50  0.758  15
  11    29     18            320   1.67  0.757  23
  12    28     16            512   1.60  0.750  33
  13    29     16            768   1.50  0.737  60
  14    41     27           1280   1.67  0.737  65
  15    40     25           2048   1.60  0.733  121
  16    39     23           3072   1.50  0.724  176
  17    41     24           5120   1.67  0.725  280
  18    41     23           8192   1.60  0.722  570
  19    56     37          12288   1.50  0.715  780
  20    56     36          20480   1.67  0.716  1285
  21    55     34          32768   1.60  0.714  1902
  22    54     32          49152   1.50  0.708  3153
  23    87     64          81920   1.67  0.710  5148
  24    86     62         131072   1.60  0.708  8090
tail 011
  W  maxS  excess=maxS-W  alive  alive_ratio  log2(alive)/W  band rows with S>=W+8
   0     5      5              1      -  0.000  0
   1     4      3              3   3.00  1.585  0
   2     3      1              4   1.33  1.000  0
   3     2     -1              5   1.25  0.774  0
   4     7      3              6   1.20  0.646  0
   5     8      3              8   1.33  0.600  0
   6     8      2             10   1.25  0.554  0
   7    11      4             12   1.20  0.512  0
   8    11      3             16   1.33  0.500  0
   9    16      7             20   1.25  0.480  0
  10    15      5             24   1.20  0.458  0
  11    14      3             32   1.33  0.455  0
  12    17      5             40   1.25  0.443  0
  13    16      3             48   1.20  0.430  0
  14    19      5             64   1.33  0.429  0
  15    22      7             80   1.25  0.421  0
  16    22      6             96   1.20  0.412  0
  17    25      8            128   1.33  0.412  2
  18    27      9            160   1.25  0.407  2
  19    26      7            192   1.20  0.399  0
  20    27      7            256   1.33  0.400  0
  21    32     11            320   1.25  0.396  6
  22    33     11            384   1.20  0.390  6
  23    33     10            512   1.33  0.391  4
  24    35     11            640   1.25  0.388  8
tail 0001
  W  maxS  excess=maxS-W  alive  alive_ratio  log2(alive)/W  band rows with S>=W+8
   0     3      3              3      -  1.585  0
   1     0     -1              4   1.33  2.000  0
   2    13     11              7   1.75  1.404  2
   3    12      9             12   1.71  1.195  2
   4    11      7             20   1.67  1.080  0
   5    15     10             32   1.60  1.000  2
   6    14      8             56   1.75  0.968  5
   7    18     11             96   1.71  0.941  4
   8    31     23            160   1.67  0.915  7
   9    30     21            256   1.60  0.889  24
  10    34     24            448   1.75  0.881  64
  11    33     22            768   1.71  0.871  67
  12    39     27           1280   1.67  0.860  123
  13    38     25           2048   1.60  0.846  253
  14    62     48           3584   1.75  0.843  422
  15    61     46           6144   1.71  0.839  685
  16    73     57          10240   1.67  0.833  942
  17    72     55          16384   1.60  0.824  1813
  18    71     53          28672   1.75  0.823  3166
  19    70     51          49152   1.71  0.820  5076
  20    73     53          81920   1.67  0.816  8219
  21    72     51         131072   1.60  0.810  14331
  22    71     49         229376   1.75  0.809  24189
  23    75     52         393216   1.71  0.808  40843
  24    77     53         655360   1.67  0.805  65279
tail 0111
  W  maxS  excess=maxS-W  alive  alive_ratio  log2(alive)/W  band rows with S>=W+8
   0     2      2              1      -  0.000  0
   1     7      6              4   4.00  2.000  0
   2     6      4              5   1.25  1.161  0
   3     5      2              6   1.20  0.862  0
   4     5      1              7   1.17  0.702  0
   5     4     -1              8   1.14  0.600  0
   6     8      2             10   1.25  0.554  0
   7     9      2             12   1.20  0.512  0
   8    13      5             14   1.17  0.476  0
   9    16      7             16   1.14  0.444  0
  10    15      5             20   1.25  0.432  0
  11    14      3             24   1.20  0.417  0
  12    14      2             28   1.17  0.401  0
  13    15      2             32   1.14  0.385  0
  14    20      6             40   1.25  0.380  0
  15    20      5             48   1.20  0.372  0
  16    21      5             56   1.17  0.363  0
  17    20      3             64   1.14  0.353  0
  18    26      8             80   1.25  0.351  2
  19    25      6             96   1.20  0.347  0
  20    26      6            112   1.17  0.340  0
  21    28      7            128   1.14  0.333  0
  22    27      5            160   1.25  0.333  0
  23    29      6            192   1.20  0.330  0
  24    33      9            224   1.17  0.325  1
tail 00101
  W  maxS  excess=maxS-W  alive  alive_ratio  log2(alive)/W  band rows with S>=W+8
   0     2      2              3      -  1.585  0
   1     0     -1              5   1.67  2.322  0
   2    10      8              8   1.60  1.500  1
   3     9      6             12   1.50  1.195  0
   4     8      4             18   1.50  1.042  0
   5     7      2             28   1.56  0.961  0
   6    13      7             40   1.43  0.887  0
   7    15      8             64   1.60  0.857  2
   8    16      8             96   1.50  0.823  1
   9    34     25            144   1.50  0.797  2
  10    33     23            224   1.56  0.781  9
  11    32     21            320   1.43  0.757  14
  12    31     19            512   1.60  0.750  16
  13    30     17            768   1.50  0.737  21
  14    29     15           1152   1.50  0.726  31
  15    34     19           1792   1.56  0.720  34
  16    35     19           2560   1.43  0.708  72
  17    34     17           4096   1.60  0.706  119
  18    42     24           6144   1.50  0.699  218
  19    41     22           9216   1.50  0.693  325
  20    47     27          14336   1.56  0.690  499
  21    49     28          20480   1.43  0.682  875
  22    50     28          32768   1.60  0.682  1191
  23    49     26          49152   1.50  0.678  1919
  24    48     24          73728   1.50  0.674  3127
