W=4 rows=8
  01: tests=8 max=5 atcap=0 null~6 ratio=0.83 surv>=s  witness row=0xa ph=0
  001: tests=12 max=15 atcap=0 null~11 ratio=1.39 surv>=s 8:2 witness row=0xb ph=2
  011: tests=12 max=7 atcap=0 null~5 ratio=1.30 surv>=s  witness row=0x9 ph=1
  0001: tests=16 max=11 atcap=0 null~16 ratio=0.69 surv>=s 8:6 witness row=0x8 ph=0
  0111: tests=16 max=5 atcap=0 null~5 ratio=0.94 surv>=s  witness row=0x8 ph=0
  00101: tests=20 max=8 atcap=0 null~11 ratio=0.74 surv>=s 8:3 witness row=0xa ph=1
W=5 rows=16
  01: tests=16 max=6 atcap=0 null~8 ratio=0.75 surv>=s  witness row=0x17 ph=1
  001: tests=24 max=14 atcap=0 null~14 ratio=1.02 surv>=s 8:4 witness row=0x1a ph=0
  011: tests=24 max=8 atcap=0 null~7 ratio=1.16 surv>=s 8:1 witness row=0x13 ph=2
  0001: tests=32 max=15 atcap=0 null~20 ratio=0.75 surv>=s 8:8 witness row=0x10 ph=0
  0111: tests=32 max=4 atcap=0 null~7 ratio=0.60 surv>=s  witness row=0x1d ph=1
  00101: tests=40 max=7 atcap=0 null~13 ratio=0.53 surv>=s  witness row=0x16 ph=0
W=6 rows=32
  01: tests=32 max=9 atcap=0 null~10 ratio=0.90 surv>=s 8:3 witness row=0x2a ph=0
  001: tests=48 max=14 atcap=0 null~17 ratio=0.84 surv>=s 8:9 witness row=0x26 ph=0
  011: tests=48 max=8 atcap=0 null~8 ratio=0.95 surv>=s 8:1 witness row=0x33 ph=2
  0001: tests=64 max=14 atcap=0 null~24 ratio=0.58 surv>=s 8:18 witness row=0x26 ph=1
  0111: tests=64 max=8 atcap=0 null~8 ratio=1.00 surv>=s 8:1 witness row=0x29 ph=2
  00101: tests=80 max=13 atcap=0 null~16 ratio=0.82 surv>=s 8:10 witness row=0x27 ph=4
W=7 rows=64
  01: tests=64 max=10 atcap=0 null~12 ratio=0.83 surv>=s 8:5 witness row=0x57 ph=1
  001: tests=96 max=13 atcap=0 null~20 ratio=0.66 surv>=s 8:16 witness row=0x42 ph=1
  011: tests=96 max=11 atcap=0 null~10 ratio=1.11 surv>=s 8:2 witness row=0x7f ph=2
  0001: tests=128 max=18 atcap=0 null~28 ratio=0.64 surv>=s 8:35 16:4 witness row=0x5a ph=1
  0111: tests=128 max=9 atcap=0 null~9 ratio=0.96 surv>=s 8:1 witness row=0x48 ph=0
  00101: tests=160 max=15 atcap=0 null~18 ratio=0.82 surv>=s 8:18 witness row=0x4b ph=2
W=8 rows=128
  01: tests=128 max=12 atcap=0 null~14 ratio=0.86 surv>=s 8:11 witness row=0x87 ph=1
  001: tests=192 max=14 atcap=0 null~23 ratio=0.62 surv>=s 8:32 witness row=0x9a ph=0
  011: tests=192 max=11 atcap=0 null~11 ratio=0.97 surv>=s 8:3 witness row=0x9f ph=2
  0001: tests=256 max=31 atcap=0 null~32 ratio=0.97 surv>=s 8:53 16:7 24:3 witness row=0xf4 ph=0
  0111: tests=256 max=13 atcap=0 null~11 ratio=1.22 surv>=s 8:8 witness row=0x81 ph=2
  00101: tests=320 max=16 atcap=0 null~21 ratio=0.77 surv>=s 8:38 16:1 witness row=0x94 ph=1
W=9 rows=256
  01: tests=256 max=17 atcap=0 null~16 ratio=1.06 surv>=s 8:13 16:1 witness row=0x102 ph=0
  001: tests=384 max=24 atcap=0 null~26 ratio=0.93 surv>=s 8:64 16:7 24:2 witness row=0x1c3 ph=2
  011: tests=384 max=16 atcap=0 null~13 ratio=1.24 surv>=s 8:13 16:1 witness row=0x13e ph=0
  0001: tests=512 max=30 atcap=0 null~36 ratio=0.83 surv>=s 8:132 16:28 24:7 witness row=0x168 ph=1
  0111: tests=512 max=16 atcap=0 null~12 ratio=1.33 surv>=s 8:6 16:1 witness row=0x1fd ph=1
  00101: tests=640 max=34 atcap=0 null~23 ratio=1.46 surv>=s 8:72 16:4 24:1 32:1 witness row=0x104 ph=3
W=10 rows=512
  01: tests=512 max=18 atcap=0 null~18 ratio=1.00 surv>=s 8:32 16:4 witness row=0x297 ph=1
  001: tests=768 max=23 atcap=0 null~29 ratio=0.80 surv>=s 8:128 16:19 witness row=0x2a8 ph=0
  011: tests=768 max=15 atcap=0 null~14 ratio=1.04 surv>=s 8:20 witness row=0x3e1 ph=1
  0001: tests=1024 max=34 atcap=0 null~40 ratio=0.85 surv>=s 8:256 16:81 24:22 32:3 witness row=0x25a ph=1
  0111: tests=1024 max=15 atcap=0 null~13 ratio=1.12 surv>=s 8:16 witness row=0x2a9 ph=2
  00101: tests=1280 max=33 atcap=0 null~26 ratio=1.28 surv>=s 8:144 16:24 24:2 32:2 witness row=0x363 ph=4
W=11 rows=1024
  01: tests=1024 max=17 atcap=0 null~20 ratio=0.85 surv>=s 8:64 16:2 witness row=0x6f4 ph=0
  001: tests=1536 max=29 atcap=0 null~32 ratio=0.91 surv>=s 8:256 16:35 24:10 witness row=0x41a ph=0
  011: tests=1536 max=14 atcap=0 null~16 ratio=0.88 surv>=s 8:40 witness row=0x613 ph=2
  0001: tests=2048 max=33 atcap=0 null~44 ratio=0.75 surv>=s 8:512 16:110 24:29 32:3 witness row=0x7d2 ph=2
  0111: tests=2048 max=14 atcap=0 null~15 ratio=0.95 surv>=s 8:32 witness row=0x448 ph=0
  00101: tests=2560 max=32 atcap=0 null~28 ratio=1.13 surv>=s 8:288 16:29 24:4 32:4 witness row=0x53a ph=0
W=12 rows=2048
  01: tests=2048 max=30 atcap=0 null~22 ratio=1.36 surv>=s 8:128 16:4 24:2 witness row=0xbab ph=1
  001: tests=3072 max=28 atcap=0 null~35 ratio=0.81 surv>=s 8:512 16:88 24:14 witness row=0xd02 ph=1
  011: tests=3072 max=17 atcap=0 null~17 ratio=0.98 surv>=s 8:80 16:3 witness row=0x87f ph=2
  0001: tests=4096 max=39 atcap=0 null~48 ratio=0.81 surv>=s 8:1024 16:276 24:70 32:9 witness row=0xfe6 ph=0
  0111: tests=4096 max=14 atcap=0 null~16 ratio=0.88 surv>=s 8:64 witness row=0xbad ph=1
  00101: tests=5120 max=31 atcap=0 null~31 ratio=1.01 surv>=s 8:576 16:57 24:2 witness row=0xdd4 ph=1
W=13 rows=4096
  01: tests=4096 max=29 atcap=0 null~24 ratio=1.21 surv>=s 8:256 16:9 24:3 witness row=0x1a2a ph=0
  001: tests=6144 max=29 atcap=0 null~38 ratio=0.77 surv>=s 8:1024 16:173 24:16 witness row=0x13a8 ph=0
  011: tests=6144 max=16 atcap=0 null~19 ratio=0.85 surv>=s 8:160 16:6 witness row=0x13e1 ph=1
  0001: tests=8192 max=38 atcap=0 null~52 ratio=0.73 surv>=s 8:2048 16:543 24:167 32:16 witness row=0x13e6 ph=1
  0111: tests=8192 max=15 atcap=0 null~17 ratio=0.87 surv>=s 8:128 witness row=0x1d26 ph=0
  00101: tests=10240 max=30 atcap=0 null~33 ratio=0.90 surv>=s 8:1152 16:112 24:10 witness row=0x15a7 ph=2
W=14 rows=8192
  01: tests=8192 max=28 atcap=0 null~26 ratio=1.08 surv>=s 8:512 16:29 24:2 witness row=0x336b ph=1
  001: tests=12288 max=41 atcap=0 null~41 ratio=1.01 surv>=s 8:2048 16:319 24:39 32:13 witness row=0x26a8 ph=0
  011: tests=12288 max=19 atcap=0 null~20 ratio=0.93 surv>=s 8:320 16:6 witness row=0x2149 ph=1
  0001: tests=16384 max=62 atcap=0 null~56 ratio=1.11 surv>=s 8:4096 16:1032 24:288 32:61 48:8 witness row=0x2336 ph=1
  0111: tests=16384 max=20 atcap=0 null~19 ratio=1.07 surv>=s 8:256 16:4 witness row=0x21c3 ph=3
  00101: tests=20480 max=29 atcap=0 null~36 ratio=0.81 surv>=s 8:2304 16:269 24:15 witness row=0x3404 ph=3
W=15 rows=16384
  01: tests=16384 max=32 atcap=0 null~28 ratio=1.14 surv>=s 8:1024 16:77 24:5 32:3 witness row=0x573b ph=1
  001: tests=24576 max=40 atcap=0 null~44 ratio=0.91 surv>=s 8:4096 16:663 24:93 32:24 witness row=0x7a74 ph=1
  011: tests=24576 max=22 atcap=0 null~22 ratio=1.01 surv>=s 8:640 16:14 witness row=0x43a1 ph=1
  0001: tests=32768 max=61 atcap=0 null~60 ratio=1.02 surv>=s 8:8192 16:2117 24:521 32:112 48:16 witness row=0x74ca ph=2
  0111: tests=32768 max=20 atcap=0 null~20 ratio=1.00 surv>=s 8:512 16:8 witness row=0x4081 ph=2
  00101: tests=40960 max=34 atcap=0 null~38 ratio=0.89 surv>=s 8:4608 16:575 24:30 32:5 witness row=0x4f3a ph=0
W=16 rows=32768
  01: tests=32768 max=31 atcap=0 null~30 ratio=1.03 surv>=s 8:2048 16:141 24:10 witness row=0xd4d4 ph=0
  001: tests=49152 max=39 atcap=0 null~47 ratio=0.83 surv>=s 8:8192 16:1280 24:176 32:27 witness row=0xb527 ph=2
  011: tests=49152 max=22 atcap=0 null~23 ratio=0.94 surv>=s 8:1280 16:34 witness row=0x8f09 ph=1
  0001: tests=65536 max=73 atcap=0 null~64 ratio=1.14 surv>=s 8:16384 16:3838 24:942 32:223 48:32 64:2 witness row=0x9dd4 ph=2
  0111: tests=65536 max=21 atcap=0 null~21 ratio=0.98 surv>=s 8:1024 16:24 witness row=0xcca8 ph=0
  00101: tests=81920 max=35 atcap=0 null~41 ratio=0.86 surv>=s 8:9216 16:1009 24:72 32:9 witness row=0x9ba7 ph=2
W=17 rows=65536
  01: tests=65536 max=30 atcap=0 null~32 ratio=0.94 surv>=s 8:4096 16:245 24:21 witness row=0x1976b ph=1
  001: tests=98304 max=41 atcap=0 null~50 ratio=0.82 surv>=s 8:16384 16:2536 24:327 32:60 witness row=0x1c976 ph=0
  011: tests=98304 max=25 atcap=0 null~25 ratio=1.00 surv>=s 8:2560 16:64 24:2 witness row=0x1c5a1 ph=1
  0001: tests=131072 max=72 atcap=0 null~68 ratio=1.06 surv>=s 8:32768 16:8348 24:2115 32:511 48:47 64:2 witness row=0x1ea7b ph=3
  0111: tests=131072 max=20 atcap=0 null~23 ratio=0.88 surv>=s 8:2048 16:27 witness row=0x1bbad ph=1
  00101: tests=163840 max=34 atcap=0 null~43 ratio=0.79 surv>=s 8:18432 16:2016 24:150 32:14 witness row=0x1e904 ph=3
W=18 rows=131072
  01: tests=131072 max=31 atcap=0 null~34 ratio=0.91 surv>=s 8:8192 16:512 24:56 witness row=0x28102 ph=0
  001: tests=196608 max=41 atcap=0 null~53 ratio=0.78 surv>=s 8:32768 16:5120 24:810 32:157 witness row=0x27b48 ph=0
  011: tests=196608 max=27 atcap=0 null~26 ratio=1.02 surv>=s 8:5120 16:128 24:6 witness row=0x28b7f ph=2
  0001: tests=262144 max=71 atcap=0 null~72 ratio=0.99 surv>=s 8:65536 16:16384 24:4208 32:1156 48:75 64:7 witness row=0x30bb4 ph=0
  0111: tests=262144 max=26 atcap=0 null~24 ratio=1.08 surv>=s 8:4096 16:64 24:4 witness row=0x2cca8 ph=0
  00101: tests=327680 max=42 atcap=0 null~46 ratio=0.92 surv>=s 8:36864 16:4096 24:461 32:36 witness row=0x27947 ph=2
W=19 rows=262144
  01: tests=262144 max=33 atcap=0 null~36 ratio=0.92 surv>=s 8:16384 16:1024 24:48 32:2 witness row=0x44c2a ph=0
  001: tests=393216 max=56 atcap=0 null~56 ratio=1.00 surv>=s 8:65536 16:10240 24:1473 32:236 48:43 witness row=0x4119a ph=0
  011: tests=393216 max=26 atcap=0 null~28 ratio=0.93 surv>=s 8:10240 16:256 24:2 witness row=0x6da40 ph=0
  0001: tests=524288 max=70 atcap=0 null~76 ratio=0.92 surv>=s 8:131072 16:32768 24:7971 32:1796 48:102 64:10 witness row=0x69a26 ph=1
  0111: tests=524288 max=25 atcap=0 null~25 ratio=0.99 surv>=s 8:8192 16:128 24:5 witness row=0x6bbad ph=1
  00101: tests=655360 max=41 atcap=0 null~48 ratio=0.85 surv>=s 8:73728 16:8192 24:934 32:100 witness row=0x4ba3a ph=3
W=20 rows=524288
  01: tests=524288 max=38 atcap=0 null~38 ratio=1.00 surv>=s 8:32768 16:2048 24:111 32:17 witness row=0x84dfb ph=1
  001: tests=786432 max=56 atcap=0 null~59 ratio=0.95 surv>=s 8:131072 16:20480 24:3314 32:539 48:46 witness row=0x93696 ph=0
  011: tests=786432 max=27 atcap=0 null~29 ratio=0.92 surv>=s 8:20480 16:512 24:5 witness row=0x90f09 ph=1
  0001: tests=1048576 max=73 atcap=0 null~80 ratio=0.91 surv>=s 8:262144 16:65536 24:16483 32:3899 48:270 64:28 witness row=0xe49ca ph=2
  0111: tests=1048576 max=26 atcap=0 null~27 ratio=0.97 surv>=s 8:16384 16:256 24:5 witness row=0xef76f ph=3
  00101: tests=1310720 max=47 atcap=0 null~51 ratio=0.93 surv>=s 8:147456 16:16384 24:1837 32:162 witness row=0xe8516 ph=0
W=21 rows=1048576
  01: tests=1048576 max=37 atcap=0 null~40 ratio=0.93 surv>=s 8:65536 16:4096 24:250 32:29 witness row=0x1a2a82 ph=0
  001: tests=1572864 max=55 atcap=0 null~62 ratio=0.89 surv>=s 8:262144 16:40960 24:6185 32:892 48:45 witness row=0x1fd22a ph=1
  011: tests=1572864 max=32 atcap=0 null~31 ratio=1.04 surv>=s 8:40960 16:1024 24:30 32:2 witness row=0x114f13 ph=2
  0001: tests=2097152 max=72 atcap=0 null~84 ratio=0.86 surv>=s 8:524288 16:131072 24:33298 32:8298 48:612 64:59 witness row=0x111a47 ph=3
  0111: tests=2097152 max=28 atcap=0 null~28 ratio=1.00 surv>=s 8:32768 16:512 24:10 witness row=0x127efd ph=1
  00101: tests=2621440 max=49 atcap=0 null~53 ratio=0.92 surv>=s 8:294912 16:32768 24:3433 32:334 48:8 witness row=0x17af68 ph=0
W=22 rows=2097152
  01: tests=2097152 max=36 atcap=0 null~42 ratio=0.86 surv>=s 8:131072 16:8192 24:545 32:38 witness row=0x336aab ph=1
  001: tests=3145728 max=54 atcap=0 null~65 ratio=0.83 surv>=s 8:524288 16:81920 24:12515 32:2251 48:73 witness row=0x2a4fe7 ph=2
  011: tests=3145728 max=33 atcap=0 null~32 ratio=1.02 surv>=s 8:81920 16:2048 24:40 32:2 witness row=0x28ed9f ph=2
  0001: tests=4194304 max=71 atcap=0 null~88 ratio=0.81 surv>=s 8:1048576 16:262144 24:66094 32:16605 48:1111 64:103 witness row=0x36ba42 ph=0
  0111: tests=4194304 max=27 atcap=0 null~29 ratio=0.92 surv>=s 8:65536 16:1024 24:16 witness row=0x204081 ph=2
  00101: tests=5242880 max=50 atcap=0 null~56 ratio=0.90 surv>=s 8:589824 16:65536 24:7255 32:639 48:6 witness row=0x2369a7 ph=4
W=23 rows=4194304
  01: tests=4194304 max=41 atcap=0 null~44 ratio=0.93 surv>=s 8:262144 16:16384 24:1071 32:76 witness row=0x40d44a ph=0
  001: tests=6291456 max=87 atcap=0 null~68 ratio=1.28 surv>=s 8:1048576 16:163840 24:24567 32:4137 48:133 64:23 witness row=0x7efd4f ph=2
  011: tests=6291456 max=33 atcap=0 null~34 ratio=0.97 surv>=s 8:163840 16:4096 24:107 32:4 witness row=0x42087f ph=2
  0001: tests=8388608 max=75 atcap=0 null~92 ratio=0.82 surv>=s 8:2097152 16:524288 24:131637 32:33108 48:2131 64:125 witness row=0x40f934 ph=0
  0111: tests=8388608 max=29 atcap=0 null~31 ratio=0.95 surv>=s 8:131072 16:2048 24:35 witness row=0x5a2aa9 ph=2
  00101: tests=10485760 max=49 atcap=0 null~58 ratio=0.84 surv>=s 8:1179648 16:131072 24:14219 32:1428 48:17 witness row=0x740146 ph=0
