=== m=4 (N=16), kmax=7 ===
structured controls and target:
  rule30_offset0   m=4 k_min=5 verified=True (0.729s)
  rule30_offset1   m=4 k_min=6 verified=True (6.359s)
  rule90           m=4 k_min=3 verified=True (0.012s)
  rule150          m=4 k_min=0 verified=True (0.0s)
  rule60           m=4 k_min=0 verified=True (0.0s)
  parity           m=4 k_min=3 verified=True (0.037s)
  and_m            m=4 k_min=3 verified=True (0.011s)
  maj3             m=4 k_min=4 verified=True (0.043s)
random null distribution, 60 seeded samples:
  random_000       m=4 k_min=6 verified=True (4.719s)
  random_001       m=4 k_min=6 verified=True (4.591s)
  random_002       m=4 k_min=3 verified=True (0.009s)
  random_003       m=4 k_min=4 verified=True (0.04s)
  random_004       m=4 k_min=6 verified=True (5.41s)
  random_005       m=4 k_min=6 verified=True (9.218s)
  random_006       m=4 k_min=4 verified=True (0.076s)
  random_007       m=4 k_min=6 verified=True (6.5s)
  random_008       m=4 k_min=6 verified=True (10.788s)
  random_009       m=4 k_min=4 verified=True (0.122s)
  random_010       m=4 k_min=5 verified=True (0.394s)
  random_011       m=4 k_min=5 verified=True (0.87s)
  random_012       m=4 k_min=6 verified=True (11.286s)
  random_013       m=4 k_min=6 verified=True (7.784s)
  random_014       m=4 k_min=5 verified=True (0.476s)
  random_015       m=4 k_min=3 verified=True (0.015s)
  random_016       m=4 k_min=6 verified=True (11.29s)
  random_017       m=4 k_min=4 verified=True (0.03s)
  random_018       m=4 k_min=5 verified=True (0.227s)
  random_019       m=4 k_min=6 verified=True (3.174s)
  random_020       m=4 k_min=7 verified=True (281.245s)
  random_021       m=4 k_min=6 verified=True (5.823s)
  random_022       m=4 k_min=5 verified=True (0.22s)
  random_023       m=4 k_min=6 verified=True (6.618s)
  random_024       m=4 k_min=6 verified=True (7.606s)
  random_025       m=4 k_min=6 verified=True (4.221s)
  random_026       m=4 k_min=4 verified=True (0.099s)
  random_027       m=4 k_min=5 verified=True (0.206s)
  random_028       m=4 k_min=5 verified=True (0.369s)
  random_029       m=4 k_min=6 verified=True (12.274s)
  random_030       m=4 k_min=7 verified=True (424.354s)
  random_031       m=4 k_min=5 verified=True (0.7s)
  random_032       m=4 k_min=6 verified=True (15.032s)
  random_033       m=4 k_min=6 verified=True (24.141s)
  random_034       m=4 k_min=4 verified=True (0.063s)
  random_035       m=4 k_min=5 verified=True (0.392s)
  random_036       m=4 k_min=4 verified=True (0.07s)
  random_037       m=4 k_min=6 verified=True (8.791s)
  random_038       m=4 k_min=6 verified=True (8.638s)
  random_039       m=4 k_min=6 verified=True (34.829s)
  random_040       m=4 k_min=6 verified=True (8.821s)
  random_041       m=4 k_min=5 verified=True (0.424s)
  random_042       m=4 k_min=5 verified=True (2.434s)
  random_043       m=4 k_min=4 verified=True (0.05s)
  random_044       m=4 k_min=6 verified=True (6.926s)
  random_045       m=4 k_min=3 verified=True (0.066s)
  random_046       m=4 k_min=5 verified=True (0.518s)
  random_047       m=4 k_min=5 verified=True (0.585s)
  random_048       m=4 k_min=6 verified=True (8.087s)
  random_049       m=4 k_min=6 verified=True (7.61s)
  random_050       m=4 k_min=6 verified=True (8.121s)
  random_051       m=4 k_min=6 verified=True (10.147s)
  random_052       m=4 k_min=5 verified=True (0.301s)
  random_053       m=4 k_min=5 verified=True (0.6s)
  random_054       m=4 k_min=5 verified=True (0.444s)
  random_055       m=4 k_min=4 verified=True (0.133s)
  random_056       m=4 k_min=5 verified=True (0.269s)
  random_057       m=4 k_min=6 verified=True (7.16s)
  random_058       m=4 k_min=5 verified=True (0.568s)
  random_059       m=4 k_min=4 verified=True (0.082s)
{
  "m": 4,
  "kmax": 7,
  "controls": {
    "rule30_offset0": 5,
    "rule30_offset1": 6,
    "rule90": 3,
    "rule150": 0,
    "rule60": 0,
    "parity": 3,
    "and_m": 3,
    "maj3": 4
  },
  "random_kmin_sorted": [
    3,
    3,
    3,
    4,
    4,
    4,
    4,
    4,
    4,
    4,
    4,
    4,
    4,
    5,
    5,
    5,
    5,
    5,
    5,
    5,
    5,
    5,
    5,
    5,
    5,
    5,
    5,
    5,
    5,
    5,
    5,
    6,
    6,
    6,
    6,
    6,
    6,
    6,
    6,
    6,
    6,
    6,
    6,
    6,
    6,
    6,
    6,
    6,
    6,
    6,
    6,
    6,
    6,
    6,
    6,
    6,
    6,
    6,
    7,
    7
  ],
  "random_median": 5,
  "rule30_percentile_of_random": 36.7,
  "instrument_check": {
    "structured_min": 0,
    "random_median": 5
  }
}
