=== one-step defect width by parity of the flipped site (exact) ===
  x0=-8 (even) -> diff width 3, at [-9, -8, -7]
  x0=-7 (odd ) -> diff width 1, at [-6]
  x0=-6 (even) -> diff width 3, at [-7, -6, -5]
  x0=-5 (odd ) -> diff width 1, at [-4]
  x0=-4 (even) -> diff width 3, at [-5, -4, -3]
  x0=-3 (odd ) -> diff width 1, at [-2]
  x0=-2 (even) -> diff width 3, at [-3, -2, -1]
  x0=-1 (odd ) -> diff width 1, at [0]
  x0=+0 (even) -> diff width 3, at [-1, 0, 1]
  x0=+1 (odd ) -> diff width 1, at [2]
  x0=+2 (even) -> diff width 3, at [1, 2, 3]
  x0=+3 (odd ) -> diff width 1, at [4]
  x0=+4 (even) -> diff width 3, at [3, 4, 5]
  x0=+5 (odd ) -> diff width 1, at [6]
  x0=+6 (even) -> diff width 3, at [5, 6, 7]
  x0=+7 (odd ) -> diff width 1, at [8]
  x0=+8 (even) -> diff width 3, at [7, 8, 9]

=== multi-step trace (local rule only, not the lone-seed diagram) ===
 start defect at x0=-1 (odd)
   t= 0 diffs=[-1]
   t= 1 diffs=[0]
   t= 2 diffs=[-1, 0, 1]
   t= 3 diffs=[0, 1, 2]
   t= 4 diffs=[-1, 1, 3]
   t= 5 diffs=[0, 2, 4]
   t= 6 diffs=[-1, 0, 2, 4, 5]
   t= 7 diffs=[2, 5, 6]
   t= 8 diffs=[1, 2, 3, 7]
   t= 9 diffs=[2, 3, 4, 8]
   t=10 diffs=[1, 3, 5, 7, 8, 9]
   t=11 diffs=[2, 4, 6, 8, 9, 10]
 start defect at x0=0 (even)
   t= 0 diffs=[0]
   t= 1 diffs=[-1, 0, 1]
   t= 2 diffs=[0, 1, 2]
   t= 3 diffs=[-1, 1, 3]
   t= 4 diffs=[0, 2, 4]
   t= 5 diffs=[-1, 0, 2, 4, 5]
   t= 6 diffs=[2, 5, 6]
   t= 7 diffs=[1, 2, 3, 7]
   t= 8 diffs=[2, 3, 4, 8]
   t= 9 diffs=[1, 3, 5, 7, 8, 9]
   t=10 diffs=[2, 4, 6, 8, 9, 10]
   t=11 diffs=[1, 2, 4, 6, 9, 11]

=== healing statistics: 300 random single-site defects, 60 steps ===
  healed (returned to zero diff) within 60 steps: 0 / 300
  max-width reached: min=35 max=37 mean=36.0

=== long single-trial width curve, x0=0 (even), 300 steps ===
  width every 10 steps: [1, 9, 16, 21, 28, 32, 35, 44, 52, 58, 65, 71, 79, 85, 92, 99, 106, 114, 119, 126, 134, 138, 143, 152, 155, 164, 171, 177, 186, 192]
  final width: 196
