rbf_direct_gate.py args={'gate_n': 10, 'umax': 12, 'fut': 3, 'rand_n': [30, 60, 100], 'samples': 200, 'seed': 1, 'letters_m3': 10, 'letters_m4': 8, 'balance_brute': 10, 'balance_transfer': 60, 'skip': []}
G0 local facts: decoupling on 16 pairs, BOUNDARY = XOR 3, E(XOR 3) = E, E(1)=E(2)=0, CONE[1] = CONE[3], right-bijective: PASS
G1 own triangle = psi_kernel.Endpoint on 2046 binary words, u <= 10: PASS
  P u=1   pairs so far=2   [0s]
  P u=2   pairs so far=10   [0s]
  P u=3   pairs so far=34   [0s]
  P u=4   pairs so far=98   [0s]
  P u=5   pairs so far=258   [0s]
  P u=6   pairs so far=642   [0s]
  P u=7   pairs so far=1538   [0s]
  P u=8   pairs so far=3586   [0s]
  P u=9   pairs so far=8194   [0s]
  P u=10  pairs so far=18434   [1s]
  P u=11  pairs so far=40962   [2s]
  P u=12  pairs so far=90114   [6s]
P exhaustive: all binary words u <= 12, all n <= u: 90114 (word, n) pairs; forcing unique; (a) (b) (c) (c-setform) (d-runs) (d-readout) (d-pair with 3 future steps) PASS; 9830 distinct (n,u,Z_(u-1),Z_u) keys; Z_(u-1) alone 7745 keys, 1492 ambiguous, max fibre 7
P random n=30: 200 words, u in [n, 2n+1], 6400 (word, u) pairs, all checks PASS; 6400 distinct pair keys   [1s]
P random n=60: 200 words, u in [n, 2n+1], 12400 (word, u) pairs, all checks PASS; 12400 distinct pair keys   [6s]
P random n=100: 200 words, u in [n, 2n+1], 20400 (word, u) pairs, all checks PASS; 20400 distinct pair keys   [14s]
  L3 m=1   words=3   [0s]
  L3 m=2   words=9   [0s]
  L3 m=3   words=27   [0s]
  L3 m=4   words=81   [0s]
  L3 m=5   words=243   [0s]
  L3 m=6   words=729   [0s]
  L3 m=7   words=2187   [0s]
  L3 m=8   words=6561   [0s]
  L3 m=9   words=19683   [2s]
  L3 m=10  words=59049   [6s]
L letter space: 88572 windows in {0,1,2}^m, m <= 10: Moore = phi recursion, (a)-(d), odd cells unread, even cells read, image 2^floor(N/2), fibre 2^ceil(N/2) PASS; 87380 windows in {0..3}^m, m <= 8: Moore = phi, (a)-(d) PASS   [8s]
  E m=1   #Phi=0=2 = (3^m+1)/2; by-N decomposition PASS; bottom-nonzero zeros=2
  E m=2   #Phi=0=5 = (3^m+1)/2; by-N decomposition PASS; bottom-nonzero zeros=2
  E m=3   #Phi=0=14 = (3^m+1)/2; by-N decomposition PASS; bottom-nonzero zeros=10
  E m=4   #Phi=0=41 = (3^m+1)/2; by-N decomposition PASS; bottom-nonzero zeros=26
  E m=5   #Phi=0=122 = (3^m+1)/2; by-N decomposition PASS; bottom-nonzero zeros=82
  E m=6   #Phi=0=365 = (3^m+1)/2; by-N decomposition PASS; bottom-nonzero zeros=242
  E m=7   #Phi=0=1094 = (3^m+1)/2; by-N decomposition PASS; bottom-nonzero zeros=730
  E m=8   #Phi=0=3281 = (3^m+1)/2; by-N decomposition PASS; bottom-nonzero zeros=2186
  E m=9   #Phi=0=9842 = (3^m+1)/2; by-N decomposition PASS; bottom-nonzero zeros=6562
  E m=10  #Phi=0=29525 = (3^m+1)/2; by-N decomposition PASS; bottom-nonzero zeros=19682
E balance: brute force m <= 10 through phi with the by-N decomposition PASS; transfer matrix charpoly [1, -2, -4, 2, 3] = (x-1)(x-3)(x+1)^2, d(m) = 1 for m <= 60 PASS   [1s]
ALL PASS   [35s]
