 n  c  deepest need  slack  N_k (k=0..)                       max_k N_k/2^(n-k) (at k)   v<=1@n+2  v<=1@n+2&12a  witnesses@deepest  common suffix
21 2  13      23    10     2097152,784532,325726,130221,52562,21888,8567,3251,1462,587,293,261,217,24  0.75 (k=1 )   0        0            24                2   [0.2s]
21 3  16      23    7      2097152,786595,328757,131606,52782,21197,8779,3344,1513,591,305,115,50,24  0.75 (k=1 )   0        0            24                222221111222   [0.2s]
22 2  12      24    12     4194304,1566512,653767,263745,106959,42131,17184,6964,2897,1248,534,170,60,0  0.75 (k=1 )   0        0            60                   [0.5s]
22 3  14      24    10     4194304,1579265,654648,260866,105985,41687,17337,6697,2733,1011,440,226,95,48  0.75 (k=1 )   0        0            28                22   [0.4s]
23 2  16      25    9      8388608,3143447,1311745,519218,212533,85913,34669,13867,5387,2522,1080,349,142,50  0.75 (k=1 )   0        0            8                 21211212221222111112   [0.8s]
23 3  16      25    9      8388608,3150190,1302687,522642,212763,84613,33790,14336,5664,2148,899,342,174,64  0.75 (k=1 )   0        0            2                 1112211211221121111212   [0.8s]
24 2  14      26    12     16777216,6286015,2622323,1048029,423254,170503,67290,28414,11463,4384,1666,568,189,74  0.75 (k=1 )   0        0            66                12   [1.7s]
24 3  16      26    10     16777216,6301131,2635322,1056403,426658,173408,70648,27733,10185,3785,1613,931,423,116  0.75 (k=1 )   0        0            12                22212112112211111121   [1.4s]
25 2  16      27    11     33554432,12580013,5221706,2074587,842731,347613,141213,57623,23950,9403,3780,1242,675,252  0.75 (k=1 )   0        0            12                212121111111111122221   [3.2s]
25 3  16      27    11     33554432,12582713,5239981,2100343,856189,344979,138822,55910,21843,8969,3948,1345,541,192  0.75 (k=1 )   0        0            6                 1121111112222221   [3.1s]
26 2  15      28    13     67108864,25145060,10492197,4192299,1702576,690049,280065,112567,45905,18361,7410,2856,1277,648  0.75 (k=1 )   0        0            318                  [6.7s]
26 3  15      28    13     67108864,25200104,10492288,4214036,1713864,691321,279407,112644,45141,17074,6642,3345,1158,454  0.75 (k=1 )   0        0            64                1212   [6.3s]
27 2  17      29    12     134217728,50327762,20970884,8380044,3409870,1366826,553230,222074,90003,37676,15636,6775,2414,1418  0.75 (k=1 )   0        0            36                222   [13.1s]
27 3  19      29    10     134217728,50342777,20952188,8373807,3383074,1376524,557098,226879,91797,38295,15831,6031,2532,1046  0.75 (k=1 )   0        0            5                 121122121222121121111221   [14.0s]
28 2  21      30    9      268435456,100655498,41977231,16766719,6797433,2739519,1109837,451254,184954,77289,30867,12753,5264,2060  0.75 (k=1 )   0        0            32                2222122211222221122111   [31.4s]
28 3  17      30    13     268435456,100731775,41980057,16838329,6840468,2759630,1113239,448388,182708,71262,29943,11918,4195,1927  0.75 (k=1 )   0        0            24                212122212112111122122   [29.7s]
29 2  19      31    12     536870912,201389561,83965682,33539439,13607020,5494474,2239971,917828,372537,152182,63822,25450,10807,3923  0.75 (k=1 )   0        0            52                212221122222112211122   [58.9s]
29 3  16      31    15     536870912,201336811,83921262,33624674,13639537,5504398,2223531,893574,360917,146548,60071,24341,10245,3947  0.75 (k=1 )   0        0            296                  [63.6s]
30 2  18      32    14     1073741824,402581497,167649974,67125543,27298500,11043828,4466744,1789510,729189,293425,119399,48580,20090,7234  0.75 (k=1 )   0        0            38                   [155.2s]
30 3  19      32    13     1073741824,402930474,167844540,67045167,27256439,11001434,4473460,1802875,729970,295607,117192,47269,18615,8176  0.75 (k=1 )   0        0            44                222112211222212222   [160.0s]
