 n  c  deepest need  slack  N_k (k=0..)                       max_k N_k/2^(n-k) (at k)   v<=1@n+2  v<=1@n+2&12a  witnesses@deepest  common suffix
7  2  4       9     5      128,41,17,9,5,0,0,0,0,0,0,0                       0.64 (k=1 )   0        0            5                    [0.0s]
7  3  4       9     5      128,58,20,14,10,0,0,0,0,0,0,0                     1.25 (k=4 )   0        0            10                   [0.0s]
8  2  3       10    7      256,87,44,9,0,0,0,0,0,0,0,0,0                     0.69 (k=2 )   0        0            9                 22   [0.0s]
8  3  6       10    4      256,97,49,17,7,4,3,0,0,0,0,0,0                    0.77 (k=2 )   3        0            3                 222111   [0.0s]
9  2  4       11    7      512,162,57,17,4,0,0,0,0,0,0,0,0,0                 0.63 (k=1 )   0        0            4                 2   [0.0s]
9  3  8       11    3      512,214,112,53,23,6,6,6,6,0,0,0,0,0               3.00 (k=8 )   0        0            6                 222122   [0.0s]
10 2  5       12    7      1024,396,177,62,26,6,0,0,0,0,0,0,0,0              0.77 (k=1 )   0        0            6                 1112   [0.0s]
10 3  7       12    5      1024,385,159,62,22,14,12,4,0,0,0,0,0,0            0.75 (k=1 )   0        0            4                 22111222   [0.0s]
11 2  6       13    7      2048,728,285,93,36,9,4,0,0,0,0,0,0,0              0.71 (k=1 )   0        0            4                 121111211   [0.0s]
11 3  7       13    6      2048,805,325,157,79,32,14,12,0,0,0,0,0,0          0.79 (k=1 )   0        0            12                   [0.0s]
12 2  9       14    5      4096,1607,752,278,119,33,14,6,2,2,0,0,0,0         0.78 (k=1 )   0        0            2                 11122211121   [0.0s]
12 3  8       14    6      4096,1487,721,226,87,44,5,1,1,0,0,0,0,0           0.73 (k=1 )   0        0            1                 112211212122   [0.0s]
13 2  7       15    8      8192,3068,1146,489,171,81,27,12,0,0,0,0,0,0       0.75 (k=1 )   0        0            12                   [0.0s]
13 3  9       15    6      8192,3094,1266,503,176,70,20,9,3,3,0,0,0,0        0.76 (k=1 )   0        0            3                 22221122112   [0.0s]
14 2  10      16    6      16384,6145,2685,1099,386,134,57,21,6,4,4,0,0,0    0.75 (k=1 )   0        0            4                 222211121   [0.0s]
14 3  8       16    8      16384,6145,2684,1072,407,145,42,25,8,0,0,0,0,0    0.75 (k=1 )   0        0            8                 2   [0.0s]
15 2  9       17    8      32768,12134,4829,1680,727,272,92,43,18,10,0,0,0,0  0.74 (k=1 )   0        0            10                2   [0.0s]
15 3  8       17    9      32768,12533,5054,2065,818,333,142,30,9,0,0,0,0,0  0.76 (k=1 )   0        0            9                    [0.0s]
16 2  10      18    8      65536,24540,10598,4332,2017,765,255,124,35,11,3,0,0,0  0.75 (k=1 )   0        0            3                 2212122122122   [0.0s]
16 3  10      18    8      65536,24909,10412,3977,1698,625,234,99,54,28,18,0,0,0  0.76 (k=1 )   0        0            18                   [0.0s]
17 2  11      19    8      131072,49654,20867,8447,3519,1468,655,224,66,23,13,10,0,0  0.76 (k=1 )   0        0            10                21111111212   [0.0s]
17 3  10      19    9      131072,48952,20763,8158,3065,1219,498,158,69,20,6,0,0,0  0.75 (k=1 )   0        0            6                 22211112212111   [0.0s]
18 2  12      20    8      262144,97586,41267,16374,6780,2805,1229,606,249,94,34,32,16,0  0.74 (k=1 )   0        0            16                   [0.0s]
18 3  11      20    9      262144,99182,41022,17357,6772,2604,1063,444,195,93,26,12,0,0  0.76 (k=1 )   0        0            12                2111112221212   [0.0s]
19 2  11      21    10     524288,195767,81225,32123,13658,6013,2474,837,334,173,42,8,0,0  0.75 (k=1 )   0        0            8                    [0.0s]
19 3  13      21    8      524288,197717,81517,33106,13526,5575,2213,891,389,97,42,6,6,6  0.75 (k=1 )   0        0            6                 2212122211221122   [0.0s]
20 2  11      22    11     1048576,392181,165155,67462,28034,11141,4534,1917,905,267,88,20,0,0  0.75 (k=1 )   0        0            20                2   [0.1s]
20 3  14      22    8      1048576,395031,164854,66542,27226,11150,4609,2037,761,266,111,67,47,12  0.75 (k=1 )   0        0            12                2221122211122222   [0.1s]
