Q_n known exactly for n in [4, 5, 6, 7, 8, 9, 10, 11, 12, 13, 14, 15, 16, 17, 18, 19, 20]; fitted rate 1.7752 per n over n=12..20

 n  c  deepest  d/n    R_all   R_deep (k)   R_last      sup1.1  sup1.2  sup1.3   log2Q_n  B-margin
7  2  4         0.57   0.641   0.625 (4 )    0.6250     1.00    1.09    1.44     6.11     2.11
7  3  4         0.57   1.250   1.250 (4 )    1.2500     1.65    2.18    2.87     6.11     2.11
8  2  3         0.38   0.688   0.688 (2 )    0.2812     1.00    1.00    1.04     6.94     3.94
8  3  6         0.75   0.766   0.766 (2 )    0.7500     1.14    1.72    2.61     6.94     0.94
9  2  4         0.44   0.633   0.445 (2 )    0.1250     1.00    1.00    1.00     7.77     3.77
9  3  8         0.89   3.000   3.000 (8 )    3.0000     5.22    9.09   15.83     7.77    -0.23
10 2  5         0.50   0.773   0.691 (2 )    0.1875     1.00    1.00    1.05     8.61     3.61
10 3  7         0.70   0.752   0.750 (6 )    0.5000     1.14    1.72    2.61     8.61     1.61
11 2  6         0.55   0.711   0.557 (2 )    0.1250     1.00    1.00    1.00     9.45     3.45
11 3  7         0.64   0.786   0.750 (7 )    0.7500     1.22    1.98    3.22     9.45     2.45
12 2  9         0.75   0.785   0.734 (2 )    0.2500     1.00    1.00    1.62    10.30     1.30
12 3  8         0.67   0.726   0.704 (2 )    0.0625     1.00    1.00    1.07    10.30     2.30
13 2  7         0.54   0.749   0.560 (2 )    0.1875     1.00    1.00    1.00    11.14     4.14
13 3  9         0.69   0.755   0.618 (2 )    0.1875     1.00    1.00    1.22    11.14     2.14
14 2  10        0.71   0.750   0.656 (2 )    0.2500     1.00    1.00    2.00    11.97     1.97
14 3  8         0.57   0.750   0.655 (2 )    0.1250     1.00    1.00    1.00    11.97     3.97
15 2  9         0.60   0.741   0.589 (2 )    0.1562     1.00    1.00    1.02    12.80     3.80
15 3  8         0.53   0.765   0.617 (2 )    0.0703     1.00    1.00    1.00    12.80     4.80
16 2  10        0.62   0.749   0.647 (2 )    0.0469     1.00    1.00    1.13    13.63     3.63
16 3  10        0.62   0.760   0.635 (2 )    0.2812     1.00    1.12    2.25    13.63     3.63
17 2  11        0.65   0.758   0.637 (2 )    0.1562     1.00    1.00    1.54    14.45     3.45
17 3  10        0.59   0.747   0.634 (2 )    0.0469     1.00    1.00    1.00    14.45     4.45
18 2  12        0.67   0.745   0.630 (2 )    0.2500     1.00    1.32    3.03    15.28     3.28
18 3  11        0.61   0.757   0.626 (2 )    0.0938     1.00    1.00    1.18    15.28     4.28
19 2  11        0.58   0.747   0.620 (2 )    0.0312     1.00    1.00    1.10    16.10     5.10
19 3  13        0.68   0.754   0.622 (2 )    0.0938     1.00    1.00    1.40    16.10     3.10
20 2  11        0.55   0.748   0.630 (2 )    0.0391     1.00    1.00    1.17    16.92     5.92
20 3  14        0.70   0.753   0.629 (2 )    0.1875     1.00    1.31    3.45    16.92     2.92
21 2  13        0.62   0.748   0.621 (2 )    0.0938     1.00    2.24    5.14    17.75*    4.75
21 3  16        0.76   0.750   0.750 (16)    0.7500     2.27    6.89   20.89    17.75*    1.75
22 2  12        0.55   0.747   0.623 (2 )    0.0586     1.00    1.00    1.04    18.58*    6.58
22 3  14        0.64   0.753   0.624 (2 )    0.1094     1.00    1.00    2.01    18.58*    4.58
23 2  16        0.70   0.749   0.625 (2 )    0.0625     1.00    1.00    1.74    19.40*    3.40
23 3  16        0.70   0.751   0.621 (2 )    0.0156     1.00    1.00    1.03    19.40*    3.40
24 2  14        0.58   0.749   0.625 (2 )    0.0645     1.00    1.00    1.18    20.23*    6.23
24 3  16        0.67   0.751   0.628 (2 )    0.0469     1.00    1.00    1.31    20.23*    4.23
25 2  16        0.64   0.750   0.622 (2 )    0.0234     1.00    1.00    1.00    21.06*    5.06
25 3  16        0.64   0.750   0.625 (2 )    0.0117     1.00    1.00    1.00    21.06*    5.06
26 2  15        0.58   0.749   0.625 (2 )    0.1553     1.00    1.24    3.51    21.89*    6.89
26 3  15        0.58   0.751   0.625 (2 )    0.0312     1.00    1.00    1.01    21.89*    6.89
27 2  17        0.63   0.750   0.625 (2 )    0.0352     1.00    1.00    1.29    22.72*    5.72
27 3  19        0.70   0.750   0.624 (2 )    0.0195     1.00    1.00    1.16    22.72*    3.72
28 2  21        0.75   0.750   0.626 (2 )    0.2500     1.07    4.59   19.70    23.54*    2.54
28 3  17        0.61   0.751   0.626 (2 )    0.0117     1.00    1.00    1.00    23.54*    6.54
29 2  19        0.66   0.750   0.626 (2 )    0.0508     1.00    1.00    2.64    24.37*    5.37
29 3  16        0.55   0.750   0.625 (2 )    0.0361     1.00    1.00    1.16    24.37*    8.37
30 2  18        0.60   0.750   0.625 (2 )    0.0093     1.00    1.00    1.23    25.20*    7.20
30 3  19        0.63   0.751   0.625 (2 )    0.0215     1.00    1.00    1.12    25.20*    6.20
31 2  21        0.68   0.750   0.625 (2 )    0.0586     1.00    1.08    4.62    26.03*    5.03
31 3  22        0.71   0.750   0.625 (2 )    0.0156     1.00    1.00    1.52    26.03*    4.03
32 2  21        0.66   0.750   0.625 (2 )    0.0195     1.00    1.00    1.79    26.86*    5.86
32 3  20        0.62   0.750   0.625 (2 )    0.0029     1.00    1.00    2.59    26.86*    6.86
33 2  19        0.58   0.750   0.625 (2 )    0.0090     1.00    1.00    1.00    27.68*    8.68
33 3  21        0.64   0.750   0.625 (2 )    0.0078     1.00    1.00    1.00    27.68*    6.68

n >= 10: max R_all = 0.786 at (n,c)=11,3  [Lemma A holds iff <= 1]
n >= 10: max R_deep = 0.750 at (n,c)=10,3
n >= 10: min B-margin = 1.30 at (n,c)=12,2  [Lemma B holds iff >= 0]
all (n,c,k) with N_k > 2^(n-k): [(7, 3, 4, 10, 8), (9, 3, 7, 6, 4), (9, 3, 8, 6, 2)]
