Q_n ~ 1.4417 * 1.765^n   (anchored at Q_24 = 1204323);  p = 0.405 per column in states

 n     Q_n        E[#survivors at n+2]  E[#dist-1 at n+2]   P(deep>=log2Q)  P(deep>=.75n)  P(deep>=.8n)   log2Q/n
7       7.693e+01      2.255e-02           2.982e-01        1.286e-01     2.884e-01     2.884e-01     0.895
8       1.358e+02      1.612e-02           2.368e-01        9.364e-02     4.515e-01     2.156e-01     0.886
9       2.396e+02      1.152e-02           1.862e-01        1.593e-01     3.486e-01     1.593e-01     0.878
10      4.230e+02      8.237e-03           1.452e-01        1.166e-01     2.638e-01     2.638e-01     0.872
11      7.466e+02      5.888e-03           1.125e-01        8.483e-02     1.966e-01     1.966e-01     0.868
12      1.318e+03      4.209e-03           8.657e-02        6.140e-02     3.205e-01     1.448e-01     0.864
13      2.326e+03      3.009e-03           6.630e-02        4.428e-02     2.413e-01     1.058e-01     0.860
14      4.105e+03      2.151e-03           5.055e-02        3.186e-02     1.791e-01     7.683e-02     0.857
15      7.245e+03      1.537e-03           3.840e-02        5.554e-02     1.316e-01     1.316e-01     0.855
16      1.279e+04      1.099e-03           2.906e-02        4.002e-02     2.204e-01     9.594e-02     0.853
17      2.257e+04      7.856e-04           2.193e-02        2.878e-02     1.631e-01     6.956e-02     0.851
18      3.984e+04      5.615e-04           1.650e-02        2.066e-02     1.195e-01     5.023e-02     0.849
19      7.031e+04      4.014e-04           1.238e-02        1.481e-02     8.694e-02     3.617e-02     0.847
20      1.241e+05      2.869e-04           9.274e-03        2.599e-02     1.483e-01     6.295e-02     0.846
21      2.190e+05      2.051e-04           6.930e-03        1.865e-02     1.084e-01     4.541e-02     0.845
22      3.866e+05      1.466e-04           5.169e-03        1.337e-02     7.876e-02     3.268e-02     0.844
23      6.823e+05      1.048e-04           3.849e-03        9.572e-03     5.695e-02     2.347e-02     0.843
24      1.204e+06      7.492e-05           2.862e-03        6.852e-03     9.832e-02     1.683e-02     0.842
25      2.126e+06      5.355e-05           2.124e-03        4.903e-03     7.131e-02     2.952e-02     0.841
26      3.752e+06      3.828e-05           1.575e-03        8.637e-03     5.151e-02     2.119e-02     0.840
27      6.622e+06      2.736e-05           1.166e-03        6.182e-03     3.710e-02     1.519e-02     0.839
28      1.169e+07      1.956e-05           8.621e-04        4.423e-03     6.455e-02     1.088e-02     0.839
29      2.063e+07      1.398e-05           6.368e-04        3.163e-03     4.658e-02     7.793e-03     0.838
30      3.641e+07      9.995e-06           4.699e-04        2.262e-03     3.352e-02     1.371e-02     0.837
31      6.426e+07      7.144e-06           3.464e-04        3.990e-03     2.408e-02     9.822e-03     0.837
32      1.134e+08      5.107e-06           2.551e-04        2.853e-03     4.210e-02     7.031e-03     0.836
33      2.002e+08      3.651e-06           1.877e-04        2.041e-03     3.028e-02     5.031e-03     0.836
34      3.533e+08      2.610e-06           1.380e-04        1.459e-03     2.174e-02     3.599e-03     0.835
35      6.236e+08      1.865e-06           1.014e-04        1.043e-03     1.559e-02     6.343e-03     0.835
36      1.101e+09      1.333e-06           7.444e-05        7.458e-04     2.735e-02     4.538e-03     0.834
37      1.943e+09      9.532e-07           5.461e-05        1.316e-03     1.963e-02     3.246e-03     0.834
38      3.429e+09      6.813e-07           4.004e-05        9.409e-04     1.407e-02     2.322e-03     0.834
39      6.052e+09      4.870e-07           2.934e-05        6.726e-04     1.008e-02     1.660e-03     0.833
40      1.068e+10      3.482e-07           2.148e-05        4.809e-04     1.772e-02     2.928e-03     0.833
50      3.134e+12      1.213e-08           9.265e-07        1.021e-04     3.789e-03     6.225e-04     0.830
60      9.195e+14      4.224e-10           3.848e-08        2.169e-05     1.989e-03     1.322e-04     0.828
70      2.698e+17      1.472e-11           1.557e-09        4.607e-06     4.227e-04     2.809e-05     0.827
80      7.915e+19      5.126e-13           6.175e-11        3.962e-07     2.217e-04     5.964e-06     0.826
90      2.322e+22      1.785e-14           2.413e-12        8.414e-08     4.708e-05     1.267e-06     0.826
100     6.813e+24      6.219e-16           9.320e-14        1.787e-08     2.469e-05     2.690e-07     0.825
110     1.999e+27      2.166e-17           3.565e-15        3.795e-09     5.243e-06     5.713e-08     0.824
120     5.865e+29      7.547e-19           1.353e-16        8.059e-10     2.749e-06     1.213e-08     0.824

sum over n >= 34 (both c) of E[#states surviving n+2 columns]      = 1.830e-05
same with the 12a ending (factor 1/4)                                 = 4.575e-06
sum over n >= 34 (both c) of E[#distance-1 states] with 12a      = 2.588e-04
sum over n >= 34 (both c) of P(deepest >= log2 Q_n)  [Lemma B fails] = 1.969e-02
P(deepest >= 16 at n=21) under the null = 1.084e-01   (observed at c=3)
P(deepest >= 21 at n=28) under the null = 6.455e-02   (observed at c=2)
P(deepest >= 22 at n=31) under the null = 1.381e-01   (observed at c=3)
E[#distance-1 states with 12a at n=21] = 1.733e-03; observed 1 (fiber 10) at c=3
E[#distance-1-with-12a events over n=10..33, both c] = 3.075e-01; observed 1
