 n  r  c   vars    clauses   result   seconds
16 0  2   8824    27359     UNSAT        1.88  
16 0  3   8824    27359     UNSAT        1.22  
17 0  2   9910    30732     UNSAT        2.04  
17 0  3   9910    30732     UNSAT        2.04  
18 0  2   11059   34301     UNSAT        4.38  
18 0  3   11059   34301     UNSAT        3.54  
19 0  2   12271   38066     UNSAT        4.95  
19 0  3   12271   38066     UNSAT        5.25  
20 0  2   13546   42027     UNSAT        9.18  
20 0  3   13546   42027     UNSAT        7.46  
21 0  2   14884   46184     UNSAT       18.69  
21 0  3   14884   46184     UNSAT       14.32  
22 0  2   16285   50537     UNSAT       24.67  
22 0  3   16285   50537     UNSAT       30.82  
23 0  2   17749   55086     UNSAT       38.42  
23 0  3   17749   55086     UNSAT       41.11  
24 0  2   19276   59831     UNSAT       90.86  
24 0  3   19276   59831     UNSAT      134.82  
25 0  2   20866   64772     UNSAT      291.99  
25 0  3   20866   64772     UNSAT      337.83  
26 0  2   22519   69909     UNSAT      611.84  
26 0  3   22519   69909     UNSAT      202.11  
27 0  2   24235   75242     UNSAT      484.45  
27 0  3   24235   75242     UNSAT      261.17  
28 0  2   26014   80771     UNSAT     1622.37  
28 0  3   26014   80771     UNSAT     1386.20  
