n=31 c=2 deepest=21 [533s]
   k     N_k      D_k    D_E   D_HC  D_both  maxfib  pE_src  pE_st  pHC_st  pboth_st
  9      594871    14578   7387  11808    6033     754   0.508  0.507  0.810   0.414
  10     247720     6032   3043   4851    2425     754   0.514  0.504  0.804   0.402
  11     102191     2425   1254   1990    1037     734   0.527  0.517  0.821   0.428
  12      43303     1037    501    844     411     496   0.457  0.483  0.814   0.396
  13      15908      411    233    335     203     404   0.582  0.567  0.815   0.494
  14       8151      203    101    154      83     296   0.420  0.498  0.759   0.409
  15       2845       83     38     68      31     148   0.429  0.458  0.819   0.373
  16        985       31     17     21      11      96   0.428  0.548  0.677   0.355
  17        294       11      5     10       5      60   0.442  0.455  0.909   0.455
  18        130        5      2      5       2      60   0.585  0.400  1.000   0.400
  19         76        2      2      1       1      60   1.000  1.000  0.500   0.500
  20         60        1      1      1       1      60   1.000  1.000  1.000   1.000
  21         60        1      0      1       0      60   0.000  0.000  1.000   0.000
n=31 c=3 deepest=22 [518s]
   k     N_k      D_k    D_E   D_HC  D_both  maxfib  pE_src  pE_st  pHC_st  pboth_st
  9      586109    14916   7519  12061    6107     660   0.508  0.504  0.809   0.409
  10     245670     6107   3070   4920    2470     642   0.497  0.503  0.806   0.404
  11      98058     2470   1211   1965     962     600   0.479  0.490  0.796   0.389
  12      36506      962    496    778     406     558   0.470  0.516  0.809   0.422
  13      14132      406    210    333     173     376   0.522  0.517  0.820   0.426
  14       6161      173     83    146      73     248   0.485  0.480  0.844   0.422
  15       2716       73     44     62      37     248   0.674  0.603  0.849   0.507
  16       1536       37     16     28      12     248   0.498  0.432  0.757   0.324
  17        491       12      7     11       6     116   0.574  0.583  0.917   0.500
  18        254        6      2      5       2     116   0.236  0.333  0.833   0.333
  19         60        2      1      2       1      52   0.133  0.500  1.000   0.500
  20          8        1      1      1       1       8   1.000  1.000  1.000   1.000
  21          8        1      1      1       1       8   1.000  1.000  1.000   1.000
  22          8        1      0      1       0       8   0.000  0.000  1.000   0.000

pooled by absolute level k (all n, c above):  N  D  pE_src  pE_states  pHC_states  pboth_states  maxfib
  k=9   N=  1180980 D=   29494 pE_st= 0.505 pHC_st= 0.809 pboth_st= 0.412 maxfib=754
  k=10  N=   493390 D=   12139 pE_st= 0.504 pHC_st= 0.805 pboth_st= 0.403 maxfib=754
  k=11  N=   200249 D=    4895 pE_st= 0.504 pHC_st= 0.808 pboth_st= 0.408 maxfib=734
  k=12  N=    79809 D=    1999 pE_st= 0.499 pHC_st= 0.811 pboth_st= 0.409 maxfib=558
  k=13  N=    30040 D=     817 pE_st= 0.542 pHC_st= 0.818 pboth_st= 0.460 maxfib=404
  k=14  N=    14312 D=     376 pE_st= 0.489 pHC_st= 0.798 pboth_st= 0.415 maxfib=296
  k=15  N=     5561 D=     156 pE_st= 0.526 pHC_st= 0.833 pboth_st= 0.436 maxfib=248
  k=16  N=     2521 D=      68 pE_st= 0.485 pHC_st= 0.721 pboth_st= 0.338 maxfib=248
  k=17  N=      785 D=      23 pE_st= 0.522 pHC_st= 0.913 pboth_st= 0.478 maxfib=116
  k=18  N=      384 D=      11 pE_st= 0.364 pHC_st= 0.909 pboth_st= 0.364 maxfib=116
  k=19  N=      136 D=       4 pE_st= 0.750 pHC_st= 0.750 pboth_st= 0.500 maxfib=60
  k=20  N=       68 D=       2 pE_st= 1.000 pHC_st= 1.000 pboth_st= 1.000 maxfib=60
  k=21  N=       68 D=       2 pE_st= 0.500 pHC_st= 1.000 pboth_st= 0.500 maxfib=60
  k=22  N=        8 D=       1 pE_st= 0.000 pHC_st= 1.000 pboth_st= 0.000 maxfib=8

pooled by offset k - deepest:  D  pE_states  pHC_states  pboth_states
  off=-13  N=   586109 D=   14916 pE_st= 0.504 pHC_st= 0.809 pboth_st= 0.409
  off=-12  N=   840541 D=   20685 pE_st= 0.506 pHC_st= 0.809 pboth_st= 0.411
  off=-11  N=   345778 D=    8502 pE_st= 0.500 pHC_st= 0.802 pboth_st= 0.398
  off=-10  N=   138697 D=    3387 pE_st= 0.517 pHC_st= 0.817 pboth_st= 0.426
  off=-9   N=    57435 D=    1443 pE_st= 0.493 pHC_st= 0.816 pboth_st= 0.405
  off=-8   N=    22069 D=     584 pE_st= 0.541 pHC_st= 0.824 pboth_st= 0.473
  off=-7   N=    10867 D=     276 pE_st= 0.525 pHC_st= 0.783 pboth_st= 0.435
  off=-6   N=     4381 D=     120 pE_st= 0.450 pHC_st= 0.800 pboth_st= 0.358
  off=-5   N=     1476 D=      43 pE_st= 0.558 pHC_st= 0.744 pboth_st= 0.395
  off=-4   N=      548 D=      17 pE_st= 0.412 pHC_st= 0.882 pboth_st= 0.412
  off=-3   N=      190 D=       7 pE_st= 0.429 pHC_st= 1.000 pboth_st= 0.429
  off=-2   N=       84 D=       3 pE_st= 1.000 pHC_st= 0.667 pboth_st= 0.667
  off=-1   N=       68 D=       2 pE_st= 1.000 pHC_st= 1.000 pboth_st= 1.000
  off=0    N=       68 D=       2 pE_st= 0.000 pHC_st= 1.000 pboth_st= 0.000
