n=12 c=2 deepest=9 Q_n=D_0=1257 [0s]
   k     N_k      D_k    D_E   D_HC  D_both  maxfib  pE_src  pE_st  pHC_st  pboth_st
  0        4096     1257    627    955     484      18   0.510  0.499  0.760   0.385
  1        1607      436    224    365     187      18   0.552  0.514  0.837   0.429
  2         752      186     90    149      73      18   0.469  0.484  0.801   0.392
  3         278       72     32     59      29      18   0.489  0.444  0.819   0.403
  4         119       29     14     22      12      18   0.462  0.483  0.759   0.414
  5          33       12      5     10       5       7   0.424  0.417  0.833   0.417
  6          14        5      3      3       2       4   0.571  0.600  0.600   0.400
  7           6        2      2      1       1       4   1.000  1.000  0.500   0.500
  8           2        1      1      1       1       2   1.000  1.000  1.000   1.000
  9           2        1      0      1       0       2   0.000  0.000  1.000   0.000
n=12 c=3 deepest=8 [0s]
   k     N_k      D_k    D_E   D_HC  D_both  maxfib  pE_src  pE_st  pHC_st  pboth_st
  0        4096     1257    630    955     471      18   0.490  0.501  0.760   0.375
  1        1487      420    229    368     201      18   0.569  0.545  0.876   0.479
  2         721      198     98    154      74      17   0.442  0.495  0.778   0.374
  3         226       73     37     60      28      11   0.487  0.507  0.822   0.384
  4          87       28     14     22      13       6   0.529  0.500  0.786   0.464
  5          44       13      2     13       2       6   0.114  0.154  1.000   0.154
  6           5        2      1      2       1       4   0.200  0.500  1.000   0.500
  7           1        1      1      1       1       1   1.000  1.000  1.000   1.000
  8           1        1      0      1       0       1   0.000  0.000  1.000   0.000
n=13 c=2 deepest=7 Q_n=D_0=2255 [0s]
   k     N_k      D_k    D_E   D_HC  D_both  maxfib  pE_src  pE_st  pHC_st  pboth_st
  0        8192     2255   1115   1699     851      24   0.491  0.494  0.753   0.377
  1        3068      745    362    614     303      18   0.445  0.486  0.824   0.407
  2        1146      299    156    240     129      16   0.529  0.522  0.803   0.431
  3         489      128     65     96      45      16   0.481  0.508  0.750   0.352
  4         171       45     26     39      23      10   0.556  0.578  0.867   0.511
  5          81       23     12     19       8      10   0.481  0.522  0.826   0.348
  6          27        8      3      5       2      10   0.481  0.375  0.625   0.250
  7          12        2      0      2       0      10   0.000  0.000  1.000   0.000
n=13 c=3 deepest=9 [0s]
   k     N_k      D_k    D_E   D_HC  D_both  maxfib  pE_src  pE_st  pHC_st  pboth_st
  0        8192     2255   1140   1699     848      24   0.509  0.506  0.753   0.376
  1        3094      765    378    633     322      18   0.487  0.494  0.827   0.421
  2        1266      316    154    250     123      14   0.499  0.487  0.791   0.389
  3         503      123     57    101      49      14   0.417  0.463  0.821   0.398
  4         176       49     22     42      20       8   0.438  0.449  0.857   0.408
  5          70       20     12     13       7       6   0.529  0.600  0.650   0.350
  6          20        7      3      6       3       6   0.450  0.429  0.857   0.429
  7           9        3      1      3       1       4   0.333  0.333  1.000   0.333
  8           3        1      1      1       1       3   1.000  1.000  1.000   1.000
  9           3        1      0      1       0       3   0.000  0.000  1.000   0.000
n=14 c=2 deepest=10 Q_n=D_0=4009 [0s]
   k     N_k      D_k    D_E   D_HC  D_both  maxfib  pE_src  pE_st  pHC_st  pboth_st
  0       16384     4009   1999   3006    1501      26   0.500  0.499  0.750   0.374
  1        6145     1290    664   1085     554      26   0.523  0.515  0.841   0.429
  2        2685      547    282    433     223      26   0.518  0.516  0.792   0.408
  3        1099      219    105    179      84      18   0.439  0.479  0.817   0.384
  4         386       84     33     64      28      16   0.415  0.393  0.762   0.333
  5         134       28     15     25      13      12   0.515  0.536  0.893   0.464
  6          57       13      7      8       4       8   0.614  0.538  0.615   0.308
  7          21        4      2      3       2       8   0.286  0.500  0.750   0.500
  8           6        2      1      2       1       4   0.667  0.500  1.000   0.500
  9           4        1      1      1       1       4   1.000  1.000  1.000   1.000
  10          4        1      1      0       0       4   1.000  1.000  0.000   0.000
n=14 c=3 deepest=8 [0s]
   k     N_k      D_k    D_E   D_HC  D_both  maxfib  pE_src  pE_st  pHC_st  pboth_st
  0       16384     4009   2010   3006    1505      26   0.500  0.501  0.750   0.375
  1        6145     1362    696   1146     596      24   0.506  0.511  0.841   0.438
  2        2684      585    293    475     237      27   0.479  0.501  0.812   0.405
  3        1072      230    118    175      87      27   0.523  0.513  0.761   0.378
  4         407       86     38     67      30      27   0.415  0.442  0.779   0.349
  5         145       30     12     24      11      14   0.331  0.400  0.800   0.367
  6          42       11      7     10       7       6   0.595  0.636  0.909   0.636
  7          25        7      3      7       3       6   0.320  0.429  1.000   0.429
  8           8        3      0      3       0       4   0.000  0.000  1.000   0.000

pooled by absolute level k (all n, c above):  N  D  pE_src  pE_states  pHC_states  pboth_states  maxfib
  k=0   N=    57344 D=   15042 pE_st= 0.500 pHC_st= 0.753 pboth_st= 0.376 maxfib=26
  k=1   N=    21546 D=    5018 pE_st= 0.509 pHC_st= 0.839 pboth_st= 0.431 maxfib=26
  k=2   N=     9254 D=    2131 pE_st= 0.504 pHC_st= 0.798 pboth_st= 0.403 maxfib=27
  k=3   N=     3667 D=     845 pE_st= 0.490 pHC_st= 0.793 pboth_st= 0.381 maxfib=27
  k=4   N=     1346 D=     321 pE_st= 0.458 pHC_st= 0.798 pboth_st= 0.393 maxfib=27
  k=5   N=      507 D=     126 pE_st= 0.460 pHC_st= 0.825 pboth_st= 0.365 maxfib=14
  k=6   N=      165 D=      46 pE_st= 0.522 pHC_st= 0.739 pboth_st= 0.413 maxfib=10
  k=7   N=       74 D=      19 pE_st= 0.474 pHC_st= 0.895 pboth_st= 0.421 maxfib=10
  k=8   N=       20 D=       8 pE_st= 0.375 pHC_st= 1.000 pboth_st= 0.375 maxfib=4
  k=9   N=        9 D=       3 pE_st= 0.333 pHC_st= 1.000 pboth_st= 0.333 maxfib=4
  k=10  N=        4 D=       1 pE_st= 1.000 pHC_st= 0.000 pboth_st= 0.000 maxfib=4

pooled by offset k - deepest:  D  pE_states  pHC_states  pboth_states
  off=-10  N=    16384 D=    4009 pE_st= 0.499 pHC_st= 0.750 pboth_st= 0.374
  off=-9   N=    18433 D=    4802 pE_st= 0.506 pHC_st= 0.779 pboth_st= 0.393
  off=-8   N=    27866 D=    7014 pE_st= 0.502 pHC_st= 0.769 pboth_st= 0.386
  off=-7   N=    18941 D=    4758 pE_st= 0.502 pHC_st= 0.797 pboth_st= 0.405
  off=-6   N=     7640 D=    1807 pE_st= 0.484 pHC_st= 0.812 pboth_st= 0.398
  off=-5   N=     2873 D=     708 pE_st= 0.511 pHC_st= 0.797 pboth_st= 0.408
  off=-4   N=     1143 D=     287 pE_st= 0.491 pHC_st= 0.753 pboth_st= 0.362
  off=-3   N=      415 D=     104 pE_st= 0.462 pHC_st= 0.846 pboth_st= 0.413
  off=-2   N=      149 D=      43 pE_st= 0.558 pHC_st= 0.860 pboth_st= 0.442
  off=-1   N=       62 D=      19 pE_st= 0.526 pHC_st= 0.842 pboth_st= 0.474
  off=0    N=       30 D=       9 pE_st= 0.111 pHC_st= 0.889 pboth_st= 0.000
