 n   map                    #factors  max run  run/n  need  slack  best factor
8    0->2,1->1 (hard-core)  9         3         0.38  10    7      c=3 21212212
8    0->1,1->2              9         5         0.62  10    5      c=3 11212112
12   0->2,1->1 (hard-core)  13        3         0.25  14    11     c=2 221212212212
12   0->1,1->2              13        6         0.50  14    8      c=3 112121121211
16   0->2,1->1 (hard-core)  17        5         0.31  18    13     c=2 2121221212212212
16   0->1,1->2              17        4         0.25  18    14     c=2 1121121211211212
20   0->2,1->1 (hard-core)  21        4         0.20  22    18     c=3 22121221221212212212
20   0->1,1->2              21        4         0.20  22    18     c=2 12112112121121121211
24   0->2,1->1 (hard-core)  25        6         0.25  26    20     c=2 212122122121221221212212
24   0->1,1->2              25        5         0.21  26    21     c=3 121211211212112112121121
28   0->2,1->1 (hard-core)  29        5         0.18  30    25     c=3 1221212212212122122121221212
28   0->1,1->2              29        3         0.11  30    27     c=2 1121211211212112112121121211
32   0->2,1->1 (hard-core)  33        4         0.12  34    30     c=3 21221221212212122122121221212212
32   0->1,1->2              33        6         0.19  34    28     c=2 21121211212112112121121121211212
36   0->2,1->1 (hard-core)  37        8         0.22  38    30     c=3 121221221212212122122121221212212212
36   0->1,1->2              37        4         0.11  38    34     c=3 112121121211211212112112121121211211
40   0->2,1->1 (hard-core)  41        4         0.10  42    38     c=3 1221212212212122122121221212212212122122
40   0->1,1->2              41        5         0.12  42    37     c=3 1121211212112112121121121211212112112121
44   0->2,1->1 (hard-core)  45        4         0.09  46    42     c=3 2122121221221212212212122121221221212212
44   0->1,1->2              45        3         0.07  46    43     c=2 1211212112112121121211211212112121121121
48   0->2,1->1 (hard-core)  49        5         0.10  50    45     c=2 2212212122121221221212212122122121221221
48   0->1,1->2              49        5         0.10  50    45     c=2 2112121121211211212112112121121211211212
52   0->2,1->1 (hard-core)  53        5         0.10  54    49     c=2 2122121221212212212122122121221212212212
52   0->1,1->2              53        7         0.13  54    47     c=3 1211212112112121121121211212112112121121
56   0->2,1->1 (hard-core)  57        7         0.12  58    51     c=3 2212212122121221221212212212122121221221
56   0->1,1->2              57        4         0.07  58    54     c=2 2112121121211211212112112121121211211212
60   0->2,1->1 (hard-core)  61        4         0.07  62    58     c=2 2212212122121221221212212122122121221221
60   0->1,1->2              61        6         0.10  62    56     c=3 1121211212112112121121121211212112112121
64   0->2,1->1 (hard-core)  65        7         0.11  66    59     c=2 2122121221212212212122122121221212212212
64   0->1,1->2              65        10        0.16  66    56     c=3 2112112121121211211212112121121121211211
68   0->2,1->1 (hard-core)  69        5         0.07  70    65     c=3 1221212212212122121221221212212122122121
68   0->1,1->2              69        5         0.07  70    65     c=2 1121121211212112112121121211211212112112
72   0->2,1->1 (hard-core)  73        4         0.06  74    70     c=2 2122121221212212212122121221221212212212
72   0->1,1->2              73        6         0.08  74    68     c=3 2112121121121211211212112121121121211212
76   0->2,1->1 (hard-core)  77        5         0.07  78    73     c=2 1221221212212212122121221221212212122122
76   0->1,1->2              77        8         0.11  78    70     c=2 2121121211211212112112121121211211212112
80   0->2,1->1 (hard-core)  81        6         0.07  82    76     c=2 2212122121221221212212122122121221221212
80   0->1,1->2              81        4         0.05  82    78     c=2 1121211211212112121121121211212112112121
84   0->2,1->1 (hard-core)  85        3         0.04  86    83     c=2 2122122121221212212212122122121221212212
84   0->1,1->2              85        5         0.06  86    81     c=3 1211212112121121121211211212112121121121
88   0->2,1->1 (hard-core)  89        6         0.07  90    84     c=2 1221221212212122122121221212212212122122
88   0->1,1->2              89        6         0.07  90    84     c=2 1212112112121121211211212112112121121211
92   0->2,1->1 (hard-core)  93        7         0.08  94    87     c=3 2122122121221212212212122122121221212212
92   0->1,1->2              93        4         0.04  94    90     c=2 2112112121121211211212112121121121211211
96   0->2,1->1 (hard-core)  97        6         0.06  98    92     c=3 1221212212212122121221221212212212122121
96   0->1,1->2              97        6         0.06  98    92     c=2 1121121211211212112121121121211212112112
100  0->2,1->1 (hard-core)  101       5         0.05  102   97     c=3 2122121221221212212122122121221221212212
100  0->1,1->2              101       6         0.06  102   96     c=2 1121211211212112121121121211211212112121
104  0->2,1->1 (hard-core)  105       7         0.07  106   99     c=3 1221212212212122121221221212212212122121
104  0->1,1->2              105       4         0.04  106   102    c=2 1211211212112121121121211212112112121121
108  0->2,1->1 (hard-core)  109       4         0.04  110   106    c=2 2212122121221221212212212122121221221212
108  0->1,1->2              109       6         0.06  110   104    c=3 2112121121211211212112112121121211211212
112  0->2,1->1 (hard-core)  113       6         0.05  114   108    c=2 1221212212212122121221221212212212122121
112  0->1,1->2              113       6         0.05  114   108    c=2 1211212112121121121211212112112121121121
116  0->2,1->1 (hard-core)  117       5         0.04  118   113    c=3 1221212212122122121221212212212122122121
116  0->1,1->2              117       5         0.04  118   113    c=3 1121121211211212112121121121211212112112
120  0->2,1->1 (hard-core)  121       5         0.04  122   117    c=2 2212122122121221212212212122122121221212
120  0->1,1->2              121       10        0.08  122   112    c=2 1211212112121121121211212112112121121121
124  0->2,1->1 (hard-core)  125       5         0.04  126   121    c=2 2122122121221221212212122122121221212212
124  0->1,1->2              125       7         0.06  126   119    c=2 2112121121211211212112121121121211211212
128  0->2,1->1 (hard-core)  129       4         0.03  130   126    c=3 2212122121221221212212122122121221221212
128  0->1,1->2              129       4         0.03  130   126    c=2 1121211211212112112121121211211212112121
132  0->2,1->1 (hard-core)  133       7         0.05  134   127    c=3 2212212122121221221212212122122121221221
132  0->1,1->2              133       6         0.05  134   128    c=3 1121211211212112112121121211211212112112
136  0->2,1->1 (hard-core)  137       7         0.05  138   131    c=3 1212212212122121221221212212122122121221
136  0->1,1->2              137       5         0.04  138   133    c=2 1212112121121121211211212112121121121211
140  0->2,1->1 (hard-core)  141       6         0.04  142   136    c=3 2122122121221212212212122121221221212212
140  0->1,1->2              141       7         0.05  142   135    c=2 1211211212112112121121211211212112112121
144  0->2,1->1 (hard-core)  145       7         0.05  146   139    c=3 1221212212212122121221221212212212122121
144  0->1,1->2              145       6         0.04  146   140    c=2 1211212112112121121211211212112112121121
148  0->2,1->1 (hard-core)  149       6         0.04  150   144    c=3 1221212212212122121221221212212122122121
148  0->1,1->2              149       6         0.04  150   144    c=2 1121211211212112121121121211211212112121
152  0->2,1->1 (hard-core)  153       7         0.05  154   147    c=3 2122121221212212212122121221221212212212
152  0->1,1->2              153       4         0.03  154   150    c=3 1121121211212112112121121121211212112112
156  0->2,1->1 (hard-core)  157       7         0.04  158   151    c=2 1221212212212122121221221212212122122121
156  0->1,1->2              157       7         0.04  158   151    c=2 1211212112121121121211212112112121121121
160  0->2,1->1 (hard-core)  161       6         0.04  162   156    c=3 2121221221212212212122121221221212212212
160  0->1,1->2              161       6         0.04  162   156    c=2 2121121121211211212112121121121211212112
164  0->2,1->1 (hard-core)  165       5         0.03  166   161    c=3 2122121221212212212122121221221212212212
164  0->1,1->2              165       7         0.04  166   159    c=3 1212112121121121211212112112121121121211
168  0->2,1->1 (hard-core)  169       6         0.04  170   164    c=3 2122121221212212212122121221221212212212
168  0->1,1->2              169       6         0.04  170   164    c=3 1211211212112121121121211212112112121121
172  0->2,1->1 (hard-core)  173       6         0.03  174   168    c=3 2212122122121221212212212122122121221212
172  0->1,1->2              173       6         0.03  174   168    c=3 2112112121121211211212112121121121211211
176  0->2,1->1 (hard-core)  177       8         0.05  178   170    c=3 1221212212122122121221212212212122122121
176  0->1,1->2              177       6         0.03  178   172    c=2 2112121121211211212112121121121211211212
180  0->2,1->1 (hard-core)  181       7         0.04  182   175    c=2 2121221221212212122122121221212212212122
180  0->1,1->2              181       6         0.03  182   176    c=2 2112112121121121211212112112121121211211
184  0->2,1->1 (hard-core)  185       8         0.04  186   178    c=2 2122121221221212212212122121221221212212
184  0->1,1->2              185       10        0.05  186   176    c=3 2121121211211212112112121121211211212112
188  0->2,1->1 (hard-core)  189       5         0.03  190   185    c=2 2212122122121221212212212122121221221212
188  0->1,1->2              189       7         0.04  190   183    c=2 1212112121121121211211212112121121121211
192  0->2,1->1 (hard-core)  193       5         0.03  194   189    c=2 2212122122121221221212212122122121221221
192  0->1,1->2              193       8         0.04  194   186    c=3 2112112121121211211212112112121121211211
196  0->2,1->1 (hard-core)  197       7         0.04  198   191    c=2 1221221212212122122121221221212212122122
196  0->1,1->2              197       5         0.03  198   193    c=3 1121121211211212112121121121211211212112
200  0->2,1->1 (hard-core)  201       5         0.03  202   197    c=2 2212212122122121221212212212122121221221
200  0->1,1->2              201       12        0.06  202   190    c=2 2112112121121211211212112121121121211211
204  0->2,1->1 (hard-core)  205       5         0.02  206   201    c=3 2121221212212212122122121221212212212122
204  0->1,1->2              205       9         0.04  206   197    c=3 1211211212112121121121211211212112121121
208  0->2,1->1 (hard-core)  209       9         0.04  210   201    c=3 2212122122121221212212212122121221221212
208  0->1,1->2              209       10        0.05  210   200    c=3 1211211212112121121121211211212112121121
212  0->2,1->1 (hard-core)  213       7         0.03  214   207    c=2 2122121221212212212122122121221212212212
212  0->1,1->2              213       6         0.03  214   208    c=2 1212112112121121211211212112121121121211
216  0->2,1->1 (hard-core)  217       6         0.03  218   212    c=2 2212122122121221212212212122122121221212
216  0->1,1->2              217       7         0.03  218   211    c=2 1211212112121121121211211212112121121121
220  0->2,1->1 (hard-core)  221       6         0.03  222   216    c=2 2121221221212212122122121221221212212122
220  0->1,1->2              221       8         0.04  222   214    c=2 2112121121211211212112121121121211211212
224  0->2,1->1 (hard-core)  225       6         0.03  226   220    c=2 2212122121221221212212212122121221221212
224  0->1,1->2              225       6         0.03  226   220    c=2 2112112121121121211212112112121121211211
228  0->2,1->1 (hard-core)  229       6         0.03  230   224    c=2 2122121221221212212122122121221221212212
228  0->1,1->2              229       6         0.03  230   224    c=3 1211211212112112121121211211212112121121
232  0->2,1->1 (hard-core)  233       9         0.04  234   225    c=2 1212212122122121221221212212122122121221
232  0->1,1->2              233       6         0.03  234   228    c=2 1211212112121121121211212112112121121121
236  0->2,1->1 (hard-core)  237       7         0.03  238   231    c=3 2122122121221221212212122122121221221212
236  0->1,1->2              237       6         0.03  238   232    c=3 2112121121121211212112112121121211211212
240  0->2,1->1 (hard-core)  241       7         0.03  242   235    c=3 2212122122121221212212212122122121221212
240  0->1,1->2              241       7         0.03  242   235    c=3 1211211212112112121121211211212112121121
244  0->2,1->1 (hard-core)  245       9         0.04  246   237    c=2 2212212122122121221212212212122122121221
244  0->1,1->2              245       7         0.03  246   239    c=3 1121211211212112121121121211211212112121
248  0->2,1->1 (hard-core)  249       7         0.03  250   243    c=3 2212122122121221212212212122122121221212
248  0->1,1->2              249       7         0.03  250   243    c=2 1121211211212112121121121211211212112121
252  0->2,1->1 (hard-core)  253       7         0.03  254   247    c=2 2122121221221212212212122121221221212212
252  0->1,1->2              253       7         0.03  254   247    c=2 2112121121121211212112112121121121211212
256  0->2,1->1 (hard-core)  257       7         0.03  258   251    c=3 1212212212122122121221212212212122121221
256  0->1,1->2              257       6         0.02  258   252    c=3 1121211212112112121121121211212112112121
260  0->2,1->1 (hard-core)  261       6         0.02  262   256    c=3 1221221212212212122121221221212212212122
260  0->1,1->2              261       6         0.02  262   256    c=2 1121121211211212112121121121211212112112
264  0->2,1->1 (hard-core)  265       9         0.03  266   257    c=3 2212122122121221212212212122121221221212
264  0->1,1->2              265       6         0.02  266   260    c=2 1121211211212112121121121211212112112121
268  0->2,1->1 (hard-core)  269       7         0.03  270   263    c=2 1212212212122121221221212212212122121221
268  0->1,1->2              269       6         0.02  270   264    c=3 1121211211212112121121121211211212112121
272  0->2,1->1 (hard-core)  273       5         0.02  274   269    c=3 1221221212212212122121221221212212212122
272  0->1,1->2              273       8         0.03  274   266    c=2 1121211211212112121121121211211212112121
276  0->2,1->1 (hard-core)  277       7         0.03  278   271    c=3 1221212212122122121221212212212122122121
276  0->1,1->2              277       9         0.03  278   269    c=2 1211211212112121121121211212112112121121
280  0->2,1->1 (hard-core)  281       8         0.03  282   274    c=2 1221212212122122121221221212212122122121
280  0->1,1->2              281       5         0.02  282   277    c=3 1211211212112112121121211211212112121121
284  0->2,1->1 (hard-core)  285       5         0.02  286   281    c=2 2122121221221212212212122121221221212212
284  0->1,1->2              285       6         0.02  286   280    c=2 1211212112121121121211212112112121121121
288  0->2,1->1 (hard-core)  289       12        0.04  290   278    c=2 2121221221212212122122121221221212212122
288  0->1,1->2              289       8         0.03  290   282    c=2 2121121121211212112112121121211211212112
292  0->2,1->1 (hard-core)  293       8         0.03  294   286    c=2 2212212122121221221212212212122121221221
292  0->1,1->2              293       5         0.02  294   289    c=2 2121121121211211212112121121121211212112
296  0->2,1->1 (hard-core)  297       7         0.02  298   291    c=2 1221212212122122121221212212212122122121
296  0->1,1->2              297       5         0.02  298   293    c=3 1211211212112121121121211212112112121121
300  0->2,1->1 (hard-core)  301       7         0.02  302   295    c=3 1221212212212122121221221212212212122121
300  0->1,1->2              301       5         0.02  302   297    c=2 1121121211212112112121121211211212112112
304  0->2,1->1 (hard-core)  305       6         0.02  306   300    c=3 2122122121221212212212122122121221212212
304  0->1,1->2              305       7         0.02  306   299    c=3 1211212112112121121211211212112121121121
308  0->2,1->1 (hard-core)  309       6         0.02  310   304    c=2 1212212122122121221212212212122122121221
308  0->1,1->2              309       7         0.02  310   303    c=3 2112121121211211212112121121121211211212
312  0->2,1->1 (hard-core)  313       6         0.02  314   308    c=3 2212122122121221212212212122122121221212
312  0->1,1->2              313       5         0.02  314   309    c=2 1212112112121121121211212112112121121211
316  0->2,1->1 (hard-core)  317       10        0.03  318   308    c=3 1221221212212212122121221221212212122122
316  0->1,1->2              317       7         0.02  318   311    c=3 1121211211212112121121121211212112112121
320  0->2,1->1 (hard-core)  321       6         0.02  322   316    c=2 1221221212212122122121221212212212122122
320  0->1,1->2              321       6         0.02  322   316    c=3 2112112121121211211212112112121121211211
324  0->2,1->1 (hard-core)  325       7         0.02  326   319    c=3 1221212212212122121221221212212122122121
324  0->1,1->2              325       6         0.02  326   320    c=3 1212112112121121211211212112112121121211
328  0->2,1->1 (hard-core)  329       5         0.02  330   325    c=2 2212212122121221221212212212122121221221
328  0->1,1->2              329       5         0.02  330   325    c=3 1121211211212112112121121211211212112121
332  0->2,1->1 (hard-core)  333       5         0.02  334   329    c=3 2122121221212212212122122121221212212212
332  0->1,1->2              333       10        0.03  334   324    c=2 1211212112121121121211212112112121121121
336  0->2,1->1 (hard-core)  337       8         0.02  338   330    c=2 2122121221221212212212122121221221212212
336  0->1,1->2              337       7         0.02  338   331    c=2 1211211212112121121121211212112112121121
340  0->2,1->1 (hard-core)  341       8         0.02  342   334    c=3 2212122122121221221212212122122121221221
340  0->1,1->2              341       6         0.02  342   336    c=3 1121211211212112121121121211212112112121
344  0->2,1->1 (hard-core)  345       6         0.02  346   340    c=3 2122122121221221212212122122121221212212
344  0->1,1->2              345       10        0.03  346   336    c=3 1121121211212112112121121211211212112112
348  0->2,1->1 (hard-core)  349       7         0.02  350   343    c=2 2122121221221212212122122121221212212212
348  0->1,1->2              349       6         0.02  350   344    c=2 1121211211212112121121121211212112112121
352  0->2,1->1 (hard-core)  353       8         0.02  354   346    c=2 1212212212122122121221212212212122122121
352  0->1,1->2              353       7         0.02  354   347    c=2 1211212112112121121121211212112112121121
356  0->2,1->1 (hard-core)  357       7         0.02  358   351    c=2 1212212212122121221221212212212122121221
356  0->1,1->2              357       7         0.02  358   351    c=3 1211211212112112121121211211212112112121
360  0->2,1->1 (hard-core)  361       7         0.02  362   355    c=2 2121221221212212122122121221221212212122
360  0->1,1->2              361       7         0.02  362   355    c=2 1121211211212112112121121211211212112112
364  0->2,1->1 (hard-core)  365       6         0.02  366   360    c=2 2212122121221221212212122122121221221212
364  0->1,1->2              365       9         0.02  366   357    c=3 1121121211211212112121121121211211212112
368  0->2,1->1 (hard-core)  369       5         0.01  370   365    c=3 2212122122121221212212212122122121221212
368  0->1,1->2              369       9         0.02  370   361    c=3 2112121121121211211212112121121121211212
372  0->2,1->1 (hard-core)  373       7         0.02  374   367    c=3 2122121221221212212212122121221221212212
372  0->1,1->2              373       7         0.02  374   367    c=3 2121121211211212112112121121211211212112
376  0->2,1->1 (hard-core)  377       9         0.02  378   369    c=2 2212212122122121221212212212122121221221
376  0->1,1->2              377       10        0.03  378   368    c=2 1121211211212112121121121211211212112121
380  0->2,1->1 (hard-core)  381       7         0.02  382   375    c=2 1221212212212122121221221212212122122121
380  0->1,1->2              381       8         0.02  382   374    c=2 1121211211212112112121121211211212112121
384  0->2,1->1 (hard-core)  385       9         0.02  386   377    c=2 2212212122121221221212212122122121221221
384  0->1,1->2              385       8         0.02  386   378    c=3 2112121121211211212112112121121211211212
388  0->2,1->1 (hard-core)  389       8         0.02  390   382    c=2 2122122121221212212212122121221221212212
388  0->1,1->2              389       7         0.02  390   383    c=2 1121121211211212112121121121211212112112
392  0->2,1->1 (hard-core)  393       7         0.02  394   387    c=2 1221212212212122121221221212212122122121
392  0->1,1->2              393       8         0.02  394   386    c=2 2112121121121211212112112121121211211212
396  0->2,1->1 (hard-core)  397       7         0.02  398   391    c=3 2122122121221212212212122122121221212212
396  0->1,1->2              397       7         0.02  398   391    c=2 1212112121121121211212112112121121121211
400  0->2,1->1 (hard-core)  401       6         0.01  402   396    c=3 2121221221212212122122121221221212212122
400  0->1,1->2              401       7         0.02  402   395    c=2 1212112112121121211211212112112121121211
max run over all n, per map: {'0->2,1->1 (hard-core)': 12.0, '0->1,1->2': 12.0}   [8812.7s]
