 n   map                    #factors  max run  run/n  need  slack  best factor
8    0->2,1->1 (hard-core)  9         3         0.38  10    7      c=3 21212212
8    0->1,1->2              9         5         0.62  10    5      c=3 11212112
12   0->2,1->1 (hard-core)  13        3         0.25  14    11     c=2 221212212212
12   0->1,1->2              13        6         0.50  14    8      c=3 112121121211
16   0->2,1->1 (hard-core)  17        5         0.31  18    13     c=2 2121221212212212
16   0->1,1->2              17        4         0.25  18    14     c=2 1121121211211212
20   0->2,1->1 (hard-core)  21        4         0.20  22    18     c=3 22121221221212212212
20   0->1,1->2              21        4         0.20  22    18     c=2 12112112121121121211
24   0->2,1->1 (hard-core)  25        6         0.25  26    20     c=2 212122122121221221212212
24   0->1,1->2              25        5         0.21  26    21     c=3 121211211212112112121121
28   0->2,1->1 (hard-core)  29        5         0.18  30    25     c=3 1221212212212122122121221212
28   0->1,1->2              29        3         0.11  30    27     c=2 1121211211212112112121121211
32   0->2,1->1 (hard-core)  33        4         0.12  34    30     c=3 21221221212212122122121221212212
32   0->1,1->2              33        6         0.19  34    28     c=2 21121211212112112121121121211212
36   0->2,1->1 (hard-core)  37        8         0.22  38    30     c=3 121221221212212122122121221212212212
36   0->1,1->2              37        4         0.11  38    34     c=3 112121121211211212112112121121211211
40   0->2,1->1 (hard-core)  41        4         0.10  42    38     c=3 1221212212212122122121221212212212122122
40   0->1,1->2              41        5         0.12  42    37     c=3 1121211212112112121121121211212112112121
44   0->2,1->1 (hard-core)  45        4         0.09  46    42     c=3 2122121221221212212212122121221221212212
44   0->1,1->2              45        3         0.07  46    43     c=2 1211212112112121121211211212112121121121
48   0->2,1->1 (hard-core)  49        5         0.10  50    45     c=2 2212212122121221221212212122122121221221
48   0->1,1->2              49        5         0.10  50    45     c=2 2112121121211211212112112121121211211212
52   0->2,1->1 (hard-core)  53        5         0.10  54    49     c=2 2122121221212212212122122121221212212212
52   0->1,1->2              53        7         0.13  54    47     c=3 1211212112112121121121211212112112121121
56   0->2,1->1 (hard-core)  57        7         0.12  58    51     c=3 2212212122121221221212212212122121221221
56   0->1,1->2              57        4         0.07  58    54     c=2 2112121121211211212112112121121211211212
60   0->2,1->1 (hard-core)  61        4         0.07  62    58     c=2 2212212122121221221212212122122121221221
60   0->1,1->2              61        6         0.10  62    56     c=3 1121211212112112121121121211212112112121
64   0->2,1->1 (hard-core)  65        7         0.11  66    59     c=2 2122121221212212212122122121221212212212
64   0->1,1->2              65        10        0.16  66    56     c=3 2112112121121211211212112121121121211211
max run over all n, per map: {'0->2,1->1 (hard-core)': 9.0, '0->1,1->2': 10.0}   [12.4s]
