n=14 c=2 deepest=10 witnesses=4 largest fiber=4 suffix S=222211121 (|S|=9)
    n'=15  free prefix=6   cylinder deepest=2   need=17  slack=15  N_k=[64, 14, 8] sample=['212211222211121', '122211222211121']
    n'=16  free prefix=7   cylinder deepest=5   need=18  slack=13  N_k=[128, 14, 14, 7, 6, 6] sample=['1111221222211121', '2111221222211121']
    n'=17  free prefix=8   cylinder deepest=4   need=19  slack=15  N_k=[256, 66, 43, 4, 4] sample=['11111111222211121', '21111111222211121']
    n'=18  free prefix=9   cylinder deepest=6   need=20  slack=14  N_k=[512, 128, 42, 28, 28, 28, 28] sample=['112122122222211121', '212122122222211121']
    n'=19  free prefix=10  cylinder deepest=4   need=21  slack=17  N_k=[1024, 292, 129, 27, 12] sample=['1111112211222211121', '2111112211222211121']
    n'=20  free prefix=11  cylinder deepest=6   need=22  slack=16  N_k=[2048, 497, 296, 120, 32, 12, 8] sample=['11111111111222211121', '21111111111222211121']
    n'=21  free prefix=12  cylinder deepest=4   need=23  slack=19  N_k=[4096, 1112, 518, 179, 84] sample=['111212111111222211121', '211212111111222211121']
    n'=22  free prefix=13  cylinder deepest=6   need=24  slack=18  N_k=[8192, 1884, 914, 342, 152, 18, 12] sample=['1111111222211222211121', '2111111222211222211121']
    n'=23  free prefix=14  cylinder deepest=8   need=25  slack=17  N_k=[16384, 4353, 2053, 750, 210, 90, 82, 64, 64] sample=['11112112221211222211121', '21112112221211222211121']
    n'=24  free prefix=15  cylinder deepest=8   need=26  slack=18  N_k=[32768, 8679, 4624, 1885, 778, 278, 184, 55, 30] sample=['111111111221211222211121', '211111111221211222211121']
n=14 c=3 deepest=8 witnesses=8 largest fiber=4 suffix S=112111222222 (|S|=12)
    n'=18  free prefix=6   cylinder deepest=3   need=20  slack=17  N_k=[64, 38, 24, 8] sample=['111112112111222222', '211112112111222222']
    n'=19  free prefix=7   cylinder deepest=5   need=21  slack=16  N_k=[128, 74, 28, 14, 14, 6] sample=['1112121112111222222', '2112121112111222222']
    n'=20  free prefix=8   cylinder deepest=4   need=22  slack=18  N_k=[256, 191, 120, 30, 4] sample=['11111122112111222222', '21111122112111222222']
    n'=21  free prefix=9   cylinder deepest=10  need=23  slack=13  N_k=[512, 275, 124, 61, 37, 37, 10, 10, 10, 10, 10] sample=['111121111112111222222', '211121111112111222222']
    n'=22  free prefix=10  cylinder deepest=5   need=24  slack=19  N_k=[1024, 516, 216, 102, 36, 8] sample=['1111112212112111222222', '2111112212112111222222']
    n'=23  free prefix=11  cylinder deepest=5   need=25  slack=20  N_k=[2048, 968, 348, 73, 47, 47] sample=['12122121211112111222222', '22122121211112111222222']
    n'=24  free prefix=12  cylinder deepest=6   need=26  slack=20  N_k=[4096, 2231, 950, 371, 250, 12, 4] sample=['111122112122112111222222', '211122112122112111222222']
n=15 c=2 deepest=9 witnesses=10 largest fiber=4 suffix S=1111121221212 (|S|=13)
    n'=19  free prefix=6   cylinder deepest=2   need=21  slack=19  N_k=[64, 30, 20] sample=['1111111111121221212', '2111111111121221212']
    n'=20  free prefix=7   cylinder deepest=2   need=22  slack=20  N_k=[128, 70, 24] sample=['11111111111121221212', '21111111111121221212']
    n'=21  free prefix=8   cylinder deepest=2   need=23  slack=21  N_k=[256, 156, 36] sample=['112121121111121221212', '212121121111121221212']
    n'=22  free prefix=9   cylinder deepest=6   need=24  slack=18  N_k=[512, 262, 172, 132, 132, 104, 16] sample=['1111122121111121221212', '2111122121111121221212']
    n'=23  free prefix=10  cylinder deepest=3   need=25  slack=22  N_k=[1024, 562, 156, 37] sample=['11212121111111121221212', '12212121111111121221212']
    n'=24  free prefix=11  cylinder deepest=5   need=26  slack=21  N_k=[2048, 1092, 308, 120, 52, 36] sample=['112112211211111121221212', '212112211211111121221212']
    n'=25  free prefix=12  cylinder deepest=6   need=27  slack=21  N_k=[4096, 2097, 850, 217, 120, 78, 40] sample=['1111112121111111121221212', '2111112121111111121221212']
n=15 c=3 deepest=8 witnesses=9 largest fiber=4 suffix S=1121211111122 (|S|=13)
    n'=19  free prefix=6   cylinder deepest=2   need=21  slack=19  N_k=[64, 39, 27] sample=['1121211121211111122', '1221211121211111122']
    n'=20  free prefix=7   cylinder deepest=4   need=22  slack=18  N_k=[128, 76, 56, 50, 8] sample=['11121111121211111122', '21121111121211111122']
    n'=21  free prefix=8   cylinder deepest=7   need=23  slack=16  N_k=[256, 128, 35, 10, 2, 2, 2, 2] sample=['111112111121211111122', '211112111121211111122']
    n'=22  free prefix=9   cylinder deepest=3   need=24  slack=21  N_k=[512, 304, 52, 6] sample=['1111122221121211111122', '2111122221121211111122']
    n'=23  free prefix=10  cylinder deepest=3   need=25  slack=22  N_k=[1024, 537, 152, 49] sample=['11121112111121211111122', '21121112111121211111122']
    n'=24  free prefix=11  cylinder deepest=6   need=26  slack=20  N_k=[2048, 986, 326, 184, 64, 12, 12] sample=['111121121211121211111122', '211121121211121211111122']
    n'=25  free prefix=12  cylinder deepest=9   need=27  slack=18  N_k=[4096, 1792, 580, 162, 66, 22, 22, 2, 2, 2] sample=['1212121121111121211111122', '2212121121111121211111122']
n=16 c=2 deepest=10 witnesses=3 largest fiber=3 suffix S=2212122122122 (|S|=13)
    n'=19  free prefix=6   cylinder deepest=7   need=21  slack=14  N_k=[64, 33, 16, 7, 7, 7, 7, 7] sample=['1111112212122122122', '2111112212122122122']
    n'=20  free prefix=7   cylinder deepest=5   need=22  slack=17  N_k=[128, 58, 40, 18, 18, 18] sample=['11111212212122122122', '21111212212122122122']
    n'=21  free prefix=8   cylinder deepest=3   need=23  slack=20  N_k=[256, 108, 28, 18] sample=['112122212212122122122', '212122212212122122122']
    n'=22  free prefix=9   cylinder deepest=3   need=24  slack=21  N_k=[512, 272, 64, 28] sample=['1112211112212122122122', '2112211112212122122122']
    n'=23  free prefix=10  cylinder deepest=6   need=25  slack=19  N_k=[1024, 469, 230, 82, 76, 38, 20] sample=['11122112122212122122122', '21122112122212122122122']
    n'=24  free prefix=11  cylinder deepest=4   need=26  slack=22  N_k=[2048, 1274, 293, 117, 2] sample=['121212121222212122122122', '221212121222212122122122']
    n'=25  free prefix=12  cylinder deepest=7   need=27  slack=20  N_k=[4096, 2029, 695, 309, 110, 56, 40, 36] sample=['1111121111212212122122122', '2111121111212212122122122']
    n'=26  free prefix=13  cylinder deepest=8   need=28  slack=20  N_k=[8192, 3969, 1254, 450, 162, 112, 80, 16, 16] sample=['11112111211122212122122122', '21112111211122212122122122']
n=16 c=3 deepest=10 witnesses=18 largest fiber=10 suffix S=22111221121 (|S|=11)
    n'=17  free prefix=6   cylinder deepest=2   need=19  slack=17  N_k=[64, 22, 20] sample=['11221122111221121', '21221122111221121']
    n'=18  free prefix=7   cylinder deepest=2   need=20  slack=18  N_k=[128, 41, 5] sample=['111221222111221121', '211221222111221121']
    n'=19  free prefix=8   cylinder deepest=3   need=21  slack=18  N_k=[256, 74, 28, 8] sample=['1111221122111221121', '2111221122111221121']
    n'=20  free prefix=9   cylinder deepest=5   need=22  slack=17  N_k=[512, 111, 51, 28, 12, 12] sample=['11121221222111221121', '21121221222111221121']
    n'=21  free prefix=10  cylinder deepest=4   need=23  slack=19  N_k=[1024, 215, 57, 29, 2] sample=['111221121122111221121', '211221121122111221121']
    n'=22  free prefix=11  cylinder deepest=4   need=24  slack=20  N_k=[2048, 451, 141, 50, 46] sample=['1121112112122111221121', '2121112112122111221121']
    n'=23  free prefix=12  cylinder deepest=5   need=25  slack=20  N_k=[4096, 977, 642, 266, 80, 30] sample=['11211212211222111221121', '21211212211222111221121']
    n'=24  free prefix=13  cylinder deepest=7   need=26  slack=19  N_k=[8192, 1953, 817, 370, 143, 79, 52, 52] sample=['111121222121222111221121', '211121222121222111221121']
    n'=25  free prefix=14  cylinder deepest=7   need=27  slack=20  N_k=[16384, 3815, 1942, 845, 367, 192, 128, 34] sample=['1111112121111122111221121', '2111112121111122111221121']
    n'=26  free prefix=15  cylinder deepest=9   need=28  slack=19  N_k=[32768, 7684, 4353, 1512, 491, 206, 76, 44, 44, 44] sample=['11212211112221222111221121', '21212211112221222111221121']
n=17 c=2 deepest=11 witnesses=10 largest fiber=10 suffix S=21111111212 (|S|=11)
    n'=18  free prefix=7   cylinder deepest=3   need=20  slack=17  N_k=[128, 76, 10, 3] sample=['111111221111111212', '211111221111111212']
    n'=19  free prefix=8   cylinder deepest=3   need=21  slack=18  N_k=[256, 134, 76, 54] sample=['1112212121111111212', '2112212121111111212']
    n'=20  free prefix=9   cylinder deepest=4   need=22  slack=18  N_k=[512, 222, 113, 25, 3] sample=['11122121121111111212', '21122121121111111212']
    n'=21  free prefix=10  cylinder deepest=4   need=23  slack=19  N_k=[1024, 473, 128, 82, 54] sample=['111121111121111111212', '211121111121111111212']
    n'=22  free prefix=11  cylinder deepest=5   need=24  slack=19  N_k=[2048, 1133, 496, 246, 68, 16] sample=['1111111212121111111212', '2111111212121111111212']
    n'=23  free prefix=12  cylinder deepest=7   need=25  slack=18  N_k=[4096, 1738, 681, 315, 127, 75, 63, 59] sample=['11212211211121111111212', '21212211211121111111212']
    n'=24  free prefix=13  cylinder deepest=5   need=26  slack=21  N_k=[8192, 4177, 1612, 589, 208, 54] sample=['112121221211121111111212', '212121221211121111111212']
    n'=25  free prefix=14  cylinder deepest=8   need=27  slack=19  N_k=[16384, 8541, 3093, 1322, 615, 256, 148, 18, 14] sample=['1212121212112121111111212', '2212121212112121111111212']
    n'=26  free prefix=15  cylinder deepest=7   need=28  slack=21  N_k=[32768, 16765, 6852, 2631, 1204, 724, 260, 4] sample=['11221221111221121111111212', '21221221111221121111111212']
    n'=27  free prefix=16  cylinder deepest=10  need=29  slack=19  N_k=[65536, 31613, 12231, 4769, 1694, 449, 128, 74, 24, 8, 8] sample=['111211112112211121111111212', '211211112112211121111111212']
n=17 c=3 deepest=10 witnesses=6 largest fiber=6 suffix S=22211112212111 (|S|=14)
    n'=20  free prefix=6   cylinder deepest=3   need=22  slack=19  N_k=[64, 41, 13, 5] sample=['11122122211112212111', '21122122211112212111']
    n'=21  free prefix=7   cylinder deepest=3   need=23  slack=20  N_k=[128, 40, 40, 16] sample=['111121122211112212111', '211121122211112212111']
    n'=22  free prefix=8   cylinder deepest=2   need=24  slack=22  N_k=[256, 56, 24] sample=['1111121122211112212111', '2111121122211112212111']
    n'=23  free prefix=9   cylinder deepest=3   need=25  slack=22  N_k=[512, 179, 104, 66] sample=['11212111122211112212111', '21212111122211112212111']
    n'=24  free prefix=10  cylinder deepest=3   need=26  slack=23  N_k=[1024, 293, 112, 44] sample=['111112211122211112212111', '211112211122211112212111']
    n'=25  free prefix=11  cylinder deepest=6   need=27  slack=21  N_k=[2048, 716, 333, 115, 62, 4, 4] sample=['1112112111222211112212111', '2112112111222211112212111']
    n'=26  free prefix=12  cylinder deepest=7   need=28  slack=21  N_k=[4096, 1013, 507, 224, 140, 112, 112, 112] sample=['11111122221222211112212111', '21111122221222211112212111']
    n'=27  free prefix=13  cylinder deepest=6   need=29  slack=23  N_k=[8192, 2244, 1369, 522, 266, 36, 36] sample=['111111122121122211112212111', '211111122121122211112212111']
n=18 c=2 deepest=12 witnesses=16 largest fiber=8 suffix S=2122122122211 (|S|=13)
    n'=19  free prefix=6   cylinder deepest=2   need=21  slack=19  N_k=[64, 23, 9] sample=['1122112122122122211', '2122112122122122211']
    n'=20  free prefix=7   cylinder deepest=4   need=22  slack=18  N_k=[128, 37, 31, 4, 4] sample=['11111212122122122211', '21111212122122122211']
    n'=21  free prefix=8   cylinder deepest=5   need=23  slack=18  N_k=[256, 81, 46, 16, 12, 12] sample=['112121222122122122211', '212121222122122122211']
    n'=22  free prefix=9   cylinder deepest=5   need=24  slack=19  N_k=[512, 153, 124, 40, 28, 28] sample=['1111221112122122122211', '2111221112122122122211']
    n'=23  free prefix=10  cylinder deepest=5   need=25  slack=20  N_k=[1024, 271, 116, 74, 12, 8] sample=['11112112122122122122211', '21112112122122122122211']
    n'=24  free prefix=11  cylinder deepest=4   need=26  slack=22  N_k=[2048, 488, 228, 84, 50] sample=['112121121122122122122211', '212121121122122122122211']
    n'=25  free prefix=12  cylinder deepest=7   need=27  slack=20  N_k=[4096, 930, 484, 240, 78, 34, 8, 8] sample=['1112112121112122122122211', '2112112121112122122122211']
    n'=26  free prefix=13  cylinder deepest=6   need=28  slack=22  N_k=[8192, 2289, 1185, 519, 252, 48, 36] sample=['11112212222222122122122211', '21112212222222122122122211']
    n'=27  free prefix=14  cylinder deepest=6   need=29  slack=23  N_k=[16384, 3920, 2022, 708, 364, 118, 60] sample=['112112122212112122122122211', '212112122212112122122122211']
    n'=28  free prefix=15  cylinder deepest=9   need=30  slack=21  N_k=[32768, 7507, 3753, 1264, 491, 252, 86, 38, 2, 2] sample=['1212121111211212122122122211', '2212121111211212122122122211']
n=18 c=3 deepest=11 witnesses=12 largest fiber=12 suffix S=2111112221212 (|S|=13)
    n'=19  free prefix=6   cylinder deepest=1   need=21  slack=20  N_k=[64, 36] sample=['1111112111112221212', '2111112111112221212']
    n'=20  free prefix=7   cylinder deepest=2   need=22  slack=20  N_k=[128, 83, 4] sample=['11221212111112221212', '21221212111112221212']
    n'=21  free prefix=8   cylinder deepest=2   need=23  slack=21  N_k=[256, 131, 45] sample=['111111112111112221212', '211111112111112221212']
    n'=22  free prefix=9   cylinder deepest=5   need=24  slack=19  N_k=[512, 228, 168, 42, 32, 32] sample=['1111122122111112221212', '2111122122111112221212']
    n'=23  free prefix=10  cylinder deepest=5   need=25  slack=20  N_k=[1024, 525, 154, 62, 14, 8] sample=['11211121212111112221212', '21211121212111112221212']
    n'=24  free prefix=11  cylinder deepest=4   need=26  slack=22  N_k=[2048, 998, 278, 138, 132] sample=['111211111212111112221212', '211211111212111112221212']
    n'=25  free prefix=12  cylinder deepest=6   need=27  slack=21  N_k=[4096, 1936, 497, 210, 56, 6, 4] sample=['1111211221212111112221212', '2111211221212111112221212']
    n'=26  free prefix=13  cylinder deepest=8   need=28  slack=20  N_k=[8192, 3975, 1587, 700, 446, 315, 237, 8, 8] sample=['11111221121212111112221212', '21111221121212111112221212']
    n'=27  free prefix=14  cylinder deepest=12  need=29  slack=17  N_k=[16384, 8104, 2762, 1248, 722, 272, 178, 146, 146, 146, 112, 32, 32] sample=['111121221121112111112221212', '211121221121112111112221212']
    n'=28  free prefix=15  cylinder deepest=7   need=30  slack=23  N_k=[32768, 16398, 6548, 2627, 1124, 518, 162, 64] sample=['1121122122212112111112221212', '2121122122212112111112221212']
n=19 c=2 deepest=11 witnesses=8 largest fiber=4 suffix S=22112211211111221 (|S|=17)
    n'=23  free prefix=6   cylinder deepest=1   need=25  slack=24  N_k=[64, 16] sample=['11211122112211211111221', '21211122112211211111221']
    n'=24  free prefix=7   cylinder deepest=3   need=26  slack=23  N_k=[128, 40, 40, 16] sample=['112212222112211211111221', '212212222112211211111221']
    n'=25  free prefix=8   cylinder deepest=2   need=27  slack=25  N_k=[256, 52, 8] sample=['1111111122112211211111221', '2111111122112211211111221']
    n'=26  free prefix=9   cylinder deepest=3   need=28  slack=25  N_k=[512, 112, 54, 8] sample=['11111122122112211211111221', '21111122122112211211111221']
    n'=27  free prefix=10  cylinder deepest=4   need=29  slack=25  N_k=[1024, 324, 152, 48, 24] sample=['111212221222112211211111221', '211212221222112211211111221']
    n'=28  free prefix=11  cylinder deepest=5   need=30  slack=25  N_k=[2048, 441, 250, 200, 88, 36] sample=['1111212121122112211211111221', '2111212121122112211211111221']
    n'=29  free prefix=12  cylinder deepest=5   need=31  slack=26  N_k=[4096, 1019, 441, 277, 113, 85] sample=['11121111212122112211211111221', '21121111212122112211211111221']
n=19 c=3 deepest=13 witnesses=6 largest fiber=6 suffix S=2212122211221122 (|S|=16)
    n'=22  free prefix=6   cylinder deepest=4   need=24  slack=20  N_k=[64, 8, 8, 8, 8] sample=['1112112212122211221122', '2112112212122211221122']
    n'=23  free prefix=7   cylinder deepest=1   need=25  slack=24  N_k=[128, 82] sample=['11111112212122211221122', '21111112212122211221122']
    n'=24  free prefix=8   cylinder deepest=2   need=26  slack=24  N_k=[256, 182, 30] sample=['112112112212122211221122', '212112112212122211221122']
    n'=25  free prefix=9   cylinder deepest=3   need=27  slack=24  N_k=[512, 302, 109, 32] sample=['1111112122212122211221122', '2111112122212122211221122']
    n'=26  free prefix=10  cylinder deepest=3   need=28  slack=25  N_k=[1024, 536, 174, 20] sample=['11112121122212122211221122', '21112121122212122211221122']
    n'=27  free prefix=11  cylinder deepest=5   need=29  slack=24  N_k=[2048, 940, 344, 154, 88, 42] sample=['111111211112212122211221122', '211111211112212122211221122']
    n'=28  free prefix=12  cylinder deepest=6   need=30  slack=24  N_k=[4096, 1942, 513, 164, 108, 60, 60] sample=['1111212121112212122211221122', '2111212121112212122211221122']
    n'=29  free prefix=13  cylinder deepest=8   need=31  slack=23  N_k=[8192, 4199, 1444, 488, 170, 70, 70, 40, 40] sample=['11111121121222212122211221122', '21111121121222212122211221122']
n=20 c=2 deepest=11 witnesses=20 largest fiber=12 suffix S=221112211111222 (|S|=15)
    n'=21  free prefix=6   cylinder deepest=2   need=23  slack=21  N_k=[64, 16, 8] sample=['111111221112211111222', '211111221112211111222']
    n'=22  free prefix=7   cylinder deepest=3   need=24  slack=21  N_k=[128, 38, 14, 8] sample=['1112111221112211111222', '2112111221112211111222']
    n'=23  free prefix=8   cylinder deepest=4   need=25  slack=21  N_k=[256, 124, 68, 8, 8] sample=['11111221221112211111222', '21111221221112211111222']
    n'=24  free prefix=9   cylinder deepest=6   need=26  slack=20  N_k=[512, 192, 64, 56, 12, 8, 8] sample=['111212111221112211111222', '211212111221112211111222']
    n'=25  free prefix=10  cylinder deepest=4   need=27  slack=23  N_k=[1024, 550, 198, 16, 4] sample=['1121211112221112211111222', '2121211112221112211111222']
    n'=26  free prefix=11  cylinder deepest=4   need=28  slack=24  N_k=[2048, 975, 262, 104, 20] sample=['11211221121221112211111222', '21211221121221112211111222']
    n'=27  free prefix=12  cylinder deepest=9   need=29  slack=20  N_k=[4096, 2247, 998, 259, 168, 44, 28, 24, 16, 16] sample=['111121212212221112211111222', '211121212212221112211111222']
    n'=28  free prefix=13  cylinder deepest=7   need=30  slack=23  N_k=[8192, 4443, 1172, 584, 288, 200, 98, 82] sample=['1111112122111221112211111222', '2111112122111221112211111222']
    n'=29  free prefix=14  cylinder deepest=11  need=31  slack=20  N_k=[16384, 8243, 3308, 1120, 268, 68, 52, 48, 48, 48, 48, 48] sample=['11111112121211221112211111222', '21111112121211221112211111222']
    n'=30  free prefix=15  cylinder deepest=6   need=32  slack=26  N_k=[32768, 15802, 5173, 2254, 969, 494, 274] sample=['111111121221212221112211111222', '211111121221212221112211111222']
n=20 c=3 deepest=14 witnesses=12 largest fiber=12 suffix S=2221122211122222 (|S|=16)
    n'=22  free prefix=6   cylinder deepest=1   need=24  slack=23  N_k=[64, 31] sample=['2122212221122211122222', '1222212221122211122222']
    n'=23  free prefix=7   cylinder deepest=3   need=25  slack=22  N_k=[128, 74, 4, 4] sample=['11121112221122211122222', '21121112221122211122222']
    n'=24  free prefix=8   cylinder deepest=4   need=26  slack=22  N_k=[256, 108, 84, 20, 20] sample=['111111112221122211122222', '211111112221122211122222']
    n'=25  free prefix=9   cylinder deepest=3   need=27  slack=24  N_k=[512, 300, 124, 48] sample=['1111211112221122211122222', '2111211112221122211122222']
    n'=26  free prefix=10  cylinder deepest=7   need=28  slack=21  N_k=[1024, 548, 240, 28, 24, 24, 24, 24] sample=['11111122122221122211122222', '21111122122221122211122222']
    n'=27  free prefix=11  cylinder deepest=5   need=29  slack=24  N_k=[2048, 1102, 282, 138, 42, 42] sample=['111212111112221122211122222', '211212111112221122211122222']
    n'=28  free prefix=12  cylinder deepest=6   need=30  slack=24  N_k=[4096, 1918, 754, 498, 174, 52, 20] sample=['1111122122212221122211122222', '2111122122212221122211122222']
    n'=29  free prefix=13  cylinder deepest=7   need=31  slack=24  N_k=[8192, 4649, 1702, 526, 294, 74, 54, 26] sample=['11112111122212221122211122222', '21112111122212221122211122222']
    n'=30  free prefix=14  cylinder deepest=7   need=32  slack=25  N_k=[16384, 8074, 3102, 1359, 434, 260, 106, 4] sample=['111112212121212221122211122222', '211112212121212221122211122222']
n=21 c=2 deepest=13 witnesses=24 largest fiber=14 suffix S=1221112121222112 (|S|=16)
    n'=22  free prefix=6   cylinder deepest=4   need=24  slack=20  N_k=[64, 54, 16, 16, 16] sample=['1111121221112121222112', '2111121221112121222112']
    n'=23  free prefix=7   cylinder deepest=4   need=25  slack=21  N_k=[128, 44, 12, 4, 4] sample=['11211221221112121222112', '21211221221112121222112']
    n'=24  free prefix=8   cylinder deepest=11  need=26  slack=15  N_k=[256, 160, 78, 30, 26, 26, 26, 26, 26, 26, 26, 26] sample=['111111121221112121222112', '211111121221112121222112']
    n'=25  free prefix=9   cylinder deepest=7   need=27  slack=20  N_k=[512, 295, 102, 34, 4, 4, 4, 4] sample=['1121111211221112121222112', '2121111211221112121222112']
    n'=26  free prefix=10  cylinder deepest=3   need=28  slack=25  N_k=[1024, 542, 234, 46] sample=['11112111121221112121222112', '21112111121221112121222112']
    n'=27  free prefix=11  cylinder deepest=5   need=29  slack=24  N_k=[2048, 994, 302, 198, 20, 20] sample=['112112212211221112121222112', '212112212211221112121222112']
    n'=28  free prefix=12  cylinder deepest=7   need=30  slack=23  N_k=[4096, 2077, 590, 258, 80, 52, 40, 32] sample=['1111111111211221112121222112', '2111111111211221112121222112']
    n'=29  free prefix=13  cylinder deepest=5   need=31  slack=26  N_k=[8192, 4062, 1446, 492, 134, 80] sample=['11111211111121221112121222112', '21111211111121221112121222112']
    n'=30  free prefix=14  cylinder deepest=5   need=32  slack=27  N_k=[16384, 7392, 2381, 812, 294, 114] sample=['111211221211211221112121222112', '211211221211211221112121222112']
    n'=31  free prefix=15  cylinder deepest=9   need=33  slack=24  N_k=[32768, 15686, 6467, 2858, 1129, 367, 48, 44, 12, 12] sample=['1121211121111211221112121222112', '2121211121111211221112121222112']
n=21 c=3 deepest=16 witnesses=24 largest fiber=24 suffix S=222221111222 (|S|=12)
    n'=22  free prefix=10  cylinder deepest=4   need=24  slack=20  N_k=[1024, 562, 222, 54, 12] sample=['1121222111222221111222', '2121222111222221111222']
    n'=23  free prefix=11  cylinder deepest=7   need=25  slack=18  N_k=[2048, 912, 410, 145, 59, 38, 38, 12] sample=['12122212221222221111222', '22122212221222221111222']
    n'=24  free prefix=12  cylinder deepest=5   need=26  slack=21  N_k=[4096, 2047, 754, 133, 47, 34] sample=['111111211211222221111222', '211111211211222221111222']
    n'=25  free prefix=13  cylinder deepest=6   need=27  slack=21  N_k=[8192, 4098, 1460, 646, 232, 156, 48] sample=['1111121122111222221111222', '2111121122111222221111222']
    n'=26  free prefix=14  cylinder deepest=8   need=28  slack=20  N_k=[16384, 8641, 3252, 1437, 628, 186, 58, 22, 10] sample=['11211112211111222221111222', '21211112211111222221111222']
    n'=27  free prefix=15  cylinder deepest=9   need=29  slack=20  N_k=[32768, 16391, 6393, 3149, 1717, 1066, 608, 266, 224, 224] sample=['111111121212221222221111222', '211111121212221222221111222']
    n'=28  free prefix=16  cylinder deepest=9   need=30  slack=21  N_k=[65536, 33071, 11882, 5153, 1826, 772, 310, 28, 28, 12] sample=['1121222121121121222221111222', '2121222121121121222221111222']
    n'=29  free prefix=17  cylinder deepest=11  need=31  slack=20  N_k=[131072, 66468, 23271, 9684, 3643, 1988, 533, 295, 148, 56, 44, 44] sample=['11212121212121121222221111222', '21212121212121121222221111222']
    n'=30  free prefix=18  cylinder deepest=9   need=32  slack=23  N_k=[262144, 134139, 50202, 19692, 7204, 2708, 947, 340, 88, 72] sample=['112111221121111111222221111222', '212111221121111111222221111222']
    n'=31  free prefix=19  cylinder deepest=11  need=33  slack=22  N_k=[524288, 259745, 100322, 38042, 14808, 6828, 2407, 676, 284, 214, 96, 80] sample=['1111121122111212121222221111222', '2111121122111212121222221111222']
n=22 c=2 deepest=12 witnesses=60 largest fiber=16 suffix S=2211221221112111 (|S|=16)
    n'=23  free prefix=7   cylinder deepest=2   need=25  slack=23  N_k=[128, 43, 11] sample=['11212122211221221112111', '21212122211221221112111']
    n'=24  free prefix=8   cylinder deepest=4   need=26  slack=22  N_k=[256, 80, 32, 16, 12] sample=['111122112211221221112111', '211122112211221221112111']
    n'=25  free prefix=9   cylinder deepest=5   need=27  slack=22  N_k=[512, 95, 26, 16, 16, 16] sample=['1111212122211221221112111', '2111212122211221221112111']
    n'=26  free prefix=10  cylinder deepest=6   need=28  slack=22  N_k=[1024, 295, 208, 108, 76, 68, 32] sample=['11122122222211221221112111', '21122122222211221221112111']
    n'=27  free prefix=11  cylinder deepest=3   need=29  slack=26  N_k=[2048, 451, 104, 8] sample=['112111211112211221221112111', '212111211112211221221112111']
    n'=28  free prefix=12  cylinder deepest=5   need=30  slack=25  N_k=[4096, 1228, 863, 216, 116, 32] sample=['1111111211222211221221112111', '2111111211222211221221112111']
    n'=29  free prefix=13  cylinder deepest=7   need=31  slack=24  N_k=[8192, 1856, 932, 439, 200, 32, 8, 8] sample=['11112122121222211221221112111', '21112122121222211221221112111']
    n'=30  free prefix=14  cylinder deepest=5   need=32  slack=27  N_k=[16384, 4135, 1889, 891, 370, 24] sample=['111212212112222211221221112111', '211212212112222211221221112111']
    n'=31  free prefix=15  cylinder deepest=12  need=33  slack=21  N_k=[32768, 8106, 3969, 1364, 656, 264, 88, 88, 88, 88, 56, 56, 56] sample=['1111111212211222211221221112111', '2111111212211222211221221112111']
    n'=32  free prefix=16  cylinder deepest=7   need=34  slack=27  N_k=[65536, 16142, 8983, 3623, 1478, 558, 164, 28] sample=['11221222122112212211221221112111', '21221222122112212211221221112111']
n=22 c=3 deepest=14 witnesses=28 largest fiber=24 suffix S=22222111122222 (|S|=14)
    n'=23  free prefix=9   cylinder deepest=4   need=25  slack=21  N_k=[512, 330, 64, 22, 6] sample=['12122121122222111122222', '22122121122222111122222']
    n'=24  free prefix=10  cylinder deepest=4   need=26  slack=22  N_k=[1024, 638, 176, 132, 24] sample=['111221212122222111122222', '211221212122222111122222']
    n'=25  free prefix=11  cylinder deepest=4   need=27  slack=23  N_k=[2048, 1055, 467, 376, 278] sample=['1212121211122222111122222', '2212121211122222111122222']
    n'=26  free prefix=12  cylinder deepest=5   need=28  slack=23  N_k=[4096, 1879, 663, 294, 64, 36] sample=['11111121121122222111122222', '21111121121122222111122222']
    n'=27  free prefix=13  cylinder deepest=8   need=29  slack=21  N_k=[8192, 3924, 1486, 400, 129, 83, 47, 24, 24] sample=['111111112222122222111122222', '211111112222122222111122222']
    n'=28  free prefix=14  cylinder deepest=8   need=30  slack=22  N_k=[16384, 7550, 2769, 1070, 414, 64, 40, 24, 24] sample=['1112121111121222222111122222', '2112121111121222222111122222']
    n'=29  free prefix=15  cylinder deepest=12  need=31  slack=19  N_k=[32768, 15800, 6117, 2583, 1340, 355, 78, 48, 48, 48, 48, 48, 48] sample=['11111112222111122222111122222', '21111112222111122222111122222']
    n'=30  free prefix=16  cylinder deepest=9   need=32  slack=23  N_k=[65536, 32058, 12133, 5792, 2432, 958, 382, 48, 24, 24] sample=['111212121212112122222111122222', '211212121212112122222111122222']
    n'=31  free prefix=17  cylinder deepest=9   need=33  slack=24  N_k=[131072, 63583, 23003, 9854, 3703, 1704, 628, 334, 134, 76] sample=['1212111112112121122222111122222', '2212111112112121122222111122222']
    n'=32  free prefix=18  cylinder deepest=8   need=34  slack=26  N_k=[262144, 131665, 47714, 22433, 9832, 4648, 1864, 772, 182] sample=['11112122221111211122222111122222', '21112122221111211122222111122222']
n=23 c=2 deepest=16 witnesses=8 largest fiber=6 suffix S=21211212221222111112 (|S|=20)
    n'=26  free prefix=6   cylinder deepest=2   need=28  slack=26  N_k=[64, 20, 8] sample=['11111221211212221222111112', '21111221211212221222111112']
    n'=27  free prefix=7   cylinder deepest=3   need=29  slack=26  N_k=[128, 64, 8, 8] sample=['111122121211212221222111112', '211122121211212221222111112']
    n'=28  free prefix=8   cylinder deepest=3   need=30  slack=27  N_k=[256, 120, 40, 14] sample=['1211121121211212221222111112', '2211121121211212221222111112']
    n'=29  free prefix=9   cylinder deepest=3   need=31  slack=28  N_k=[512, 238, 136, 18] sample=['11121212121211212221222111112', '21121212121211212221222111112']
    n'=30  free prefix=10  cylinder deepest=4   need=32  slack=28  N_k=[1024, 425, 125, 45, 33] sample=['111111121121211212221222111112', '211111121121211212221222111112']
    n'=31  free prefix=11  cylinder deepest=4   need=33  slack=29  N_k=[2048, 868, 380, 258, 120] sample=['1112121211121211212221222111112', '2112121211121211212221222111112']
    n'=32  free prefix=12  cylinder deepest=5   need=34  slack=29  N_k=[4096, 1710, 406, 206, 142, 74] sample=['11212221222221211212221222111112', '21212221222221211212221222111112']
    n'=33  free prefix=13  cylinder deepest=8   need=35  slack=27  N_k=[8192, 4244, 1656, 420, 326, 130, 16, 16, 16] sample=['111121211121221211212221222111112', '211121211121221211212221222111112']
n=23 c=3 deepest=16 witnesses=2 largest fiber=2 suffix S=1112211211221121111212 (|S|=22)
    n'=28  free prefix=6   cylinder deepest=2   need=30  slack=28  N_k=[64, 58, 28] sample=['1111111112211211221121111212', '2111111112211211221121111212']
    n'=29  free prefix=7   cylinder deepest=1   need=31  slack=30  N_k=[128, 80] sample=['11111111112211211221121111212', '21111111112211211221121111212']
    n'=30  free prefix=8   cylinder deepest=3   need=32  slack=29  N_k=[256, 108, 46, 16] sample=['111211121112211211221121111212', '211211121112211211221121111212']
    n'=31  free prefix=9   cylinder deepest=3   need=33  slack=30  N_k=[512, 408, 146, 82] sample=['1121112111112211211221121111212', '2121112111112211211221121111212']
    n'=32  free prefix=10  cylinder deepest=4   need=34  slack=30  N_k=[1024, 566, 260, 74, 74] sample=['11112111121112211211221121111212', '21112111121112211211221121111212']
    n'=33  free prefix=11  cylinder deepest=6   need=35  slack=29  N_k=[2048, 1222, 532, 168, 64, 64, 64] sample=['111111112211112211211221121111212', '211111112211112211211221121111212']
n=24 c=2 deepest=14 witnesses=66 largest fiber=32 suffix S=22112111111221112 (|S|=17)
    n'=25  free prefix=8   cylinder deepest=5   need=27  slack=22  N_k=[256, 156, 38, 12, 12, 12] sample=['1111111122112111111221112', '2111111122112111111221112']
    n'=26  free prefix=9   cylinder deepest=2   need=28  slack=26  N_k=[512, 238, 32] sample=['11112111122112111111221112', '21112111122112111111221112']
    n'=27  free prefix=10  cylinder deepest=2   need=29  slack=27  N_k=[1024, 384, 144] sample=['111112211122112111111221112', '211112211122112111111221112']
    n'=28  free prefix=11  cylinder deepest=5   need=30  slack=25  N_k=[2048, 929, 588, 296, 64, 24] sample=['1111111211122112111111221112', '2111111211122112111111221112']
    n'=29  free prefix=12  cylinder deepest=4   need=31  slack=27  N_k=[4096, 1988, 533, 239, 18] sample=['11121112111122112111111221112', '21121112111122112111111221112']
    n'=30  free prefix=13  cylinder deepest=5   need=32  slack=27  N_k=[8192, 3904, 1550, 632, 380, 24] sample=['111211221222122112111111221112', '211211221222122112111111221112']
    n'=31  free prefix=14  cylinder deepest=6   need=33  slack=27  N_k=[16384, 7506, 2499, 866, 390, 196, 156] sample=['1112122121121122112111111221112', '2112122121121122112111111221112']
    n'=32  free prefix=15  cylinder deepest=7   need=34  slack=27  N_k=[32768, 16617, 6310, 2677, 661, 326, 218, 152] sample=['11112122221111222112111111221112', '21112122221111222112111111221112']
    n'=33  free prefix=16  cylinder deepest=9   need=35  slack=26  N_k=[65536, 32110, 12930, 4548, 1714, 488, 56, 24, 24, 24] sample=['111112111121221122112111111221112', '211112111121221122112111111221112']
    n'=34  free prefix=17  cylinder deepest=9   need=36  slack=27  N_k=[131072, 65806, 24023, 8798, 3542, 938, 312, 172, 84, 20] sample=['1112112211221212222112111111221112', '2112112211221212222112111111221112']
n=24 c=3 deepest=16 witnesses=12 largest fiber=12 suffix S=22212112112211111121 (|S|=20)
    n'=26  free prefix=6   cylinder deepest=1   need=28  slack=27  N_k=[64, 4] sample=['11211122212112112211111121', '21211122212112112211111121']
    n'=27  free prefix=7   cylinder deepest=3   need=29  slack=26  N_k=[128, 12, 4, 4] sample=['111111222212112112211111121', '211111222212112112211111121']
    n'=28  free prefix=8   cylinder deepest=7   need=30  slack=23  N_k=[256, 102, 64, 64, 64, 16, 16, 16] sample=['1111111122212112112211111121', '2111111122212112112211111121']
    n'=29  free prefix=9   cylinder deepest=2   need=31  slack=29  N_k=[512, 113, 107] sample=['11111111122212112112211111121', '21111111122212112112211111121']
    n'=30  free prefix=10  cylinder deepest=3   need=32  slack=29  N_k=[1024, 76, 32, 10] sample=['111122122122212112112211111121', '211122122122212112112211111121']
    n'=31  free prefix=11  cylinder deepest=8   need=33  slack=25  N_k=[2048, 254, 150, 110, 4, 4, 4, 4, 4] sample=['1111212121222212112112211111121', '2111212121222212112112211111121']
    n'=32  free prefix=12  cylinder deepest=5   need=34  slack=29  N_k=[4096, 588, 400, 58, 40, 32] sample=['11111111212222212112112211111121', '21111111212222212112112211111121']
    n'=33  free prefix=13  cylinder deepest=3   need=35  slack=32  N_k=[8192, 1054, 600, 50] sample=['111111211211122212112112211111121', '211111211211122212112112211111121']
    n'=34  free prefix=14  cylinder deepest=7   need=36  slack=29  N_k=[16384, 3565, 1269, 315, 211, 41, 41, 32] sample=['1111121111212222212112112211111121', '2111121111212222212112112211111121']
n=25 c=2 deepest=16 witnesses=12 largest fiber=12 suffix S=212121111111111122221 (|S|=21)
    n'=27  free prefix=6   cylinder deepest=0   need=29  slack=29  N_k=[64] sample=['111111212121111111111122221', '211111212121111111111122221']
    n'=28  free prefix=7   cylinder deepest=3   need=30  slack=27  N_k=[128, 56, 56, 56] sample=['1111111212121111111111122221', '2111111212121111111111122221']
    n'=29  free prefix=8   cylinder deepest=1   need=31  slack=30  N_k=[256, 136] sample=['11111111212121111111111122221', '21111111212121111111111122221']
    n'=30  free prefix=9   cylinder deepest=3   need=32  slack=29  N_k=[512, 80, 58, 16] sample=['111111111212121111111111122221', '211111111212121111111111122221']
    n'=31  free prefix=10  cylinder deepest=2   need=33  slack=31  N_k=[1024, 200, 12] sample=['1111212121212121111111111122221', '2111212121212121111111111122221']
    n'=32  free prefix=11  cylinder deepest=6   need=34  slack=28  N_k=[2048, 758, 678, 224, 176, 176, 56] sample=['11111111111212121111111111122221', '21111111111212121111111111122221']
    n'=33  free prefix=12  cylinder deepest=5   need=35  slack=30  N_k=[4096, 926, 256, 80, 48, 8] sample=['111122112121212121111111111122221', '211122112121212121111111111122221']
    n'=34  free prefix=13  cylinder deepest=5   need=36  slack=31  N_k=[8192, 2094, 1274, 542, 132, 80] sample=['1111111111122212121111111111122221', '2111111111122212121111111111122221']
    n'=35  free prefix=14  cylinder deepest=6   need=37  slack=31  N_k=[16384, 4064, 2016, 668, 368, 230, 54] sample=['11111111111121212121111111111122221', '21111111111121212121111111111122221']
n=25 c=3 deepest=16 witnesses=6 largest fiber=6 suffix S=1121111112222221 (|S|=16)
    n'=26  free prefix=10  cylinder deepest=3   need=28  slack=25  N_k=[1024, 222, 160, 10] sample=['11121222111121111112222221', '21121222111121111112222221']
    n'=27  free prefix=11  cylinder deepest=3   need=29  slack=26  N_k=[2048, 541, 217, 80] sample=['111112111211121111112222221', '211112111211121111112222221']
    n'=28  free prefix=12  cylinder deepest=6   need=30  slack=24  N_k=[4096, 878, 500, 84, 72, 20, 20] sample=['1121222122211121111112222221', '2121222122211121111112222221']
    n'=29  free prefix=13  cylinder deepest=5   need=31  slack=26  N_k=[8192, 1992, 1227, 534, 180, 30] sample=['12121211121211121111112222221', '22121211121211121111112222221']
    n'=30  free prefix=14  cylinder deepest=7   need=32  slack=25  N_k=[16384, 3659, 2155, 607, 244, 48, 32, 8] sample=['111111221121211121111112222221', '211111221121211121111112222221']
    n'=31  free prefix=15  cylinder deepest=7   need=33  slack=26  N_k=[32768, 8013, 3693, 901, 210, 104, 48, 48] sample=['1111211122222211121111112222221', '2111211122222211121111112222221']
    n'=32  free prefix=16  cylinder deepest=8   need=34  slack=26  N_k=[65536, 18038, 8652, 3649, 1415, 96, 52, 16, 16] sample=['11112111111211211121111112222221', '21112111111211211121111112222221']
    n'=33  free prefix=17  cylinder deepest=8   need=35  slack=27  N_k=[131072, 32320, 16668, 7667, 3113, 1106, 200, 104, 4] sample=['111111112112221211121111112222221', '211111112112221211121111112222221']
    n'=34  free prefix=18  cylinder deepest=11  need=36  slack=25  N_k=[262144, 66917, 31457, 9658, 4298, 1770, 730, 136, 80, 80, 32, 32] sample=['1111122112122121221121111112222221', '2111122112122121221121111112222221']
    n'=35  free prefix=19  cylinder deepest=8   need=37  slack=29  N_k=[524288, 125814, 63822, 21864, 8390, 3100, 1292, 544, 68] sample=['11111111222121121111121111112222221', '21111111222121121111121111112222221']
n=26 c=2 deepest=15 witnesses=318 largest fiber=128 suffix S=2222222212122211 (|S|=16)
    n'=27  free prefix=11  cylinder deepest=6   need=29  slack=23  N_k=[2048, 408, 228, 110, 110, 76, 76] sample=['121212122122222222212122211', '221212122122222222212122211']
    n'=28  free prefix=12  cylinder deepest=4   need=30  slack=26  N_k=[4096, 630, 312, 88, 44] sample=['1122122211212222222212122211', '2122122211212222222212122211']
    n'=29  free prefix=13  cylinder deepest=5   need=31  slack=26  N_k=[8192, 1896, 924, 388, 88, 32] sample=['11112212222122222222212122211', '21112212222122222222212122211']
    n'=30  free prefix=14  cylinder deepest=7   need=32  slack=25  N_k=[16384, 3529, 1769, 704, 448, 120, 60, 60] sample=['111112211221212222222212122211', '211112211221212222222212122211']
    n'=31  free prefix=15  cylinder deepest=6   need=33  slack=27  N_k=[32768, 6990, 3297, 1150, 572, 240, 132] sample=['1122112122111212222222212122211', '2122112122111212222222212122211']
    n'=32  free prefix=16  cylinder deepest=12  need=34  slack=22  N_k=[65536, 14707, 7482, 2463, 1138, 222, 56, 24, 24, 24, 24, 24, 24] sample=['11121211112211222222222212122211', '21121211112211222222222212122211']
    n'=33  free prefix=17  cylinder deepest=9   need=35  slack=26  N_k=[131072, 31985, 16005, 5982, 2698, 456, 296, 28, 8, 8] sample=['111111112122111212222222212122211', '211111112122111212222222212122211']
    n'=34  free prefix=18  cylinder deepest=8   need=36  slack=28  N_k=[262144, 65034, 33175, 12583, 6167, 2402, 654, 422, 102] sample=['1111112211112111212222222212122211', '2111112211112111212222222212122211']
    n'=35  free prefix=19  cylinder deepest=9   need=37  slack=28  N_k=[524288, 124409, 60875, 22436, 9694, 3582, 838, 564, 126, 50] sample=['11112212212122112112222222212122211', '21112212212122112112222222212122211']
    n'=36  free prefix=20  cylinder deepest=11  need=38  slack=27  N_k=[1048576, 254064, 129283, 49396, 20588, 9205, 4191, 1095, 783, 429, 80, 48] sample=['111121221121211121212222222212122211', '211121221121211121212222222212122211']
n=26 c=3 deepest=15 witnesses=64 largest fiber=44 suffix S=212111222211212 (|S|=15)
    n'=27  free prefix=12  cylinder deepest=6   need=29  slack=23  N_k=[4096, 1913, 631, 250, 96, 60, 28] sample=['111112122112212111222211212', '211112122112212111222211212']
    n'=28  free prefix=13  cylinder deepest=5   need=30  slack=25  N_k=[8192, 4288, 1337, 711, 184, 60] sample=['1111211111112212111222211212', '2111211111112212111222211212']
    n'=29  free prefix=14  cylinder deepest=7   need=31  slack=24  N_k=[16384, 7762, 3946, 1506, 754, 338, 56, 16] sample=['11111111222222212111222211212', '21111111222222212111222211212']
    n'=30  free prefix=15  cylinder deepest=8   need=32  slack=24  N_k=[32768, 16119, 6062, 1666, 722, 354, 32, 32, 4] sample=['112121211122112212111222211212', '212121211122112212111222211212']
    n'=31  free prefix=16  cylinder deepest=9   need=33  slack=24  N_k=[65536, 33071, 11071, 4855, 1807, 902, 362, 216, 96, 64] sample=['1111111121221121212111222211212', '2111111121221121212111222211212']
    n'=32  free prefix=17  cylinder deepest=8   need=34  slack=26  N_k=[131072, 66525, 24915, 9142, 4002, 1960, 754, 218, 94] sample=['11111111212112111212111222211212', '21111111212112111212111222211212']
    n'=33  free prefix=18  cylinder deepest=9   need=35  slack=26  N_k=[262144, 129641, 51635, 22580, 9024, 4214, 2125, 994, 420, 72] sample=['111111212212122221212111222211212', '211111212212122221212111222211212']
    n'=34  free prefix=19  cylinder deepest=11  need=36  slack=25  N_k=[524288, 263992, 101398, 39429, 17674, 7635, 2971, 1974, 548, 398, 322, 322] sample=['1112121222121112221212111222211212', '2112121222121112221212111222211212']
    n'=35  free prefix=20  cylinder deepest=11  need=37  slack=26  N_k=[1048576, 519293, 188986, 80721, 33098, 13976, 4921, 1522, 716, 276, 144, 8] sample=['11111112112221221121212111222211212', '21111112112221221121212111222211212']
    n'=36  free prefix=21  cylinder deepest=12  need=38  slack=26  N_k=[2097152, 1051624, 390974, 167136, 71108, 30386, 11748, 3903, 2035, 339, 200, 96, 40] sample=['111112122122122211111212111222211212', '211112122122122211111212111222211212']
n=27 c=2 deepest=17 witnesses=36 largest fiber=20 suffix S=2121112122211121111222 (|S|=22)
    n'=28  free prefix=6   cylinder deepest=1   need=30  slack=29  N_k=[64, 56] sample=['1112112121112122211121111222', '2112112121112122211121111222']
    n'=29  free prefix=7   cylinder deepest=2   need=31  slack=29  N_k=[128, 116, 60] sample=['11112112121112122211121111222', '21112112121112122211121111222']
    n'=30  free prefix=8   cylinder deepest=2   need=32  slack=30  N_k=[256, 112, 40] sample=['111111122121112122211121111222', '211111122121112122211121111222']
    n'=31  free prefix=9   cylinder deepest=3   need=33  slack=30  N_k=[512, 164, 96, 64] sample=['1111111112121112122211121111222', '2111111112121112122211121111222']
    n'=32  free prefix=10  cylinder deepest=4   need=34  slack=30  N_k=[1024, 670, 434, 282, 18] sample=['11112211212121112122211121111222', '21112211212121112122211121111222']
    n'=33  free prefix=11  cylinder deepest=5   need=35  slack=30  N_k=[2048, 1339, 336, 84, 68, 12] sample=['111121121122121112122211121111222', '211121121122121112122211121111222']
    n'=34  free prefix=12  cylinder deepest=4   need=36  slack=32  N_k=[4096, 2014, 914, 236, 24] sample=['1112121212122121112122211121111222', '2112121212122121112122211121111222']
    n'=35  free prefix=13  cylinder deepest=5   need=37  slack=32  N_k=[8192, 3606, 1264, 550, 128, 80] sample=['11111111122112121112122211121111222', '21111111122112121112122211121111222']
    n'=36  free prefix=14  cylinder deepest=5   need=38  slack=33  N_k=[16384, 8095, 3212, 1842, 1010, 100] sample=['111111211221212121112122211121111222', '211111211221212121112122211121111222']
    n'=37  free prefix=15  cylinder deepest=5   need=39  slack=34  N_k=[32768, 15631, 5056, 1738, 518, 54] sample=['1112122221212212121112122211121111222', '2112122221212212121112122211121111222']
n=27 c=3 deepest=19 witnesses=5 largest fiber=5 suffix S=121122121222121121111221 (|S|=24)
    n'=30  free prefix=6   cylinder deepest=1   need=32  slack=31  N_k=[64, 32] sample=['111211121122121222121121111221', '211211121122121222121121111221']
    n'=31  free prefix=7   cylinder deepest=1   need=33  slack=32  N_k=[128, 28] sample=['1111112121122121222121121111221', '2111112121122121222121121111221']
    n'=32  free prefix=8   cylinder deepest=2   need=34  slack=32  N_k=[256, 104, 72] sample=['11111121121122121222121121111221', '21111121121122121222121121111221']
    n'=33  free prefix=9   cylinder deepest=2   need=35  slack=33  N_k=[512, 128, 52] sample=['111121111121122121222121121111221', '211121111121122121222121121111221']
    n'=34  free prefix=10  cylinder deepest=2   need=36  slack=34  N_k=[1024, 252, 128] sample=['1111121221121122121222121121111221', '2111121221121122121222121121111221']
    n'=35  free prefix=11  cylinder deepest=2   need=37  slack=35  N_k=[2048, 292, 72] sample=['11112111221121122121222121121111221', '21112111221121122121222121121111221']
    n'=36  free prefix=12  cylinder deepest=3   need=38  slack=35  N_k=[4096, 1046, 424, 56] sample=['111112111121121122121222121121111221', '211112111121121122121222121121111221']
    n'=37  free prefix=13  cylinder deepest=4   need=39  slack=35  N_k=[8192, 2012, 1076, 324, 116] sample=['1111112111111121122121222121121111221', '2111112111111121122121222121121111221']
n=28 c=2 deepest=21 witnesses=32 largest fiber=32 suffix S=2222122211222221122111 (|S|=22)
    n'=29  free prefix=7   cylinder deepest=3   need=31  slack=28  N_k=[128, 108, 44, 44] sample=['11111112222122211222221122111', '21111112222122211222221122111']
    n'=30  free prefix=8   cylinder deepest=3   need=32  slack=29  N_k=[256, 94, 40, 32] sample=['111122122222122211222221122111', '211122122222122211222221122111']
    n'=31  free prefix=9   cylinder deepest=3   need=33  slack=30  N_k=[512, 172, 44, 44] sample=['1111211212222122211222221122111', '2111211212222122211222221122111']
    n'=32  free prefix=10  cylinder deepest=5   need=34  slack=29  N_k=[1024, 236, 116, 44, 44, 44] sample=['11121122122222122211222221122111', '21121122122222122211222221122111']
    n'=33  free prefix=11  cylinder deepest=5   need=35  slack=30  N_k=[2048, 496, 246, 182, 116, 96] sample=['111111211212222122211222221122111', '211111211212222122211222221122111']
    n'=34  free prefix=12  cylinder deepest=4   need=36  slack=32  N_k=[4096, 1076, 796, 480, 278] sample=['1111111111112222122211222221122111', '2111111111112222122211222221122111']
    n'=35  free prefix=13  cylinder deepest=4   need=37  slack=33  N_k=[8192, 2018, 668, 144, 84] sample=['11111121121212222122211222221122111', '21111121121212222122211222221122111']
    n'=36  free prefix=14  cylinder deepest=4   need=38  slack=34  N_k=[16384, 3288, 1588, 760, 176] sample=['111111121122212222122211222221122111', '211111121122212222122211222221122111']
    n'=37  free prefix=15  cylinder deepest=6   need=39  slack=33  N_k=[32768, 6946, 3910, 1132, 300, 24, 24] sample=['1112121121211212222122211222221122111', '2112121121211212222122211222221122111']
    n'=38  free prefix=16  cylinder deepest=12  need=40  slack=28  N_k=[65536, 16527, 7702, 2950, 912, 360, 336, 336, 336, 336, 336, 336, 336] sample=['11111121121222122222122211222221122111', '21111121121222122222122211222221122111']
n=28 c=3 deepest=17 witnesses=24 largest fiber=24 suffix S=212122212112111122122 (|S|=21)
    n'=29  free prefix=8   cylinder deepest=4   need=31  slack=27  N_k=[256, 176, 32, 16, 16] sample=['11112122212122212112111122122', '21112122212122212112111122122']
    n'=30  free prefix=9   cylinder deepest=3   need=32  slack=29  N_k=[512, 306, 196, 128] sample=['111112111212122212112111122122', '211112111212122212112111122122']
    n'=31  free prefix=10  cylinder deepest=4   need=33  slack=29  N_k=[1024, 360, 240, 180, 76] sample=['1111111111212122212112111122122', '2111111111212122212112111122122']
    n'=32  free prefix=11  cylinder deepest=5   need=34  slack=29  N_k=[2048, 1022, 404, 24, 8, 8] sample=['11111111211212122212112111122122', '21111111211212122212112111122122']
    n'=33  free prefix=12  cylinder deepest=7   need=35  slack=28  N_k=[4096, 1760, 768, 474, 366, 252, 252, 52] sample=['111121212212212122212112111122122', '211121212212212122212112111122122']
    n'=34  free prefix=13  cylinder deepest=7   need=36  slack=29  N_k=[8192, 4606, 2282, 668, 208, 128, 128, 48] sample=['1111212212212212122212112111122122', '2111212212212212122212112111122122']
    n'=35  free prefix=14  cylinder deepest=6   need=37  slack=31  N_k=[16384, 8112, 2986, 1526, 344, 112, 16] sample=['11111121211112212122212112111122122', '21111121211112212122212112111122122']
    n'=36  free prefix=15  cylinder deepest=5   need=38  slack=33  N_k=[32768, 18359, 5716, 2604, 1442, 1012] sample=['111112112112211212122212112111122122', '211112112112211212122212112111122122']
    n'=37  free prefix=16  cylinder deepest=7   need=39  slack=32  N_k=[65536, 35432, 14468, 6480, 2336, 828, 104, 80] sample=['1111111112111112212122212112111122122', '2111111112111112212122212112111122122']
    n'=38  free prefix=17  cylinder deepest=9   need=40  slack=31  N_k=[131072, 68003, 28709, 12142, 5030, 2458, 1020, 76, 48, 48] sample=['11111111121111222212122212112111122122', '21111111121111222212122212112111122122']
n=29 c=2 deepest=19 witnesses=52 largest fiber=28 suffix S=22212221122222112211122 (|S|=23)
    n'=30  free prefix=7   cylinder deepest=3   need=32  slack=29  N_k=[128, 60, 32, 32] sample=['111221222212221122222112211122', '211221222212221122222112211122']
    n'=31  free prefix=8   cylinder deepest=5   need=33  slack=28  N_k=[256, 180, 32, 4, 4, 4] sample=['1111211122212221122222112211122', '2111211122212221122222112211122']
    n'=32  free prefix=9   cylinder deepest=3   need=34  slack=31  N_k=[512, 240, 46, 24] sample=['11112122122212221122222112211122', '21112122122212221122222112211122']
    n'=33  free prefix=10  cylinder deepest=6   need=35  slack=29  N_k=[1024, 864, 448, 390, 214, 40, 40] sample=['111111121122212221122222112211122', '211111121122212221122222112211122']
    n'=34  free prefix=11  cylinder deepest=3   need=36  slack=33  N_k=[2048, 1172, 200, 160] sample=['1111121212122212221122222112211122', '2111121212122212221122222112211122']
    n'=35  free prefix=12  cylinder deepest=4   need=37  slack=33  N_k=[4096, 2138, 780, 344, 64] sample=['11111111211122212221122222112211122', '21111111211122212221122222112211122']
    n'=36  free prefix=13  cylinder deepest=4   need=38  slack=34  N_k=[8192, 4160, 1348, 732, 80] sample=['111111122111222212221122222112211122', '211111122111222212221122222112211122']
    n'=37  free prefix=14  cylinder deepest=10  need=39  slack=29  N_k=[16384, 9288, 2848, 1616, 804, 624, 576, 432, 320, 320, 200] sample=['1111111111111122212221122222112211122', '2111111111111122212221122222112211122']
    n'=38  free prefix=15  cylinder deepest=5   need=40  slack=35  N_k=[32768, 16530, 4901, 1987, 528, 392] sample=['11111121221212122212221122222112211122', '21111121221212122212221122222112211122']
    n'=39  free prefix=16  cylinder deepest=10  need=41  slack=31  N_k=[65536, 32206, 11456, 4240, 2004, 948, 536, 440, 360, 360, 360] sample=['111111112122212222212221122222112211122', '211111112122212222212221122222112211122']
n=29 c=3 deepest=16 witnesses=296 largest fiber=120 suffix S=12121211212111112122 (|S|=20)
    n'=30  free prefix=10  cylinder deepest=5   need=32  slack=27  N_k=[1024, 208, 88, 44, 12, 12] sample=['111212212112121211212111112122', '211212212112121211212111112122']
    n'=31  free prefix=11  cylinder deepest=6   need=33  slack=27  N_k=[2048, 1216, 488, 292, 228, 48, 32] sample=['1111121212112121211212111112122', '2111121212112121211212111112122']
    n'=32  free prefix=12  cylinder deepest=5   need=34  slack=29  N_k=[4096, 1654, 740, 348, 40, 8] sample=['11111121211212121211212111112122', '21111121211212121211212111112122']
    n'=33  free prefix=13  cylinder deepest=5   need=35  slack=30  N_k=[8192, 4382, 1976, 1186, 160, 32] sample=['111211121111212121211212111112122', '211211121111212121211212111112122']
    n'=34  free prefix=14  cylinder deepest=5   need=36  slack=31  N_k=[16384, 7112, 1926, 1040, 444, 194] sample=['1111121111121212121211212111112122', '2111121111121212121211212111112122']
    n'=35  free prefix=15  cylinder deepest=7   need=37  slack=30  N_k=[32768, 16383, 6774, 2724, 1172, 256, 216, 216] sample=['11111111212221112121211212111112122', '21111111212221112121211212111112122']
    n'=36  free prefix=16  cylinder deepest=8   need=38  slack=30  N_k=[65536, 35294, 14708, 4564, 1808, 1154, 780, 188, 24] sample=['111112121112212212121211212111112122', '211112121112212212121211212111112122']
    n'=37  free prefix=17  cylinder deepest=9   need=39  slack=30  N_k=[131072, 66476, 25613, 9778, 3662, 1538, 372, 192, 40, 40] sample=['1111211121122121212121211212111112122', '2111211121122121212121211212111112122']
    n'=38  free prefix=18  cylinder deepest=8   need=40  slack=32  N_k=[262144, 129538, 49404, 17555, 7832, 2298, 1184, 1176, 204] sample=['11111111121112121212121211212111112122', '21111111121112121212121211212111112122']
    n'=39  free prefix=19  cylinder deepest=11  need=41  slack=30  N_k=[524288, 261740, 97264, 42679, 16228, 10020, 5144, 2476, 686, 582, 310, 24] sample=['111111211122111112112121211212111112122', '211111211122111112112121211212111112122']
n=30 c=2 deepest=18 witnesses=38 largest fiber=24 suffix S=1112111121221222211221121 (|S|=25)
    n'=31  free prefix=6   cylinder deepest=1   need=33  slack=32  N_k=[64, 48] sample=['1111111112111121221222211221121', '2111111112111121221222211221121']
    n'=32  free prefix=7   cylinder deepest=2   need=34  slack=32  N_k=[128, 40, 40] sample=['11112111112111121221222211221121', '21112111112111121221222211221121']
    n'=33  free prefix=8   cylinder deepest=1   need=35  slack=34  N_k=[256, 68] sample=['111112111112111121221222211221121', '211112111112111121221222211221121']
    n'=34  free prefix=9   cylinder deepest=3   need=36  slack=33  N_k=[512, 40, 40, 40] sample=['1111112111112111121221222211221121', '2111112111112111121221222211221121']
    n'=35  free prefix=10  cylinder deepest=4   need=37  slack=33  N_k=[1024, 208, 164, 132, 84] sample=['11112111211112111121221222211221121', '21112111211112111121221222211221121']
    n'=36  free prefix=11  cylinder deepest=5   need=38  slack=33  N_k=[2048, 710, 392, 44, 20, 20] sample=['111111122111112111121221222211221121', '211111122111112111121221222211221121']
    n'=37  free prefix=12  cylinder deepest=8   need=39  slack=31  N_k=[4096, 1020, 440, 112, 92, 92, 92, 76, 76] sample=['1112121222121112111121221222211221121', '2112121222121112111121221222211221121']
    n'=38  free prefix=13  cylinder deepest=3   need=40  slack=37  N_k=[8192, 1726, 1042, 662] sample=['11111212121111112111121221222211221121', '21111212121111112111121221222211221121']
    n'=39  free prefix=14  cylinder deepest=5   need=41  slack=36  N_k=[16384, 4500, 1492, 732, 460, 324] sample=['112121112111211112111121221222211221121', '212121112111211112111121221222211221121']
    n'=40  free prefix=15  cylinder deepest=10  need=42  slack=32  N_k=[32768, 9820, 5996, 2022, 544, 368, 240, 96, 96, 96, 96] sample=['1111112122111121112111121221222211221121', '2111112122111121112111121221222211221121']
n=30 c=3 deepest=19 witnesses=44 largest fiber=28 suffix S=111221222112211222212222 (|S|=24)
    n'=31  free prefix=7   cylinder deepest=3   need=33  slack=30  N_k=[128, 56, 56, 18] sample=['1112121111221222112211222212222', '2112121111221222112211222212222']
    n'=32  free prefix=8   cylinder deepest=2   need=34  slack=32  N_k=[256, 55, 21] sample=['11212121111221222112211222212222', '12212121111221222112211222212222']
    n'=33  free prefix=9   cylinder deepest=3   need=35  slack=32  N_k=[512, 302, 126, 86] sample=['111111121111221222112211222212222', '211111121111221222112211222212222']
    n'=34  free prefix=10  cylinder deepest=4   need=36  slack=32  N_k=[1024, 274, 116, 116, 24] sample=['1111121212111221222112211222212222', '2111121212111221222112211222212222']
    n'=35  free prefix=11  cylinder deepest=4   need=37  slack=33  N_k=[2048, 1074, 228, 132, 96] sample=['11111111121111221222112211222212222', '21111111121111221222112211222212222']
    n'=36  free prefix=12  cylinder deepest=6   need=38  slack=32  N_k=[4096, 2036, 432, 208, 120, 72, 72] sample=['111212111221111221222112211222212222', '211212111221111221222112211222212222']
    n'=37  free prefix=13  cylinder deepest=6   need=39  slack=33  N_k=[8192, 4086, 1536, 592, 416, 224, 96] sample=['1111111121121111221222112211222212222', '2111111121121111221222112211222212222']
    n'=38  free prefix=14  cylinder deepest=7   need=40  slack=33  N_k=[16384, 6994, 3538, 1228, 16, 16, 16, 16] sample=['11111121122112111221222112211222212222', '21111121122112111221222112211222212222']
    n'=39  free prefix=15  cylinder deepest=6   need=41  slack=35  N_k=[32768, 16406, 7296, 2476, 808, 504, 56] sample=['111111212211121111221222112211222212222', '211111212211121111221222112211222212222']
    n'=40  free prefix=16  cylinder deepest=9   need=42  slack=33  N_k=[65536, 31008, 11444, 4264, 1544, 364, 208, 152, 56, 56] sample=['1112111221111212111221222112211222212222', '2112111221111212111221222112211222212222']
