a_correct@flat
      125 -> 250   slope=1.99161
      250 -> 500   slope=1.99579
      500 -> 1000  slope=1.99789
     1000 -> 2000  slope=1.99895
     2000 -> 4000  slope=1.99947
    tail=1.99947
a_correct@word30
      125 -> 250   slope=1.99139
      250 -> 500   slope=1.99568
      500 -> 1000  slope=1.99784
     1000 -> 2000  slope=1.99892
     2000 -> 4000  slope=1.99946
    tail=1.99946
c_bitpacked@flat
      125 -> 250   slope=0.99021
      250 -> 500   slope=0.99508
      500 -> 1000  slope=0.99753
     1000 -> 2000  slope=0.99876
     2000 -> 4000  slope=0.99938
    tail=0.99938
c_bitpacked@word30
      125 -> 250   slope=1.90938
      250 -> 500   slope=1.97084
      500 -> 1000  slope=1.97665
     1000 -> 2000  slope=1.99255
     2000 -> 4000  slope=1.99410
    tail=1.99410
e_cubic@flat
      125 -> 250   slope=1.98756
      250 -> 500   slope=1.99380
      500 -> 1000  slope=1.99690
    tail=1.99690
e_cubic@word30
      125 -> 250   slope=2.90164
      250 -> 500   slope=2.96786
      500 -> 1000  slope=2.97449
    tail=2.97449

--- verdict, per the AMENDMENT in PREREG-flat-opcode-ablation.md ---
a_correct@word30: tail=1.99946 vs true 2.0 (delta -0.00054) -> inside [NON-discriminating]
a_correct@flat: tail=1.99947 vs true 2.0 (delta -0.00053) -> inside [NON-discriminating]
c_bitpacked@word30: tail=1.99410 vs true 2.0 (delta -0.00590) -> inside [discriminating]
c_bitpacked@flat: tail=0.99938 vs true 2.0 (delta -1.00062) -> OUTSIDE [discriminating]
e_cubic@word30: tail=2.97449 vs true 3.0 (delta -0.02551) -> inside [discriminating]
e_cubic@flat: tail=1.99690 vs true 3.0 (delta -1.00310) -> OUTSIDE [discriminating]

STRONG OUTCOME: word model correct at both exponents 2 and 3; flat model wrong on every discriminating candidate
(e) word-model adjacent slopes rising toward 3: True

{
  "a_correct@word30": {
    "ns": [
      125,
      250,
      500,
      1000,
      2000,
      4000
    ],
    "fuels": [
      442763,
      1760513,
      7021013,
      28042013,
      112084013,
      448168013
    ],
    "window_exponents": [
      {
        "from": 125,
        "to": 250,
        "slope": 1.9913893086087655
      },
      {
        "from": 250,
        "to": 500,
        "slope": 1.9956833188767718
      },
      {
        "from": 500,
        "to": 1000,
        "slope": 1.997838812745355
      },
      {
        "from": 1000,
        "to": 2000,
        "slope": 1.9989186930856835
      },
      {
        "from": 2000,
        "to": 4000,
        "slope": 1.999459168018799
      }
    ],
    "tail": 1.999459168018799
  },
  "c_bitpacked@word30": {
    "ns": [
      125,
      250,
      500,
      1000,
      2000,
      4000
    ],
    "fuels": [
      5823,
      21874,
      85745,
      337474,
      1342945,
      5349874
    ],
    "window_exponents": [
      {
        "from": 125,
        "to": 250,
        "slope": 1.9093825397787842
      },
      {
        "from": 250,
        "to": 500,
        "slope": 1.970835483008841
      },
      {
        "from": 500,
        "to": 1000,
        "slope": 1.9766519051453348
      },
      {
        "from": 1000,
        "to": 2000,
        "slope": 1.9925519586919125
      },
      {
        "from": 2000,
        "to": 4000,
        "slope": 1.9941046928874702
      }
    ],
    "tail": 1.9941046928874702
  },
  "e_cubic@word30": {
    "ns": [
      125,
      250,
      500,
      1000
    ],
    "fuels": [
      343161,
      2564365,
      20062929,
      157690640
    ],
    "window_exponents": [
      {
        "from": 125,
        "to": 250,
        "slope": 2.9016441171777534
      },
      {
        "from": 250,
        "to": 500,
        "slope": 2.96785871300278
      },
      {
        "from": 500,
        "to": 1000,
        "slope": 2.9744928825945713
      }
    ],
    "tail": 2.9744928825945713
  },
  "a_correct@flat": {
    "ns": [
      125,
      250,
      500,
      1000,
      2000,
      4000
    ],
    "fuels": [
      411011,
      1634511,
      6519011,
      26038011,
      104076011,
      416152011
    ],
    "window_exponents": [
      {
        "from": 125,
        "to": 250,
        "slope": 1.9916101754679167
      },
      {
        "from": 250,
        "to": 500,
        "slope": 1.9957940233595257
      },
      {
        "from": 500,
        "to": 1000,
        "slope": 1.9978942329384415
      },
      {
        "from": 1000,
        "to": 2000,
        "slope": 1.9989464201937746
      },
      {
        "from": 2000,
        "to": 4000,
        "slope": 1.9994730358286814
      }
    ],
    "tail": 1.9994730358286814
  },
  "c_bitpacked@flat": {
    "ns": [
      125,
      250,
      500,
      1000,
      2000,
      4000
    ],
    "fuels": [
      887,
      1762,
      3512,
      7012,
      14012,
      28012
    ],
    "window_exponents": [
      {
        "from": 125,
        "to": 250,
        "slope": 0.9902079146193506
      },
      {
        "from": 250,
        "to": 500,
        "slope": 0.9950789206149456
      },
      {
        "from": 500,
        "to": 1000,
        "slope": 0.9975331512241793
      },
      {
        "from": 1000,
        "to": 2000,
        "slope": 0.9987649920425239
      },
      {
        "from": 2000,
        "to": 4000,
        "slope": 0.9993820993377366
      }
    ],
    "tail": 0.9993820993377366
  },
  "e_cubic@flat": {
    "ns": [
      125,
      250,
      500,
      1000
    ],
    "fuels": [
      55637,
      220637,
      878762,
      3507512
    ],
    "window_exponents": [
      {
        "from": 125,
        "to": 250,
        "slope": 1.9875582101817246
      },
      {
        "from": 250,
        "to": 500,
        "slope": 1.9937977393675181
      },
      {
        "from": 500,
        "to": 1000,
        "slope": 1.9969036493809944
      }
    ],
    "tail": 1.9969036493809944
  },
  "_verdict": "STRONG OUTCOME: word model correct at both exponents 2 and 3; flat model wrong on every discriminating candidate",
  "_inside_band": {
    "a_correct@word30": true,
    "a_correct@flat": true,
    "c_bitpacked@word30": true,
    "c_bitpacked@flat": false,
    "e_cubic@word30": true,
    "e_cubic@flat": false
  },
  "_e_word_slopes_rising": true
}
