a_correct@flat
      125 -> 250   slope=1.99161
      250 -> 500   slope=1.99579
      500 -> 1000  slope=1.99789
     1000 -> 2000  slope=1.99895
     2000 -> 4000  slope=1.99947
    tail=1.99947
a_correct@word30
      125 -> 250   slope=1.99139
      250 -> 500   slope=1.99568
      500 -> 1000  slope=1.99784
     1000 -> 2000  slope=1.99892
     2000 -> 4000  slope=1.99946
    tail=1.99946
c_bitpacked@flat
      125 -> 250   slope=0.99021
      250 -> 500   slope=0.99508
      500 -> 1000  slope=0.99753
     1000 -> 2000  slope=0.99876
     2000 -> 4000  slope=0.99938
    tail=0.99938
c_bitpacked@word30
      125 -> 250   slope=1.90938
      250 -> 500   slope=1.97084
      500 -> 1000  slope=1.97665
     1000 -> 2000  slope=1.99255
     2000 -> 4000  slope=1.99410
    tail=1.99410

AMBIGUOUS: flat opcode counter recovers one candidate, not the other
    a_correct: flat tail=1.99947 (delta -0.00053, band +/-0.3) -> inside
    c_bitpacked: flat tail=0.99938 (delta -1.00062, band +/-0.3) -> outside

{
  "a_correct@word30": {
    "ns": [
      125,
      250,
      500,
      1000,
      2000,
      4000
    ],
    "fuels": [
      442763,
      1760513,
      7021013,
      28042013,
      112084013,
      448168013
    ],
    "window_exponents": [
      {
        "from": 125,
        "to": 250,
        "slope": 1.9913893086087655
      },
      {
        "from": 250,
        "to": 500,
        "slope": 1.9956833188767718
      },
      {
        "from": 500,
        "to": 1000,
        "slope": 1.997838812745355
      },
      {
        "from": 1000,
        "to": 2000,
        "slope": 1.9989186930856835
      },
      {
        "from": 2000,
        "to": 4000,
        "slope": 1.999459168018799
      }
    ],
    "tail": 1.999459168018799
  },
  "c_bitpacked@word30": {
    "ns": [
      125,
      250,
      500,
      1000,
      2000,
      4000
    ],
    "fuels": [
      5823,
      21874,
      85745,
      337474,
      1342945,
      5349874
    ],
    "window_exponents": [
      {
        "from": 125,
        "to": 250,
        "slope": 1.9093825397787842
      },
      {
        "from": 250,
        "to": 500,
        "slope": 1.970835483008841
      },
      {
        "from": 500,
        "to": 1000,
        "slope": 1.9766519051453348
      },
      {
        "from": 1000,
        "to": 2000,
        "slope": 1.9925519586919125
      },
      {
        "from": 2000,
        "to": 4000,
        "slope": 1.9941046928874702
      }
    ],
    "tail": 1.9941046928874702
  },
  "a_correct@flat": {
    "ns": [
      125,
      250,
      500,
      1000,
      2000,
      4000
    ],
    "fuels": [
      411011,
      1634511,
      6519011,
      26038011,
      104076011,
      416152011
    ],
    "window_exponents": [
      {
        "from": 125,
        "to": 250,
        "slope": 1.9916101754679167
      },
      {
        "from": 250,
        "to": 500,
        "slope": 1.9957940233595257
      },
      {
        "from": 500,
        "to": 1000,
        "slope": 1.9978942329384415
      },
      {
        "from": 1000,
        "to": 2000,
        "slope": 1.9989464201937746
      },
      {
        "from": 2000,
        "to": 4000,
        "slope": 1.9994730358286814
      }
    ],
    "tail": 1.9994730358286814
  },
  "c_bitpacked@flat": {
    "ns": [
      125,
      250,
      500,
      1000,
      2000,
      4000
    ],
    "fuels": [
      887,
      1762,
      3512,
      7012,
      14012,
      28012
    ],
    "window_exponents": [
      {
        "from": 125,
        "to": 250,
        "slope": 0.9902079146193506
      },
      {
        "from": 250,
        "to": 500,
        "slope": 0.9950789206149456
      },
      {
        "from": 500,
        "to": 1000,
        "slope": 0.9975331512241793
      },
      {
        "from": 1000,
        "to": 2000,
        "slope": 0.9987649920425239
      },
      {
        "from": 2000,
        "to": 4000,
        "slope": 0.9993820993377366
      }
    ],
    "tail": 0.9993820993377366
  },
  "_verdict": "AMBIGUOUS: flat opcode counter recovers one candidate, not the other",
  "_inside_band": {
    "a_correct": true,
    "c_bitpacked": false
  }
}
