=== load before ===
12:40  up 15 days, 15:01, 6 users, load averages: 38.08 48.14 63.22
=== SANITY GATE (fuel) ===
profile=fuel_wide ns=[250, 500, 1000, 2000, 4000] baseline_tail=1.999459

=== a_correct (expect: correct, flat ~0.2 credit) ===
metrics: {
  "combined_score": 0.2,
  "correctness": 1.0,
  "measured_tail_exponent": 1.999459168018799,
  "measured_global_exponent": 1.9980557491284225,
  "fit_r2": 0.9999998600615513,
  "tail_consistency": 0.0005404749331154868,
  "baseline_tail_exponent": 1.999459168018799,
  "max_setup_fuel": 0.0
}
artifacts: {
  "instrument": "deterministic fuel counter (fuel.py, word-RAM model, WORD_BITS=30)",
  "profile": "fuel_wide",
  "scaling_usable_ns": [
    250,
    500,
    1000,
    2000,
    4000
  ],
  "scaling_fuel": [
    1760513,
    7021013,
    28042013,
    112084013,
    448168013
  ],
  "setup_fuel_per_point": [
    0,
    0,
    0,
    0,
    0
  ],
  "window_exponents": [
    {
      "from": 250,
      "to": 500,
      "slope": 1.9956833188767718
    },
    {
      "from": 500,
      "to": 1000,
      "slope": 1.997838812745355
    },
    {
      "from": 1000,
      "to": 2000,
      "slope": 1.9989186930856835
    },
    {
      "from": 2000,
      "to": 4000,
      "slope": 1.999459168018799
    }
  ],
  "scaling_dropped": [],
  "literal_findings": [],
  "note": "combined_score rewards EXPONENT improvement over the fuel baseline only; a same-exponent constant-factor speedup scores ~0.2 regardless of how much less fuel it burns. Fuel counts are exact integers and reproduce bit-identically across processes and machine load."
}

=== b_wrong (expect: 0.0) ===
metrics: {
  "combined_score": 0.0,
  "error": "failed evolve-set correctness: n=15: got 0, expected 1"
}
artifacts: {
  "error_type": "CorrectnessFailure",
  "gate": "evolve",
  "detail": "n=15: got 0, expected 1"
}

=== c_bitpacked (expect: correct, flat credit, NOT exponent-band) ===
metrics: {
  "combined_score": 0.21423415414202335,
  "correctness": 1.0,
  "measured_tail_exponent": 1.9941046928874702,
  "measured_global_exponent": 1.9837491943304348,
  "fit_r2": 0.9999926609363552,
  "tail_consistency": 0.0015527341955576812,
  "baseline_tail_exponent": 1.999459168018799,
  "max_setup_fuel": 0.0
}
artifacts: {
  "instrument": "deterministic fuel counter (fuel.py, word-RAM model, WORD_BITS=30)",
  "profile": "fuel_wide",
  "scaling_usable_ns": [
    250,
    500,
    1000,
    2000,
    4000
  ],
  "scaling_fuel": [
    21874,
    85745,
    337474,
    1342945,
    5349874
  ],
  "setup_fuel_per_point": [
    0,
    0,
    0,
    0,
    0
  ],
  "window_exponents": [
    {
      "from": 250,
      "to": 500,
      "slope": 1.970835483008841
    },
    {
      "from": 500,
      "to": 1000,
      "slope": 1.9766519051453348
    },
    {
      "from": 1000,
      "to": 2000,
      "slope": 1.9925519586919125
    },
    {
      "from": 2000,
      "to": 4000,
      "slope": 1.9941046928874702
    }
  ],
  "scaling_dropped": [],
  "literal_findings": [],
  "note": "combined_score rewards EXPONENT improvement over the fuel baseline only; a same-exponent constant-factor speedup scores ~0.2 regardless of how much less fuel it burns. Fuel counts are exact integers and reproduce bit-identically across processes and machine load."
}

=== d_lookup_table (expect: 0.0) ===
metrics: {
  "combined_score": 0.0,
  "error": "failed evolve-set correctness: n=157: got 1, expected 0"
}
artifacts: {
  "error_type": "CorrectnessFailure",
  "gate": "evolve",
  "detail": "n=157: got 1, expected 0"
}
./vendor/openevolve/.venv/bin/python run_sanity_tests_fuel.py  222.69s user 3.08s system 74% cpu 5:01.86 total
=== load mid ===
12:45  up 15 days, 15:06, 6 users, load averages: 25.91 31.21 50.57
=== DETERMINISM (3 separate processes each) ===
