=== load before ===
13:15  up 15 days, 15:36, 6 users, load averages: 24.17 22.34 24.86
a_correct @ WORD_BITS=30
      125 -> 250   slope=1.99139
      250 -> 500   slope=1.99568
      500 -> 1000  slope=1.99784
     1000 -> 2000  slope=1.99892
     2000 -> 4000  slope=1.99946
c_bitpacked @ WORD_BITS=30
      125 -> 250   slope=1.90938
      250 -> 500   slope=1.97084
      500 -> 1000  slope=1.97665
     1000 -> 2000  slope=1.99255
     2000 -> 4000  slope=1.99410
a_correct @ WORD_BITS=64
      125 -> 250   slope=1.99139
      250 -> 500   slope=1.99568
      500 -> 1000  slope=1.99784
     1000 -> 2000  slope=1.99892
     2000 -> 4000  slope=1.99946
c_bitpacked @ WORD_BITS=64
      125 -> 250   slope=1.89091
      250 -> 500   slope=1.94293
      500 -> 1000  slope=1.97079
     1000 -> 2000  slope=1.97640
     2000 -> 4000  slope=1.99260
{
  "a_correct@30": {
    "word_bits": 30,
    "ns": [
      125,
      250,
      500,
      1000,
      2000,
      4000
    ],
    "fuels": [
      442763,
      1760513,
      7021013,
      28042013,
      112084013,
      448168013
    ],
    "window_exponents": [
      {
        "from": 125,
        "to": 250,
        "slope": 1.9913893086087655
      },
      {
        "from": 250,
        "to": 500,
        "slope": 1.9956833188767718
      },
      {
        "from": 500,
        "to": 1000,
        "slope": 1.997838812745355
      },
      {
        "from": 1000,
        "to": 2000,
        "slope": 1.9989186930856835
      },
      {
        "from": 2000,
        "to": 4000,
        "slope": 1.999459168018799
      }
    ]
  },
  "c_bitpacked@30": {
    "word_bits": 30,
    "ns": [
      125,
      250,
      500,
      1000,
      2000,
      4000
    ],
    "fuels": [
      5823,
      21874,
      85745,
      337474,
      1342945,
      5349874
    ],
    "window_exponents": [
      {
        "from": 125,
        "to": 250,
        "slope": 1.9093825397787842
      },
      {
        "from": 250,
        "to": 500,
        "slope": 1.970835483008841
      },
      {
        "from": 500,
        "to": 1000,
        "slope": 1.9766519051453348
      },
      {
        "from": 1000,
        "to": 2000,
        "slope": 1.9925519586919125
      },
      {
        "from": 2000,
        "to": 4000,
        "slope": 1.9941046928874702
      }
    ]
  },
  "a_correct@64": {
    "word_bits": 64,
    "ns": [
      125,
      250,
      500,
      1000,
      2000,
      4000
    ],
    "fuels": [
      442763,
      1760513,
      7021013,
      28042013,
      112084013,
      448168013
    ],
    "window_exponents": [
      {
        "from": 125,
        "to": 250,
        "slope": 1.9913893086087655
      },
      {
        "from": 250,
        "to": 500,
        "slope": 1.9956833188767718
      },
      {
        "from": 500,
        "to": 1000,
        "slope": 1.997838812745355
      },
      {
        "from": 1000,
        "to": 2000,
        "slope": 1.9989186930856835
      },
      {
        "from": 2000,
        "to": 4000,
        "slope": 1.999459168018799
      }
    ]
  },
  "c_bitpacked@64": {
    "word_bits": 64,
    "ns": [
      125,
      250,
      500,
      1000,
      2000,
      4000
    ],
    "fuels": [
      2880,
      10681,
      41067,
      160975,
      633454,
      2520857
    ],
    "window_exponents": [
      {
        "from": 125,
        "to": 250,
        "slope": 1.890906007726817
      },
      {
        "from": 250,
        "to": 500,
        "slope": 1.9429328358314746
      },
      {
        "from": 500,
        "to": 1000,
        "slope": 1.970785184524924
      },
      {
        "from": 1000,
        "to": 2000,
        "slope": 1.976403207935511
      },
      {
        "from": 2000,
        "to": 4000,
        "slope": 1.9926025181066762
      }
    ]
  }
}
exit=0
13:28  up 15 days, 15:49, 7 users, load averages: 31.37 29.86 27.43
