GATE kernel vs explicit reference: 0 mismatches over 26112 cells (60 random (y,c) pairs, rules 30 and 90, T<=48)
GATE kernel vs r1zero_lib.driven_lhp (seed case): 0 mismatches over 20 random drives
GATE period search vs r1zero_lib: 0 disagreements over 200 sequences (100 with planted periods)
GATE overall: PASS
REPRO word 0 prefix_len=0: T=4096 Q=256 |Z|=4096 ones(l)=2015 l eventual_period=None l|Z eventual_period=None longest shift-agreement run=19 at shift 131 start 3852 (random null log2(T*Q)=20.0) edge violations=0 periodic columns among -1..-8=[] [0.0s]
REPRO word 0 prefix_len=8: T=4096 Q=256 |Z|=4092 ones(l)=2117 l eventual_period=None l|Z eventual_period=None longest shift-agreement run=20 at shift 69 start 939 (random null log2(T*Q)=20.0) edge violations=0 periodic columns among -1..-8=[] [0.0s]
REPRO word 1 prefix_len=0: zero set too small, skipped
REPRO word 1 prefix_len=8: zero set too small, skipped
REPRO word 01 prefix_len=0: T=4096 Q=256 |Z|=2048 ones(l)=2082 l eventual_period=None l|Z eventual_period=None longest shift-agreement run=19 at shift 161 start 777 (random null log2(T*Q)=20.0) edge violations=0 periodic columns among -1..-8=[] [0.0s]
REPRO word 01 prefix_len=8: T=4096 Q=256 |Z|=2048 ones(l)=2083 l eventual_period=None l|Z eventual_period=None longest shift-agreement run=19 at shift 161 start 777 (random null log2(T*Q)=20.0) edge violations=0 periodic columns among -1..-8=[] [0.0s]
REPRO word 001 prefix_len=0: T=4096 Q=256 |Z|=2731 ones(l)=2041 l eventual_period=None l|Z eventual_period=None longest shift-agreement run=19 at shift 136 start 3905 (random null log2(T*Q)=20.0) edge violations=0 periodic columns among -1..-8=[] [0.0s]
REPRO word 001 prefix_len=8: T=4096 Q=256 |Z|=2729 ones(l)=2065 l eventual_period=None l|Z eventual_period=None longest shift-agreement run=20 at shift 114 start 231 (random null log2(T*Q)=20.0) edge violations=0 periodic columns among -1..-8=[] [0.0s]
REPRO word 011 prefix_len=0: T=4096 Q=256 |Z|=1365 ones(l)=2079 l eventual_period=None l|Z eventual_period=None longest shift-agreement run=21 at shift 176 start 2600 (random null log2(T*Q)=20.0) edge violations=0 periodic columns among -1..-8=[] [0.0s]
REPRO word 011 prefix_len=8: T=4096 Q=256 |Z|=1366 ones(l)=2038 l eventual_period=None l|Z eventual_period=None longest shift-agreement run=19 at shift 163 start 3074 (random null log2(T*Q)=20.0) edge violations=0 periodic columns among -1..-8=[] [0.0s]
REPRO word 0001 prefix_len=0: T=4096 Q=256 |Z|=3072 ones(l)=2086 l eventual_period=None l|Z eventual_period=None longest shift-agreement run=19 at shift 220 start 727 (random null log2(T*Q)=20.0) edge violations=0 periodic columns among -1..-8=[] [0.0s]
REPRO word 0001 prefix_len=8: T=4096 Q=256 |Z|=3070 ones(l)=2087 l eventual_period=None l|Z eventual_period=None longest shift-agreement run=19 at shift 220 start 727 (random null log2(T*Q)=20.0) edge violations=0 periodic columns among -1..-8=[] [0.0s]
REPRO word 0011 prefix_len=0: T=4096 Q=256 |Z|=2048 ones(l)=2041 l eventual_period=None l|Z eventual_period=None longest shift-agreement run=18 at shift 212 start 2850 (random null log2(T*Q)=20.0) edge violations=0 periodic columns among -1..-8=[] [0.0s]
REPRO word 0011 prefix_len=8: T=4096 Q=256 |Z|=2048 ones(l)=2042 l eventual_period=None l|Z eventual_period=None longest shift-agreement run=18 at shift 212 start 2850 (random null log2(T*Q)=20.0) edge violations=0 periodic columns among -1..-8=[] [0.0s]
REPRO word 0111 prefix_len=0: T=4096 Q=256 |Z|=1024 ones(l)=2020 l eventual_period=None l|Z eventual_period=None longest shift-agreement run=19 at shift 36 start 346 (random null log2(T*Q)=20.0) edge violations=0 periodic columns among -1..-8=[] [0.0s]
REPRO word 0111 prefix_len=8: T=4096 Q=256 |Z|=1026 ones(l)=2022 l eventual_period=None l|Z eventual_period=None longest shift-agreement run=19 at shift 36 start 346 (random null log2(T*Q)=20.0) edge violations=0 periodic columns among -1..-8=[] [0.0s]
REPRO word 00001 prefix_len=0: T=4096 Q=256 |Z|=3277 ones(l)=2094 l eventual_period=None l|Z eventual_period=None longest shift-agreement run=20 at shift 74 start 1758 (random null log2(T*Q)=20.0) edge violations=0 periodic columns among -1..-8=[] [0.0s]
REPRO word 00001 prefix_len=8: T=4096 Q=256 |Z|=3275 ones(l)=2081 l eventual_period=None l|Z eventual_period=None longest shift-agreement run=23 at shift 151 start 20 (random null log2(T*Q)=20.0) edge violations=0 periodic columns among -1..-8=[] [0.0s]
REPRO word 00011 prefix_len=0: T=4096 Q=256 |Z|=2458 ones(l)=2074 l eventual_period=None l|Z eventual_period=None longest shift-agreement run=18 at shift 192 start 1724 (random null log2(T*Q)=20.0) edge violations=0 periodic columns among -1..-8=[] [0.0s]
REPRO word 00011 prefix_len=8: T=4096 Q=256 |Z|=2457 ones(l)=1991 l eventual_period=None l|Z eventual_period=None longest shift-agreement run=18 at shift 252 start 623 (random null log2(T*Q)=20.0) edge violations=0 periodic columns among -1..-8=[] [0.0s]
REPRO word 00101 prefix_len=0: T=4096 Q=256 |Z|=2458 ones(l)=1983 l eventual_period=None l|Z eventual_period=None longest shift-agreement run=27 at shift 191 start 3349 (random null log2(T*Q)=20.0) edge violations=0 periodic columns among -1..-8=[] [0.0s]
REPRO word 00101 prefix_len=8: T=4096 Q=256 |Z|=2457 ones(l)=1960 l eventual_period=None l|Z eventual_period=None longest shift-agreement run=21 at shift 179 start 2047 (random null log2(T*Q)=20.0) edge violations=0 periodic columns among -1..-8=[] [0.0s]
REPRO word 00111 prefix_len=0: T=4096 Q=256 |Z|=1639 ones(l)=2090 l eventual_period=None l|Z eventual_period=None longest shift-agreement run=20 at shift 210 start 813 (random null log2(T*Q)=20.0) edge violations=0 periodic columns among -1..-8=[] [0.0s]
REPRO word 00111 prefix_len=8: T=4096 Q=256 |Z|=1639 ones(l)=2020 l eventual_period=None l|Z eventual_period=None longest shift-agreement run=19 at shift 74 start 1073 (random null log2(T*Q)=20.0) edge violations=0 periodic columns among -1..-8=[] [0.0s]
REPRO word 01011 prefix_len=0: T=4096 Q=256 |Z|=1638 ones(l)=2056 l eventual_period=None l|Z eventual_period=None longest shift-agreement run=20 at shift 33 start 238 (random null log2(T*Q)=20.0) edge violations=0 periodic columns among -1..-8=[] [0.0s]
REPRO word 01011 prefix_len=8: T=4096 Q=256 |Z|=1639 ones(l)=2096 l eventual_period=None l|Z eventual_period=None longest shift-agreement run=21 at shift 215 start 1659 (random null log2(T*Q)=20.0) edge violations=0 periodic columns among -1..-8=[] [0.0s]
REPRO word 01111 prefix_len=0: T=4096 Q=256 |Z|=819 ones(l)=2000 l eventual_period=None l|Z eventual_period=None longest shift-agreement run=18 at shift 47 start 3946 (random null log2(T*Q)=20.0) edge violations=0 periodic columns among -1..-8=[] [0.0s]
REPRO word 01111 prefix_len=8: T=4096 Q=256 |Z|=821 ones(l)=2063 l eventual_period=None l|Z eventual_period=None longest shift-agreement run=19 at shift 89 start 3099 (random null log2(T*Q)=20.0) edge violations=0 periodic columns among -1..-8=[] [0.0s]
REPRO word 000001 prefix_len=0: T=4096 Q=256 |Z|=3414 ones(l)=2005 l eventual_period=None l|Z eventual_period=None longest shift-agreement run=18 at shift 142 start 1585 (random null log2(T*Q)=20.0) edge violations=0 periodic columns among -1..-8=[] [0.0s]
REPRO word 000001 prefix_len=8: T=4096 Q=256 |Z|=3411 ones(l)=2084 l eventual_period=None l|Z eventual_period=None longest shift-agreement run=17 at shift 4 start 947 (random null log2(T*Q)=20.0) edge violations=0 periodic columns among -1..-8=[] [0.0s]
REPRO word 000011 prefix_len=0: T=4096 Q=256 |Z|=2731 ones(l)=2040 l eventual_period=None l|Z eventual_period=None longest shift-agreement run=19 at shift 99 start 2257 (random null log2(T*Q)=20.0) edge violations=0 periodic columns among -1..-8=[] [0.0s]
REPRO word 000011 prefix_len=8: T=4096 Q=256 |Z|=2730 ones(l)=2088 l eventual_period=None l|Z eventual_period=None longest shift-agreement run=19 at shift 7 start 1802 (random null log2(T*Q)=20.0) edge violations=0 periodic columns among -1..-8=[] [0.0s]
REPRO word 000101 prefix_len=0: T=4096 Q=256 |Z|=2731 ones(l)=2052 l eventual_period=None l|Z eventual_period=None longest shift-agreement run=20 at shift 136 start 1829 (random null log2(T*Q)=20.0) edge violations=0 periodic columns among -1..-8=[] [0.0s]
REPRO word 000101 prefix_len=8: T=4096 Q=256 |Z|=2730 ones(l)=2035 l eventual_period=None l|Z eventual_period=None longest shift-agreement run=20 at shift 58 start 2386 (random null log2(T*Q)=20.0) edge violations=0 periodic columns among -1..-8=[] [0.0s]
REPRO word 000111 prefix_len=0: T=4096 Q=256 |Z|=2048 ones(l)=2045 l eventual_period=None l|Z eventual_period=None longest shift-agreement run=20 at shift 105 start 1435 (random null log2(T*Q)=20.0) edge violations=0 periodic columns among -1..-8=[] [0.0s]
REPRO word 000111 prefix_len=8: T=4096 Q=256 |Z|=2049 ones(l)=2065 l eventual_period=None l|Z eventual_period=None longest shift-agreement run=20 at shift 164 start 3278 (random null log2(T*Q)=20.0) edge violations=0 periodic columns among -1..-8=[] [0.0s]
REPRO word 001011 prefix_len=0: T=4096 Q=256 |Z|=2048 ones(l)=2034 l eventual_period=None l|Z eventual_period=None longest shift-agreement run=19 at shift 225 start 1820 (random null log2(T*Q)=20.0) edge violations=0 periodic columns among -1..-8=[] [0.0s]
REPRO word 001011 prefix_len=8: T=4096 Q=256 |Z|=2048 ones(l)=2083 l eventual_period=None l|Z eventual_period=None longest shift-agreement run=18 at shift 17 start 1566 (random null log2(T*Q)=20.0) edge violations=0 periodic columns among -1..-8=[] [0.0s]
REPRO word 001101 prefix_len=0: T=4096 Q=256 |Z|=2048 ones(l)=2068 l eventual_period=None l|Z eventual_period=None longest shift-agreement run=22 at shift 218 start 2120 (random null log2(T*Q)=20.0) edge violations=0 periodic columns among -1..-8=[] [0.0s]
REPRO word 001101 prefix_len=8: T=4096 Q=256 |Z|=2048 ones(l)=2005 l eventual_period=None l|Z eventual_period=None longest shift-agreement run=18 at shift 249 start 2966 (random null log2(T*Q)=20.0) edge violations=0 periodic columns among -1..-8=[] [0.0s]
REPRO word 001111 prefix_len=0: T=4096 Q=256 |Z|=1365 ones(l)=2038 l eventual_period=None l|Z eventual_period=None longest shift-agreement run=18 at shift 27 start 3891 (random null log2(T*Q)=20.0) edge violations=0 periodic columns among -1..-8=[] [0.0s]
REPRO word 001111 prefix_len=8: T=4096 Q=256 |Z|=1367 ones(l)=2059 l eventual_period=None l|Z eventual_period=None longest shift-agreement run=19 at shift 29 start 1034 (random null log2(T*Q)=20.0) edge violations=0 periodic columns among -1..-8=[] [0.0s]
REPRO word 010111 prefix_len=0: T=4096 Q=256 |Z|=1365 ones(l)=2001 l eventual_period=None l|Z eventual_period=None longest shift-agreement run=19 at shift 144 start 3584 (random null log2(T*Q)=20.0) edge violations=0 periodic columns among -1..-8=[] [0.0s]
REPRO word 010111 prefix_len=8: T=4096 Q=256 |Z|=1367 ones(l)=2085 l eventual_period=None l|Z eventual_period=None longest shift-agreement run=17 at shift 107 start 3380 (random null log2(T*Q)=20.0) edge violations=0 periodic columns among -1..-8=[] [0.0s]
REPRO word 011111 prefix_len=0: T=4096 Q=256 |Z|=682 ones(l)=2042 l eventual_period=None l|Z eventual_period=None longest shift-agreement run=25 at shift 223 start 1789 (random null log2(T*Q)=20.0) edge violations=0 periodic columns among -1..-8=[] [0.0s]
REPRO word 011111 prefix_len=8: T=4096 Q=256 |Z|=685 ones(l)=1981 l eventual_period=None l|Z eventual_period=None longest shift-agreement run=17 at shift 60 start 746 (random null log2(T*Q)=20.0) edge violations=0 periodic columns among -1..-8=[] [0.0s]
SUMMARY REPRO rule30 T=4096 Q=256: LHP l eventually periodic in 0/44 drives; l|Z eventually periodic in 0/44; moving-edge violations 0; periodic single columns among -1..-8: 0; longest shift-agreement run over drives min/median/max = 17/19/27 (random null log2(T*Q) = 20.0) [1s elapsed]
MAIN word 0 prefix_len=0: T=4096 Q=256 |Z|=4096 ones(l)=2015 l eventual_period=None l|Z eventual_period=None longest shift-agreement run=19 at shift 131 start 3852 (random null log2(T*Q)=20.0) edge violations=0 periodic columns among -1..-8=[] [0.0s]
MAIN word 0 prefix_len=8: T=4096 Q=256 |Z|=4092 ones(l)=2117 l eventual_period=None l|Z eventual_period=None longest shift-agreement run=20 at shift 69 start 939 (random null log2(T*Q)=20.0) edge violations=0 periodic columns among -1..-8=[] [0.0s]
MAIN word 1 prefix_len=0: zero set too small, skipped
MAIN word 1 prefix_len=8: zero set too small, skipped
MAIN word 01 prefix_len=0: T=4096 Q=256 |Z|=2048 ones(l)=2082 l eventual_period=None l|Z eventual_period=None longest shift-agreement run=19 at shift 161 start 777 (random null log2(T*Q)=20.0) edge violations=0 periodic columns among -1..-8=[] [0.0s]
MAIN word 01 prefix_len=8: T=4096 Q=256 |Z|=2048 ones(l)=2083 l eventual_period=None l|Z eventual_period=None longest shift-agreement run=19 at shift 161 start 777 (random null log2(T*Q)=20.0) edge violations=0 periodic columns among -1..-8=[] [0.0s]
MAIN word 001 prefix_len=0: T=4096 Q=256 |Z|=2731 ones(l)=2041 l eventual_period=None l|Z eventual_period=None longest shift-agreement run=19 at shift 136 start 3905 (random null log2(T*Q)=20.0) edge violations=0 periodic columns among -1..-8=[] [0.0s]
MAIN word 001 prefix_len=8: T=4096 Q=256 |Z|=2729 ones(l)=2065 l eventual_period=None l|Z eventual_period=None longest shift-agreement run=20 at shift 114 start 231 (random null log2(T*Q)=20.0) edge violations=0 periodic columns among -1..-8=[] [0.0s]
MAIN word 011 prefix_len=0: T=4096 Q=256 |Z|=1365 ones(l)=2079 l eventual_period=None l|Z eventual_period=None longest shift-agreement run=21 at shift 176 start 2600 (random null log2(T*Q)=20.0) edge violations=0 periodic columns among -1..-8=[] [0.0s]
MAIN word 011 prefix_len=8: T=4096 Q=256 |Z|=1366 ones(l)=2038 l eventual_period=None l|Z eventual_period=None longest shift-agreement run=19 at shift 163 start 3074 (random null log2(T*Q)=20.0) edge violations=0 periodic columns among -1..-8=[] [0.0s]
MAIN word 0001 prefix_len=0: T=4096 Q=256 |Z|=3072 ones(l)=2086 l eventual_period=None l|Z eventual_period=None longest shift-agreement run=19 at shift 220 start 727 (random null log2(T*Q)=20.0) edge violations=0 periodic columns among -1..-8=[] [0.0s]
MAIN word 0001 prefix_len=8: T=4096 Q=256 |Z|=3070 ones(l)=2087 l eventual_period=None l|Z eventual_period=None longest shift-agreement run=19 at shift 220 start 727 (random null log2(T*Q)=20.0) edge violations=0 periodic columns among -1..-8=[] [0.0s]
MAIN word 0011 prefix_len=0: T=4096 Q=256 |Z|=2048 ones(l)=2041 l eventual_period=None l|Z eventual_period=None longest shift-agreement run=18 at shift 212 start 2850 (random null log2(T*Q)=20.0) edge violations=0 periodic columns among -1..-8=[] [0.0s]
MAIN word 0011 prefix_len=8: T=4096 Q=256 |Z|=2048 ones(l)=2042 l eventual_period=None l|Z eventual_period=None longest shift-agreement run=18 at shift 212 start 2850 (random null log2(T*Q)=20.0) edge violations=0 periodic columns among -1..-8=[] [0.0s]
MAIN word 0111 prefix_len=0: T=4096 Q=256 |Z|=1024 ones(l)=2020 l eventual_period=None l|Z eventual_period=None longest shift-agreement run=19 at shift 36 start 346 (random null log2(T*Q)=20.0) edge violations=0 periodic columns among -1..-8=[] [0.0s]
MAIN word 0111 prefix_len=8: T=4096 Q=256 |Z|=1026 ones(l)=2022 l eventual_period=None l|Z eventual_period=None longest shift-agreement run=19 at shift 36 start 346 (random null log2(T*Q)=20.0) edge violations=0 periodic columns among -1..-8=[] [0.0s]
MAIN word 00001 prefix_len=0: T=4096 Q=256 |Z|=3277 ones(l)=2094 l eventual_period=None l|Z eventual_period=None longest shift-agreement run=20 at shift 74 start 1758 (random null log2(T*Q)=20.0) edge violations=0 periodic columns among -1..-8=[] [0.0s]
MAIN word 00001 prefix_len=8: T=4096 Q=256 |Z|=3275 ones(l)=2081 l eventual_period=None l|Z eventual_period=None longest shift-agreement run=23 at shift 151 start 20 (random null log2(T*Q)=20.0) edge violations=0 periodic columns among -1..-8=[] [0.0s]
MAIN word 00011 prefix_len=0: T=4096 Q=256 |Z|=2458 ones(l)=2074 l eventual_period=None l|Z eventual_period=None longest shift-agreement run=18 at shift 192 start 1724 (random null log2(T*Q)=20.0) edge violations=0 periodic columns among -1..-8=[] [0.0s]
MAIN word 00011 prefix_len=8: T=4096 Q=256 |Z|=2457 ones(l)=1991 l eventual_period=None l|Z eventual_period=None longest shift-agreement run=18 at shift 252 start 623 (random null log2(T*Q)=20.0) edge violations=0 periodic columns among -1..-8=[] [0.0s]
MAIN word 00101 prefix_len=0: T=4096 Q=256 |Z|=2458 ones(l)=1983 l eventual_period=None l|Z eventual_period=None longest shift-agreement run=27 at shift 191 start 3349 (random null log2(T*Q)=20.0) edge violations=0 periodic columns among -1..-8=[] [0.0s]
MAIN word 00101 prefix_len=8: T=4096 Q=256 |Z|=2457 ones(l)=1960 l eventual_period=None l|Z eventual_period=None longest shift-agreement run=21 at shift 179 start 2047 (random null log2(T*Q)=20.0) edge violations=0 periodic columns among -1..-8=[] [0.0s]
MAIN word 00111 prefix_len=0: T=4096 Q=256 |Z|=1639 ones(l)=2090 l eventual_period=None l|Z eventual_period=None longest shift-agreement run=20 at shift 210 start 813 (random null log2(T*Q)=20.0) edge violations=0 periodic columns among -1..-8=[] [0.0s]
MAIN word 00111 prefix_len=8: T=4096 Q=256 |Z|=1639 ones(l)=2020 l eventual_period=None l|Z eventual_period=None longest shift-agreement run=19 at shift 74 start 1073 (random null log2(T*Q)=20.0) edge violations=0 periodic columns among -1..-8=[] [0.0s]
MAIN word 01011 prefix_len=0: T=4096 Q=256 |Z|=1638 ones(l)=2056 l eventual_period=None l|Z eventual_period=None longest shift-agreement run=20 at shift 33 start 238 (random null log2(T*Q)=20.0) edge violations=0 periodic columns among -1..-8=[] [0.0s]
MAIN word 01011 prefix_len=8: T=4096 Q=256 |Z|=1639 ones(l)=2096 l eventual_period=None l|Z eventual_period=None longest shift-agreement run=21 at shift 215 start 1659 (random null log2(T*Q)=20.0) edge violations=0 periodic columns among -1..-8=[] [0.0s]
MAIN word 01111 prefix_len=0: T=4096 Q=256 |Z|=819 ones(l)=2000 l eventual_period=None l|Z eventual_period=None longest shift-agreement run=18 at shift 47 start 3946 (random null log2(T*Q)=20.0) edge violations=0 periodic columns among -1..-8=[] [0.0s]
MAIN word 01111 prefix_len=8: T=4096 Q=256 |Z|=821 ones(l)=2063 l eventual_period=None l|Z eventual_period=None longest shift-agreement run=19 at shift 89 start 3099 (random null log2(T*Q)=20.0) edge violations=0 periodic columns among -1..-8=[] [0.0s]
MAIN word 000001 prefix_len=0: T=4096 Q=256 |Z|=3414 ones(l)=2005 l eventual_period=None l|Z eventual_period=None longest shift-agreement run=18 at shift 142 start 1585 (random null log2(T*Q)=20.0) edge violations=0 periodic columns among -1..-8=[] [0.0s]
MAIN word 000001 prefix_len=8: T=4096 Q=256 |Z|=3411 ones(l)=2084 l eventual_period=None l|Z eventual_period=None longest shift-agreement run=17 at shift 4 start 947 (random null log2(T*Q)=20.0) edge violations=0 periodic columns among -1..-8=[] [0.0s]
MAIN word 000011 prefix_len=0: T=4096 Q=256 |Z|=2731 ones(l)=2040 l eventual_period=None l|Z eventual_period=None longest shift-agreement run=19 at shift 99 start 2257 (random null log2(T*Q)=20.0) edge violations=0 periodic columns among -1..-8=[] [0.0s]
MAIN word 000011 prefix_len=8: T=4096 Q=256 |Z|=2730 ones(l)=2088 l eventual_period=None l|Z eventual_period=None longest shift-agreement run=19 at shift 7 start 1802 (random null log2(T*Q)=20.0) edge violations=0 periodic columns among -1..-8=[] [0.0s]
MAIN word 000101 prefix_len=0: T=4096 Q=256 |Z|=2731 ones(l)=2052 l eventual_period=None l|Z eventual_period=None longest shift-agreement run=20 at shift 136 start 1829 (random null log2(T*Q)=20.0) edge violations=0 periodic columns among -1..-8=[] [0.0s]
MAIN word 000101 prefix_len=8: T=4096 Q=256 |Z|=2730 ones(l)=2035 l eventual_period=None l|Z eventual_period=None longest shift-agreement run=20 at shift 58 start 2386 (random null log2(T*Q)=20.0) edge violations=0 periodic columns among -1..-8=[] [0.0s]
MAIN word 000111 prefix_len=0: T=4096 Q=256 |Z|=2048 ones(l)=2045 l eventual_period=None l|Z eventual_period=None longest shift-agreement run=20 at shift 105 start 1435 (random null log2(T*Q)=20.0) edge violations=0 periodic columns among -1..-8=[] [0.0s]
MAIN word 000111 prefix_len=8: T=4096 Q=256 |Z|=2049 ones(l)=2065 l eventual_period=None l|Z eventual_period=None longest shift-agreement run=20 at shift 164 start 3278 (random null log2(T*Q)=20.0) edge violations=0 periodic columns among -1..-8=[] [0.0s]
MAIN word 001011 prefix_len=0: T=4096 Q=256 |Z|=2048 ones(l)=2034 l eventual_period=None l|Z eventual_period=None longest shift-agreement run=19 at shift 225 start 1820 (random null log2(T*Q)=20.0) edge violations=0 periodic columns among -1..-8=[] [0.0s]
MAIN word 001011 prefix_len=8: T=4096 Q=256 |Z|=2048 ones(l)=2083 l eventual_period=None l|Z eventual_period=None longest shift-agreement run=18 at shift 17 start 1566 (random null log2(T*Q)=20.0) edge violations=0 periodic columns among -1..-8=[] [0.0s]
MAIN word 001101 prefix_len=0: T=4096 Q=256 |Z|=2048 ones(l)=2068 l eventual_period=None l|Z eventual_period=None longest shift-agreement run=22 at shift 218 start 2120 (random null log2(T*Q)=20.0) edge violations=0 periodic columns among -1..-8=[] [0.0s]
MAIN word 001101 prefix_len=8: T=4096 Q=256 |Z|=2048 ones(l)=2005 l eventual_period=None l|Z eventual_period=None longest shift-agreement run=18 at shift 249 start 2966 (random null log2(T*Q)=20.0) edge violations=0 periodic columns among -1..-8=[] [0.0s]
MAIN word 001111 prefix_len=0: T=4096 Q=256 |Z|=1365 ones(l)=2038 l eventual_period=None l|Z eventual_period=None longest shift-agreement run=18 at shift 27 start 3891 (random null log2(T*Q)=20.0) edge violations=0 periodic columns among -1..-8=[] [0.0s]
MAIN word 001111 prefix_len=8: T=4096 Q=256 |Z|=1367 ones(l)=2059 l eventual_period=None l|Z eventual_period=None longest shift-agreement run=19 at shift 29 start 1034 (random null log2(T*Q)=20.0) edge violations=0 periodic columns among -1..-8=[] [0.0s]
MAIN word 010111 prefix_len=0: T=4096 Q=256 |Z|=1365 ones(l)=2001 l eventual_period=None l|Z eventual_period=None longest shift-agreement run=19 at shift 144 start 3584 (random null log2(T*Q)=20.0) edge violations=0 periodic columns among -1..-8=[] [0.0s]
MAIN word 010111 prefix_len=8: T=4096 Q=256 |Z|=1367 ones(l)=2085 l eventual_period=None l|Z eventual_period=None longest shift-agreement run=17 at shift 107 start 3380 (random null log2(T*Q)=20.0) edge violations=0 periodic columns among -1..-8=[] [0.0s]
MAIN word 011111 prefix_len=0: T=4096 Q=256 |Z|=682 ones(l)=2042 l eventual_period=None l|Z eventual_period=None longest shift-agreement run=25 at shift 223 start 1789 (random null log2(T*Q)=20.0) edge violations=0 periodic columns among -1..-8=[] [0.0s]
MAIN word 011111 prefix_len=8: T=4096 Q=256 |Z|=685 ones(l)=1981 l eventual_period=None l|Z eventual_period=None longest shift-agreement run=17 at shift 60 start 746 (random null log2(T*Q)=20.0) edge violations=0 periodic columns among -1..-8=[] [0.0s]
SUMMARY MAIN rule30 T=4096 Q=256: LHP l eventually periodic in 0/44 drives; l|Z eventually periodic in 0/44; moving-edge violations 0; periodic single columns among -1..-8: 0; longest shift-agreement run over drives min/median/max = 17/19/27 (random null log2(T*Q) = 20.0) [3s elapsed]
P78 word 0000001 prefix_len=0: T=32768 Q=512 |Z|=28087 ones(l)=16469 l eventual_period=None l|Z eventual_period=None longest shift-agreement run=23 at shift 255 start 27859 (random null log2(T*Q)=24.0) edge violations=0 periodic columns among -1..-8=[] [0.4s]
P78 word 0000011 prefix_len=0: T=32768 Q=512 |Z|=23406 ones(l)=16432 l eventual_period=None l|Z eventual_period=None longest shift-agreement run=26 at shift 77 start 27419 (random null log2(T*Q)=24.0) edge violations=0 periodic columns among -1..-8=[] [0.3s]
P78 word 0000101 prefix_len=0: T=32768 Q=512 |Z|=23406 ones(l)=16199 l eventual_period=None l|Z eventual_period=None longest shift-agreement run=23 at shift 383 start 13703 (random null log2(T*Q)=24.0) edge violations=0 periodic columns among -1..-8=[] [0.4s]
P78 word 0000111 prefix_len=0: T=32768 Q=512 |Z|=18725 ones(l)=16457 l eventual_period=None l|Z eventual_period=None longest shift-agreement run=24 at shift 39 start 7873 (random null log2(T*Q)=24.0) edge violations=0 periodic columns among -1..-8=[] [0.3s]
P78 word 0001001 prefix_len=0: T=32768 Q=512 |Z|=23406 ones(l)=16479 l eventual_period=None l|Z eventual_period=None longest shift-agreement run=23 at shift 444 start 5350 (random null log2(T*Q)=24.0) edge violations=0 periodic columns among -1..-8=[] [0.4s]
P78 word 0001011 prefix_len=0: T=32768 Q=512 |Z|=18725 ones(l)=16546 l eventual_period=None l|Z eventual_period=None longest shift-agreement run=23 at shift 469 start 29904 (random null log2(T*Q)=24.0) edge violations=0 periodic columns among -1..-8=[] [0.3s]
P78 word 0001101 prefix_len=0: T=32768 Q=512 |Z|=18725 ones(l)=16478 l eventual_period=None l|Z eventual_period=None longest shift-agreement run=27 at shift 250 start 29424 (random null log2(T*Q)=24.0) edge violations=0 periodic columns among -1..-8=[] [0.3s]
P78 word 0001111 prefix_len=0: T=32768 Q=512 |Z|=14044 ones(l)=16336 l eventual_period=None l|Z eventual_period=None longest shift-agreement run=25 at shift 254 start 14546 (random null log2(T*Q)=24.0) edge violations=0 periodic columns among -1..-8=[] [0.3s]
P78 word 0010011 prefix_len=0: T=32768 Q=512 |Z|=18725 ones(l)=16484 l eventual_period=None l|Z eventual_period=None longest shift-agreement run=23 at shift 498 start 14760 (random null log2(T*Q)=24.0) edge violations=0 periodic columns among -1..-8=[] [0.4s]
P78 word 0010101 prefix_len=0: T=32768 Q=512 |Z|=18725 ones(l)=16350 l eventual_period=None l|Z eventual_period=None longest shift-agreement run=24 at shift 117 start 22251 (random null log2(T*Q)=24.0) edge violations=0 periodic columns among -1..-8=[] [0.3s]
P78 word 0010111 prefix_len=0: T=32768 Q=512 |Z|=14044 ones(l)=16330 l eventual_period=None l|Z eventual_period=None longest shift-agreement run=21 at shift 69 start 8819 (random null log2(T*Q)=24.0) edge violations=0 periodic columns among -1..-8=[] [0.3s]
P78 word 0011011 prefix_len=0: T=32768 Q=512 |Z|=14044 ones(l)=16461 l eventual_period=None l|Z eventual_period=None longest shift-agreement run=21 at shift 169 start 3933 (random null log2(T*Q)=24.0) edge violations=0 periodic columns among -1..-8=[] [0.4s]
P78 word 0011101 prefix_len=0: T=32768 Q=512 |Z|=14044 ones(l)=16330 l eventual_period=None l|Z eventual_period=None longest shift-agreement run=24 at shift 409 start 21026 (random null log2(T*Q)=24.0) edge violations=0 periodic columns among -1..-8=[] [0.3s]
P78 word 0011111 prefix_len=0: T=32768 Q=512 |Z|=9363 ones(l)=16332 l eventual_period=None l|Z eventual_period=None longest shift-agreement run=24 at shift 19 start 27078 (random null log2(T*Q)=24.0) edge violations=0 periodic columns among -1..-8=[] [0.4s]
P78 word 0101011 prefix_len=0: T=32768 Q=512 |Z|=14043 ones(l)=16394 l eventual_period=None l|Z eventual_period=None longest shift-agreement run=22 at shift 297 start 2098 (random null log2(T*Q)=24.0) edge violations=0 periodic columns among -1..-8=[] [0.4s]
P78 word 0101111 prefix_len=0: T=32768 Q=512 |Z|=9362 ones(l)=16431 l eventual_period=None l|Z eventual_period=None longest shift-agreement run=31 at shift 432 start 7655 (random null log2(T*Q)=24.0) edge violations=0 periodic columns among -1..-8=[] [0.4s]
P78 word 0110111 prefix_len=0: T=32768 Q=512 |Z|=9362 ones(l)=16390 l eventual_period=None l|Z eventual_period=None longest shift-agreement run=22 at shift 97 start 12112 (random null log2(T*Q)=24.0) edge violations=0 periodic columns among -1..-8=[] [0.4s]
P78 word 0111111 prefix_len=0: T=32768 Q=512 |Z|=4681 ones(l)=16365 l eventual_period=None l|Z eventual_period=None longest shift-agreement run=22 at shift 283 start 9267 (random null log2(T*Q)=24.0) edge violations=0 periodic columns among -1..-8=[] [0.4s]
P78 word 00000001 prefix_len=0: T=32768 Q=512 |Z|=28672 ones(l)=16549 l eventual_period=None l|Z eventual_period=None longest shift-agreement run=22 at shift 269 start 22184 (random null log2(T*Q)=24.0) edge violations=0 periodic columns among -1..-8=[] [0.4s]
P78 word 00000011 prefix_len=0: T=32768 Q=512 |Z|=24576 ones(l)=16545 l eventual_period=None l|Z eventual_period=None longest shift-agreement run=25 at shift 422 start 13237 (random null log2(T*Q)=24.0) edge violations=0 periodic columns among -1..-8=[] [0.4s]
P78 word 00000101 prefix_len=0: T=32768 Q=512 |Z|=24576 ones(l)=16318 l eventual_period=None l|Z eventual_period=None longest shift-agreement run=28 at shift 36 start 17114 (random null log2(T*Q)=24.0) edge violations=0 periodic columns among -1..-8=[] [0.4s]
P78 word 00000111 prefix_len=0: T=32768 Q=512 |Z|=20480 ones(l)=16189 l eventual_period=None l|Z eventual_period=None longest shift-agreement run=29 at shift 339 start 2120 (random null log2(T*Q)=24.0) edge violations=0 periodic columns among -1..-8=[] [0.4s]
P78 word 00001001 prefix_len=0: T=32768 Q=512 |Z|=24576 ones(l)=16411 l eventual_period=None l|Z eventual_period=None longest shift-agreement run=25 at shift 60 start 17781 (random null log2(T*Q)=24.0) edge violations=0 periodic columns among -1..-8=[] [0.4s]
P78 word 00001011 prefix_len=0: T=32768 Q=512 |Z|=20480 ones(l)=16367 l eventual_period=None l|Z eventual_period=None longest shift-agreement run=28 at shift 184 start 24170 (random null log2(T*Q)=24.0) edge violations=0 periodic columns among -1..-8=[] [0.4s]
P78 word 00001101 prefix_len=0: T=32768 Q=512 |Z|=20480 ones(l)=16319 l eventual_period=None l|Z eventual_period=None longest shift-agreement run=24 at shift 146 start 28804 (random null log2(T*Q)=24.0) edge violations=0 periodic columns among -1..-8=[] [0.4s]
P78 word 00001111 prefix_len=0: T=32768 Q=512 |Z|=16384 ones(l)=16404 l eventual_period=None l|Z eventual_period=None longest shift-agreement run=22 at shift 35 start 22630 (random null log2(T*Q)=24.0) edge violations=0 periodic columns among -1..-8=[] [0.3s]
P78 word 00010011 prefix_len=0: T=32768 Q=512 |Z|=20480 ones(l)=16399 l eventual_period=None l|Z eventual_period=None longest shift-agreement run=21 at shift 141 start 7963 (random null log2(T*Q)=24.0) edge violations=0 periodic columns among -1..-8=[] [0.4s]
P78 word 00010101 prefix_len=0: T=32768 Q=512 |Z|=20480 ones(l)=16424 l eventual_period=None l|Z eventual_period=None longest shift-agreement run=26 at shift 246 start 23484 (random null log2(T*Q)=24.0) edge violations=0 periodic columns among -1..-8=[] [0.4s]
P78 word 00010111 prefix_len=0: T=32768 Q=512 |Z|=16384 ones(l)=16345 l eventual_period=None l|Z eventual_period=None longest shift-agreement run=23 at shift 401 start 6332 (random null log2(T*Q)=24.0) edge violations=0 periodic columns among -1..-8=[] [0.4s]
P78 word 00011001 prefix_len=0: T=32768 Q=512 |Z|=20480 ones(l)=16348 l eventual_period=None l|Z eventual_period=None longest shift-agreement run=22 at shift 423 start 8641 (random null log2(T*Q)=24.0) edge violations=0 periodic columns among -1..-8=[] [0.4s]
P78 word 00011011 prefix_len=0: T=32768 Q=512 |Z|=16384 ones(l)=16475 l eventual_period=None l|Z eventual_period=None longest shift-agreement run=25 at shift 162 start 18916 (random null log2(T*Q)=24.0) edge violations=0 periodic columns among -1..-8=[] [0.4s]
P78 word 00011101 prefix_len=0: T=32768 Q=512 |Z|=16384 ones(l)=16227 l eventual_period=None l|Z eventual_period=None longest shift-agreement run=23 at shift 184 start 9871 (random null log2(T*Q)=24.0) edge violations=0 periodic columns among -1..-8=[] [0.4s]
P78 word 00011111 prefix_len=0: T=32768 Q=512 |Z|=12288 ones(l)=16290 l eventual_period=None l|Z eventual_period=None longest shift-agreement run=22 at shift 268 start 21844 (random null log2(T*Q)=24.0) edge violations=0 periodic columns among -1..-8=[] [0.4s]
P78 word 00100101 prefix_len=0: T=32768 Q=512 |Z|=20480 ones(l)=16461 l eventual_period=None l|Z eventual_period=None longest shift-agreement run=24 at shift 45 start 14619 (random null log2(T*Q)=24.0) edge violations=0 periodic columns among -1..-8=[] [0.4s]
P78 word 00100111 prefix_len=0: T=32768 Q=512 |Z|=16384 ones(l)=16428 l eventual_period=None l|Z eventual_period=None longest shift-agreement run=24 at shift 215 start 16921 (random null log2(T*Q)=24.0) edge violations=0 periodic columns among -1..-8=[] [0.4s]
P78 word 00101011 prefix_len=0: T=32768 Q=512 |Z|=16384 ones(l)=16401 l eventual_period=None l|Z eventual_period=None longest shift-agreement run=26 at shift 77 start 29066 (random null log2(T*Q)=24.0) edge violations=0 periodic columns among -1..-8=[] [0.4s]
P78 word 00101101 prefix_len=0: T=32768 Q=512 |Z|=16384 ones(l)=16394 l eventual_period=None l|Z eventual_period=None longest shift-agreement run=22 at shift 253 start 5131 (random null log2(T*Q)=24.0) edge violations=0 periodic columns among -1..-8=[] [0.4s]
P78 word 00101111 prefix_len=0: T=32768 Q=512 |Z|=12288 ones(l)=16390 l eventual_period=None l|Z eventual_period=None longest shift-agreement run=22 at shift 147 start 21940 (random null log2(T*Q)=24.0) edge violations=0 periodic columns among -1..-8=[] [0.4s]
P78 word 00110101 prefix_len=0: T=32768 Q=512 |Z|=16384 ones(l)=16502 l eventual_period=None l|Z eventual_period=None longest shift-agreement run=24 at shift 177 start 14274 (random null log2(T*Q)=24.0) edge violations=0 periodic columns among -1..-8=[] [0.4s]
P78 word 00110111 prefix_len=0: T=32768 Q=512 |Z|=12288 ones(l)=16463 l eventual_period=None l|Z eventual_period=None longest shift-agreement run=24 at shift 114 start 1041 (random null log2(T*Q)=24.0) edge violations=0 periodic columns among -1..-8=[] [0.4s]
P78 word 00111011 prefix_len=0: T=32768 Q=512 |Z|=12288 ones(l)=16211 l eventual_period=None l|Z eventual_period=None longest shift-agreement run=25 at shift 39 start 21417 (random null log2(T*Q)=24.0) edge violations=0 periodic columns among -1..-8=[] [0.4s]
P78 word 00111101 prefix_len=0: T=32768 Q=512 |Z|=12288 ones(l)=16390 l eventual_period=None l|Z eventual_period=None longest shift-agreement run=22 at shift 26 start 12852 (random null log2(T*Q)=24.0) edge violations=0 periodic columns among -1..-8=[] [0.3s]
P78 word 00111111 prefix_len=0: T=32768 Q=512 |Z|=8192 ones(l)=16330 l eventual_period=None l|Z eventual_period=None longest shift-agreement run=25 at shift 497 start 13138 (random null log2(T*Q)=24.0) edge violations=0 periodic columns among -1..-8=[] [0.4s]
P78 word 01010111 prefix_len=0: T=32768 Q=512 |Z|=12288 ones(l)=16373 l eventual_period=None l|Z eventual_period=None longest shift-agreement run=22 at shift 279 start 2402 (random null log2(T*Q)=24.0) edge violations=0 periodic columns among -1..-8=[] [0.4s]
P78 word 01011011 prefix_len=0: T=32768 Q=512 |Z|=12288 ones(l)=16364 l eventual_period=None l|Z eventual_period=None longest shift-agreement run=24 at shift 117 start 248 (random null log2(T*Q)=24.0) edge violations=0 periodic columns among -1..-8=[] [0.4s]
P78 word 01011111 prefix_len=0: T=32768 Q=512 |Z|=8192 ones(l)=16340 l eventual_period=None l|Z eventual_period=None longest shift-agreement run=24 at shift 94 start 8569 (random null log2(T*Q)=24.0) edge violations=0 periodic columns among -1..-8=[] [0.3s]
P78 word 01101111 prefix_len=0: T=32768 Q=512 |Z|=8192 ones(l)=16316 l eventual_period=None l|Z eventual_period=None longest shift-agreement run=24 at shift 451 start 4850 (random null log2(T*Q)=24.0) edge violations=0 periodic columns among -1..-8=[] [0.4s]
P78 word 01111111 prefix_len=0: T=32768 Q=512 |Z|=4096 ones(l)=16184 l eventual_period=None l|Z eventual_period=None longest shift-agreement run=22 at shift 105 start 1448 (random null log2(T*Q)=24.0) edge violations=0 periodic columns among -1..-8=[] [0.4s]
SUMMARY P78 rule30 T=32768 Q=512: LHP l eventually periodic in 0/48 drives (primitive words of period 7 and 8); moving-edge violations 0; periodic single columns 0; run min/median/max = 21/24/31 (null 24.0) [20s]
RANDY word 0 y=0x1c: T=32768 Q=512 |Z|=32769 ones(l)=16358 l eventual_period=None l|Z eventual_period=None longest shift-agreement run=23 at shift 421 start 5944 (random null log2(T*Q)=24.0) edge violations=0 periodic columns among -1..-8=[] [0.4s]
RANDY word 0 y=0x3bfbd6: T=32768 Q=512 |Z|=32769 ones(l)=16514 l eventual_period=None l|Z eventual_period=None longest shift-agreement run=24 at shift 42 start 28041 (random null log2(T*Q)=24.0) edge violations=0 periodic columns among -1..-8=[] [0.5s]
RANDY word 0 y=0xb888: T=32768 Q=512 |Z|=32769 ones(l)=16303 l eventual_period=None l|Z eventual_period=None longest shift-agreement run=22 at shift 405 start 22762 (random null log2(T*Q)=24.0) edge violations=0 periodic columns among -1..-8=[] [0.4s]
RANDY word 0 y=0xae0: T=32768 Q=512 |Z|=32769 ones(l)=16352 l eventual_period=None l|Z eventual_period=None longest shift-agreement run=23 at shift 333 start 13529 (random null log2(T*Q)=24.0) edge violations=0 periodic columns among -1..-8=[] [0.5s]
RANDY word 1 y=0x33e196: T=32768 Q=512 |Z|=0 ones(l)=16480 l eventual_period=None l|Z eventual_period=n/a longest shift-agreement run=23 at shift 212 start 19991 (random null log2(T*Q)=24.0) edge violations=0 periodic columns among -1..-8=[] [0.4s]
RANDY word 1 y=0x7cb8: T=32768 Q=512 |Z|=0 ones(l)=16330 l eventual_period=None l|Z eventual_period=n/a longest shift-agreement run=21 at shift 34 start 22735 (random null log2(T*Q)=24.0) edge violations=0 periodic columns among -1..-8=[] [0.4s]
RANDY word 1 y=0xbbac: T=32768 Q=512 |Z|=0 ones(l)=16431 l eventual_period=None l|Z eventual_period=n/a longest shift-agreement run=23 at shift 49 start 14961 (random null log2(T*Q)=24.0) edge violations=0 periodic columns among -1..-8=[] [0.4s]
RANDY word 1 y=0x3a: T=32768 Q=512 |Z|=0 ones(l)=16335 l eventual_period=None l|Z eventual_period=n/a longest shift-agreement run=26 at shift 21 start 17088 (random null log2(T*Q)=24.0) edge violations=0 periodic columns among -1..-8=[] [0.4s]
RANDY word 01 y=0x7d6d0c: T=32768 Q=512 |Z|=16385 ones(l)=16511 l eventual_period=None l|Z eventual_period=None longest shift-agreement run=23 at shift 289 start 19143 (random null log2(T*Q)=24.0) edge violations=0 periodic columns among -1..-8=[] [0.4s]
RANDY word 01 y=0x6fb4: T=32768 Q=512 |Z|=16385 ones(l)=16413 l eventual_period=None l|Z eventual_period=None longest shift-agreement run=22 at shift 200 start 11313 (random null log2(T*Q)=24.0) edge violations=0 periodic columns among -1..-8=[] [0.4s]
RANDY word 01 y=0x2f0: T=32768 Q=512 |Z|=16385 ones(l)=16389 l eventual_period=None l|Z eventual_period=None longest shift-agreement run=25 at shift 5 start 3502 (random null log2(T*Q)=24.0) edge violations=0 periodic columns among -1..-8=[] [0.4s]
RANDY word 01 y=0x35c92: T=32768 Q=512 |Z|=16385 ones(l)=16538 l eventual_period=None l|Z eventual_period=None longest shift-agreement run=23 at shift 176 start 7883 (random null log2(T*Q)=24.0) edge violations=0 periodic columns among -1..-8=[] [0.4s]
RANDY word 001 y=0x2: T=32768 Q=512 |Z|=21846 ones(l)=16528 l eventual_period=None l|Z eventual_period=None longest shift-agreement run=26 at shift 192 start 3462 (random null log2(T*Q)=24.0) edge violations=0 periodic columns among -1..-8=[] [0.6s]
RANDY word 001 y=0x7cc: T=32768 Q=512 |Z|=21846 ones(l)=16187 l eventual_period=None l|Z eventual_period=None longest shift-agreement run=23 at shift 168 start 18819 (random null log2(T*Q)=24.0) edge violations=0 periodic columns among -1..-8=[] [0.7s]
RANDY word 001 y=0x2ad6: T=32768 Q=512 |Z|=21846 ones(l)=16225 l eventual_period=None l|Z eventual_period=None longest shift-agreement run=23 at shift 320 start 8662 (random null log2(T*Q)=24.0) edge violations=0 periodic columns among -1..-8=[] [0.7s]
RANDY word 001 y=0xc: T=32768 Q=512 |Z|=21846 ones(l)=16336 l eventual_period=None l|Z eventual_period=None longest shift-agreement run=23 at shift 326 start 21066 (random null log2(T*Q)=24.0) edge violations=0 periodic columns among -1..-8=[] [0.6s]
RANDY word 011 y=0x4: T=32768 Q=512 |Z|=10923 ones(l)=16444 l eventual_period=None l|Z eventual_period=None longest shift-agreement run=24 at shift 303 start 6113 (random null log2(T*Q)=24.0) edge violations=0 periodic columns among -1..-8=[] [0.6s]
RANDY word 011 y=0xe8de: T=32768 Q=512 |Z|=10923 ones(l)=16328 l eventual_period=None l|Z eventual_period=None longest shift-agreement run=22 at shift 253 start 11175 (random null log2(T*Q)=24.0) edge violations=0 periodic columns among -1..-8=[] [0.6s]
RANDY word 011 y=0x30e: T=32768 Q=512 |Z|=10923 ones(l)=16406 l eventual_period=None l|Z eventual_period=None longest shift-agreement run=21 at shift 93 start 27543 (random null log2(T*Q)=24.0) edge violations=0 periodic columns among -1..-8=[] [0.6s]
RANDY word 011 y=0xfa5de: T=32768 Q=512 |Z|=10923 ones(l)=16380 l eventual_period=None l|Z eventual_period=None longest shift-agreement run=22 at shift 339 start 31972 (random null log2(T*Q)=24.0) edge violations=0 periodic columns among -1..-8=[] [0.6s]
RANDY word 0001 y=0x7a8: T=32768 Q=512 |Z|=24577 ones(l)=16340 l eventual_period=None l|Z eventual_period=None longest shift-agreement run=22 at shift 63 start 4954 (random null log2(T*Q)=24.0) edge violations=0 periodic columns among -1..-8=[] [0.4s]
RANDY word 0001 y=0xd2: T=32768 Q=512 |Z|=24577 ones(l)=16399 l eventual_period=None l|Z eventual_period=None longest shift-agreement run=22 at shift 131 start 26377 (random null log2(T*Q)=24.0) edge violations=0 periodic columns among -1..-8=[] [0.4s]
RANDY word 0001 y=0x4: T=32768 Q=512 |Z|=24577 ones(l)=16395 l eventual_period=None l|Z eventual_period=None longest shift-agreement run=24 at shift 348 start 5637 (random null log2(T*Q)=24.0) edge violations=0 periodic columns among -1..-8=[] [0.4s]
RANDY word 0001 y=0x93a: T=32768 Q=512 |Z|=24577 ones(l)=16548 l eventual_period=None l|Z eventual_period=None longest shift-agreement run=21 at shift 248 start 28377 (random null log2(T*Q)=24.0) edge violations=0 periodic columns among -1..-8=[] [0.3s]
RANDY word 0011 y=0x33a4: T=32768 Q=512 |Z|=16385 ones(l)=16380 l eventual_period=None l|Z eventual_period=None longest shift-agreement run=24 at shift 437 start 13499 (random null log2(T*Q)=24.0) edge violations=0 periodic columns among -1..-8=[] [0.4s]
RANDY word 0011 y=0xf3168: T=32768 Q=512 |Z|=16385 ones(l)=16296 l eventual_period=None l|Z eventual_period=None longest shift-agreement run=22 at shift 60 start 8188 (random null log2(T*Q)=24.0) edge violations=0 periodic columns among -1..-8=[] [0.4s]
RANDY word 0011 y=0xd9ce: T=32768 Q=512 |Z|=16385 ones(l)=16300 l eventual_period=None l|Z eventual_period=None longest shift-agreement run=23 at shift 267 start 5615 (random null log2(T*Q)=24.0) edge violations=0 periodic columns among -1..-8=[] [0.7s]
RANDY word 0011 y=0x2866: T=32768 Q=512 |Z|=16385 ones(l)=16342 l eventual_period=None l|Z eventual_period=None longest shift-agreement run=26 at shift 261 start 27989 (random null log2(T*Q)=24.0) edge violations=0 periodic columns among -1..-8=[] [0.4s]
RANDY word 0111 y=0xe0: T=32768 Q=512 |Z|=8193 ones(l)=16308 l eventual_period=None l|Z eventual_period=None longest shift-agreement run=22 at shift 56 start 12515 (random null log2(T*Q)=24.0) edge violations=0 periodic columns among -1..-8=[] [0.4s]
RANDY word 0111 y=0x28af0: T=32768 Q=512 |Z|=8193 ones(l)=16417 l eventual_period=None l|Z eventual_period=None longest shift-agreement run=21 at shift 87 start 12067 (random null log2(T*Q)=24.0) edge violations=0 periodic columns among -1..-8=[] [0.4s]
RANDY word 0111 y=0x4bf2: T=32768 Q=512 |Z|=8193 ones(l)=16521 l eventual_period=None l|Z eventual_period=None longest shift-agreement run=23 at shift 479 start 31398 (random null log2(T*Q)=24.0) edge violations=0 periodic columns among -1..-8=[] [0.4s]
RANDY word 0111 y=0x1b3e: T=32768 Q=512 |Z|=8193 ones(l)=16340 l eventual_period=None l|Z eventual_period=None longest shift-agreement run=24 at shift 181 start 7697 (random null log2(T*Q)=24.0) edge violations=0 periodic columns among -1..-8=[] [0.4s]
SUMMARY RANDY rule30 T=32768 Q=512: LHP l eventually periodic in 0/32 drives (random y, words of period 1..4); moving-edge violations 0; periodic single columns 0; run min/median/max = 21/23/26 (null 24.0) [35s]
RULE90 c=1 0^inf: l ones at t = [1, 3, 7, 15, 31, 63, 127, 255, 511, 1023, 2047, 4095, 8191, 16383] expected 2^j-1: [1, 3, 7, 15, 31, 63, 127, 255, 511, 1023, 2047, 4095, 8191, 16383] match=True eventual_period=None edge violations=0
RULE90 c=1(01)^inf: T=32768 Q=512 |Z|=16384 ones(l)=5477 l eventual_period=None l|Z eventual_period=None longest shift-agreement run=16382 at shift 1 start 16384 (random null log2(T*Q)=24.0) edge violations=0 periodic columns among -1..-8=[] [0.3s]
RULE90 c=(011)^inf: T=32768 Q=512 |Z|=10922 ones(l)=18935 l eventual_period=None l|Z eventual_period=(1, 5461) longest shift-agreement run=16380 at shift 3 start 16384 (random null log2(T*Q)=24.0) edge violations=0 periodic columns among -1..-8=[] [0.3s]
DEEP word 0 prefix_len=0: T=8192 Q=256 |Z|=8192 ones(l)=4030 l eventual_period=None l|Z eventual_period=None longest shift-agreement run=19 at shift 131 start 3852 (random null log2(T*Q)=21.0) edge violations=0 periodic columns among -1..-1=[] [0.0s]
DEEP word 01 prefix_len=0: T=8192 Q=256 |Z|=4096 ones(l)=4126 l eventual_period=None l|Z eventual_period=None longest shift-agreement run=20 at shift 74 start 5220 (random null log2(T*Q)=21.0) edge violations=0 periodic columns among -1..-1=[] [0.0s]
DEEP word 001 prefix_len=0: T=8192 Q=256 |Z|=5461 ones(l)=4081 l eventual_period=None l|Z eventual_period=None longest shift-agreement run=20 at shift 64 start 4428 (random null log2(T*Q)=21.0) edge violations=0 periodic columns among -1..-1=[] [0.0s]
DEEP word 011 prefix_len=0: T=8192 Q=256 |Z|=2730 ones(l)=4094 l eventual_period=None l|Z eventual_period=None longest shift-agreement run=21 at shift 176 start 2600 (random null log2(T*Q)=21.0) edge violations=0 periodic columns among -1..-1=[] [0.0s]
SUMMARY DEEP rule30 T=8192 Q=256: LHP l eventually periodic in 0/4 drives; moving-edge violations 0; run min/max = 19/21 (null 21.0) [36s]
FINAL: l eventually periodic in 0/172 driven left half-planes; moving-edge violations 0; verdict HOLDS [36s total]
