n=2  [0.0s]
  (B1) b_j = #{h_j=0} - 2^(n-1):  [0, 1, -2, 2]
       |b_j| / 2^floor(n/2):        [0.0, 0.5, 1.0, 1.0]
  (B3) d_j = #{h_j=h_j+1} - 2^(n-1): [-1, -1, -2]
  (B2) A_k(0) = [4, 2, 1, 0, 0]
       A_k(0)/2^(n-k) = [1.0, 1.0, 1.0, 0.0, 0.0]
       A_k(1) = [4, 2, 0, 0, 0]
       A_k(1)/2^(n-k) = [1.0, 1.0, 0.0, 0.0, 0.0]
n=3  [0.0s]
  (B1) b_j = #{h_j=0} - 2^(n-1):  [-2, 0, 0, -1, -1]
       |b_j| / 2^floor(n/2):        [1.0, 0.0, 0.0, 0.5, 0.5]
  (B3) d_j = #{h_j=h_j+1} - 2^(n-1): [-2, 4, 3, -2]
  (B2) A_k(0) = [8, 2, 0, 0, 0, 0]
       A_k(0)/2^(n-k) = [1.0, 0.5, 0.0, 0.0, 0.0, 0.0]
       A_k(1) = [8, 6, 2, 2, 2, 0]
       A_k(1)/2^(n-k) = [1.0, 1.5, 1.0, 2.0, 4.0, 0.0]
n=4  [0.0s]
  (B1) b_j = #{h_j=0} - 2^(n-1):  [4, 3, -5, -3, 1, 2]
       |b_j| / 2^floor(n/2):        [1.0, 0.75, 1.25, 0.75, 0.25, 0.5]
  (B3) d_j = #{h_j=h_j+1} - 2^(n-1): [7, -6, 2, 0, 1]
  (B2) A_k(0) = [16, 12, 11, 0, 0, 0, 0]
       A_k(0)/2^(n-k) = [1.0, 1.5, 2.75, 0.0, 0.0, 0.0, 0.0]
       A_k(1) = [16, 4, 4, 1, 0, 0, 0]
       A_k(1)/2^(n-k) = [1.0, 0.5, 1.0, 0.5, 0.0, 0.0, 0.0]
n=5  [0.0s]
  (B1) b_j = #{h_j=0} - 2^(n-1):  [-2, -10, 0, 1, 0, 3, 2]
       |b_j| / 2^floor(n/2):        [0.5, 2.5, 0.0, 0.25, 0.0, 0.75, 0.5]
  (B3) d_j = #{h_j=h_j+1} - 2^(n-1): [-2, 0, -1, 3, 1, -5]
  (B2) A_k(0) = [32, 14, 1, 0, 0, 0, 0, 0]
       A_k(0)/2^(n-k) = [1.0, 0.875, 0.125, 0.0, 0.0, 0.0, 0.0, 0.0]
       A_k(1) = [32, 18, 13, 7, 4, 4, 2, 2]
       A_k(1)/2^(n-k) = [1.0, 1.125, 1.625, 1.75, 2.0, 4.0, 4.0, 8.0]
n=6  [0.0s]
  (B1) b_j = #{h_j=0} - 2^(n-1):  [0, -2, 1, 13, 9, -2, -1, 3]
       |b_j| / 2^floor(n/2):        [0.0, 0.25, 0.125, 1.625, 1.125, 0.25, 0.125, 0.375]
  (B3) d_j = #{h_j=h_j+1} - 2^(n-1): [0, -1, -2, 2, -7, -7, 6]
  (B2) A_k(0) = [64, 32, 15, 9, 8, 3, 3, 3, 3]
       A_k(0)/2^(n-k) = [1.0, 1.0, 0.938, 1.125, 2.0, 1.5, 3.0, 6.0, 12.0]
       A_k(1) = [64, 32, 17, 10, 2, 1, 1, 0, 0]
       A_k(1)/2^(n-k) = [1.0, 1.0, 1.062, 1.25, 0.5, 0.5, 1.0, 0.0, 0.0]
n=7  [0.0s]
  (B1) b_j = #{h_j=0} - 2^(n-1):  [-10, 10, -4, -5, -2, -10, -2, -28, -5]
       |b_j| / 2^floor(n/2):        [1.25, 1.25, 0.5, 0.625, 0.25, 1.25, 0.25, 3.5, 0.625]
  (B3) d_j = #{h_j=h_j+1} - 2^(n-1): [-12, 16, -3, -19, 6, 8, 2, -3]
  (B2) A_k(0) = [128, 54, 26, 18, 11, 8, 6, 3, 0, 0]
       A_k(0)/2^(n-k) = [1.0, 0.844, 0.812, 1.125, 1.375, 2.0, 3.0, 3.0, 0.0, 0.0]
       A_k(1) = [128, 74, 26, 18, 12, 2, 2, 0, 0, 0]
       A_k(1)/2^(n-k) = [1.0, 1.156, 0.812, 1.125, 1.5, 0.5, 1.0, 0.0, 0.0, 0.0]
n=8  [0.0s]
  (B1) b_j = #{h_j=0} - 2^(n-1):  [-4, 2, -24, 3, 6, -12, -10, 9, 3, 6]
       |b_j| / 2^floor(n/2):        [0.25, 0.125, 1.5, 0.188, 0.375, 0.75, 0.625, 0.562, 0.188, 0.375]
  (B3) d_j = #{h_j=h_j+1} - 2^(n-1): [10, -30, 1, 19, 8, -22, 3, -22, -21]
  (B2) A_k(0) = [256, 124, 68, 24, 19, 14, 10, 0, 0, 0, 0]
       A_k(0)/2^(n-k) = [1.0, 0.969, 1.062, 0.75, 1.188, 1.75, 2.5, 0.0, 0.0, 0.0, 0.0]
       A_k(1) = [256, 132, 70, 25, 13, 12, 5, 5, 0, 0, 0]
       A_k(1)/2^(n-k) = [1.0, 1.031, 1.094, 0.781, 0.812, 1.5, 1.25, 2.5, 0.0, 0.0, 0.0]
n=9  [0.0s]
  (B1) b_j = #{h_j=0} - 2^(n-1):  [-40, -15, -2, -34, -33, -1, -4, -17, -9, -1, -5]
       |b_j| / 2^floor(n/2):        [2.5, 0.938, 0.125, 2.125, 2.062, 0.062, 0.25, 1.062, 0.562, 0.062, 0.312]
  (B3) d_j = #{h_j=h_j+1} - 2^(n-1): [11, 21, -10, -13, 12, -19, -41, -10, 22, 30]
  (B2) A_k(0) = [512, 216, 106, 39, 13, 2, 0, 0, 0, 0, 0, 0]
       A_k(0)/2^(n-k) = [1.0, 0.844, 0.828, 0.609, 0.406, 0.125, 0.0, 0.0, 0.0, 0.0, 0.0, 0.0]
       A_k(1) = [512, 296, 161, 102, 66, 40, 18, 10, 10, 0, 0, 0]
       A_k(1)/2^(n-k) = [1.0, 1.156, 1.258, 1.594, 2.062, 2.5, 2.25, 2.5, 5.0, 0.0, 0.0, 0.0]
n=10  [0.1s]
  (B1) b_j = #{h_j=0} - 2^(n-1):  [-3, -2, -32, 25, 5, -32, -8, 29, -2, 7, -28, -51]
       |b_j| / 2^floor(n/2):        [0.094, 0.062, 1.0, 0.781, 0.156, 1.0, 0.25, 0.906, 0.062, 0.219, 0.875, 1.594]
  (B3) d_j = #{h_j=h_j+1} - 2^(n-1): [-9, -4, 13, -28, -9, -14, 1, 25, 23, 9, 43]
  (B2) A_k(0) = [1024, 509, 249, 113, 61, 38, 21, 6, 6, 6, 0, 0, 0]
       A_k(0)/2^(n-k) = [1.0, 0.994, 0.973, 0.883, 0.953, 1.188, 1.312, 0.75, 1.5, 3.0, 0.0, 0.0, 0.0]
       A_k(1) = [1024, 515, 254, 140, 81, 50, 33, 10, 6, 6, 0, 0, 0]
       A_k(1)/2^(n-k) = [1.0, 1.006, 0.992, 1.094, 1.266, 1.562, 2.062, 1.25, 1.5, 3.0, 0.0, 0.0, 0.0]
n=11  [0.1s]
  (B1) b_j = #{h_j=0} - 2^(n-1):  [-47, 1, -6, -15, -54, 18, -10, 5, 16, -80, -41, 43, 109]
       |b_j| / 2^floor(n/2):        [1.469, 0.031, 0.188, 0.469, 1.688, 0.562, 0.312, 0.156, 0.5, 2.5, 1.281, 1.344, 3.406]
  (B3) d_j = #{h_j=h_j+1} - 2^(n-1): [-4, -23, 7, 7, -50, -22, 63, 3, 74, -51, 52, -12]
  (B2) A_k(0) = [2048, 977, 487, 243, 112, 73, 31, 11, 8, 6, 0, 0, 0, 0]
       A_k(0)/2^(n-k) = [1.0, 0.954, 0.951, 0.949, 0.875, 1.141, 0.969, 0.688, 1.0, 1.5, 0.0, 0.0, 0.0, 0.0]
       A_k(1) = [2048, 1071, 533, 306, 157, 79, 38, 25, 2, 0, 0, 0, 0, 0]
       A_k(1)/2^(n-k) = [1.0, 1.046, 1.041, 1.195, 1.227, 1.234, 1.188, 1.562, 0.25, 0.0, 0.0, 0.0, 0.0, 0.0]
n=12  [0.3s]
  (B1) b_j = #{h_j=0} - 2^(n-1):  [39, 8, -154, 43, -14, 29, 44, -104, -12, 75, 104, -41, -66, -139]
       |b_j| / 2^floor(n/2):        [0.609, 0.125, 2.406, 0.672, 0.219, 0.453, 0.688, 1.625, 0.188, 1.172, 1.625, 0.641, 1.031, 2.172]
  (B3) d_j = #{h_j=h_j+1} - 2^(n-1): [85, -12, -149, -19, 49, 47, 124, -86, 51, -47, -161, 115, 81]
  (B2) A_k(0) = [4096, 2087, 1090, 525, 258, 105, 60, 21, 6, 2, 0, 0, 0, 0, 0]
       A_k(0)/2^(n-k) = [1.0, 1.019, 1.064, 1.025, 1.008, 0.82, 0.938, 0.656, 0.375, 0.25, 0.0, 0.0, 0.0, 0.0, 0.0]
       A_k(1) = [4096, 2009, 1043, 515, 223, 142, 46, 12, 11, 10, 6, 6, 0, 0, 0]
       A_k(1)/2^(n-k) = [1.0, 0.981, 1.019, 1.006, 0.871, 1.109, 0.719, 0.375, 0.688, 1.25, 1.5, 3.0, 0.0, 0.0, 0.0]
n=13  [0.7s]
  (B1) b_j = #{h_j=0} - 2^(n-1):  [-76, -41, -107, -167, 115, -58, 17, 193, 176, -84, -117, -218, 1, -11, -134]
       |b_j| / 2^floor(n/2):        [1.188, 0.641, 1.672, 2.609, 1.797, 0.906, 0.266, 3.016, 2.75, 1.312, 1.828, 3.406, 0.016, 0.172, 2.094]
  (B3) d_j = #{h_j=h_j+1} - 2^(n-1): [-239, -164, 172, -6, 73, -153, 72, 79, -150, 89, 295, 115, 120, 129]
  (B2) A_k(0) = [8192, 4020, 1870, 941, 456, 234, 93, 34, 14, 10, 8, 0, 0, 0, 0, 0]
       A_k(0)/2^(n-k) = [1.0, 0.981, 0.913, 0.919, 0.891, 0.914, 0.727, 0.531, 0.438, 0.625, 1.0, 0.0, 0.0, 0.0, 0.0, 0.0]
       A_k(1) = [8192, 4172, 1987, 963, 475, 207, 104, 60, 16, 4, 1, 0, 0, 0, 0, 0]
       A_k(1)/2^(n-k) = [1.0, 1.019, 0.97, 0.94, 0.928, 0.809, 0.812, 0.938, 0.5, 0.25, 0.125, 0.0, 0.0, 0.0, 0.0, 0.0]
n=14  [1.5s]
  (B1) b_j = #{h_j=0} - 2^(n-1):  [1, 131, 76, -49, -125, 261, 341, 79, -102, -159, 137, 2, -210, 233, -102, -174]
       |b_j| / 2^floor(n/2):        [0.008, 1.023, 0.594, 0.383, 0.977, 2.039, 2.664, 0.617, 0.797, 1.242, 1.07, 0.016, 1.641, 1.82, 0.797, 1.359]
  (B3) d_j = #{h_j=h_j+1} - 2^(n-1): [176, 229, -75, -346, 274, 160, -160, 127, 259, 196, -11, -18, 47, -121, -76]
  (B2) A_k(0) = [16384, 8193, 4250, 2098, 934, 438, 230, 122, 53, 14, 4, 4, 0, 0, 0, 0, 0]
       A_k(0)/2^(n-k) = [1.0, 1.0, 1.038, 1.024, 0.912, 0.855, 0.898, 0.953, 0.828, 0.438, 0.25, 0.5, 0.0, 0.0, 0.0, 0.0, 0.0]
       A_k(1) = [16384, 8191, 4118, 1994, 948, 419, 177, 86, 45, 8, 2, 2, 0, 0, 0, 0, 0]
       A_k(1)/2^(n-k) = [1.0, 1.0, 1.005, 0.974, 0.926, 0.818, 0.691, 0.672, 0.703, 0.25, 0.125, 0.25, 0.0, 0.0, 0.0, 0.0, 0.0]
