(a) full diagonal coordinates, 2n bits; degrees of E(e_u), u = 0..2n+1
  n=2 c=2 deg E(e_u): [1, 1, 3, 3, 4, 4]   [0.0s]
  n=2 c=3 deg E(e_u): [1, 1, 3, 3, 4, 3]   [0.0s]
  n=3 c=2 deg E(e_u): [1, 1, 3, 5, 6, 6, 5, 5]   [0.0s]
  n=3 c=3 deg E(e_u): [1, 1, 3, 5, 5, 5, 6, 5]   [0.0s]
  n=4 c=2 deg E(e_u): [1, 1, 3, 5, 7, 8, 7, 8, 7, 8]   [0.0s]
  n=4 c=3 deg E(e_u): [1, 1, 3, 5, 7, 7, 8, 7, 7, 7]   [0.0s]
  n=5 c=2 deg E(e_u): [1, 1, 3, 5, 7, 9, 10, 10, 10, 10, 9, 9]   [0.0s]
  n=5 c=3 deg E(e_u): [1, 1, 3, 5, 7, 9, 9, 10, 9, 10, 10, 9]   [0.0s]
  n=6 c=2 deg E(e_u): [1, 1, 3, 5, 7, 9, 11, 12, 11, 11, 11, 12, 12, 11]   [0.1s]
  n=6 c=3 deg E(e_u): [1, 1, 3, 5, 7, 9, 11, 12, 11, 12, 12, 11, 12, 12]   [0.1s]
  n=7 c=2 deg E(e_u): [1, 1, 3, 5, 7, 9, 11, 13, 13, 13, 13, 13, 14, 14, 14, 13]   [0.5s]
  n=7 c=3 deg E(e_u): [1, 1, 3, 5, 7, 9, 11, 13, 13, 13, 13, 14, 14, 14, 14, 14]   [0.5s]
(b) reduced diagonal bits x (n bits): degrees of E(e_{n+j}), j = 0..n+1
(c) source bits (n bits): degrees of the same diagonal-form E(e_{n+j})
(d) forced-orbit hits: degrees in source bits / in reduced diagonal bits
(e) bijection degrees: W(x) per coordinate / x(W) per coordinate
  n=2 c=2
    (b) diag-form E(e_n+j) in x:      [1, 1, 2, 2]
    (c) diag-form E(e_n+j) in W:      [1, 1, 2, 2]
    (d) orbit hits in W:              [1, 2, 0, -1]
    (d) orbit hits in x:              [1, 2, 0, -1]
    (e) deg W_u(x): [1, 1]   deg x_u(W): [1, 1]   [0.0s]
  n=2 c=3
    (b) diag-form E(e_n+j) in x:      [1, 2, 2, 2]
    (c) diag-form E(e_n+j) in W:      [1, 2, 2, 2]
    (d) orbit hits in W:              [1, 2, -1, 0]
    (d) orbit hits in x:              [1, 2, -1, 0]
    (e) deg W_u(x): [1, 1]   deg x_u(W): [1, 1]   [0.0s]
  n=3 c=2
    (b) diag-form E(e_n+j) in x:      [2, 2, 2, 3, 2]
    (c) diag-form E(e_n+j) in W:      [2, 2, 2, 3, 2]
    (d) orbit hits in W:              [2, 2, 2, 3, 3]
    (d) orbit hits in x:              [2, 2, 2, 3, 3]
    (e) deg W_u(x): [1, 1, 1]   deg x_u(W): [1, 1, 1]   [0.0s]
  n=3 c=3
    (b) diag-form E(e_n+j) in x:      [2, 3, 3, 3, 3]
    (c) diag-form E(e_n+j) in W:      [2, 3, 3, 3, 3]
    (d) orbit hits in W:              [2, 2, 2, 3, 3]
    (d) orbit hits in x:              [2, 2, 2, 3, 3]
    (e) deg W_u(x): [1, 1, 1]   deg x_u(W): [1, 1, 1]   [0.0s]
  n=4 c=2
    (b) diag-form E(e_n+j) in x:      [3, 3, 4, 4, 3, 2]
    (c) diag-form E(e_n+j) in W:      [3, 3, 4, 4, 3, 3]
    (d) orbit hits in W:              [3, 4, 4, 4, 4, 3]
    (d) orbit hits in x:              [3, 4, 4, 4, 4, 3]
    (e) deg W_u(x): [1, 1, 1, 2]   deg x_u(W): [1, 1, 1, 2]   [0.0s]
  n=4 c=3
    (b) diag-form E(e_n+j) in x:      [3, 3, 4, 4, 3, 4]
    (c) diag-form E(e_n+j) in W:      [3, 3, 4, 4, 3, 4]
    (d) orbit hits in W:              [3, 4, 4, 4, 4, 3]
    (d) orbit hits in x:              [3, 4, 4, 4, 4, 3]
    (e) deg W_u(x): [1, 1, 1, 2]   deg x_u(W): [1, 1, 1, 2]   [0.0s]
  n=5 c=2
    (b) diag-form E(e_n+j) in x:      [4, 5, 5, 5, 5, 4, 4]
    (c) diag-form E(e_n+j) in W:      [3, 5, 5, 5, 5, 4, 3]
    (d) orbit hits in W:              [3, 4, 4, 5, 4, 5, 4]
    (d) orbit hits in x:              [4, 4, 4, 5, 4, 5, 4]
    (e) deg W_u(x): [1, 1, 1, 2, 4]   deg x_u(W): [1, 1, 1, 2, 4]   [0.0s]
  n=5 c=3
    (b) diag-form E(e_n+j) in x:      [4, 5, 4, 5, 4, 5, 4]
    (c) diag-form E(e_n+j) in W:      [3, 5, 4, 5, 4, 5, 4]
    (d) orbit hits in W:              [3, 4, 4, 5, 4, 5, 4]
    (d) orbit hits in x:              [4, 4, 4, 5, 4, 5, 4]
    (e) deg W_u(x): [1, 1, 1, 2, 4]   deg x_u(W): [1, 1, 1, 2, 4]   [0.0s]
  n=6 c=2
    (b) diag-form E(e_n+j) in x:      [5, 6, 5, 6, 6, 6, 5, 5]
    (c) diag-form E(e_n+j) in W:      [5, 6, 5, 6, 6, 6, 5, 5]
    (d) orbit hits in W:              [5, 5, 6, 6, 6, 5, 6, 6]
    (d) orbit hits in x:              [5, 5, 6, 6, 6, 5, 6, 6]
    (e) deg W_u(x): [1, 1, 1, 2, 4, 4]   deg x_u(W): [1, 1, 1, 2, 4, 4]   [0.0s]
  n=6 c=3
    (b) diag-form E(e_n+j) in x:      [5, 5, 6, 6, 5, 5, 6, 6]
    (c) diag-form E(e_n+j) in W:      [5, 5, 6, 6, 5, 5, 6, 6]
    (d) orbit hits in W:              [5, 5, 6, 6, 6, 5, 6, 6]
    (d) orbit hits in x:              [5, 5, 6, 6, 6, 5, 6, 6]
    (e) deg W_u(x): [1, 1, 1, 2, 4, 4]   deg x_u(W): [1, 1, 1, 2, 4, 4]   [0.0s]
  n=7 c=2
    (b) diag-form E(e_n+j) in x:      [6, 6, 7, 7, 6, 7, 6, 7, 7]
    (c) diag-form E(e_n+j) in W:      [6, 6, 7, 7, 6, 7, 6, 7, 7]
    (d) orbit hits in W:              [6, 6, 6, 7, 6, 6, 5, 6, 7]
    (d) orbit hits in x:              [6, 6, 6, 7, 6, 6, 6, 6, 7]
    (e) deg W_u(x): [1, 1, 1, 2, 4, 4, 6]   deg x_u(W): [1, 1, 1, 2, 4, 4, 6]   [0.0s]
  n=7 c=3
    (b) diag-form E(e_n+j) in x:      [6, 7, 7, 6, 7, 7, 7, 6, 7]
    (c) diag-form E(e_n+j) in W:      [6, 7, 7, 5, 7, 7, 7, 6, 7]
    (d) orbit hits in W:              [6, 6, 6, 7, 6, 6, 5, 6, 7]
    (d) orbit hits in x:              [6, 6, 6, 7, 6, 6, 6, 6, 7]
    (e) deg W_u(x): [1, 1, 1, 2, 4, 4, 6]   deg x_u(W): [1, 1, 1, 2, 4, 4, 6]   [0.0s]
  n=8 c=2
    (b) diag-form E(e_n+j) in x:      [7, 8, 8, 8, 7, 7, 8, 8, 7, 7]
    (c) diag-form E(e_n+j) in W:      [7, 8, 8, 8, 7, 7, 8, 8, 7, 7]
    (d) orbit hits in W:              [7, 7, 7, 8, 7, 7, 7, 8, 8, 7]
    (d) orbit hits in x:              [7, 7, 7, 8, 7, 7, 7, 8, 8, 7]
    (e) deg W_u(x): [1, 1, 1, 2, 4, 4, 6, 6]   deg x_u(W): [1, 1, 1, 2, 4, 4, 6, 6]   [0.1s]
  n=8 c=3
    (b) diag-form E(e_n+j) in x:      [7, 8, 7, 7, 8, 7, 8, 7, 7, 8]
    (c) diag-form E(e_n+j) in W:      [7, 8, 7, 7, 8, 7, 8, 7, 7, 8]
    (d) orbit hits in W:              [7, 7, 7, 8, 7, 7, 7, 8, 8, 7]
    (d) orbit hits in x:              [7, 7, 7, 8, 7, 7, 7, 8, 8, 7]
    (e) deg W_u(x): [1, 1, 1, 2, 4, 4, 6, 6]   deg x_u(W): [1, 1, 1, 2, 4, 4, 6, 6]   [0.1s]
  n=9 c=2
    (b) diag-form E(e_n+j) in x:      [8, 9, 8, 9, 8, 8, 8, 8, 8, 9, 8]
    (c) diag-form E(e_n+j) in W:      [8, 9, 8, 9, 8, 8, 8, 8, 8, 9, 8]
    (d) orbit hits in W:              [8, 9, 8, 8, 9, 9, 8, 9, 9, 9, 9]
    (d) orbit hits in x:              [8, 9, 8, 8, 9, 9, 8, 9, 9, 9, 9]
    (e) deg W_u(x): [1, 1, 1, 2, 4, 4, 6, 6, 8]   deg x_u(W): [1, 1, 1, 2, 4, 4, 6, 6, 8]   [0.2s]
  n=9 c=3
    (b) diag-form E(e_n+j) in x:      [8, 8, 9, 8, 9, 8, 8, 9, 8, 8, 8]
    (c) diag-form E(e_n+j) in W:      [8, 8, 9, 8, 9, 8, 8, 9, 8, 8, 8]
    (d) orbit hits in W:              [8, 9, 8, 8, 9, 9, 8, 9, 9, 9, 9]
    (d) orbit hits in x:              [8, 9, 8, 8, 9, 9, 8, 9, 9, 9, 9]
    (e) deg W_u(x): [1, 1, 1, 2, 4, 4, 6, 6, 8]   deg x_u(W): [1, 1, 1, 2, 4, 4, 6, 6, 8]   [0.2s]
  n=10 c=2
    (b) diag-form E(e_n+j) in x:      [10, 10, 10, 10, 10, 9, 10, 10, 10, 9, 10, 9]
    (c) diag-form E(e_n+j) in W:      [10, 10, 10, 10, 10, 9, 10, 10, 10, 9, 10, 9]
    (d) orbit hits in W:              [10, 9, 9, 10, 10, 9, 9, 10, 9, 10, 9, 10]
    (d) orbit hits in x:              [10, 9, 9, 10, 10, 9, 9, 10, 9, 10, 9, 10]
    (e) deg W_u(x): [1, 1, 1, 2, 4, 4, 6, 6, 8, 9]   deg x_u(W): [1, 1, 1, 2, 4, 4, 6, 6, 8, 9]   [0.4s]
  n=10 c=3
    (b) diag-form E(e_n+j) in x:      [10, 10, 10, 9, 9, 10, 10, 10, 9, 10, 9, 10]
    (c) diag-form E(e_n+j) in W:      [10, 10, 10, 9, 9, 10, 10, 10, 9, 10, 9, 10]
    (d) orbit hits in W:              [10, 9, 9, 10, 10, 9, 9, 10, 9, 10, 9, 10]
    (d) orbit hits in x:              [10, 9, 9, 10, 10, 9, 9, 10, 9, 10, 9, 10]
    (e) deg W_u(x): [1, 1, 1, 2, 4, 4, 6, 6, 8, 9]   deg x_u(W): [1, 1, 1, 2, 4, 4, 6, 6, 8, 9]   [0.4s]
  n=11 c=2
    (b) diag-form E(e_n+j) in x:      [11, 11, 11, 10, 10, 11, 10, 10, 11, 11, 10, 11, 11]
    (c) diag-form E(e_n+j) in W:      [11, 11, 11, 10, 10, 11, 10, 10, 11, 11, 10, 11, 11]
    (d) orbit hits in W:              [11, 11, 10, 11, 10, 10, 10, 11, 10, 10, 11, 11, 11]
    (d) orbit hits in x:              [11, 11, 10, 11, 10, 10, 10, 11, 10, 10, 11, 11, 11]
    (e) deg W_u(x): [1, 1, 1, 2, 4, 4, 6, 6, 8, 9, 10]   deg x_u(W): [1, 1, 1, 2, 4, 4, 6, 6, 8, 9, 10]   [1.0s]
  n=11 c=3
    (b) diag-form E(e_n+j) in x:      [11, 11, 11, 11, 11, 10, 11, 11, 10, 10, 11, 11, 10]
    (c) diag-form E(e_n+j) in W:      [11, 11, 11, 11, 11, 10, 11, 11, 10, 10, 11, 11, 10]
    (d) orbit hits in W:              [11, 11, 10, 11, 10, 10, 10, 11, 10, 10, 11, 11, 11]
    (d) orbit hits in x:              [11, 11, 10, 11, 10, 10, 10, 11, 10, 10, 11, 11, 11]
    (e) deg W_u(x): [1, 1, 1, 2, 4, 4, 6, 6, 8, 9, 10]   deg x_u(W): [1, 1, 1, 2, 4, 4, 6, 6, 8, 9, 10]   [1.0s]
  n=12 c=2
    (b) diag-form E(e_n+j) in x:      [12, 12, 12, 12, 11, 11, 12, 12, 12, 12, 12, 12, 12, 12]
    (c) diag-form E(e_n+j) in W:      [12, 12, 12, 12, 11, 11, 12, 12, 12, 12, 12, 12, 12, 12]
    (d) orbit hits in W:              [12, 11, 11, 12, 11, 12, 11, 11, 11, 12, 11, 12, 11, 12]
    (d) orbit hits in x:              [12, 11, 11, 12, 11, 12, 11, 11, 11, 12, 11, 12, 11, 12]
    (e) deg W_u(x): [1, 1, 1, 2, 4, 4, 6, 6, 8, 9, 10, 10]   deg x_u(W): [1, 1, 1, 2, 4, 4, 6, 6, 8, 9, 10, 10]   [2.7s]
  n=12 c=3
    (b) diag-form E(e_n+j) in x:      [12, 12, 12, 11, 11, 12, 12, 11, 12, 12, 11, 12, 12, 11]
    (c) diag-form E(e_n+j) in W:      [12, 12, 12, 11, 11, 12, 12, 11, 12, 12, 11, 12, 12, 11]
    (d) orbit hits in W:              [12, 11, 11, 12, 11, 12, 11, 11, 11, 12, 11, 12, 11, 12]
    (d) orbit hits in x:              [12, 11, 11, 12, 11, 12, 11, 11, 11, 12, 11, 12, 11, 12]
    (e) deg W_u(x): [1, 1, 1, 2, 4, 4, 6, 6, 8, 9, 10, 10]   deg x_u(W): [1, 1, 1, 2, 4, 4, 6, 6, 8, 9, 10, 10]   [2.4s]
