n=10 c=2  influence of source bit j on level-k outcome among level-(k-1) survivors
   k   N_(k-1)  j=0  j=1  j=2  j=3  j=4  j=5  j=6  j=7  j=8  j=9    any-bit
   1     1024  0.06 0.30 0.42 0.43 0.42 0.43 0.46 0.46 0.41 0.54   0.99
   2      396  0.02 0.11 0.16 0.23 0.21 0.22 0.31 0.13 0.21 0.16   0.85
   3      177  0.02 0.11 0.09 0.05 0.09 0.11 0.05 0.07 0.06 0.09   0.54
   4       62  0.00 0.00 0.00 0.00 0.06 0.00 0.00 0.00 0.13 0.00   0.16
   5       26  0.00 0.00 0.00 0.00 0.00 0.00 0.00 0.15 0.00 0.00   0.15
   6        6  0.00 0.00 0.00 0.00 0.00 0.00 0.00 0.00 0.00 0.00   0.00
   [0.1s]
n=10 c=3  influence of source bit j on level-k outcome among level-(k-1) survivors
   k   N_(k-1)  j=0  j=1  j=2  j=3  j=4  j=5  j=6  j=7  j=8  j=9    any-bit
   1     1024  0.07 0.32 0.40 0.43 0.46 0.42 0.46 0.47 0.42 0.54   0.99
   2      385  0.03 0.11 0.14 0.16 0.20 0.24 0.16 0.22 0.22 0.14   0.83
   3      159  0.00 0.00 0.13 0.09 0.05 0.04 0.09 0.05 0.06 0.04   0.45
   4       62  0.00 0.00 0.00 0.00 0.00 0.00 0.06 0.00 0.00 0.00   0.06
   5       22  0.00 0.00 0.18 0.36 0.00 0.09 0.00 0.00 0.00 0.00   0.50
   6       14  0.00 0.00 0.00 0.00 0.00 0.00 0.00 0.00 0.00 0.00   0.00
   7       12  0.00 0.00 0.00 0.00 0.00 0.00 0.00 0.00 0.00 0.00   0.00
   8        4  0.00 0.00 0.00 0.00 0.00 0.00 0.00 0.00 0.00 0.00   0.00
   [0.1s]
n=12 c=2  influence of source bit j on level-k outcome among level-(k-1) survivors
   k   N_(k-1)  j=0  j=1  j=2  j=3  j=4  j=5  j=6  j=7  j=8  j=9  j=10 j=11   any-bit
   1     4096  0.03 0.25 0.40 0.42 0.43 0.44 0.43 0.46 0.43 0.44 0.46 0.49   0.99
   2     1607  0.01 0.06 0.16 0.18 0.20 0.22 0.22 0.18 0.24 0.24 0.18 0.17   0.88
   3      752  0.01 0.02 0.07 0.10 0.09 0.09 0.10 0.11 0.06 0.06 0.15 0.08   0.58
   4      278  0.00 0.03 0.02 0.04 0.09 0.12 0.04 0.05 0.02 0.06 0.00 0.04   0.41
   5      119  0.00 0.00 0.00 0.00 0.00 0.03 0.00 0.00 0.00 0.00 0.00 0.00   0.03
   6       33  0.00 0.00 0.00 0.00 0.00 0.00 0.00 0.00 0.00 0.00 0.00 0.00   0.00
   7       14  0.00 0.00 0.00 0.00 0.00 0.00 0.00 0.00 0.00 0.00 0.00 0.00   0.00
   8        6  0.00 0.00 0.00 0.00 0.00 0.00 0.00 0.00 0.00 0.00 0.00 0.00   0.00
   9        2  0.00 0.00 0.00 0.00 0.00 0.00 0.00 0.00 0.00 0.00 0.00 0.00   0.00
  10        2  0.00 0.00 0.00 0.00 0.00 0.00 0.00 0.00 0.00 0.00 0.00 0.00   0.00
   [0.5s]
n=12 c=3  influence of source bit j on level-k outcome among level-(k-1) survivors
   k   N_(k-1)  j=0  j=1  j=2  j=3  j=4  j=5  j=6  j=7  j=8  j=9  j=10 j=11   any-bit
   1     4096  0.04 0.24 0.38 0.43 0.42 0.42 0.41 0.49 0.45 0.46 0.45 0.48   0.99
   2     1487  0.01 0.08 0.14 0.18 0.17 0.21 0.25 0.15 0.19 0.17 0.22 0.18   0.87
   3      721  0.00 0.01 0.05 0.12 0.09 0.12 0.10 0.07 0.06 0.05 0.05 0.08   0.54
   4      226  0.00 0.04 0.09 0.02 0.08 0.02 0.00 0.02 0.03 0.02 0.05 0.02   0.30
   5       87  0.00 0.05 0.00 0.00 0.00 0.00 0.00 0.00 0.00 0.07 0.00 0.05   0.16
   6       44  0.00 0.00 0.00 0.00 0.00 0.00 0.00 0.00 0.00 0.00 0.00 0.00   0.00
   7        5  0.00 0.00 0.00 0.00 0.00 0.00 0.00 0.00 0.00 0.00 0.00 0.00   0.00
   8        1  0.00 0.00 0.00 0.00 0.00 0.00 0.00 0.00 0.00 0.00 0.00 0.00   0.00
   9        1  0.00 0.00 0.00 0.00 0.00 0.00 0.00 0.00 0.00 0.00 0.00 0.00   0.00
   [0.5s]
n=14 c=2  influence of source bit j on level-k outcome among level-(k-1) survivors
   k   N_(k-1)  j=0  j=1  j=2  j=3  j=4  j=5  j=6  j=7  j=8  j=9  j=10 j=11 j=12 j=13   any-bit
   1    16384  0.02 0.18 0.33 0.41 0.43 0.43 0.43 0.45 0.44 0.44 0.44 0.44 0.44 0.51   0.99
   2     6145  0.01 0.05 0.13 0.17 0.20 0.20 0.20 0.19 0.19 0.21 0.20 0.20 0.21 0.16   0.89
   3     2685  0.00 0.02 0.06 0.08 0.07 0.09 0.09 0.08 0.09 0.08 0.10 0.06 0.10 0.07   0.64
   4     1099  0.00 0.00 0.01 0.01 0.03 0.01 0.04 0.05 0.06 0.02 0.03 0.03 0.03 0.03   0.29
   5      386  0.00 0.00 0.00 0.02 0.00 0.01 0.02 0.00 0.01 0.02 0.00 0.00 0.02 0.00   0.10
   6      134  0.00 0.00 0.00 0.00 0.00 0.00 0.00 0.00 0.00 0.00 0.00 0.00 0.00 0.00   0.00
   7       57  0.00 0.00 0.00 0.00 0.00 0.00 0.00 0.00 0.00 0.00 0.00 0.00 0.00 0.00   0.00
   8       21  0.00 0.00 0.00 0.00 0.00 0.00 0.00 0.00 0.00 0.00 0.00 0.00 0.00 0.00   0.00
   9        6  0.00 0.00 0.00 0.00 0.00 0.00 0.00 0.00 0.00 0.00 0.00 0.00 0.00 0.00   0.00
  10        4  0.00 0.00 0.00 0.00 0.00 0.00 0.00 0.00 0.00 0.00 0.00 0.00 0.00 0.00   0.00
  11        4  0.00 0.00 0.00 0.00 0.00 0.00 0.00 0.00 0.00 0.00 0.00 0.00 0.00 0.00   0.00
   [2.9s]
n=14 c=3  influence of source bit j on level-k outcome among level-(k-1) survivors
   k   N_(k-1)  j=0  j=1  j=2  j=3  j=4  j=5  j=6  j=7  j=8  j=9  j=10 j=11 j=12 j=13   any-bit
   1    16384  0.02 0.17 0.33 0.41 0.42 0.43 0.45 0.45 0.44 0.43 0.44 0.42 0.44 0.52   0.99
   2     6145  0.00 0.05 0.13 0.16 0.21 0.21 0.20 0.19 0.19 0.20 0.20 0.22 0.21 0.14   0.89
   3     2684  0.00 0.03 0.05 0.09 0.10 0.11 0.08 0.08 0.07 0.09 0.09 0.08 0.07 0.07   0.60
   4     1072  0.00 0.00 0.00 0.00 0.01 0.01 0.02 0.05 0.05 0.04 0.02 0.03 0.01 0.02   0.24
   5      407  0.00 0.00 0.02 0.00 0.03 0.00 0.02 0.01 0.00 0.00 0.00 0.02 0.00 0.00   0.10
   6      145  0.00 0.00 0.00 0.00 0.06 0.00 0.00 0.00 0.00 0.00 0.00 0.00 0.00 0.00   0.06
   7       42  0.00 0.00 0.00 0.00 0.00 0.00 0.00 0.00 0.00 0.00 0.00 0.00 0.00 0.00   0.00
   8       25  0.00 0.00 0.00 0.00 0.00 0.00 0.00 0.00 0.00 0.00 0.00 0.00 0.00 0.00   0.00
   9        8  0.00 0.00 0.00 0.00 0.00 0.00 0.00 0.00 0.00 0.00 0.00 0.00 0.00 0.00   0.00
   [2.9s]
n=5 c=2: letter words with all 7 hits and hard-core forced symbols: 112; with 12a ending: 0; reachable from a binary source: 0
   column n-1 (d=-n..n-1) = 1000201210  forced e_n..e_11 = 2121222  12a=False
   column n-1 (d=-n..n-1) = 1000201220  forced e_n..e_11 = 2121222  12a=False
   column n-1 (d=-n..n-1) = 1000202210  forced e_n..e_11 = 2121222  12a=False
   [1.0s]
n=5 c=3: letter words with all 7 hits and hard-core forced symbols: 196; with 12a ending: 0; reachable from a binary source: 0
   column n-1 (d=-n..n-1) = 0000010101  forced e_n..e_11 = 2221222  12a=False
   column n-1 (d=-n..n-1) = 0000010102  forced e_n..e_11 = 2221222  12a=False
   column n-1 (d=-n..n-1) = 0000020101  forced e_n..e_11 = 2221222  12a=False
   [0.9s]
n=6 c=2: letter words with all 8 hits and hard-core forced symbols: 248; with 12a ending: 176; reachable from a binary source: 0
   column n-1 (d=-n..n-1) = 010101002100  forced e_n..e_13 = 22212212  12a=False
   column n-1 (d=-n..n-1) = 010101002111  forced e_n..e_13 = 22212212  12a=False
   column n-1 (d=-n..n-1) = 010101002112  forced e_n..e_13 = 22212212  12a=False
   [13.3s]
n=6 c=3: letter words with all 8 hits and hard-core forced symbols: 944; with 12a ending: 592; reachable from a binary source: 0
   column n-1 (d=-n..n-1) = 000102012111  forced e_n..e_13 = 22122122  12a=True
   column n-1 (d=-n..n-1) = 000102012112  forced e_n..e_13 = 22122122  12a=True
   column n-1 (d=-n..n-1) = 000102012211  forced e_n..e_13 = 22122122  12a=True
   [13.8s]
