n=10 c=2  influence of diagonal bit x_j on level-k outcome among level-(k-1) survivors
   k   N_(k-1)  j=0  j=1  j=2  j=3  j=4  j=5  j=6  j=7  j=8  j=9    any-bit
   1     1024  0.41 0.39 0.44 0.45 0.49 0.47 0.47 0.50 0.44 0.54   0.99
   2      396  0.19 0.21 0.19 0.24 0.14 0.20 0.26 0.09 0.22 0.16   0.87
   3      177  0.14 0.09 0.12 0.02 0.15 0.08 0.10 0.15 0.06 0.09   0.56
   4       62  0.03 0.00 0.03 0.00 0.00 0.00 0.00 0.00 0.00 0.00   0.05
   5       26  0.00 0.00 0.00 0.00 0.00 0.00 0.00 0.00 0.00 0.00   0.00
   6        6  0.00 0.00 0.00 0.00 0.00 0.00 0.00 0.00 0.00 0.00   0.00
   [0.3s]
n=10 c=3  influence of diagonal bit x_j on level-k outcome among level-(k-1) survivors
   k   N_(k-1)  j=0  j=1  j=2  j=3  j=4  j=5  j=6  j=7  j=8  j=9    any-bit
   1     1024  0.47 0.42 0.48 0.43 0.51 0.47 0.46 0.46 0.44 0.54   1.00
   2      385  0.16 0.16 0.17 0.19 0.17 0.19 0.20 0.24 0.21 0.14   0.86
   3      159  0.09 0.10 0.05 0.09 0.06 0.03 0.09 0.03 0.05 0.04   0.42
   4       62  0.06 0.03 0.03 0.03 0.10 0.03 0.13 0.00 0.10 0.00   0.37
   5       22  0.00 0.00 0.00 0.00 0.00 0.00 0.00 0.00 0.18 0.00   0.18
   6       14  0.00 0.14 0.14 0.14 0.00 0.00 0.00 0.00 0.00 0.00   0.29
   7       12  0.00 0.00 0.00 0.00 0.00 0.00 0.00 0.00 0.00 0.00   0.00
   8        4  0.00 0.00 0.00 0.00 0.00 0.00 0.00 0.00 0.00 0.00   0.00
   [0.3s]
n=12 c=2  influence of diagonal bit x_j on level-k outcome among level-(k-1) survivors
   k   N_(k-1)  j=0  j=1  j=2  j=3  j=4  j=5  j=6  j=7  j=8  j=9  j=10 j=11   any-bit
   1     4096  0.49 0.44 0.49 0.48 0.45 0.49 0.47 0.46 0.47 0.47 0.47 0.49   1.00
   2     1607  0.21 0.20 0.22 0.19 0.22 0.21 0.21 0.25 0.25 0.23 0.17 0.17   0.92
   3      752  0.06 0.06 0.04 0.08 0.06 0.08 0.06 0.03 0.05 0.07 0.16 0.08   0.56
   4      278  0.04 0.04 0.03 0.06 0.02 0.01 0.01 0.05 0.04 0.04 0.01 0.04   0.33
   5      119  0.00 0.05 0.00 0.02 0.00 0.00 0.00 0.10 0.00 0.00 0.00 0.00   0.15
   6       33  0.00 0.06 0.00 0.00 0.00 0.00 0.00 0.00 0.00 0.00 0.00 0.00   0.06
   7       14  0.00 0.00 0.00 0.00 0.00 0.00 0.00 0.00 0.00 0.00 0.00 0.00   0.00
   8        6  0.00 0.00 0.00 0.00 0.00 0.00 0.00 0.00 0.00 0.00 0.00 0.00   0.00
   9        2  0.00 0.00 0.00 0.00 0.00 0.00 0.00 0.00 0.00 0.00 0.00 0.00   0.00
  10        2  0.00 0.00 0.00 0.00 0.00 0.00 0.00 0.00 0.00 0.00 0.00 0.00   0.00
   [2.3s]
n=12 c=3  influence of diagonal bit x_j on level-k outcome among level-(k-1) survivors
   k   N_(k-1)  j=0  j=1  j=2  j=3  j=4  j=5  j=6  j=7  j=8  j=9  j=10 j=11   any-bit
   1     4096  0.46 0.43 0.47 0.45 0.44 0.46 0.42 0.47 0.49 0.46 0.48 0.48   1.00
   2     1487  0.18 0.17 0.17 0.21 0.20 0.18 0.19 0.16 0.16 0.16 0.20 0.18   0.89
   3      721  0.08 0.08 0.07 0.07 0.09 0.08 0.12 0.09 0.06 0.09 0.05 0.08   0.58
   4      226  0.01 0.00 0.01 0.01 0.04 0.01 0.00 0.02 0.04 0.02 0.05 0.02   0.20
   5       87  0.00 0.02 0.00 0.00 0.00 0.00 0.00 0.00 0.00 0.00 0.02 0.05   0.09
   6       44  0.00 0.00 0.00 0.00 0.00 0.00 0.00 0.00 0.00 0.00 0.00 0.00   0.00
   7        5  0.00 0.00 0.00 0.00 0.00 0.00 0.00 0.00 0.00 0.00 0.00 0.00   0.00
   8        1  0.00 0.00 0.00 0.00 0.00 0.00 0.00 0.00 0.00 0.00 0.00 0.00   0.00
   9        1  0.00 0.00 0.00 0.00 0.00 0.00 0.00 0.00 0.00 0.00 0.00 0.00   0.00
   [2.3s]
