n=3 c=2 letter words=729  zero-pattern classes=64  hit_n constant on 7 classes
   max deg of hit_(n+j) in free b's, j=0..4: [1, 2, 3, 2, 2]
    k    T_k       3^(2n)/2^k     ratio      T_k(hc)    null(hc)     ratio
    0       729         729.0    1.000        729       729.0    1.000
    1       365         364.5    1.001        305       364.5    0.837
    2       176         182.2    0.966        130       136.7    0.951
    3        94          91.1    1.032         70        51.3    1.366
    4        86          45.6    1.888         62        19.2    3.226
    5         0          22.8    0.000          0         7.2    0.000
   [0.0s]
n=3 c=3 letter words=729  zero-pattern classes=64  hit_n constant on 7 classes
   max deg of hit_(n+j) in free b's, j=0..4: [1, 2, 3, 3, 3]
    k    T_k       3^(2n)/2^k     ratio      T_k(hc)    null(hc)     ratio
    0       729         729.0    1.000        729       729.0    1.000
    1       364         364.5    0.999        302       364.5    0.829
    2       176         182.2    0.966        100       136.7    0.732
    3        96          91.1    1.053         66        51.3    1.288
    4        92          45.6    2.019         58        19.2    3.017
    5        18          22.8    0.790          0         7.2    0.000
   [0.0s]
n=4 c=2 letter words=6561  zero-pattern classes=256  hit_n constant on 9 classes
   max deg of hit_(n+j) in free b's, j=0..5: [1, 2, 3, 3, 4, 3]
    k    T_k       3^(2n)/2^k     ratio      T_k(hc)    null(hc)     ratio
    0      6561        6561.0    1.000       6561      6561.0    1.000
    1      3281        3280.5    1.000       2735      3280.5    0.834
    2      1665        1640.2    1.015       1195      1230.2    0.971
    3       590         820.1    0.719        248       461.3    0.538
    4       112         410.1    0.273         16       173.0    0.092
    5       104         205.0    0.507         16        64.9    0.247
    6        68         102.5    0.663          0        24.3    0.000
   [0.1s]
n=4 c=3 letter words=6561  zero-pattern classes=256  hit_n constant on 9 classes
   max deg of hit_(n+j) in free b's, j=0..5: [1, 2, 3, 4, 4, 3]
    k    T_k       3^(2n)/2^k     ratio      T_k(hc)    null(hc)     ratio
    0      6561        6561.0    1.000       6561      6561.0    1.000
    1      3280        3280.5    1.000       2732      3280.5    0.833
    2      1620        1640.2    0.988       1000      1230.2    0.813
    3       844         820.1    1.029        546       461.3    1.184
    4       330         410.1    0.805        170       173.0    0.983
    5       270         205.0    1.317         68        64.9    1.048
    6        36         102.5    0.351          0        24.3    0.000
   [0.1s]
n=5 c=2 letter words=59049  zero-pattern classes=1024  hit_n constant on 11 classes
   max deg of hit_(n+j) in free b's, j=0..6: [1, 2, 4, 4, 5, 4, 5]
    k    T_k       3^(2n)/2^k     ratio      T_k(hc)    null(hc)     ratio
    0     59049       59049.0    1.000      59049     59049.0    1.000
    1     29525       29524.5    1.000      24605     29524.5    0.833
    2     14798       14762.2    1.002      10246     11071.7    0.925
    3      7706        7381.1    1.044       4544      4151.9    1.094
    4      3524        3690.6    0.955       1502      1557.0    0.965
    5      1432        1845.3    0.776        548       583.9    0.939
    6       800         922.6    0.867        168       218.9    0.767
    7       612         461.3    1.327        112        82.1    1.364
   [1.4s]
n=5 c=3 letter words=59049  zero-pattern classes=1024  hit_n constant on 11 classes
   max deg of hit_(n+j) in free b's, j=0..6: [1, 2, 4, 4, 4, 4, 5]
    k    T_k       3^(2n)/2^k     ratio      T_k(hc)    null(hc)     ratio
    0     59049       59049.0    1.000      59049     59049.0    1.000
    1     29524       29524.5    1.000      24602     29524.5    0.833
    2     14722       14762.2    0.997       9480     11071.7    0.856
    3      7488        7381.1    1.014       4582      4151.9    1.104
    4      3168        3690.6    0.858       1434      1557.0    0.921
    5      1422        1845.3    0.771        392       583.9    0.671
    6       680         922.6    0.737        232       218.9    1.060
    7       368         461.3    0.798        196        82.1    2.387
   [1.3s]
