n=6 c=2   [0.0s]
   k    N_k     M_k   M_k/N_k   log2(N_k-1/N_k)  log2(M_k-1/M_k)   zeros/col  retained/window
   0      64      37   0.578                                       2.11        5.73 / 12
   1      22      12   0.545         1.54             1.62         2.73        6.27 / 13
   2       6       4   0.667         1.87             1.58         3.17        6.83 / 14
   3       3       1   0.333         1.00             2.00         3.00        8.00 / 15
   4       0       0
   5       0       0
   6       0       0
   7       0       0
   8       0       0
n=6 c=3   [0.0s]
   k    N_k     M_k   M_k/N_k   log2(N_k-1/N_k)  log2(M_k-1/M_k)   zeros/col  retained/window
   0      64      37   0.578                                       2.11        5.73 / 12
   1      28      15   0.536         1.19             1.30         3.04        6.93 / 13
   2      12       7   0.583         1.22             1.10         2.58        7.00 / 14
   3       4       3   0.750         1.58             1.22         3.50        7.50 / 15
   4       0       0
   5       0       0
   6       0       0
   7       0       0
   8       0       0
n=7 c=2   [0.0s]
   k    N_k     M_k   M_k/N_k   log2(N_k-1/N_k)  log2(M_k-1/M_k)   zeros/col  retained/window
   0     128      69   0.539                                       2.53        6.73 / 14
   1      41      20   0.488         1.64             1.79         2.66        7.39 / 15
   2      17       8   0.471         1.27             1.32         2.59        7.59 / 16
   3       9       4   0.444         0.92             1.00         2.56        8.67 / 17
   4       5       2   0.400         0.85             1.00         4.00        9.60 / 18
   5       0       0
   6       0       0
   7       0       0
   8       0       0
   9       0       0
n=7 c=3   [0.0s]
   k    N_k     M_k   M_k/N_k   log2(N_k-1/N_k)  log2(M_k-1/M_k)   zeros/col  retained/window
   0     128      69   0.539                                       2.53        6.73 / 14
   1      58      24   0.414         1.14             1.52         3.50        7.41 / 15
   2      20       8   0.400         1.54             1.58         2.40        7.25 / 16
   3      14       5   0.357         0.51             0.68         4.93        8.57 / 17
   4      10       3   0.300         0.49             0.74         0.80        9.10 / 18
   5       0       0
   6       0       0
   7       0       0
   8       0       0
   9       0       0
n=8 c=2   [0.0s]
   k    N_k     M_k   M_k/N_k   log2(N_k-1/N_k)  log2(M_k-1/M_k)   zeros/col  retained/window
   0     256     123   0.480                                       3.03        7.82 / 16
   1      87      35   0.402         1.56             1.81         2.92        8.20 / 17
   2      44      14   0.318         0.98             1.32         3.27        8.89 / 18
   3       9       2   0.222         2.29             2.81         4.89       10.78 / 19
   4       0       0
   5       0       0
   6       0       0
   7       0       0
   8       0       0
   9       0       0
  10       0       0
n=8 c=3   [0.0s]
   k    N_k     M_k   M_k/N_k   log2(N_k-1/N_k)  log2(M_k-1/M_k)   zeros/col  retained/window
   0     256     123   0.480                                       3.03        7.82 / 16
   1      97      44   0.454         1.40             1.48         4.11        8.78 / 17
   2      49      20   0.408         0.99             1.14         2.82        8.78 / 18
   3      17       7   0.412         1.53             1.51         3.88        9.06 / 19
   4       7       4   0.571         1.28             0.81         3.00        9.14 / 20
   5       4       2   0.500         0.81             1.00         7.50       10.25 / 21
   6       3       1   0.333         0.42             1.00         6.00       12.00 / 22
   7       0       0
   8       0       0
   9       0       0
  10       0       0
n=9 c=2   [0.0s]
   k    N_k     M_k   M_k/N_k   log2(N_k-1/N_k)  log2(M_k-1/M_k)   zeros/col  retained/window
   0     512     219   0.428                                       3.53        8.81 / 18
   1     162      60   0.370         1.66             1.87         3.84        9.31 / 19
   2      57      24   0.421         1.51             1.32         3.12        9.74 / 20
   3      17       7   0.412         1.75             1.78         4.41       10.71 / 21
   4       4       2   0.500         2.09             1.81         5.00       12.00 / 22
   5       0       0
   6       0       0
   7       0       0
   8       0       0
   9       0       0
  10       0       0
  11       0       0
n=9 c=3   [0.0s]
   k    N_k     M_k   M_k/N_k   log2(N_k-1/N_k)  log2(M_k-1/M_k)   zeros/col  retained/window
   0     512     219   0.428                                       3.53        8.81 / 18
   1     214      84   0.393         1.26             1.38         4.67        9.57 / 19
   2     112      39   0.348         0.93             1.11         3.46        9.58 / 20
   3      53      16   0.302         1.08             1.29         4.91       10.60 / 21
   4      23       6   0.261         1.20             1.42         5.22       11.13 / 22
   5       6       1   0.167         1.94             2.58         6.00       10.00 / 23
   6       6       1   0.167         0.00             0.00         3.00       11.00 / 24
   7       6       1   0.167         0.00             0.00         5.00       12.00 / 25
   8       6       1   0.167         0.00             0.00         6.00       14.00 / 26
   9       0       0
  10       0       0
  11       0       0
n=10 c=2   [0.0s]
   k    N_k     M_k   M_k/N_k   log2(N_k-1/N_k)  log2(M_k-1/M_k)   zeros/col  retained/window
   0    1024     391   0.382                                       4.10        9.80 / 20
   1     396     135   0.341         1.37             1.53         4.40       10.31 / 21
   2     177      56   0.316         1.16             1.27         3.95       10.91 / 22
   3      62      20   0.323         1.51             1.49         4.31       11.31 / 23
   4      26       7   0.269         1.25             1.51         6.27       12.15 / 24
   5       6       2   0.333         2.12             1.81         5.33       12.67 / 25
   6       0       0
   7       0       0
   8       0       0
   9       0       0
  10       0       0
  11       0       0
  12       0       0
n=10 c=3   [0.0s]
   k    N_k     M_k   M_k/N_k   log2(N_k-1/N_k)  log2(M_k-1/M_k)   zeros/col  retained/window
   0    1024     391   0.382                                       4.10        9.80 / 20
   1     385     142   0.369         1.41             1.46         5.18       10.69 / 21
   2     159      57   0.358         1.28             1.32         4.09       10.92 / 22
   3      62      24   0.387         1.36             1.25         4.55       11.10 / 23
   4      22       8   0.364         1.49             1.58         5.36       11.09 / 24
   5      14       5   0.357         0.65             0.68         5.00       11.71 / 25
   6      12       4   0.333         0.22             0.32         7.17       13.33 / 26
   7       4       1   0.250         1.58             2.00         7.00       15.00 / 27
   8       0       0
   9       0       0
  10       0       0
  11       0       0
  12       0       0
n=11 c=2   [0.0s]
   k    N_k     M_k   M_k/N_k   log2(N_k-1/N_k)  log2(M_k-1/M_k)   zeros/col  retained/window
   0    2048     701   0.342                                       4.60       10.83 / 22
   1     728     223   0.306         1.49             1.65         4.90       11.26 / 23
   2     285      85   0.298         1.35             1.39         4.54       12.02 / 24
   3      93      29   0.312         1.62             1.55         4.51       12.40 / 25
   4      36      10   0.278         1.37             1.54         6.25       13.03 / 26
   5       9       3   0.333         2.00             1.74         6.67       13.33 / 27
   6       4       1   0.250         1.17             1.58         9.00       14.00 / 28
   7       0       0
   8       0       0
   9       0       0
  10       0       0
  11       0       0
  12       0       0
  13       0       0
n=11 c=3   [0.0s]
   k    N_k     M_k   M_k/N_k   log2(N_k-1/N_k)  log2(M_k-1/M_k)   zeros/col  retained/window
   0    2048     701   0.342                                       4.60       10.83 / 22
   1     805     248   0.308         1.35             1.50         5.53       11.49 / 23
   2     325     101   0.311         1.31             1.30         4.86       11.75 / 24
   3     157      45   0.287         1.05             1.17         6.01       12.60 / 25
   4      79      22   0.278         0.99             1.03         4.33       12.84 / 26
   5      32      10   0.312         1.30             1.14         6.34       13.66 / 27
   6      14       5   0.357         1.19             1.00         5.43       13.64 / 28
   7      12       4   0.333         0.22             0.32         8.67       14.58 / 29
   8       0       0
   9       0       0
  10       0       0
  11       0       0
  12       0       0
  13       0       0
n=12 c=2   [0.1s]
   k    N_k     M_k   M_k/N_k   log2(N_k-1/N_k)  log2(M_k-1/M_k)   zeros/col  retained/window
   0    4096    1257   0.307                                       5.12       11.84 / 24
   1    1607     436   0.271         1.35             1.53         5.26       12.30 / 25
   2     752     186   0.247         1.10             1.23         5.03       12.86 / 26
   3     278      72   0.259         1.44             1.37         5.79       13.38 / 27
   4     119      29   0.244         1.22             1.31         6.59       14.66 / 28
   5      33      12   0.364         1.85             1.27         6.00       14.64 / 29
   6      14       5   0.357         1.24             1.26         7.29       15.86 / 30
   7       6       2   0.333         1.22             1.32         6.00       16.33 / 31
   8       2       1   0.500         1.58             1.00         3.00       16.00 / 32
   9       2       1   0.500         0.00             0.00         4.00       17.00 / 33
  10       0       0
  11       0       0
  12       0       0
  13       0       0
  14       0       0
n=12 c=3   [0.1s]
   k    N_k     M_k   M_k/N_k   log2(N_k-1/N_k)  log2(M_k-1/M_k)   zeros/col  retained/window
   0    4096    1257   0.307                                       5.12       11.84 / 24
   1    1487     420   0.282         1.46             1.58         6.17       12.62 / 25
   2     721     198   0.275         1.04             1.08         4.97       12.77 / 26
   3     226      73   0.323         1.67             1.44         6.45       13.23 / 27
   4      87      28   0.322         1.38             1.38         5.99       14.05 / 28
   5      44      13   0.295         0.98             1.11         7.02       14.05 / 29
   6       5       2   0.400         3.14             2.70         3.00       14.20 / 30
   7       1       1   1.000         2.32             1.00         6.00       14.00 / 31
   8       1       1   1.000         0.00             0.00         8.00       16.00 / 32
   9       0       0
  10       0       0
  11       0       0
  12       0       0
  13       0       0
  14       0       0
n=13 c=2   [0.2s]
   k    N_k     M_k   M_k/N_k   log2(N_k-1/N_k)  log2(M_k-1/M_k)   zeros/col  retained/window
   0    8192    2255   0.275                                       5.62       12.80 / 26
   1    3068     745   0.243         1.42             1.60         5.72       13.25 / 27
   2    1146     299   0.261         1.42             1.32         5.77       13.97 / 28
   3     489     128   0.262         1.23             1.22         5.84       14.41 / 29
   4     171      45   0.263         1.52             1.51         6.64       14.94 / 30
   5      81      23   0.284         1.08             0.97         7.85       15.84 / 31
   6      27       8   0.296         1.58             1.52         6.00       16.63 / 32
   7      12       2   0.167         1.17             2.00         4.83       17.00 / 33
   8       0       0
   9       0       0
  10       0       0
  11       0       0
  12       0       0
  13       0       0
  14       0       0
  15       0       0
n=13 c=3   [0.2s]
   k    N_k     M_k   M_k/N_k   log2(N_k-1/N_k)  log2(M_k-1/M_k)   zeros/col  retained/window
   0    8192    2255   0.275                                       5.62       12.80 / 26
   1    3094     765   0.247         1.40             1.56         6.69       13.49 / 27
   2    1266     316   0.250         1.29             1.28         5.51       13.64 / 28
   3     503     123   0.245         1.33             1.36         6.87       14.50 / 29
   4     176      49   0.278         1.51             1.33         6.30       14.47 / 30
   5      70      20   0.286         1.33             1.29         7.60       15.53 / 31
   6      20       7   0.350         1.81             1.51         7.25       16.05 / 32
   7       9       3   0.333         1.15             1.22         8.67       16.67 / 33
   8       3       1   0.333         1.58             1.58        10.00       19.00 / 34
   9       3       1   0.333         0.00             0.00        10.00       16.00 / 35
  10       0       0
  11       0       0
  12       0       0
  13       0       0
  14       0       0
  15       0       0
n=14 c=2   [0.4s]
   k    N_k     M_k   M_k/N_k   log2(N_k-1/N_k)  log2(M_k-1/M_k)   zeros/col  retained/window
   0   16384    4009   0.245                                       6.14       13.85 / 28
   1    6145    1290   0.210         1.41             1.64         6.21       14.26 / 29
   2    2685     547   0.204         1.19             1.24         6.02       15.00 / 30
   3    1099     219   0.199         1.29             1.32         6.62       15.30 / 31
   4     386      84   0.218         1.51             1.38         7.69       16.47 / 32
   5     134      28   0.209         1.53             1.58         6.30       16.43 / 33
   6      57      13   0.228         1.23             1.11         7.77       17.70 / 34
   7      21       4   0.190         1.44             1.70         6.00       18.00 / 35
   8       6       2   0.333         1.81             1.00         9.67       18.67 / 36
   9       4       1   0.250         0.58             1.00         5.00       20.00 / 37
  10       4       1   0.250         0.00             0.00         8.00       21.00 / 38
  11       0       0
  12       0       0
  13       0       0
  14       0       0
  15       0       0
  16       0       0
n=14 c=3   [0.4s]
   k    N_k     M_k   M_k/N_k   log2(N_k-1/N_k)  log2(M_k-1/M_k)   zeros/col  retained/window
   0   16384    4009   0.245                                       6.14       13.85 / 28
   1    6145    1362   0.222         1.41             1.56         7.07       14.63 / 29
   2    2684     585   0.218         1.20             1.22         6.03       14.77 / 30
   3    1072     230   0.215         1.32             1.35         7.65       15.51 / 31
   4     407      86   0.211         1.40             1.42         7.17       15.53 / 32
   5     145      30   0.207         1.49             1.52         7.13       16.32 / 33
   6      42      11   0.262         1.79             1.45         7.79       17.55 / 34
   7      25       7   0.280         0.75             0.65         7.60       16.44 / 35
   8       8       3   0.375         1.64             1.22        10.00       17.00 / 36
   9       0       0
  10       0       0
  11       0       0
  12       0       0
  13       0       0
  14       0       0
  15       0       0
  16       0       0
n=15 c=2   [0.9s]
   k    N_k     M_k   M_k/N_k   log2(N_k-1/N_k)  log2(M_k-1/M_k)   zeros/col  retained/window
   0   32768    7115   0.217                                       6.63       14.82 / 30
   1   12134    2306   0.190         1.43             1.63         6.82       15.29 / 31
   2    4829     915   0.189         1.33             1.33         6.89       15.96 / 32
   3    1680     324   0.193         1.52             1.50         7.09       16.51 / 33
   4     727     134   0.184         1.21             1.27         7.82       17.16 / 34
   5     272      47   0.173         1.42             1.51         8.21       17.80 / 35
   6      92      22   0.239         1.56             1.10         8.75       18.38 / 36
   7      43      13   0.302         1.10             0.76         7.05       19.09 / 37
   8      18       4   0.222         1.26             1.70         9.89       20.44 / 38
   9      10       3   0.300         0.85             0.42        11.40       20.20 / 39
  10       0       0
  11       0       0
  12       0       0
  13       0       0
  14       0       0
  15       0       0
  16       0       0
  17       0       0
n=15 c=3   [0.9s]
   k    N_k     M_k   M_k/N_k   log2(N_k-1/N_k)  log2(M_k-1/M_k)   zeros/col  retained/window
   0   32768    7115   0.217                                       6.63       14.82 / 30
   1   12533    2427   0.194         1.39             1.55         7.55       15.59 / 31
   2    5054     987   0.195         1.31             1.30         6.65       15.67 / 32
   3    2065     382   0.185         1.29             1.37         7.67       16.38 / 33
   4     818     157   0.192         1.34             1.28         7.11       16.67 / 34
   5     333      67   0.201         1.30             1.23         8.08       17.00 / 35
   6     142      28   0.197         1.23             1.26         8.33       17.29 / 36
   7      30       9   0.300         2.24             1.64         9.10       19.00 / 37
   8       9       3   0.333         1.74             1.58         8.11       20.00 / 38
   9       0       0
  10       0       0
  11       0       0
  12       0       0
  13       0       0
  14       0       0
  15       0       0
  16       0       0
  17       0       0
